python.exe : Creating test database for alias 'default'...
En línea: 1 Carácter: 383
+ ... tsapp_bot"; & ".\.venv\Scripts\python.exe" manage.py test 2>&1 | Out- ...
+                 ~~~~~~~~~~~~~~~~~~~~~~~~~~~~~~~~~~~~~~~~~~~~~~~~~~
    + CategoryInfo          : NotSpecified: (Creating test d...as 'default'...:String) [], RemoteException
    + FullyQualifiedErrorId : NativeCommandError
 

[DEBUG] 2026-08-13 21:15:24,596 schema CREATE TABLE "django_migrations" ("id" integer NOT NULL PRIMARY KEY 
AUTOINCREMENT, "app" varchar(255) NOT NULL, "name" varchar(255) NOT NULL, "applied" datetime NOT NULL); (params None)
[DEBUG] 2026-08-13 21:15:24,597 schema CREATE TABLE "django_content_type" ("id" integer NOT NULL PRIMARY KEY 
AUTOINCREMENT, "name" varchar(100) NOT NULL, "app_label" varchar(100) NOT NULL, "model" varchar(100) NOT NULL); 
(params None)
[DEBUG] 2026-08-13 21:15:24,600 schema CREATE UNIQUE INDEX "django_content_type_app_label_model_76bd3d3b_uniq" ON 
"django_content_type" ("app_label", "model"); (params ())
[DEBUG] 2026-08-13 21:15:24,602 schema CREATE TABLE "auth_permission" ("id" integer NOT NULL PRIMARY KEY 
AUTOINCREMENT, "name" varchar(50) NOT NULL, "content_type_id" integer NOT NULL REFERENCES "django_content_type" ("id") 
DEFERRABLE INITIALLY DEFERRED, "codename" varchar(100) NOT NULL); (params None)
[DEBUG] 2026-08-13 21:15:24,604 schema CREATE TABLE "auth_group" ("id" integer NOT NULL PRIMARY KEY AUTOINCREMENT, 
"name" varchar(80) NOT NULL UNIQUE); (params None)
[DEBUG] 2026-08-13 21:15:24,604 schema CREATE TABLE "auth_group_permissions" ("id" integer NOT NULL PRIMARY KEY 
AUTOINCREMENT, "group_id" integer NOT NULL REFERENCES "auth_group" ("id") DEFERRABLE INITIALLY DEFERRED, 
"permission_id" integer NOT NULL REFERENCES "auth_permission" ("id") DEFERRABLE INITIALLY DEFERRED); (params None)
[DEBUG] 2026-08-13 21:15:24,607 schema CREATE TABLE "auth_user" ("id" integer NOT NULL PRIMARY KEY AUTOINCREMENT, 
"password" varchar(128) NOT NULL, "last_login" datetime NOT NULL, "is_superuser" bool NOT NULL, "username" varchar(30) 
NOT NULL UNIQUE, "first_name" varchar(30) NOT NULL, "last_name" varchar(30) NOT NULL, "email" varchar(75) NOT NULL, 
"is_staff" bool NOT NULL, "is_active" bool NOT NULL, "date_joined" datetime NOT NULL); (params None)
[DEBUG] 2026-08-13 21:15:24,608 schema CREATE TABLE "auth_user_groups" ("id" integer NOT NULL PRIMARY KEY 
AUTOINCREMENT, "user_id" integer NOT NULL REFERENCES "auth_user" ("id") DEFERRABLE INITIALLY DEFERRED, "group_id" 
integer NOT NULL REFERENCES "auth_group" ("id") DEFERRABLE INITIALLY DEFERRED); (params None)
[DEBUG] 2026-08-13 21:15:24,608 schema CREATE TABLE "auth_user_user_permissions" ("id" integer NOT NULL PRIMARY KEY 
AUTOINCREMENT, "user_id" integer NOT NULL REFERENCES "auth_user" ("id") DEFERRABLE INITIALLY DEFERRED, "permission_id" 
integer NOT NULL REFERENCES "auth_permission" ("id") DEFERRABLE INITIALLY DEFERRED); (params None)
[DEBUG] 2026-08-13 21:15:24,608 schema CREATE UNIQUE INDEX "auth_permission_content_type_id_codename_01ab375a_uniq" ON 
"auth_permission" ("content_type_id", "codename"); (params None)
[DEBUG] 2026-08-13 21:15:24,608 schema CREATE INDEX "auth_permission_content_type_id_2f476e4b" ON "auth_permission" 
("content_type_id"); (params None)
[DEBUG] 2026-08-13 21:15:24,608 schema CREATE UNIQUE INDEX 
"auth_group_permissions_group_id_permission_id_0cd325b0_uniq" ON "auth_group_permissions" ("group_id", 
"permission_id"); (params None)
[DEBUG] 2026-08-13 21:15:24,609 schema CREATE INDEX "auth_group_permissions_group_id_b120cbf9" ON 
"auth_group_permissions" ("group_id"); (params None)
[DEBUG] 2026-08-13 21:15:24,609 schema CREATE INDEX "auth_group_permissions_permission_id_84c5c92e" ON 
"auth_group_permissions" ("permission_id"); (params None)
[DEBUG] 2026-08-13 21:15:24,609 schema CREATE UNIQUE INDEX "auth_user_groups_user_id_group_id_94350c0c_uniq" ON 
"auth_user_groups" ("user_id", "group_id"); (params None)
[DEBUG] 2026-08-13 21:15:24,609 schema CREATE INDEX "auth_user_groups_user_id_6a12ed8b" ON "auth_user_groups" 
("user_id"); (params None)
[DEBUG] 2026-08-13 21:15:24,609 schema CREATE INDEX "auth_user_groups_group_id_97559544" ON "auth_user_groups" 
("group_id"); (params None)
[DEBUG] 2026-08-13 21:15:24,609 schema CREATE UNIQUE INDEX 
"auth_user_user_permissions_user_id_permission_id_14a6b632_uniq" ON "auth_user_user_permissions" ("user_id", 
"permission_id"); (params None)
[DEBUG] 2026-08-13 21:15:24,609 schema CREATE INDEX "auth_user_user_permissions_user_id_a95ead1b" ON 
"auth_user_user_permissions" ("user_id"); (params None)
[DEBUG] 2026-08-13 21:15:24,609 schema CREATE INDEX "auth_user_user_permissions_permission_id_1fbb5f2c" ON 
"auth_user_user_permissions" ("permission_id"); (params None)
[DEBUG] 2026-08-13 21:15:24,613 schema CREATE TABLE "django_admin_log" ("id" integer NOT NULL PRIMARY KEY 
AUTOINCREMENT, "action_time" datetime NOT NULL, "object_id" text NULL, "object_repr" varchar(200) NOT NULL, 
"action_flag" smallint unsigned NOT NULL CHECK ("action_flag" >= 0), "change_message" text NOT NULL, "content_type_id" 
integer NULL REFERENCES "django_content_type" ("id") DEFERRABLE INITIALLY DEFERRED, "user_id" integer NOT NULL 
REFERENCES "auth_user" ("id") DEFERRABLE INITIALLY DEFERRED); (params None)
[DEBUG] 2026-08-13 21:15:24,613 schema CREATE INDEX "django_admin_log_content_type_id_c4bce8eb" ON "django_admin_log" 
("content_type_id"); (params None)
[DEBUG] 2026-08-13 21:15:24,613 schema CREATE INDEX "django_admin_log_user_id_c564eba6" ON "django_admin_log" 
("user_id"); (params None)
[DEBUG] 2026-08-13 21:15:24,619 schema CREATE TABLE "new__django_admin_log" ("id" integer NOT NULL PRIMARY KEY 
AUTOINCREMENT, "object_id" text NULL, "object_repr" varchar(200) NOT NULL, "action_flag" smallint unsigned NOT NULL 
CHECK ("action_flag" >= 0), "change_message" text NOT NULL, "content_type_id" integer NULL REFERENCES 
"django_content_type" ("id") DEFERRABLE INITIALLY DEFERRED, "user_id" integer NOT NULL REFERENCES "auth_user" ("id") 
DEFERRABLE INITIALLY DEFERRED, "action_time" datetime NOT NULL); (params None)
[DEBUG] 2026-08-13 21:15:24,619 schema INSERT INTO "new__django_admin_log" ("id", "object_id", "object_repr", 
"action_flag", "change_message", "content_type_id", "user_id", "action_time") SELECT "id", "object_id", "object_repr", 
"action_flag", "change_message", "content_type_id", "user_id", "action_time" FROM "django_admin_log"; (params ())
[DEBUG] 2026-08-13 21:15:24,619 schema DROP TABLE "django_admin_log"; (params ())
[DEBUG] 2026-08-13 21:15:24,620 schema ALTER TABLE "new__django_admin_log" RENAME TO "django_admin_log"; (params ())
[DEBUG] 2026-08-13 21:15:24,620 schema CREATE INDEX "django_admin_log_content_type_id_c4bce8eb" ON "django_admin_log" 
("content_type_id"); (params ())
[DEBUG] 2026-08-13 21:15:24,620 schema CREATE INDEX "django_admin_log_user_id_c564eba6" ON "django_admin_log" 
("user_id"); (params ())
[DEBUG] 2026-08-13 21:15:24,628 schema CREATE TABLE "new__django_content_type" ("id" integer NOT NULL PRIMARY KEY 
AUTOINCREMENT, "app_label" varchar(100) NOT NULL, "model" varchar(100) NOT NULL, "name" varchar(100) NULL); (params 
None)
[DEBUG] 2026-08-13 21:15:24,628 schema INSERT INTO "new__django_content_type" ("id", "app_label", "model", "name") 
SELECT "id", "app_label", "model", "name" FROM "django_content_type"; (params ())
[DEBUG] 2026-08-13 21:15:24,628 schema DROP TABLE "django_content_type"; (params ())
[DEBUG] 2026-08-13 21:15:24,628 schema ALTER TABLE "new__django_content_type" RENAME TO "django_content_type"; (params 
())
[DEBUG] 2026-08-13 21:15:24,629 schema CREATE UNIQUE INDEX "django_content_type_app_label_model_76bd3d3b_uniq" ON 
"django_content_type" ("app_label", "model"); (params ())
[DEBUG] 2026-08-13 21:15:24,634 schema ALTER TABLE "django_content_type" DROP COLUMN "name"; (params ())
[DEBUG] 2026-08-13 21:15:24,639 schema CREATE TABLE "new__auth_permission" ("id" integer NOT NULL PRIMARY KEY 
AUTOINCREMENT, "content_type_id" integer NOT NULL REFERENCES "django_content_type" ("id") DEFERRABLE INITIALLY 
DEFERRED, "codename" varchar(100) NOT NULL, "name" varchar(255) NOT NULL); (params None)
[DEBUG] 2026-08-13 21:15:24,639 schema INSERT INTO "new__auth_permission" ("id", "content_type_id", "codename", 
"name") SELECT "id", "content_type_id", "codename", "name" FROM "auth_permission"; (params ())
[DEBUG] 2026-08-13 21:15:24,639 schema DROP TABLE "auth_permission"; (params ())
[DEBUG] 2026-08-13 21:15:24,639 schema ALTER TABLE "new__auth_permission" RENAME TO "auth_permission"; (params ())
[DEBUG] 2026-08-13 21:15:24,640 schema CREATE UNIQUE INDEX "auth_permission_content_type_id_codename_01ab375a_uniq" ON 
"auth_permission" ("content_type_id", "codename"); (params ())
[DEBUG] 2026-08-13 21:15:24,640 schema CREATE INDEX "auth_permission_content_type_id_2f476e4b" ON "auth_permission" 
("content_type_id"); (params ())
[DEBUG] 2026-08-13 21:15:24,644 schema CREATE TABLE "new__auth_user" ("id" integer NOT NULL PRIMARY KEY AUTOINCREMENT, 
"password" varchar(128) NOT NULL, "last_login" datetime NOT NULL, "is_superuser" bool NOT NULL, "username" varchar(30) 
NOT NULL UNIQUE, "first_name" varchar(30) NOT NULL, "last_name" varchar(30) NOT NULL, "is_staff" bool NOT NULL, 
"is_active" bool NOT NULL, "date_joined" datetime NOT NULL, "email" varchar(254) NOT NULL); (params None)
[DEBUG] 2026-08-13 21:15:24,645 schema INSERT INTO "new__auth_user" ("id", "password", "last_login", "is_superuser", 
"username", "first_name", "last_name", "is_staff", "is_active", "date_joined", "email") SELECT "id", "password", 
"last_login", "is_superuser", "username", "first_name", "last_name", "is_staff", "is_active", "date_joined", "email" 
FROM "auth_user"; (params ())
[DEBUG] 2026-08-13 21:15:24,645 schema DROP TABLE "auth_user"; (params ())
[DEBUG] 2026-08-13 21:15:24,645 schema ALTER TABLE "new__auth_user" RENAME TO "auth_user"; (params ())
[DEBUG] 2026-08-13 21:15:24,654 schema CREATE TABLE "new__auth_user" ("id" integer NOT NULL PRIMARY KEY AUTOINCREMENT, 
"password" varchar(128) NOT NULL, "is_superuser" bool NOT NULL, "username" varchar(30) NOT NULL UNIQUE, "first_name" 
varchar(30) NOT NULL, "last_name" varchar(30) NOT NULL, "email" varchar(254) NOT NULL, "is_staff" bool NOT NULL, 
"is_active" bool NOT NULL, "date_joined" datetime NOT NULL, "last_login" datetime NULL); (params None)
[DEBUG] 2026-08-13 21:15:24,654 schema INSERT INTO "new__auth_user" ("id", "password", "is_superuser", "username", 
"first_name", "last_name", "email", "is_staff", "is_active", "date_joined", "last_login") SELECT "id", "password", 
"is_superuser", "username", "first_name", "last_name", "email", "is_staff", "is_active", "date_joined", "last_login" 
FROM "auth_user"; (params ())
[DEBUG] 2026-08-13 21:15:24,655 schema DROP TABLE "auth_user"; (params ())
[DEBUG] 2026-08-13 21:15:24,655 schema ALTER TABLE "new__auth_user" RENAME TO "auth_user"; (params ())
[DEBUG] 2026-08-13 21:15:24,663 schema CREATE TABLE "new__auth_user" ("id" integer NOT NULL PRIMARY KEY AUTOINCREMENT, 
"password" varchar(128) NOT NULL, "last_login" datetime NULL, "is_superuser" bool NOT NULL, "first_name" varchar(30) 
NOT NULL, "last_name" varchar(30) NOT NULL, "email" varchar(254) NOT NULL, "is_staff" bool NOT NULL, "is_active" bool 
NOT NULL, "date_joined" datetime NOT NULL, "username" varchar(150) NOT NULL UNIQUE); (params None)
[DEBUG] 2026-08-13 21:15:24,663 schema INSERT INTO "new__auth_user" ("id", "password", "last_login", "is_superuser", 
"first_name", "last_name", "email", "is_staff", "is_active", "date_joined", "username") SELECT "id", "password", 
"last_login", "is_superuser", "first_name", "last_name", "email", "is_staff", "is_active", "date_joined", "username" 
FROM "auth_user"; (params ())
[DEBUG] 2026-08-13 21:15:24,663 schema DROP TABLE "auth_user"; (params ())
[DEBUG] 2026-08-13 21:15:24,664 schema ALTER TABLE "new__auth_user" RENAME TO "auth_user"; (params ())
[DEBUG] 2026-08-13 21:15:24,669 schema CREATE TABLE "new__auth_user" ("id" integer NOT NULL PRIMARY KEY AUTOINCREMENT, 
"password" varchar(128) NOT NULL, "last_login" datetime NULL, "is_superuser" bool NOT NULL, "username" varchar(150) 
NOT NULL UNIQUE, "first_name" varchar(30) NOT NULL, "email" varchar(254) NOT NULL, "is_staff" bool NOT NULL, 
"is_active" bool NOT NULL, "date_joined" datetime NOT NULL, "last_name" varchar(150) NOT NULL); (params None)
[DEBUG] 2026-08-13 21:15:24,669 schema INSERT INTO "new__auth_user" ("id", "password", "last_login", "is_superuser", 
"username", "first_name", "email", "is_staff", "is_active", "date_joined", "last_name") SELECT "id", "password", 
"last_login", "is_superuser", "username", "first_name", "email", "is_staff", "is_active", "date_joined", "last_name" 
FROM "auth_user"; (params ())
[DEBUG] 2026-08-13 21:15:24,670 schema DROP TABLE "auth_user"; (params ())
[DEBUG] 2026-08-13 21:15:24,670 schema ALTER TABLE "new__auth_user" RENAME TO "auth_user"; (params ())
[DEBUG] 2026-08-13 21:15:24,674 schema CREATE TABLE "new__auth_group" ("id" integer NOT NULL PRIMARY KEY 
AUTOINCREMENT, "name" varchar(150) NOT NULL UNIQUE); (params None)
[DEBUG] 2026-08-13 21:15:24,674 schema INSERT INTO "new__auth_group" ("id", "name") SELECT "id", "name" FROM 
"auth_group"; (params ())
[DEBUG] 2026-08-13 21:15:24,674 schema DROP TABLE "auth_group"; (params ())
[DEBUG] 2026-08-13 21:15:24,675 schema ALTER TABLE "new__auth_group" RENAME TO "auth_group"; (params ())
[DEBUG] 2026-08-13 21:15:24,683 schema CREATE TABLE "new__auth_user" ("id" integer NOT NULL PRIMARY KEY AUTOINCREMENT, 
"password" varchar(128) NOT NULL, "last_login" datetime NULL, "is_superuser" bool NOT NULL, "username" varchar(150) 
NOT NULL UNIQUE, "last_name" varchar(150) NOT NULL, "email" varchar(254) NOT NULL, "is_staff" bool NOT NULL, 
"is_active" bool NOT NULL, "date_joined" datetime NOT NULL, "first_name" varchar(150) NOT NULL); (params None)
[DEBUG] 2026-08-13 21:15:24,684 schema INSERT INTO "new__auth_user" ("id", "password", "last_login", "is_superuser", 
"username", "last_name", "email", "is_staff", "is_active", "date_joined", "first_name") SELECT "id", "password", 
"last_login", "is_superuser", "username", "last_name", "email", "is_staff", "is_active", "date_joined", "first_name" 
FROM "auth_user"; (params ())
[DEBUG] 2026-08-13 21:15:24,684 schema DROP TABLE "auth_user"; (params ())
[DEBUG] 2026-08-13 21:15:24,684 schema ALTER TABLE "new__auth_user" RENAME TO "auth_user"; (params ())
[DEBUG] 2026-08-13 21:15:24,686 schema CREATE TABLE "clientes_cliente" ("id" integer NOT NULL PRIMARY KEY 
AUTOINCREMENT, "nombre" varchar(160) NOT NULL, "telefono" varchar(30) NOT NULL UNIQUE, "fecha_creacion" datetime NOT 
NULL, "ultima_interaccion" datetime NOT NULL); (params None)
[DEBUG] 2026-08-13 21:15:24,687 schema CREATE TABLE "clientes_conversacion" ("id" integer NOT NULL PRIMARY KEY 
AUTOINCREMENT, "mensaje_entrada" text NOT NULL, "mensaje_salida" text NOT NULL, "canal" varchar(30) NOT NULL, "fecha" 
datetime NOT NULL, "cliente_id" bigint NOT NULL REFERENCES "clientes_cliente" ("id") DEFERRABLE INITIALLY DEFERRED); 
(params None)
[DEBUG] 2026-08-13 21:15:24,687 schema CREATE INDEX "clientes_conversacion_cliente_id_c9a3bbae" ON 
"clientes_conversacion" ("cliente_id"); (params None)
[DEBUG] 2026-08-13 21:15:24,692 schema CREATE TABLE "leads_lead" ("id" integer NOT NULL PRIMARY KEY AUTOINCREMENT, 
"tipo_servicio" varchar(80) NOT NULL, "distrito_origen" varchar(120) NOT NULL, "distrito_destino" varchar(120) NOT 
NULL, "direccion_origen" varchar(255) NOT NULL, "direccion_destino" varchar(255) NOT NULL, "piso_origen" smallint 
unsigned NULL CHECK ("piso_origen" >= 0), "piso_destino" smallint unsigned NULL CHECK ("piso_destino" >= 0), 
"ascensor_origen" bool NULL, "ascensor_destino" bool NULL, "lista_objetos" text NOT NULL, "fecha_servicio" date NULL, 
"horario_servicio" varchar(80) NOT NULL, "estado" varchar(30) NOT NULL, "precio_estimado_min" decimal NULL, 
"precio_estimado_max" decimal NULL, "precio_recomendado" decimal NULL, "precio_cotizado" decimal NULL, "precio_final" 
decimal NULL, "observaciones" text NOT NULL, "fecha_creacion" datetime NOT NULL, "cliente_id" bigint NOT NULL 
REFERENCES "clientes_cliente" ("id") DEFERRABLE INITIALLY DEFERRED, "vendedor_asignado_id" integer NULL REFERENCES 
"auth_user" ("id") DEFERRABLE INITIALLY DEFERRED); (params None)
[DEBUG] 2026-08-13 21:15:24,693 schema CREATE INDEX "leads_lead_cliente_id_a949a358" ON "leads_lead" ("cliente_id"); 
(params None)
[DEBUG] 2026-08-13 21:15:24,693 schema CREATE INDEX "leads_lead_vendedor_asignado_id_cfb66597" ON "leads_lead" 
("vendedor_asignado_id"); (params None)
[DEBUG] 2026-08-13 21:15:24,698 schema ALTER TABLE "leads_lead" ADD COLUMN "fecha_cierre" datetime NULL; (params None)
[DEBUG] 2026-08-13 21:15:24,703 schema ALTER TABLE "leads_lead" ADD COLUMN "fecha_ultimo_seguimiento" datetime NULL; 
(params None)
[DEBUG] 2026-08-13 21:15:24,709 schema CREATE TABLE "new__leads_lead" ("id" integer NOT NULL PRIMARY KEY 
AUTOINCREMENT, "tipo_servicio" varchar(80) NOT NULL, "distrito_origen" varchar(120) NOT NULL, "distrito_destino" 
varchar(120) NOT NULL, "direccion_origen" varchar(255) NOT NULL, "direccion_destino" varchar(255) NOT NULL, 
"piso_origen" smallint unsigned NULL CHECK ("piso_origen" >= 0), "piso_destino" smallint unsigned NULL CHECK 
("piso_destino" >= 0), "ascensor_origen" bool NULL, "ascensor_destino" bool NULL, "lista_objetos" text NOT NULL, 
"fecha_servicio" date NULL, "horario_servicio" varchar(80) NOT NULL, "estado" varchar(30) NOT NULL, 
"precio_estimado_min" decimal NULL, "precio_estimado_max" decimal NULL, "precio_recomendado" decimal NULL, 
"precio_cotizado" decimal NULL, "precio_final" decimal NULL, "observaciones" text NOT NULL, "fecha_creacion" datetime 
NOT NULL, "cliente_id" bigint NOT NULL REFERENCES "clientes_cliente" ("id") DEFERRABLE INITIALLY DEFERRED, 
"vendedor_asignado_id" integer NULL REFERENCES "auth_user" ("id") DEFERRABLE INITIALLY DEFERRED, "fecha_cierre" 
datetime NULL, "fecha_ultimo_seguimiento" datetime NULL, "motivo_perdida" varchar(255) NOT NULL); (params None)
[DEBUG] 2026-08-13 21:15:24,709 schema INSERT INTO "new__leads_lead" ("id", "tipo_servicio", "distrito_origen", 
"distrito_destino", "direccion_origen", "direccion_destino", "piso_origen", "piso_destino", "ascensor_origen", 
"ascensor_destino", "lista_objetos", "fecha_servicio", "horario_servicio", "estado", "precio_estimado_min", 
"precio_estimado_max", "precio_recomendado", "precio_cotizado", "precio_final", "observaciones", "fecha_creacion", 
"cliente_id", "vendedor_asignado_id", "fecha_cierre", "fecha_ultimo_seguimiento", "motivo_perdida") SELECT "id", 
"tipo_servicio", "distrito_origen", "distrito_destino", "direccion_origen", "direccion_destino", "piso_origen", 
"piso_destino", "ascensor_origen", "ascensor_destino", "lista_objetos", "fecha_servicio", "horario_servicio", 
"estado", "precio_estimado_min", "precio_estimado_max", "precio_recomendado", "precio_cotizado", "precio_final", 
"observaciones", "fecha_creacion", "cliente_id", "vendedor_asignado_id", "fecha_cierre", "fecha_ultimo_seguimiento", 
'' FROM "leads_lead"; (params ())
[DEBUG] 2026-08-13 21:15:24,710 schema DROP TABLE "leads_lead"; (params ())
[DEBUG] 2026-08-13 21:15:24,710 schema ALTER TABLE "new__leads_lead" RENAME TO "leads_lead"; (params ())
[DEBUG] 2026-08-13 21:15:24,710 schema CREATE INDEX "leads_lead_cliente_id_a949a358" ON "leads_lead" ("cliente_id"); 
(params ())
[DEBUG] 2026-08-13 21:15:24,711 schema CREATE INDEX "leads_lead_vendedor_asignado_id_cfb66597" ON "leads_lead" 
("vendedor_asignado_id"); (params ())
[DEBUG] 2026-08-13 21:15:24,717 schema CREATE TABLE "new__leads_lead" ("id" integer NOT NULL PRIMARY KEY 
AUTOINCREMENT, "tipo_servicio" varchar(80) NOT NULL, "distrito_origen" varchar(120) NOT NULL, "distrito_destino" 
varchar(120) NOT NULL, "direccion_origen" varchar(255) NOT NULL, "direccion_destino" varchar(255) NOT NULL, 
"piso_origen" smallint unsigned NULL CHECK ("piso_origen" >= 0), "piso_destino" smallint unsigned NULL CHECK 
("piso_destino" >= 0), "ascensor_origen" bool NULL, "ascensor_destino" bool NULL, "lista_objetos" text NOT NULL, 
"fecha_servicio" date NULL, "horario_servicio" varchar(80) NOT NULL, "estado" varchar(30) NOT NULL, 
"precio_estimado_min" decimal NULL, "precio_estimado_max" decimal NULL, "precio_recomendado" decimal NULL, 
"precio_cotizado" decimal NULL, "precio_final" decimal NULL, "observaciones" text NOT NULL, "fecha_creacion" datetime 
NOT NULL, "cliente_id" bigint NOT NULL REFERENCES "clientes_cliente" ("id") DEFERRABLE INITIALLY DEFERRED, 
"vendedor_asignado_id" integer NULL REFERENCES "auth_user" ("id") DEFERRABLE INITIALLY DEFERRED, "fecha_cierre" 
datetime NULL, "fecha_ultimo_seguimiento" datetime NULL, "motivo_perdida" varchar(255) NOT NULL, "nota_interna" text 
NOT NULL); (params None)
[DEBUG] 2026-08-13 21:15:24,717 schema INSERT INTO "new__leads_lead" ("id", "tipo_servicio", "distrito_origen", 
"distrito_destino", "direccion_origen", "direccion_destino", "piso_origen", "piso_destino", "ascensor_origen", 
"ascensor_destino", "lista_objetos", "fecha_servicio", "horario_servicio", "estado", "precio_estimado_min", 
"precio_estimado_max", "precio_recomendado", "precio_cotizado", "precio_final", "observaciones", "fecha_creacion", 
"cliente_id", "vendedor_asignado_id", "fecha_cierre", "fecha_ultimo_seguimiento", "motivo_perdida", "nota_interna") 
SELECT "id", "tipo_servicio", "distrito_origen", "distrito_destino", "direccion_origen", "direccion_destino", 
"piso_origen", "piso_destino", "ascensor_origen", "ascensor_destino", "lista_objetos", "fecha_servicio", 
"horario_servicio", "estado", "precio_estimado_min", "precio_estimado_max", "precio_recomendado", "precio_cotizado", 
"precio_final", "observaciones", "fecha_creacion", "cliente_id", "vendedor_asignado_id", "fecha_cierre", 
"fecha_ultimo_seguimiento", "motivo_perdida", '' FROM "leads_lead"; (params ())
[DEBUG] 2026-08-13 21:15:24,718 schema DROP TABLE "leads_lead"; (params ())
[DEBUG] 2026-08-13 21:15:24,718 schema ALTER TABLE "new__leads_lead" RENAME TO "leads_lead"; (params ())
[DEBUG] 2026-08-13 21:15:24,718 schema CREATE INDEX "leads_lead_cliente_id_a949a358" ON "leads_lead" ("cliente_id"); 
(params ())
[DEBUG] 2026-08-13 21:15:24,719 schema CREATE INDEX "leads_lead_vendedor_asignado_id_cfb66597" ON "leads_lead" 
("vendedor_asignado_id"); (params ())
[DEBUG] 2026-08-13 21:15:24,725 schema CREATE TABLE "new__leads_lead" ("id" integer NOT NULL PRIMARY KEY 
AUTOINCREMENT, "tipo_servicio" varchar(80) NOT NULL, "distrito_origen" varchar(120) NOT NULL, "distrito_destino" 
varchar(120) NOT NULL, "direccion_origen" varchar(255) NOT NULL, "direccion_destino" varchar(255) NOT NULL, 
"piso_origen" smallint unsigned NULL CHECK ("piso_origen" >= 0), "piso_destino" smallint unsigned NULL CHECK 
("piso_destino" >= 0), "ascensor_origen" bool NULL, "ascensor_destino" bool NULL, "lista_objetos" text NOT NULL, 
"fecha_servicio" date NULL, "horario_servicio" varchar(80) NOT NULL, "estado" varchar(30) NOT NULL, 
"precio_estimado_min" decimal NULL, "precio_estimado_max" decimal NULL, "precio_recomendado" decimal NULL, 
"precio_cotizado" decimal NULL, "precio_final" decimal NULL, "observaciones" text NOT NULL, "fecha_creacion" datetime 
NOT NULL, "cliente_id" bigint NOT NULL REFERENCES "clientes_cliente" ("id") DEFERRABLE INITIALLY DEFERRED, 
"vendedor_asignado_id" integer NULL REFERENCES "auth_user" ("id") DEFERRABLE INITIALLY DEFERRED, "fecha_cierre" 
datetime NULL, "fecha_ultimo_seguimiento" datetime NULL, "motivo_perdida" varchar(255) NOT NULL, "nota_interna" text 
NOT NULL, "prioridad" varchar(20) NOT NULL); (params None)
[DEBUG] 2026-08-13 21:15:24,725 schema INSERT INTO "new__leads_lead" ("id", "tipo_servicio", "distrito_origen", 
"distrito_destino", "direccion_origen", "direccion_destino", "piso_origen", "piso_destino", "ascensor_origen", 
"ascensor_destino", "lista_objetos", "fecha_servicio", "horario_servicio", "estado", "precio_estimado_min", 
"precio_estimado_max", "precio_recomendado", "precio_cotizado", "precio_final", "observaciones", "fecha_creacion", 
"cliente_id", "vendedor_asignado_id", "fecha_cierre", "fecha_ultimo_seguimiento", "motivo_perdida", "nota_interna", 
"prioridad") SELECT "id", "tipo_servicio", "distrito_origen", "distrito_destino", "direccion_origen", 
"direccion_destino", "piso_origen", "piso_destino", "ascensor_origen", "ascensor_destino", "lista_objetos", 
"fecha_servicio", "horario_servicio", "estado", "precio_estimado_min", "precio_estimado_max", "precio_recomendado", 
"precio_cotizado", "precio_final", "observaciones", "fecha_creacion", "cliente_id", "vendedor_asignado_id", 
"fecha_cierre", "fecha_ultimo_seguimiento", "motivo_perdida", "nota_interna", 'media' FROM "leads_lead"; (params ())
[DEBUG] 2026-08-13 21:15:24,725 schema DROP TABLE "leads_lead"; (params ())
[DEBUG] 2026-08-13 21:15:24,725 schema ALTER TABLE "new__leads_lead" RENAME TO "leads_lead"; (params ())
[DEBUG] 2026-08-13 21:15:24,726 schema CREATE INDEX "leads_lead_cliente_id_a949a358" ON "leads_lead" ("cliente_id"); 
(params ())
[DEBUG] 2026-08-13 21:15:24,726 schema CREATE INDEX "leads_lead_vendedor_asignado_id_cfb66597" ON "leads_lead" 
("vendedor_asignado_id"); (params ())
[DEBUG] 2026-08-13 21:15:24,732 schema CREATE TABLE "new__leads_lead" ("id" integer NOT NULL PRIMARY KEY 
AUTOINCREMENT, "tipo_servicio" varchar(80) NOT NULL, "distrito_origen" varchar(120) NOT NULL, "distrito_destino" 
varchar(120) NOT NULL, "direccion_origen" varchar(255) NOT NULL, "direccion_destino" varchar(255) NOT NULL, 
"piso_origen" smallint unsigned NULL CHECK ("piso_origen" >= 0), "piso_destino" smallint unsigned NULL CHECK 
("piso_destino" >= 0), "ascensor_origen" bool NULL, "ascensor_destino" bool NULL, "lista_objetos" text NOT NULL, 
"fecha_servicio" date NULL, "horario_servicio" varchar(80) NOT NULL, "estado" varchar(30) NOT NULL, 
"precio_estimado_min" decimal NULL, "precio_estimado_max" decimal NULL, "precio_recomendado" decimal NULL, 
"precio_cotizado" decimal NULL, "precio_final" decimal NULL, "observaciones" text NOT NULL, "fecha_creacion" datetime 
NOT NULL, "cliente_id" bigint NOT NULL REFERENCES "clientes_cliente" ("id") DEFERRABLE INITIALLY DEFERRED, 
"vendedor_asignado_id" integer NULL REFERENCES "auth_user" ("id") DEFERRABLE INITIALLY DEFERRED, "fecha_cierre" 
datetime NULL, "fecha_ultimo_seguimiento" datetime NULL, "motivo_perdida" varchar(255) NOT NULL, "nota_interna" text 
NOT NULL, "prioridad" varchar(20) NOT NULL, "atencion_humana" bool NOT NULL); (params None)
[DEBUG] 2026-08-13 21:15:24,733 schema INSERT INTO "new__leads_lead" ("id", "tipo_servicio", "distrito_origen", 
"distrito_destino", "direccion_origen", "direccion_destino", "piso_origen", "piso_destino", "ascensor_origen", 
"ascensor_destino", "lista_objetos", "fecha_servicio", "horario_servicio", "estado", "precio_estimado_min", 
"precio_estimado_max", "precio_recomendado", "precio_cotizado", "precio_final", "observaciones", "fecha_creacion", 
"cliente_id", "vendedor_asignado_id", "fecha_cierre", "fecha_ultimo_seguimiento", "motivo_perdida", "nota_interna", 
"prioridad", "atencion_humana") SELECT "id", "tipo_servicio", "distrito_origen", "distrito_destino", 
"direccion_origen", "direccion_destino", "piso_origen", "piso_destino", "ascensor_origen", "ascensor_destino", 
"lista_objetos", "fecha_servicio", "horario_servicio", "estado", "precio_estimado_min", "precio_estimado_max", 
"precio_recomendado", "precio_cotizado", "precio_final", "observaciones", "fecha_creacion", "cliente_id", 
"vendedor_asignado_id", "fecha_cierre", "fecha_ultimo_seguimiento", "motivo_perdida", "nota_interna", "prioridad", 0 
FROM "leads_lead"; (params ())
[DEBUG] 2026-08-13 21:15:24,733 schema DROP TABLE "leads_lead"; (params ())
[DEBUG] 2026-08-13 21:15:24,733 schema ALTER TABLE "new__leads_lead" RENAME TO "leads_lead"; (params ())
[DEBUG] 2026-08-13 21:15:24,734 schema CREATE INDEX "leads_lead_cliente_id_a949a358" ON "leads_lead" ("cliente_id"); 
(params ())
[DEBUG] 2026-08-13 21:15:24,734 schema CREATE INDEX "leads_lead_vendedor_asignado_id_cfb66597" ON "leads_lead" 
("vendedor_asignado_id"); (params ())
[DEBUG] 2026-08-13 21:15:24,740 schema ALTER TABLE "leads_lead" ADD COLUMN "fecha_proximo_seguimiento" datetime NULL; 
(params None)
[DEBUG] 2026-08-13 21:15:24,748 schema CREATE TABLE "new__leads_lead" ("id" integer NOT NULL PRIMARY KEY 
AUTOINCREMENT, "tipo_servicio" varchar(80) NOT NULL, "distrito_origen" varchar(120) NOT NULL, "distrito_destino" 
varchar(120) NOT NULL, "direccion_origen" varchar(255) NOT NULL, "direccion_destino" varchar(255) NOT NULL, 
"piso_origen" smallint unsigned NULL CHECK ("piso_origen" >= 0), "piso_destino" smallint unsigned NULL CHECK 
("piso_destino" >= 0), "ascensor_origen" bool NULL, "ascensor_destino" bool NULL, "lista_objetos" text NOT NULL, 
"fecha_servicio" date NULL, "horario_servicio" varchar(80) NOT NULL, "estado" varchar(30) NOT NULL, 
"precio_estimado_min" decimal NULL, "precio_estimado_max" decimal NULL, "precio_recomendado" decimal NULL, 
"precio_cotizado" decimal NULL, "precio_final" decimal NULL, "observaciones" text NOT NULL, "fecha_creacion" datetime 
NOT NULL, "cliente_id" bigint NOT NULL REFERENCES "clientes_cliente" ("id") DEFERRABLE INITIALLY DEFERRED, 
"vendedor_asignado_id" integer NULL REFERENCES "auth_user" ("id") DEFERRABLE INITIALLY DEFERRED, "fecha_cierre" 
datetime NULL, "fecha_ultimo_seguimiento" datetime NULL, "motivo_perdida" varchar(255) NOT NULL, "nota_interna" text 
NOT NULL, "prioridad" varchar(20) NOT NULL, "atencion_humana" bool NOT NULL, "fecha_proximo_seguimiento" datetime 
NULL, "acceso_destino" varchar(120) NOT NULL); (params None)
[DEBUG] 2026-08-13 21:15:24,748 schema INSERT INTO "new__leads_lead" ("id", "tipo_servicio", "distrito_origen", 
"distrito_destino", "direccion_origen", "direccion_destino", "piso_origen", "piso_destino", "ascensor_origen", 
"ascensor_destino", "lista_objetos", "fecha_servicio", "horario_servicio", "estado", "precio_estimado_min", 
"precio_estimado_max", "precio_recomendado", "precio_cotizado", "precio_final", "observaciones", "fecha_creacion", 
"cliente_id", "vendedor_asignado_id", "fecha_cierre", "fecha_ultimo_seguimiento", "motivo_perdida", "nota_interna", 
"prioridad", "atencion_humana", "fecha_proximo_seguimiento", "acceso_destino") SELECT "id", "tipo_servicio", 
"distrito_origen", "distrito_destino", "direccion_origen", "direccion_destino", "piso_origen", "piso_destino", 
"ascensor_origen", "ascensor_destino", "lista_objetos", "fecha_servicio", "horario_servicio", "estado", 
"precio_estimado_min", "precio_estimado_max", "precio_recomendado", "precio_cotizado", "precio_final", 
"observaciones", "fecha_creacion", "cliente_id", "vendedor_asignado_id", "fecha_cierre", "fecha_ultimo_seguimiento", 
"motivo_perdida", "nota_interna", "prioridad", "atencion_humana", "fecha_proximo_seguimiento", '' FROM "leads_lead"; 
(params ())
[DEBUG] 2026-08-13 21:15:24,749 schema DROP TABLE "leads_lead"; (params ())
[DEBUG] 2026-08-13 21:15:24,749 schema ALTER TABLE "new__leads_lead" RENAME TO "leads_lead"; (params ())
[DEBUG] 2026-08-13 21:15:24,750 schema CREATE INDEX "leads_lead_cliente_id_a949a358" ON "leads_lead" ("cliente_id"); 
(params ())
[DEBUG] 2026-08-13 21:15:24,750 schema CREATE INDEX "leads_lead_vendedor_asignado_id_cfb66597" ON "leads_lead" 
("vendedor_asignado_id"); (params ())
[DEBUG] 2026-08-13 21:15:24,757 schema CREATE TABLE "new__leads_lead" ("id" integer NOT NULL PRIMARY KEY 
AUTOINCREMENT, "tipo_servicio" varchar(80) NOT NULL, "distrito_origen" varchar(120) NOT NULL, "distrito_destino" 
varchar(120) NOT NULL, "direccion_origen" varchar(255) NOT NULL, "direccion_destino" varchar(255) NOT NULL, 
"piso_origen" smallint unsigned NULL CHECK ("piso_origen" >= 0), "piso_destino" smallint unsigned NULL CHECK 
("piso_destino" >= 0), "ascensor_origen" bool NULL, "ascensor_destino" bool NULL, "lista_objetos" text NOT NULL, 
"fecha_servicio" date NULL, "horario_servicio" varchar(80) NOT NULL, "estado" varchar(30) NOT NULL, 
"precio_estimado_min" decimal NULL, "precio_estimado_max" decimal NULL, "precio_recomendado" decimal NULL, 
"precio_cotizado" decimal NULL, "precio_final" decimal NULL, "observaciones" text NOT NULL, "fecha_creacion" datetime 
NOT NULL, "cliente_id" bigint NOT NULL REFERENCES "clientes_cliente" ("id") DEFERRABLE INITIALLY DEFERRED, 
"vendedor_asignado_id" integer NULL REFERENCES "auth_user" ("id") DEFERRABLE INITIALLY DEFERRED, "fecha_cierre" 
datetime NULL, "fecha_ultimo_seguimiento" datetime NULL, "motivo_perdida" varchar(255) NOT NULL, "nota_interna" text 
NOT NULL, "prioridad" varchar(20) NOT NULL, "atencion_humana" bool NOT NULL, "fecha_proximo_seguimiento" datetime 
NULL, "acceso_destino" varchar(120) NOT NULL, "acceso_origen" varchar(120) NOT NULL); (params None)
[DEBUG] 2026-08-13 21:15:24,757 schema INSERT INTO "new__leads_lead" ("id", "tipo_servicio", "distrito_origen", 
"distrito_destino", "direccion_origen", "direccion_destino", "piso_origen", "piso_destino", "ascensor_origen", 
"ascensor_destino", "lista_objetos", "fecha_servicio", "horario_servicio", "estado", "precio_estimado_min", 
"precio_estimado_max", "precio_recomendado", "precio_cotizado", "precio_final", "observaciones", "fecha_creacion", 
"cliente_id", "vendedor_asignado_id", "fecha_cierre", "fecha_ultimo_seguimiento", "motivo_perdida", "nota_interna", 
"prioridad", "atencion_humana", "fecha_proximo_seguimiento", "acceso_destino", "acceso_origen") SELECT "id", 
"tipo_servicio", "distrito_origen", "distrito_destino", "direccion_origen", "direccion_destino", "piso_origen", 
"piso_destino", "ascensor_origen", "ascensor_destino", "lista_objetos", "fecha_servicio", "horario_servicio", 
"estado", "precio_estimado_min", "precio_estimado_max", "precio_recomendado", "precio_cotizado", "precio_final", 
"observaciones", "fecha_creacion", "cliente_id", "vendedor_asignado_id", "fecha_cierre", "fecha_ultimo_seguimiento", 
"motivo_perdida", "nota_interna", "prioridad", "atencion_humana", "fecha_proximo_seguimiento", "acceso_destino", '' 
FROM "leads_lead"; (params ())
[DEBUG] 2026-08-13 21:15:24,757 schema DROP TABLE "leads_lead"; (params ())
[DEBUG] 2026-08-13 21:15:24,757 schema ALTER TABLE "new__leads_lead" RENAME TO "leads_lead"; (params ())
[DEBUG] 2026-08-13 21:15:24,758 schema CREATE INDEX "leads_lead_cliente_id_a949a358" ON "leads_lead" ("cliente_id"); 
(params ())
[DEBUG] 2026-08-13 21:15:24,758 schema CREATE INDEX "leads_lead_vendedor_asignado_id_cfb66597" ON "leads_lead" 
("vendedor_asignado_id"); (params ())
[DEBUG] 2026-08-13 21:15:24,764 schema CREATE TABLE "new__leads_lead" ("id" integer NOT NULL PRIMARY KEY 
AUTOINCREMENT, "tipo_servicio" varchar(80) NOT NULL, "distrito_origen" varchar(120) NOT NULL, "distrito_destino" 
varchar(120) NOT NULL, "direccion_origen" varchar(255) NOT NULL, "direccion_destino" varchar(255) NOT NULL, 
"piso_origen" smallint unsigned NULL CHECK ("piso_origen" >= 0), "piso_destino" smallint unsigned NULL CHECK 
("piso_destino" >= 0), "ascensor_origen" bool NULL, "ascensor_destino" bool NULL, "lista_objetos" text NOT NULL, 
"fecha_servicio" date NULL, "horario_servicio" varchar(80) NOT NULL, "estado" varchar(30) NOT NULL, 
"precio_estimado_min" decimal NULL, "precio_estimado_max" decimal NULL, "precio_recomendado" decimal NULL, 
"precio_cotizado" decimal NULL, "precio_final" decimal NULL, "observaciones" text NOT NULL, "fecha_creacion" datetime 
NOT NULL, "cliente_id" bigint NOT NULL REFERENCES "clientes_cliente" ("id") DEFERRABLE INITIALLY DEFERRED, 
"vendedor_asignado_id" integer NULL REFERENCES "auth_user" ("id") DEFERRABLE INITIALLY DEFERRED, "fecha_cierre" 
datetime NULL, "fecha_ultimo_seguimiento" datetime NULL, "motivo_perdida" varchar(255) NOT NULL, "nota_interna" text 
NOT NULL, "prioridad" varchar(20) NOT NULL, "atencion_humana" bool NOT NULL, "fecha_proximo_seguimiento" datetime 
NULL, "acceso_destino" varchar(120) NOT NULL, "acceso_origen" varchar(120) NOT NULL, "capacidad_camion" varchar(120) 
NOT NULL); (params None)
[DEBUG] 2026-08-13 21:15:24,764 schema INSERT INTO "new__leads_lead" ("id", "tipo_servicio", "distrito_origen", 
"distrito_destino", "direccion_origen", "direccion_destino", "piso_origen", "piso_destino", "ascensor_origen", 
"ascensor_destino", "lista_objetos", "fecha_servicio", "horario_servicio", "estado", "precio_estimado_min", 
"precio_estimado_max", "precio_recomendado", "precio_cotizado", "precio_final", "observaciones", "fecha_creacion", 
"cliente_id", "vendedor_asignado_id", "fecha_cierre", "fecha_ultimo_seguimiento", "motivo_perdida", "nota_interna", 
"prioridad", "atencion_humana", "fecha_proximo_seguimiento", "acceso_destino", "acceso_origen", "capacidad_camion") 
SELECT "id", "tipo_servicio", "distrito_origen", "distrito_destino", "direccion_origen", "direccion_destino", 
"piso_origen", "piso_destino", "ascensor_origen", "ascensor_destino", "lista_objetos", "fecha_servicio", 
"horario_servicio", "estado", "precio_estimado_min", "precio_estimado_max", "precio_recomendado", "precio_cotizado", 
"precio_final", "observaciones", "fecha_creacion", "cliente_id", "vendedor_asignado_id", "fecha_cierre", 
"fecha_ultimo_seguimiento", "motivo_perdida", "nota_interna", "prioridad", "atencion_humana", 
"fecha_proximo_seguimiento", "acceso_destino", "acceso_origen", '' FROM "leads_lead"; (params ())
[DEBUG] 2026-08-13 21:15:24,765 schema DROP TABLE "leads_lead"; (params ())
[DEBUG] 2026-08-13 21:15:24,765 schema ALTER TABLE "new__leads_lead" RENAME TO "leads_lead"; (params ())
[DEBUG] 2026-08-13 21:15:24,766 schema CREATE INDEX "leads_lead_cliente_id_a949a358" ON "leads_lead" ("cliente_id"); 
(params ())
[DEBUG] 2026-08-13 21:15:24,766 schema CREATE INDEX "leads_lead_vendedor_asignado_id_cfb66597" ON "leads_lead" 
("vendedor_asignado_id"); (params ())
[DEBUG] 2026-08-13 21:15:24,772 schema ALTER TABLE "leads_lead" ADD COLUMN "distancia_carga_destino_m" integer 
unsigned NULL CHECK ("distancia_carga_destino_m" >= 0); (params None)
[DEBUG] 2026-08-13 21:15:24,777 schema ALTER TABLE "leads_lead" ADD COLUMN "distancia_carga_origen_m" integer unsigned 
NULL CHECK ("distancia_carga_origen_m" >= 0); (params None)
[DEBUG] 2026-08-13 21:15:24,784 schema CREATE TABLE "new__leads_lead" ("id" integer NOT NULL PRIMARY KEY 
AUTOINCREMENT, "tipo_servicio" varchar(80) NOT NULL, "distrito_origen" varchar(120) NOT NULL, "distrito_destino" 
varchar(120) NOT NULL, "direccion_origen" varchar(255) NOT NULL, "direccion_destino" varchar(255) NOT NULL, 
"piso_origen" smallint unsigned NULL CHECK ("piso_origen" >= 0), "piso_destino" smallint unsigned NULL CHECK 
("piso_destino" >= 0), "ascensor_origen" bool NULL, "ascensor_destino" bool NULL, "lista_objetos" text NOT NULL, 
"fecha_servicio" date NULL, "horario_servicio" varchar(80) NOT NULL, "estado" varchar(30) NOT NULL, 
"precio_estimado_min" decimal NULL, "precio_estimado_max" decimal NULL, "precio_recomendado" decimal NULL, 
"precio_cotizado" decimal NULL, "precio_final" decimal NULL, "observaciones" text NOT NULL, "fecha_creacion" datetime 
NOT NULL, "cliente_id" bigint NOT NULL REFERENCES "clientes_cliente" ("id") DEFERRABLE INITIALLY DEFERRED, 
"vendedor_asignado_id" integer NULL REFERENCES "auth_user" ("id") DEFERRABLE INITIALLY DEFERRED, "fecha_cierre" 
datetime NULL, "fecha_ultimo_seguimiento" datetime NULL, "motivo_perdida" varchar(255) NOT NULL, "nota_interna" text 
NOT NULL, "prioridad" varchar(20) NOT NULL, "atencion_humana" bool NOT NULL, "fecha_proximo_seguimiento" datetime 
NULL, "acceso_destino" varchar(120) NOT NULL, "acceso_origen" varchar(120) NOT NULL, "capacidad_camion" varchar(120) 
NOT NULL, "distancia_carga_destino_m" integer unsigned NULL CHECK ("distancia_carga_destino_m" >= 0), 
"distancia_carga_origen_m" integer unsigned NULL CHECK ("distancia_carga_origen_m" >= 0), "dni_reserva" varchar(20) 
NOT NULL); (params None)
[DEBUG] 2026-08-13 21:15:24,784 schema INSERT INTO "new__leads_lead" ("id", "tipo_servicio", "distrito_origen", 
"distrito_destino", "direccion_origen", "direccion_destino", "piso_origen", "piso_destino", "ascensor_origen", 
"ascensor_destino", "lista_objetos", "fecha_servicio", "horario_servicio", "estado", "precio_estimado_min", 
"precio_estimado_max", "precio_recomendado", "precio_cotizado", "precio_final", "observaciones", "fecha_creacion", 
"cliente_id", "vendedor_asignado_id", "fecha_cierre", "fecha_ultimo_seguimiento", "motivo_perdida", "nota_interna", 
"prioridad", "atencion_humana", "fecha_proximo_seguimiento", "acceso_destino", "acceso_origen", "capacidad_camion", 
"distancia_carga_destino_m", "distancia_carga_origen_m", "dni_reserva") SELECT "id", "tipo_servicio", 
"distrito_origen", "distrito_destino", "direccion_origen", "direccion_destino", "piso_origen", "piso_destino", 
"ascensor_origen", "ascensor_destino", "lista_objetos", "fecha_servicio", "horario_servicio", "estado", 
"precio_estimado_min", "precio_estimado_max", "precio_recomendado", "precio_cotizado", "precio_final", 
"observaciones", "fecha_creacion", "cliente_id", "vendedor_asignado_id", "fecha_cierre", "fecha_ultimo_seguimiento", 
"motivo_perdida", "nota_interna", "prioridad", "atencion_humana", "fecha_proximo_seguimiento", "acceso_destino", 
"acceso_origen", "capacidad_camion", "distancia_carga_destino_m", "distancia_carga_origen_m", '' FROM "leads_lead"; 
(params ())
[DEBUG] 2026-08-13 21:15:24,785 schema DROP TABLE "leads_lead"; (params ())
[DEBUG] 2026-08-13 21:15:24,785 schema ALTER TABLE "new__leads_lead" RENAME TO "leads_lead"; (params ())
[DEBUG] 2026-08-13 21:15:24,785 schema CREATE INDEX "leads_lead_cliente_id_a949a358" ON "leads_lead" ("cliente_id"); 
(params ())
[DEBUG] 2026-08-13 21:15:24,786 schema CREATE INDEX "leads_lead_vendedor_asignado_id_cfb66597" ON "leads_lead" 
("vendedor_asignado_id"); (params ())
[DEBUG] 2026-08-13 21:15:24,792 schema CREATE TABLE "new__leads_lead" ("id" integer NOT NULL PRIMARY KEY 
AUTOINCREMENT, "tipo_servicio" varchar(80) NOT NULL, "distrito_origen" varchar(120) NOT NULL, "distrito_destino" 
varchar(120) NOT NULL, "direccion_origen" varchar(255) NOT NULL, "direccion_destino" varchar(255) NOT NULL, 
"piso_origen" smallint unsigned NULL CHECK ("piso_origen" >= 0), "piso_destino" smallint unsigned NULL CHECK 
("piso_destino" >= 0), "ascensor_origen" bool NULL, "ascensor_destino" bool NULL, "lista_objetos" text NOT NULL, 
"fecha_servicio" date NULL, "horario_servicio" varchar(80) NOT NULL, "estado" varchar(30) NOT NULL, 
"precio_estimado_min" decimal NULL, "precio_estimado_max" decimal NULL, "precio_recomendado" decimal NULL, 
"precio_cotizado" decimal NULL, "precio_final" decimal NULL, "observaciones" text NOT NULL, "fecha_creacion" datetime 
NOT NULL, "cliente_id" bigint NOT NULL REFERENCES "clientes_cliente" ("id") DEFERRABLE INITIALLY DEFERRED, 
"vendedor_asignado_id" integer NULL REFERENCES "auth_user" ("id") DEFERRABLE INITIALLY DEFERRED, "fecha_cierre" 
datetime NULL, "fecha_ultimo_seguimiento" datetime NULL, "motivo_perdida" varchar(255) NOT NULL, "nota_interna" text 
NOT NULL, "prioridad" varchar(20) NOT NULL, "atencion_humana" bool NOT NULL, "fecha_proximo_seguimiento" datetime 
NULL, "acceso_destino" varchar(120) NOT NULL, "acceso_origen" varchar(120) NOT NULL, "capacidad_camion" varchar(120) 
NOT NULL, "distancia_carga_destino_m" integer unsigned NULL CHECK ("distancia_carga_destino_m" >= 0), 
"distancia_carga_origen_m" integer unsigned NULL CHECK ("distancia_carga_origen_m" >= 0), "dni_reserva" varchar(20) 
NOT NULL, "etapa_conversacion" varchar(20) NOT NULL); (params None)
[DEBUG] 2026-08-13 21:15:24,792 schema INSERT INTO "new__leads_lead" ("id", "tipo_servicio", "distrito_origen", 
"distrito_destino", "direccion_origen", "direccion_destino", "piso_origen", "piso_destino", "ascensor_origen", 
"ascensor_destino", "lista_objetos", "fecha_servicio", "horario_servicio", "estado", "precio_estimado_min", 
"precio_estimado_max", "precio_recomendado", "precio_cotizado", "precio_final", "observaciones", "fecha_creacion", 
"cliente_id", "vendedor_asignado_id", "fecha_cierre", "fecha_ultimo_seguimiento", "motivo_perdida", "nota_interna", 
"prioridad", "atencion_humana", "fecha_proximo_seguimiento", "acceso_destino", "acceso_origen", "capacidad_camion", 
"distancia_carga_destino_m", "distancia_carga_origen_m", "dni_reserva", "etapa_conversacion") SELECT "id", 
"tipo_servicio", "distrito_origen", "distrito_destino", "direccion_origen", "direccion_destino", "piso_origen", 
"piso_destino", "ascensor_origen", "ascensor_destino", "lista_objetos", "fecha_servicio", "horario_servicio", 
"estado", "precio_estimado_min", "precio_estimado_max", "precio_recomendado", "precio_cotizado", "precio_final", 
"observaciones", "fecha_creacion", "cliente_id", "vendedor_asignado_id", "fecha_cierre", "fecha_ultimo_seguimiento", 
"motivo_perdida", "nota_interna", "prioridad", "atencion_humana", "fecha_proximo_seguimiento", "acceso_destino", 
"acceso_origen", "capacidad_camion", "distancia_carga_destino_m", "distancia_carga_origen_m", "dni_reserva", 
'cotizacion' FROM "leads_lead"; (params ())
[DEBUG] 2026-08-13 21:15:24,793 schema DROP TABLE "leads_lead"; (params ())
[DEBUG] 2026-08-13 21:15:24,793 schema ALTER TABLE "new__leads_lead" RENAME TO "leads_lead"; (params ())
[DEBUG] 2026-08-13 21:15:24,793 schema CREATE INDEX "leads_lead_cliente_id_a949a358" ON "leads_lead" ("cliente_id"); 
(params ())
[DEBUG] 2026-08-13 21:15:24,794 schema CREATE INDEX "leads_lead_vendedor_asignado_id_cfb66597" ON "leads_lead" 
("vendedor_asignado_id"); (params ())
[DEBUG] 2026-08-13 21:15:24,800 schema CREATE TABLE "new__leads_lead" ("id" integer NOT NULL PRIMARY KEY 
AUTOINCREMENT, "tipo_servicio" varchar(80) NOT NULL, "distrito_origen" varchar(120) NOT NULL, "distrito_destino" 
varchar(120) NOT NULL, "direccion_origen" varchar(255) NOT NULL, "direccion_destino" varchar(255) NOT NULL, 
"piso_origen" smallint unsigned NULL CHECK ("piso_origen" >= 0), "piso_destino" smallint unsigned NULL CHECK 
("piso_destino" >= 0), "ascensor_origen" bool NULL, "ascensor_destino" bool NULL, "lista_objetos" text NOT NULL, 
"fecha_servicio" date NULL, "horario_servicio" varchar(80) NOT NULL, "estado" varchar(30) NOT NULL, 
"precio_estimado_min" decimal NULL, "precio_estimado_max" decimal NULL, "precio_recomendado" decimal NULL, 
"precio_cotizado" decimal NULL, "precio_final" decimal NULL, "observaciones" text NOT NULL, "fecha_creacion" datetime 
NOT NULL, "cliente_id" bigint NOT NULL REFERENCES "clientes_cliente" ("id") DEFERRABLE INITIALLY DEFERRED, 
"vendedor_asignado_id" integer NULL REFERENCES "auth_user" ("id") DEFERRABLE INITIALLY DEFERRED, "fecha_cierre" 
datetime NULL, "fecha_ultimo_seguimiento" datetime NULL, "motivo_perdida" varchar(255) NOT NULL, "nota_interna" text 
NOT NULL, "prioridad" varchar(20) NOT NULL, "atencion_humana" bool NOT NULL, "fecha_proximo_seguimiento" datetime 
NULL, "acceso_destino" varchar(120) NOT NULL, "acceso_origen" varchar(120) NOT NULL, "capacidad_camion" varchar(120) 
NOT NULL, "distancia_carga_destino_m" integer unsigned NULL CHECK ("distancia_carga_destino_m" >= 0), 
"distancia_carga_origen_m" integer unsigned NULL CHECK ("distancia_carga_origen_m" >= 0), "dni_reserva" varchar(20) 
NOT NULL, "etapa_conversacion" varchar(20) NOT NULL, "modalidad_servicio" varchar(80) NOT NULL); (params None)
[DEBUG] 2026-08-13 21:15:24,801 schema INSERT INTO "new__leads_lead" ("id", "tipo_servicio", "distrito_origen", 
"distrito_destino", "direccion_origen", "direccion_destino", "piso_origen", "piso_destino", "ascensor_origen", 
"ascensor_destino", "lista_objetos", "fecha_servicio", "horario_servicio", "estado", "precio_estimado_min", 
"precio_estimado_max", "precio_recomendado", "precio_cotizado", "precio_final", "observaciones", "fecha_creacion", 
"cliente_id", "vendedor_asignado_id", "fecha_cierre", "fecha_ultimo_seguimiento", "motivo_perdida", "nota_interna", 
"prioridad", "atencion_humana", "fecha_proximo_seguimiento", "acceso_destino", "acceso_origen", "capacidad_camion", 
"distancia_carga_destino_m", "distancia_carga_origen_m", "dni_reserva", "etapa_conversacion", "modalidad_servicio") 
SELECT "id", "tipo_servicio", "distrito_origen", "distrito_destino", "direccion_origen", "direccion_destino", 
"piso_origen", "piso_destino", "ascensor_origen", "ascensor_destino", "lista_objetos", "fecha_servicio", 
"horario_servicio", "estado", "precio_estimado_min", "precio_estimado_max", "precio_recomendado", "precio_cotizado", 
"precio_final", "observaciones", "fecha_creacion", "cliente_id", "vendedor_asignado_id", "fecha_cierre", 
"fecha_ultimo_seguimiento", "motivo_perdida", "nota_interna", "prioridad", "atencion_humana", 
"fecha_proximo_seguimiento", "acceso_destino", "acceso_origen", "capacidad_camion", "distancia_carga_destino_m", 
"distancia_carga_origen_m", "dni_reserva", "etapa_conversacion", '' FROM "leads_lead"; (params ())
[DEBUG] 2026-08-13 21:15:24,801 schema DROP TABLE "leads_lead"; (params ())
[DEBUG] 2026-08-13 21:15:24,801 schema ALTER TABLE "new__leads_lead" RENAME TO "leads_lead"; (params ())
[DEBUG] 2026-08-13 21:15:24,802 schema CREATE INDEX "leads_lead_cliente_id_a949a358" ON "leads_lead" ("cliente_id"); 
(params ())
[DEBUG] 2026-08-13 21:15:24,802 schema CREATE INDEX "leads_lead_vendedor_asignado_id_cfb66597" ON "leads_lead" 
("vendedor_asignado_id"); (params ())
[DEBUG] 2026-08-13 21:15:24,809 schema CREATE TABLE "new__leads_lead" ("id" integer NOT NULL PRIMARY KEY 
AUTOINCREMENT, "tipo_servicio" varchar(80) NOT NULL, "distrito_origen" varchar(120) NOT NULL, "distrito_destino" 
varchar(120) NOT NULL, "direccion_origen" varchar(255) NOT NULL, "direccion_destino" varchar(255) NOT NULL, 
"piso_origen" smallint unsigned NULL CHECK ("piso_origen" >= 0), "piso_destino" smallint unsigned NULL CHECK 
("piso_destino" >= 0), "ascensor_origen" bool NULL, "ascensor_destino" bool NULL, "lista_objetos" text NOT NULL, 
"fecha_servicio" date NULL, "horario_servicio" varchar(80) NOT NULL, "estado" varchar(30) NOT NULL, 
"precio_estimado_min" decimal NULL, "precio_estimado_max" decimal NULL, "precio_recomendado" decimal NULL, 
"precio_cotizado" decimal NULL, "precio_final" decimal NULL, "observaciones" text NOT NULL, "fecha_creacion" datetime 
NOT NULL, "cliente_id" bigint NOT NULL REFERENCES "clientes_cliente" ("id") DEFERRABLE INITIALLY DEFERRED, 
"vendedor_asignado_id" integer NULL REFERENCES "auth_user" ("id") DEFERRABLE INITIALLY DEFERRED, "fecha_cierre" 
datetime NULL, "fecha_ultimo_seguimiento" datetime NULL, "motivo_perdida" varchar(255) NOT NULL, "nota_interna" text 
NOT NULL, "prioridad" varchar(20) NOT NULL, "atencion_humana" bool NOT NULL, "fecha_proximo_seguimiento" datetime 
NULL, "acceso_destino" varchar(120) NOT NULL, "acceso_origen" varchar(120) NOT NULL, "capacidad_camion" varchar(120) 
NOT NULL, "distancia_carga_destino_m" integer unsigned NULL CHECK ("distancia_carga_destino_m" >= 0), 
"distancia_carga_origen_m" integer unsigned NULL CHECK ("distancia_carga_origen_m" >= 0), "dni_reserva" varchar(20) 
NOT NULL, "etapa_conversacion" varchar(20) NOT NULL, "modalidad_servicio" varchar(80) NOT NULL, "objetos_pesados" text 
NOT NULL); (params None)
[DEBUG] 2026-08-13 21:15:24,809 schema INSERT INTO "new__leads_lead" ("id", "tipo_servicio", "distrito_origen", 
"distrito_destino", "direccion_origen", "direccion_destino", "piso_origen", "piso_destino", "ascensor_origen", 
"ascensor_destino", "lista_objetos", "fecha_servicio", "horario_servicio", "estado", "precio_estimado_min", 
"precio_estimado_max", "precio_recomendado", "precio_cotizado", "precio_final", "observaciones", "fecha_creacion", 
"cliente_id", "vendedor_asignado_id", "fecha_cierre", "fecha_ultimo_seguimiento", "motivo_perdida", "nota_interna", 
"prioridad", "atencion_humana", "fecha_proximo_seguimiento", "acceso_destino", "acceso_origen", "capacidad_camion", 
"distancia_carga_destino_m", "distancia_carga_origen_m", "dni_reserva", "etapa_conversacion", "modalidad_servicio", 
"objetos_pesados") SELECT "id", "tipo_servicio", "distrito_origen", "distrito_destino", "direccion_origen", 
"direccion_destino", "piso_origen", "piso_destino", "ascensor_origen", "ascensor_destino", "lista_objetos", 
"fecha_servicio", "horario_servicio", "estado", "precio_estimado_min", "precio_estimado_max", "precio_recomendado", 
"precio_cotizado", "precio_final", "observaciones", "fecha_creacion", "cliente_id", "vendedor_asignado_id", 
"fecha_cierre", "fecha_ultimo_seguimiento", "motivo_perdida", "nota_interna", "prioridad", "atencion_humana", 
"fecha_proximo_seguimiento", "acceso_destino", "acceso_origen", "capacidad_camion", "distancia_carga_destino_m", 
"distancia_carga_origen_m", "dni_reserva", "etapa_conversacion", "modalidad_servicio", '' FROM "leads_lead"; (params 
())
[DEBUG] 2026-08-13 21:15:24,809 schema DROP TABLE "leads_lead"; (params ())
[DEBUG] 2026-08-13 21:15:24,810 schema ALTER TABLE "new__leads_lead" RENAME TO "leads_lead"; (params ())
[DEBUG] 2026-08-13 21:15:24,810 schema CREATE INDEX "leads_lead_cliente_id_a949a358" ON "leads_lead" ("cliente_id"); 
(params ())
[DEBUG] 2026-08-13 21:15:24,810 schema CREATE INDEX "leads_lead_vendedor_asignado_id_cfb66597" ON "leads_lead" 
("vendedor_asignado_id"); (params ())
[DEBUG] 2026-08-13 21:15:24,816 schema ALTER TABLE "leads_lead" ADD COLUMN "peso_carga_kg" decimal NULL; (params None)
[DEBUG] 2026-08-13 21:15:24,822 schema ALTER TABLE "leads_lead" ADD COLUMN "requiere_desarmado" bool NULL; (params 
None)
[DEBUG] 2026-08-13 21:15:24,830 schema CREATE TABLE "new__leads_lead" ("id" integer NOT NULL PRIMARY KEY 
AUTOINCREMENT, "tipo_servicio" varchar(80) NOT NULL, "distrito_origen" varchar(120) NOT NULL, "distrito_destino" 
varchar(120) NOT NULL, "direccion_origen" varchar(255) NOT NULL, "direccion_destino" varchar(255) NOT NULL, 
"piso_origen" smallint unsigned NULL CHECK ("piso_origen" >= 0), "piso_destino" smallint unsigned NULL CHECK 
("piso_destino" >= 0), "ascensor_origen" bool NULL, "ascensor_destino" bool NULL, "lista_objetos" text NOT NULL, 
"fecha_servicio" date NULL, "horario_servicio" varchar(80) NOT NULL, "estado" varchar(30) NOT NULL, 
"precio_estimado_min" decimal NULL, "precio_estimado_max" decimal NULL, "precio_recomendado" decimal NULL, 
"precio_cotizado" decimal NULL, "precio_final" decimal NULL, "observaciones" text NOT NULL, "fecha_creacion" datetime 
NOT NULL, "cliente_id" bigint NOT NULL REFERENCES "clientes_cliente" ("id") DEFERRABLE INITIALLY DEFERRED, 
"vendedor_asignado_id" integer NULL REFERENCES "auth_user" ("id") DEFERRABLE INITIALLY DEFERRED, "fecha_cierre" 
datetime NULL, "fecha_ultimo_seguimiento" datetime NULL, "motivo_perdida" varchar(255) NOT NULL, "nota_interna" text 
NOT NULL, "prioridad" varchar(20) NOT NULL, "atencion_humana" bool NOT NULL, "fecha_proximo_seguimiento" datetime 
NULL, "acceso_destino" varchar(120) NOT NULL, "acceso_origen" varchar(120) NOT NULL, "capacidad_camion" varchar(120) 
NOT NULL, "distancia_carga_destino_m" integer unsigned NULL CHECK ("distancia_carga_destino_m" >= 0), 
"distancia_carga_origen_m" integer unsigned NULL CHECK ("distancia_carga_origen_m" >= 0), "dni_reserva" varchar(20) 
NOT NULL, "etapa_conversacion" varchar(20) NOT NULL, "modalidad_servicio" varchar(80) NOT NULL, "objetos_pesados" text 
NOT NULL, "peso_carga_kg" decimal NULL, "requiere_desarmado" bool NULL, "tipo_camion" varchar(120) NOT NULL); (params 
None)
[DEBUG] 2026-08-13 21:15:24,830 schema INSERT INTO "new__leads_lead" ("id", "tipo_servicio", "distrito_origen", 
"distrito_destino", "direccion_origen", "direccion_destino", "piso_origen", "piso_destino", "ascensor_origen", 
"ascensor_destino", "lista_objetos", "fecha_servicio", "horario_servicio", "estado", "precio_estimado_min", 
"precio_estimado_max", "precio_recomendado", "precio_cotizado", "precio_final", "observaciones", "fecha_creacion", 
"cliente_id", "vendedor_asignado_id", "fecha_cierre", "fecha_ultimo_seguimiento", "motivo_perdida", "nota_interna", 
"prioridad", "atencion_humana", "fecha_proximo_seguimiento", "acceso_destino", "acceso_origen", "capacidad_camion", 
"distancia_carga_destino_m", "distancia_carga_origen_m", "dni_reserva", "etapa_conversacion", "modalidad_servicio", 
"objetos_pesados", "peso_carga_kg", "requiere_desarmado", "tipo_camion") SELECT "id", "tipo_servicio", 
"distrito_origen", "distrito_destino", "direccion_origen", "direccion_destino", "piso_origen", "piso_destino", 
"ascensor_origen", "ascensor_destino", "lista_objetos", "fecha_servicio", "horario_servicio", "estado", 
"precio_estimado_min", "precio_estimado_max", "precio_recomendado", "precio_cotizado", "precio_final", 
"observaciones", "fecha_creacion", "cliente_id", "vendedor_asignado_id", "fecha_cierre", "fecha_ultimo_seguimiento", 
"motivo_perdida", "nota_interna", "prioridad", "atencion_humana", "fecha_proximo_seguimiento", "acceso_destino", 
"acceso_origen", "capacidad_camion", "distancia_carga_destino_m", "distancia_carga_origen_m", "dni_reserva", 
"etapa_conversacion", "modalidad_servicio", "objetos_pesados", "peso_carga_kg", "requiere_desarmado", '' FROM 
"leads_lead"; (params ())
[DEBUG] 2026-08-13 21:15:24,830 schema DROP TABLE "leads_lead"; (params ())
[DEBUG] 2026-08-13 21:15:24,830 schema ALTER TABLE "new__leads_lead" RENAME TO "leads_lead"; (params ())
[DEBUG] 2026-08-13 21:15:24,831 schema CREATE INDEX "leads_lead_cliente_id_a949a358" ON "leads_lead" ("cliente_id"); 
(params ())
[DEBUG] 2026-08-13 21:15:24,831 schema CREATE INDEX "leads_lead_vendedor_asignado_id_cfb66597" ON "leads_lead" 
("vendedor_asignado_id"); (params ())
[DEBUG] 2026-08-13 21:15:24,837 schema ALTER TABLE "leads_lead" ADD COLUMN "volumen_carga_m3" decimal NULL; (params 
None)
[DEBUG] 2026-08-13 21:15:24,843 schema ALTER TABLE "leads_lead" ADD COLUMN "camion_llega_destino" bool NULL; (params 
None)
[DEBUG] 2026-08-13 21:15:24,852 schema ALTER TABLE "leads_lead" ADD COLUMN "camion_llega_origen" bool NULL; (params 
None)
[DEBUG] 2026-08-13 21:15:24,900 schema CREATE TABLE "new__leads_lead" ("id" integer NOT NULL PRIMARY KEY 
AUTOINCREMENT, "tipo_servicio" varchar(80) NOT NULL, "distrito_origen" varchar(120) NOT NULL, "distrito_destino" 
varchar(120) NOT NULL, "direccion_origen" varchar(255) NOT NULL, "direccion_destino" varchar(255) NOT NULL, 
"piso_origen" smallint unsigned NULL CHECK ("piso_origen" >= 0), "piso_destino" smallint unsigned NULL CHECK 
("piso_destino" >= 0), "ascensor_origen" bool NULL, "ascensor_destino" bool NULL, "lista_objetos" text NOT NULL, 
"fecha_servicio" date NULL, "horario_servicio" varchar(80) NOT NULL, "estado" varchar(30) NOT NULL, 
"precio_estimado_min" decimal NULL, "precio_estimado_max" decimal NULL, "precio_recomendado" decimal NULL, 
"precio_cotizado" decimal NULL, "precio_final" decimal NULL, "observaciones" text NOT NULL, "fecha_creacion" datetime 
NOT NULL, "cliente_id" bigint NOT NULL REFERENCES "clientes_cliente" ("id") DEFERRABLE INITIALLY DEFERRED, 
"vendedor_asignado_id" integer NULL REFERENCES "auth_user" ("id") DEFERRABLE INITIALLY DEFERRED, "fecha_cierre" 
datetime NULL, "fecha_ultimo_seguimiento" datetime NULL, "motivo_perdida" varchar(255) NOT NULL, "nota_interna" text 
NOT NULL, "prioridad" varchar(20) NOT NULL, "atencion_humana" bool NOT NULL, "fecha_proximo_seguimiento" datetime 
NULL, "acceso_destino" varchar(120) NOT NULL, "acceso_origen" varchar(120) NOT NULL, "capacidad_camion" varchar(120) 
NOT NULL, "distancia_carga_destino_m" integer unsigned NULL CHECK ("distancia_carga_destino_m" >= 0), 
"distancia_carga_origen_m" integer unsigned NULL CHECK ("distancia_carga_origen_m" >= 0), "dni_reserva" varchar(20) 
NOT NULL, "etapa_conversacion" varchar(20) NOT NULL, "modalidad_servicio" varchar(80) NOT NULL, "objetos_pesados" text 
NOT NULL, "peso_carga_kg" decimal NULL, "requiere_desarmado" bool NULL, "tipo_camion" varchar(120) NOT NULL, 
"volumen_carga_m3" decimal NULL, "camion_llega_destino" bool NULL, "camion_llega_origen" bool NULL, 
"fecha_por_confirmar" bool NOT NULL); (params None)
[DEBUG] 2026-08-13 21:15:24,901 schema INSERT INTO "new__leads_lead" ("id", "tipo_servicio", "distrito_origen", 
"distrito_destino", "direccion_origen", "direccion_destino", "piso_origen", "piso_destino", "ascensor_origen", 
"ascensor_destino", "lista_objetos", "fecha_servicio", "horario_servicio", "estado", "precio_estimado_min", 
"precio_estimado_max", "precio_recomendado", "precio_cotizado", "precio_final", "observaciones", "fecha_creacion", 
"cliente_id", "vendedor_asignado_id", "fecha_cierre", "fecha_ultimo_seguimiento", "motivo_perdida", "nota_interna", 
"prioridad", "atencion_humana", "fecha_proximo_seguimiento", "acceso_destino", "acceso_origen", "capacidad_camion", 
"distancia_carga_destino_m", "distancia_carga_origen_m", "dni_reserva", "etapa_conversacion", "modalidad_servicio", 
"objetos_pesados", "peso_carga_kg", "requiere_desarmado", "tipo_camion", "volumen_carga_m3", "camion_llega_destino", 
"camion_llega_origen", "fecha_por_confirmar") SELECT "id", "tipo_servicio", "distrito_origen", "distrito_destino", 
"direccion_origen", "direccion_destino", "piso_origen", "piso_destino", "ascensor_origen", "ascensor_destino", 
"lista_objetos", "fecha_servicio", "horario_servicio", "estado", "precio_estimado_min", "precio_estimado_max", 
"precio_recomendado", "precio_cotizado", "precio_final", "observaciones", "fecha_creacion", "cliente_id", 
"vendedor_asignado_id", "fecha_cierre", "fecha_ultimo_seguimiento", "motivo_perdida", "nota_interna", "prioridad", 
"atencion_humana", "fecha_proximo_seguimiento", "acceso_destino", "acceso_origen", "capacidad_camion", 
"distancia_carga_destino_m", "distancia_carga_origen_m", "dni_reserva", "etapa_conversacion", "modalidad_servicio", 
"objetos_pesados", "peso_carga_kg", "requiere_desarmado", "tipo_camion", "volumen_carga_m3", "camion_llega_destino", 
"camion_llega_origen", 0 FROM "leads_lead"; (params ())
[DEBUG] 2026-08-13 21:15:24,902 schema DROP TABLE "leads_lead"; (params ())
[DEBUG] 2026-08-13 21:15:24,902 schema ALTER TABLE "new__leads_lead" RENAME TO "leads_lead"; (params ())
[DEBUG] 2026-08-13 21:15:24,904 schema CREATE INDEX "leads_lead_cliente_id_a949a358" ON "leads_lead" ("cliente_id"); 
(params ())
[DEBUG] 2026-08-13 21:15:24,904 schema CREATE INDEX "leads_lead_vendedor_asignado_id_cfb66597" ON "leads_lead" 
("vendedor_asignado_id"); (params ())
[DEBUG] 2026-08-13 21:15:24,915 schema CREATE TABLE "whatsapp_evidenciawhatsapp" ("id" integer NOT NULL PRIMARY KEY 
AUTOINCREMENT, "media_id" varchar(160) NOT NULL UNIQUE, "archivo" varchar(100) NOT NULL, "mime_type" varchar(100) NOT 
NULL, "sha256_meta" varchar(128) NOT NULL, "caption" text NOT NULL, "fecha" datetime NOT NULL, "cliente_id" bigint NOT 
NULL REFERENCES "clientes_cliente" ("id") DEFERRABLE INITIALLY DEFERRED, "lead_id" bigint NULL REFERENCES "leads_lead" 
("id") DEFERRABLE INITIALLY DEFERRED); (params None)
[DEBUG] 2026-08-13 21:15:24,916 schema CREATE INDEX "whatsapp_evidenciawhatsapp_cliente_id_b66827d2" ON 
"whatsapp_evidenciawhatsapp" ("cliente_id"); (params None)
[DEBUG] 2026-08-13 21:15:24,916 schema CREATE INDEX "whatsapp_evidenciawhatsapp_lead_id_ab0387b9" ON 
"whatsapp_evidenciawhatsapp" ("lead_id"); (params None)
[DEBUG] 2026-08-13 21:15:24,918 schema CREATE TABLE "whatsapp_mensajewhatsappprocesado" ("id" integer NOT NULL PRIMARY 
KEY AUTOINCREMENT, "message_id" varchar(255) NOT NULL UNIQUE, "telefono" varchar(30) NOT NULL, "tipo" varchar(30) NOT 
NULL, "completado" bool NOT NULL, "fecha" datetime NOT NULL); (params None)
[DEBUG] 2026-08-13 21:15:24,927 schema CREATE TABLE "new__whatsapp_evidenciawhatsapp" ("id" integer NOT NULL PRIMARY 
KEY AUTOINCREMENT, "media_id" varchar(160) NOT NULL UNIQUE, "archivo" varchar(100) NOT NULL, "mime_type" varchar(100) 
NOT NULL, "sha256_meta" varchar(128) NOT NULL, "caption" text NOT NULL, "fecha" datetime NOT NULL, "cliente_id" bigint 
NOT NULL REFERENCES "clientes_cliente" ("id") DEFERRABLE INITIALLY DEFERRED, "lead_id" bigint NULL REFERENCES 
"leads_lead" ("id") DEFERRABLE INITIALLY DEFERRED, "analisis_visual" text NOT NULL); (params None)
[DEBUG] 2026-08-13 21:15:24,927 schema INSERT INTO "new__whatsapp_evidenciawhatsapp" ("id", "media_id", "archivo", 
"mime_type", "sha256_meta", "caption", "fecha", "cliente_id", "lead_id", "analisis_visual") SELECT "id", "media_id", 
"archivo", "mime_type", "sha256_meta", "caption", "fecha", "cliente_id", "lead_id", '' FROM 
"whatsapp_evidenciawhatsapp"; (params ())
[DEBUG] 2026-08-13 21:15:24,928 schema DROP TABLE "whatsapp_evidenciawhatsapp"; (params ())
[DEBUG] 2026-08-13 21:15:24,928 schema ALTER TABLE "new__whatsapp_evidenciawhatsapp" RENAME TO 
"whatsapp_evidenciawhatsapp"; (params ())
[DEBUG] 2026-08-13 21:15:24,929 schema CREATE INDEX "whatsapp_evidenciawhatsapp_cliente_id_b66827d2" ON 
"whatsapp_evidenciawhatsapp" ("cliente_id"); (params ())
[DEBUG] 2026-08-13 21:15:24,929 schema CREATE INDEX "whatsapp_evidenciawhatsapp_lead_id_ab0387b9" ON 
"whatsapp_evidenciawhatsapp" ("lead_id"); (params ())
[DEBUG] 2026-08-13 21:15:24,931 schema CREATE TABLE "whatsapp_configuracionbot" ("id" integer NOT NULL PRIMARY KEY 
AUTOINCREMENT, "bot_activo" bool NOT NULL, "modo_atencion" varchar(10) NOT NULL, "hora_inicio_bot" time NOT NULL, 
"hora_fin_bot" time NOT NULL, "lunes_activo" bool NOT NULL, "martes_activo" bool NOT NULL, "miercoles_activo" bool NOT 
NULL, "jueves_activo" bool NOT NULL, "viernes_activo" bool NOT NULL, "sabado_activo" bool NOT NULL, "domingo_activo" 
bool NOT NULL, "mensaje_fuera_horario" text NOT NULL, "updated_at" datetime NOT NULL); (params None)
[DEBUG] 2026-08-13 21:15:24,932 schema CREATE TABLE "whatsapp_botschedule" ("id" integer NOT NULL PRIMARY KEY 
AUTOINCREMENT, "day_of_week" integer NOT NULL, "start_time" time NOT NULL, "end_time" time NOT NULL, "is_active" bool 
NOT NULL); (params None)
[DEBUG] 2026-08-13 21:15:24,934 schema CREATE TABLE "new__whatsapp_configuracionbot" ("id" integer NOT NULL PRIMARY 
KEY AUTOINCREMENT, "bot_activo" bool NOT NULL, "modo_atencion" varchar(10) NOT NULL, "hora_inicio_bot" time NOT NULL, 
"hora_fin_bot" time NOT NULL, "lunes_activo" bool NOT NULL, "martes_activo" bool NOT NULL, "miercoles_activo" bool NOT 
NULL, "jueves_activo" bool NOT NULL, "viernes_activo" bool NOT NULL, "sabado_activo" bool NOT NULL, "domingo_activo" 
bool NOT NULL, "mensaje_fuera_horario" text NOT NULL, "updated_at" datetime NOT NULL, "override_activo" bool NOT 
NULL); (params None)
[DEBUG] 2026-08-13 21:15:24,935 schema INSERT INTO "new__whatsapp_configuracionbot" ("id", "bot_activo", 
"modo_atencion", "hora_inicio_bot", "hora_fin_bot", "lunes_activo", "martes_activo", "miercoles_activo", 
"jueves_activo", "viernes_activo", "sabado_activo", "domingo_activo", "mensaje_fuera_horario", "updated_at", 
"override_activo") SELECT "id", "bot_activo", "modo_atencion", "hora_inicio_bot", "hora_fin_bot", "lunes_activo", 
"martes_activo", "miercoles_activo", "jueves_activo", "viernes_activo", "sabado_activo", "domingo_activo", 
"mensaje_fuera_horario", "updated_at", 0 FROM "whatsapp_configuracionbot"; (params ())
[DEBUG] 2026-08-13 21:15:24,935 schema DROP TABLE "whatsapp_configuracionbot"; (params ())
[DEBUG] 2026-08-13 21:15:24,935 schema ALTER TABLE "new__whatsapp_configuracionbot" RENAME TO 
"whatsapp_configuracionbot"; (params ())
[DEBUG] 2026-08-13 21:15:24,937 schema ALTER TABLE "whatsapp_configuracionbot" ADD COLUMN "override_desde" datetime 
NULL; (params None)
[DEBUG] 2026-08-13 21:15:24,938 schema ALTER TABLE "whatsapp_configuracionbot" ADD COLUMN "override_hasta" datetime 
NULL; (params None)
[DEBUG] 2026-08-13 21:15:24,940 schema CREATE TABLE "new__whatsapp_configuracionbot" ("id" integer NOT NULL PRIMARY 
KEY AUTOINCREMENT, "bot_activo" bool NOT NULL, "modo_atencion" varchar(10) NOT NULL, "hora_inicio_bot" time NOT NULL, 
"hora_fin_bot" time NOT NULL, "lunes_activo" bool NOT NULL, "martes_activo" bool NOT NULL, "miercoles_activo" bool NOT 
NULL, "jueves_activo" bool NOT NULL, "viernes_activo" bool NOT NULL, "sabado_activo" bool NOT NULL, "domingo_activo" 
bool NOT NULL, "mensaje_fuera_horario" text NOT NULL, "updated_at" datetime NOT NULL, "override_activo" bool NOT NULL, 
"override_desde" datetime NULL, "override_hasta" datetime NULL, "override_modo" varchar(12) NOT NULL); (params None)
[DEBUG] 2026-08-13 21:15:24,941 schema INSERT INTO "new__whatsapp_configuracionbot" ("id", "bot_activo", 
"modo_atencion", "hora_inicio_bot", "hora_fin_bot", "lunes_activo", "martes_activo", "miercoles_activo", 
"jueves_activo", "viernes_activo", "sabado_activo", "domingo_activo", "mensaje_fuera_horario", "updated_at", 
"override_activo", "override_desde", "override_hasta", "override_modo") SELECT "id", "bot_activo", "modo_atencion", 
"hora_inicio_bot", "hora_fin_bot", "lunes_activo", "martes_activo", "miercoles_activo", "jueves_activo", 
"viernes_activo", "sabado_activo", "domingo_activo", "mensaje_fuera_horario", "updated_at", "override_activo", 
"override_desde", "override_hasta", 'none' FROM "whatsapp_configuracionbot"; (params ())
[DEBUG] 2026-08-13 21:15:24,941 schema DROP TABLE "whatsapp_configuracionbot"; (params ())
[DEBUG] 2026-08-13 21:15:24,941 schema ALTER TABLE "new__whatsapp_configuracionbot" RENAME TO 
"whatsapp_configuracionbot"; (params ())
[DEBUG] 2026-08-13 21:15:24,945 schema CREATE TABLE "new__whatsapp_configuracionbot" ("id" integer NOT NULL PRIMARY 
KEY AUTOINCREMENT, "bot_activo" bool NOT NULL, "modo_atencion" varchar(10) NOT NULL, "hora_inicio_bot" time NOT NULL, 
"hora_fin_bot" time NOT NULL, "lunes_activo" bool NOT NULL, "martes_activo" bool NOT NULL, "miercoles_activo" bool NOT 
NULL, "jueves_activo" bool NOT NULL, "viernes_activo" bool NOT NULL, "sabado_activo" bool NOT NULL, "domingo_activo" 
bool NOT NULL, "mensaje_fuera_horario" text NOT NULL, "updated_at" datetime NOT NULL, "override_activo" bool NOT NULL, 
"override_desde" datetime NULL, "override_hasta" datetime NULL, "override_modo" varchar(12) NOT NULL, 
"override_motivo" text NOT NULL); (params None)
[DEBUG] 2026-08-13 21:15:24,945 schema INSERT INTO "new__whatsapp_configuracionbot" ("id", "bot_activo", 
"modo_atencion", "hora_inicio_bot", "hora_fin_bot", "lunes_activo", "martes_activo", "miercoles_activo", 
"jueves_activo", "viernes_activo", "sabado_activo", "domingo_activo", "mensaje_fuera_horario", "updated_at", 
"override_activo", "override_desde", "override_hasta", "override_modo", "override_motivo") SELECT "id", "bot_activo", 
"modo_atencion", "hora_inicio_bot", "hora_fin_bot", "lunes_activo", "martes_activo", "miercoles_activo", 
"jueves_activo", "viernes_activo", "sabado_activo", "domingo_activo", "mensaje_fuera_horario", "updated_at", 
"override_activo", "override_desde", "override_hasta", "override_modo", '' FROM "whatsapp_configuracionbot"; (params 
())
[DEBUG] 2026-08-13 21:15:24,945 schema DROP TABLE "whatsapp_configuracionbot"; (params ())
[DEBUG] 2026-08-13 21:15:24,946 schema ALTER TABLE "new__whatsapp_configuracionbot" RENAME TO 
"whatsapp_configuracionbot"; (params ())
[DEBUG] 2026-08-13 21:15:24,956 schema CREATE TABLE "whatsapp_whatsappchannel" ("id" integer NOT NULL PRIMARY KEY 
AUTOINCREMENT, "nombre" varchar(100) NOT NULL, "phone_number_id" varchar(30) NOT NULL UNIQUE, "numero_visible" 
varchar(20) NOT NULL, "activo" bool NOT NULL, "asesor_id" integer NULL REFERENCES "auth_user" ("id") DEFERRABLE 
INITIALLY DEFERRED); (params None)
[DEBUG] 2026-08-13 21:15:24,964 schema ALTER TABLE "whatsapp_botschedule" ADD COLUMN "channel_id" bigint NULL 
REFERENCES "whatsapp_whatsappchannel" ("id") DEFERRABLE INITIALLY DEFERRED; (params None)
[DEBUG] 2026-08-13 21:15:24,977 schema ALTER TABLE "whatsapp_configuracionbot" ADD COLUMN "channel_id" bigint NULL 
REFERENCES "whatsapp_whatsappchannel" ("id") DEFERRABLE INITIALLY DEFERRED; (params None)
[DEBUG] 2026-08-13 21:15:24,977 schema CREATE INDEX "whatsapp_whatsappchannel_asesor_id_8d34013e" ON 
"whatsapp_whatsappchannel" ("asesor_id"); (params None)
[DEBUG] 2026-08-13 21:15:24,978 schema CREATE INDEX "whatsapp_botschedule_channel_id_7193e890" ON 
"whatsapp_botschedule" ("channel_id"); (params None)
[DEBUG] 2026-08-13 21:15:24,978 schema CREATE INDEX "whatsapp_configuracionbot_channel_id_f4835505" ON 
"whatsapp_configuracionbot" ("channel_id"); (params None)
[DEBUG] 2026-08-13 21:15:24,990 schema ALTER TABLE "leads_lead" ADD COLUMN "incluye_personal_carga" bool NULL; (params 
None)
[DEBUG] 2026-08-13 21:15:25,004 schema CREATE TABLE "new__leads_lead" ("id" integer NOT NULL PRIMARY KEY 
AUTOINCREMENT, "tipo_servicio" varchar(80) NOT NULL, "distrito_origen" varchar(120) NOT NULL, "distrito_destino" 
varchar(120) NOT NULL, "direccion_origen" varchar(255) NOT NULL, "direccion_destino" varchar(255) NOT NULL, 
"piso_origen" smallint unsigned NULL CHECK ("piso_origen" >= 0), "piso_destino" smallint unsigned NULL CHECK 
("piso_destino" >= 0), "ascensor_origen" bool NULL, "ascensor_destino" bool NULL, "lista_objetos" text NOT NULL, 
"fecha_servicio" date NULL, "horario_servicio" varchar(80) NOT NULL, "estado" varchar(30) NOT NULL, 
"precio_estimado_min" decimal NULL, "precio_estimado_max" decimal NULL, "precio_recomendado" decimal NULL, 
"precio_cotizado" decimal NULL, "precio_final" decimal NULL, "observaciones" text NOT NULL, "fecha_creacion" datetime 
NOT NULL, "cliente_id" bigint NOT NULL REFERENCES "clientes_cliente" ("id") DEFERRABLE INITIALLY DEFERRED, 
"vendedor_asignado_id" integer NULL REFERENCES "auth_user" ("id") DEFERRABLE INITIALLY DEFERRED, "fecha_cierre" 
datetime NULL, "fecha_ultimo_seguimiento" datetime NULL, "motivo_perdida" varchar(255) NOT NULL, "nota_interna" text 
NOT NULL, "prioridad" varchar(20) NOT NULL, "atencion_humana" bool NOT NULL, "fecha_proximo_seguimiento" datetime 
NULL, "acceso_destino" varchar(120) NOT NULL, "acceso_origen" varchar(120) NOT NULL, "capacidad_camion" varchar(120) 
NOT NULL, "distancia_carga_destino_m" integer unsigned NULL CHECK ("distancia_carga_destino_m" >= 0), 
"distancia_carga_origen_m" integer unsigned NULL CHECK ("distancia_carga_origen_m" >= 0), "dni_reserva" varchar(20) 
NOT NULL, "etapa_conversacion" varchar(20) NOT NULL, "modalidad_servicio" varchar(80) NOT NULL, "objetos_pesados" text 
NOT NULL, "peso_carga_kg" decimal NULL, "requiere_desarmado" bool NULL, "tipo_camion" varchar(120) NOT NULL, 
"volumen_carga_m3" decimal NULL, "camion_llega_destino" bool NULL, "camion_llega_origen" bool NULL, 
"fecha_por_confirmar" bool NOT NULL, "incluye_personal_carga" bool NULL, "esperando_motivo_no_reserva" bool NOT NULL); 
(params None)
[DEBUG] 2026-08-13 21:15:25,005 schema INSERT INTO "new__leads_lead" ("id", "tipo_servicio", "distrito_origen", 
"distrito_destino", "direccion_origen", "direccion_destino", "piso_origen", "piso_destino", "ascensor_origen", 
"ascensor_destino", "lista_objetos", "fecha_servicio", "horario_servicio", "estado", "precio_estimado_min", 
"precio_estimado_max", "precio_recomendado", "precio_cotizado", "precio_final", "observaciones", "fecha_creacion", 
"cliente_id", "vendedor_asignado_id", "fecha_cierre", "fecha_ultimo_seguimiento", "motivo_perdida", "nota_interna", 
"prioridad", "atencion_humana", "fecha_proximo_seguimiento", "acceso_destino", "acceso_origen", "capacidad_camion", 
"distancia_carga_destino_m", "distancia_carga_origen_m", "dni_reserva", "etapa_conversacion", "modalidad_servicio", 
"objetos_pesados", "peso_carga_kg", "requiere_desarmado", "tipo_camion", "volumen_carga_m3", "camion_llega_destino", 
"camion_llega_origen", "fecha_por_confirmar", "incluye_personal_carga", "esperando_motivo_no_reserva") SELECT "id", 
"tipo_servicio", "distrito_origen", "distrito_destino", "direccion_origen", "direccion_destino", "piso_origen", 
"piso_destino", "ascensor_origen", "ascensor_destino", "lista_objetos", "fecha_servicio", "horario_servicio", 
"estado", "precio_estimado_min", "precio_estimado_max", "precio_recomendado", "precio_cotizado", "precio_final", 
"observaciones", "fecha_creacion", "cliente_id", "vendedor_asignado_id", "fecha_cierre", "fecha_ultimo_seguimiento", 
"motivo_perdida", "nota_interna", "prioridad", "atencion_humana", "fecha_proximo_seguimiento", "acceso_destino", 
"acceso_origen", "capacidad_camion", "distancia_carga_destino_m", "distancia_carga_origen_m", "dni_reserva", 
"etapa_conversacion", "modalidad_servicio", "objetos_pesados", "peso_carga_kg", "requiere_desarmado", "tipo_camion", 
"volumen_carga_m3", "camion_llega_destino", "camion_llega_origen", "fecha_por_confirmar", "incluye_personal_carga", 0 
FROM "leads_lead"; (params ())
[DEBUG] 2026-08-13 21:15:25,005 schema DROP TABLE "leads_lead"; (params ())
[DEBUG] 2026-08-13 21:15:25,005 schema ALTER TABLE "new__leads_lead" RENAME TO "leads_lead"; (params ())
[DEBUG] 2026-08-13 21:15:25,006 schema CREATE INDEX "leads_lead_cliente_id_a949a358" ON "leads_lead" ("cliente_id"); 
(params ())
[DEBUG] 2026-08-13 21:15:25,006 schema CREATE INDEX "leads_lead_vendedor_asignado_id_cfb66597" ON "leads_lead" 
("vendedor_asignado_id"); (params ())
[DEBUG] 2026-08-13 21:15:25,020 schema CREATE TABLE "new__leads_lead" ("id" integer NOT NULL PRIMARY KEY 
AUTOINCREMENT, "tipo_servicio" varchar(80) NOT NULL, "distrito_origen" varchar(120) NOT NULL, "distrito_destino" 
varchar(120) NOT NULL, "direccion_origen" varchar(255) NOT NULL, "direccion_destino" varchar(255) NOT NULL, 
"piso_origen" smallint unsigned NULL CHECK ("piso_origen" >= 0), "piso_destino" smallint unsigned NULL CHECK 
("piso_destino" >= 0), "ascensor_origen" bool NULL, "ascensor_destino" bool NULL, "lista_objetos" text NOT NULL, 
"fecha_servicio" date NULL, "horario_servicio" varchar(80) NOT NULL, "estado" varchar(30) NOT NULL, 
"precio_estimado_min" decimal NULL, "precio_estimado_max" decimal NULL, "precio_recomendado" decimal NULL, 
"precio_cotizado" decimal NULL, "precio_final" decimal NULL, "observaciones" text NOT NULL, "fecha_creacion" datetime 
NOT NULL, "cliente_id" bigint NOT NULL REFERENCES "clientes_cliente" ("id") DEFERRABLE INITIALLY DEFERRED, 
"vendedor_asignado_id" integer NULL REFERENCES "auth_user" ("id") DEFERRABLE INITIALLY DEFERRED, "fecha_cierre" 
datetime NULL, "fecha_ultimo_seguimiento" datetime NULL, "motivo_perdida" varchar(255) NOT NULL, "nota_interna" text 
NOT NULL, "prioridad" varchar(20) NOT NULL, "atencion_humana" bool NOT NULL, "fecha_proximo_seguimiento" datetime 
NULL, "acceso_destino" varchar(120) NOT NULL, "acceso_origen" varchar(120) NOT NULL, "capacidad_camion" varchar(120) 
NOT NULL, "distancia_carga_destino_m" integer unsigned NULL CHECK ("distancia_carga_destino_m" >= 0), 
"distancia_carga_origen_m" integer unsigned NULL CHECK ("distancia_carga_origen_m" >= 0), "dni_reserva" varchar(20) 
NOT NULL, "etapa_conversacion" varchar(20) NOT NULL, "modalidad_servicio" varchar(80) NOT NULL, "objetos_pesados" text 
NOT NULL, "peso_carga_kg" decimal NULL, "requiere_desarmado" bool NULL, "tipo_camion" varchar(120) NOT NULL, 
"volumen_carga_m3" decimal NULL, "camion_llega_destino" bool NULL, "camion_llega_origen" bool NULL, 
"fecha_por_confirmar" bool NOT NULL, "incluye_personal_carga" bool NULL, "esperando_motivo_no_reserva" bool NOT NULL, 
"horario_por_confirmar" bool NOT NULL); (params None)
[DEBUG] 2026-08-13 21:15:25,021 schema INSERT INTO "new__leads_lead" ("id", "tipo_servicio", "distrito_origen", 
"distrito_destino", "direccion_origen", "direccion_destino", "piso_origen", "piso_destino", "ascensor_origen", 
"ascensor_destino", "lista_objetos", "fecha_servicio", "horario_servicio", "estado", "precio_estimado_min", 
"precio_estimado_max", "precio_recomendado", "precio_cotizado", "precio_final", "observaciones", "fecha_creacion", 
"cliente_id", "vendedor_asignado_id", "fecha_cierre", "fecha_ultimo_seguimiento", "motivo_perdida", "nota_interna", 
"prioridad", "atencion_humana", "fecha_proximo_seguimiento", "acceso_destino", "acceso_origen", "capacidad_camion", 
"distancia_carga_destino_m", "distancia_carga_origen_m", "dni_reserva", "etapa_conversacion", "modalidad_servicio", 
"objetos_pesados", "peso_carga_kg", "requiere_desarmado", "tipo_camion", "volumen_carga_m3", "camion_llega_destino", 
"camion_llega_origen", "fecha_por_confirmar", "incluye_personal_carga", "esperando_motivo_no_reserva", 
"horario_por_confirmar") SELECT "id", "tipo_servicio", "distrito_origen", "distrito_destino", "direccion_origen", 
"direccion_destino", "piso_origen", "piso_destino", "ascensor_origen", "ascensor_destino", "lista_objetos", 
"fecha_servicio", "horario_servicio", "estado", "precio_estimado_min", "precio_estimado_max", "precio_recomendado", 
"precio_cotizado", "precio_final", "observaciones", "fecha_creacion", "cliente_id", "vendedor_asignado_id", 
"fecha_cierre", "fecha_ultimo_seguimiento", "motivo_perdida", "nota_interna", "prioridad", "atencion_humana", 
"fecha_proximo_seguimiento", "acceso_destino", "acceso_origen", "capacidad_camion", "distancia_carga_destino_m", 
"distancia_carga_origen_m", "dni_reserva", "etapa_conversacion", "modalidad_servicio", "objetos_pesados", 
"peso_carga_kg", "requiere_desarmado", "tipo_camion", "volumen_carga_m3", "camion_llega_destino", 
"camion_llega_origen", "fecha_por_confirmar", "incluye_personal_carga", "esperando_motivo_no_reserva", 0 FROM 
"leads_lead"; (params ())
[DEBUG] 2026-08-13 21:15:25,022 schema DROP TABLE "leads_lead"; (params ())
[DEBUG] 2026-08-13 21:15:25,022 schema ALTER TABLE "new__leads_lead" RENAME TO "leads_lead"; (params ())
[DEBUG] 2026-08-13 21:15:25,024 schema CREATE INDEX "leads_lead_cliente_id_a949a358" ON "leads_lead" ("cliente_id"); 
(params ())
[DEBUG] 2026-08-13 21:15:25,024 schema CREATE INDEX "leads_lead_vendedor_asignado_id_cfb66597" ON "leads_lead" 
("vendedor_asignado_id"); (params ())
[DEBUG] 2026-08-13 21:15:25,044 schema CREATE TABLE "new__leads_lead" ("id" integer NOT NULL PRIMARY KEY 
AUTOINCREMENT, "tipo_servicio" varchar(80) NOT NULL, "distrito_origen" varchar(120) NOT NULL, "distrito_destino" 
varchar(120) NOT NULL, "direccion_origen" varchar(255) NOT NULL, "direccion_destino" varchar(255) NOT NULL, 
"piso_origen" smallint unsigned NULL CHECK ("piso_origen" >= 0), "piso_destino" smallint unsigned NULL CHECK 
("piso_destino" >= 0), "ascensor_origen" bool NULL, "ascensor_destino" bool NULL, "lista_objetos" text NOT NULL, 
"fecha_servicio" date NULL, "horario_servicio" varchar(80) NOT NULL, "estado" varchar(30) NOT NULL, 
"precio_estimado_min" decimal NULL, "precio_estimado_max" decimal NULL, "precio_recomendado" decimal NULL, 
"precio_cotizado" decimal NULL, "precio_final" decimal NULL, "observaciones" text NOT NULL, "fecha_creacion" datetime 
NOT NULL, "cliente_id" bigint NOT NULL REFERENCES "clientes_cliente" ("id") DEFERRABLE INITIALLY DEFERRED, 
"vendedor_asignado_id" integer NULL REFERENCES "auth_user" ("id") DEFERRABLE INITIALLY DEFERRED, "fecha_cierre" 
datetime NULL, "fecha_ultimo_seguimiento" datetime NULL, "motivo_perdida" varchar(255) NOT NULL, "nota_interna" text 
NOT NULL, "prioridad" varchar(20) NOT NULL, "atencion_humana" bool NOT NULL, "fecha_proximo_seguimiento" datetime 
NULL, "acceso_destino" varchar(120) NOT NULL, "acceso_origen" varchar(120) NOT NULL, "capacidad_camion" varchar(120) 
NOT NULL, "distancia_carga_destino_m" integer unsigned NULL CHECK ("distancia_carga_destino_m" >= 0), 
"distancia_carga_origen_m" integer unsigned NULL CHECK ("distancia_carga_origen_m" >= 0), "dni_reserva" varchar(20) 
NOT NULL, "etapa_conversacion" varchar(20) NOT NULL, "modalidad_servicio" varchar(80) NOT NULL, "objetos_pesados" text 
NOT NULL, "peso_carga_kg" decimal NULL, "requiere_desarmado" bool NULL, "tipo_camion" varchar(120) NOT NULL, 
"volumen_carga_m3" decimal NULL, "camion_llega_destino" bool NULL, "camion_llega_origen" bool NULL, 
"fecha_por_confirmar" bool NOT NULL, "incluye_personal_carga" bool NULL, "esperando_motivo_no_reserva" bool NOT NULL, 
"horario_por_confirmar" bool NOT NULL, "bot_pausado" bool NOT NULL); (params None)
[DEBUG] 2026-08-13 21:15:25,045 schema INSERT INTO "new__leads_lead" ("id", "tipo_servicio", "distrito_origen", 
"distrito_destino", "direccion_origen", "direccion_destino", "piso_origen", "piso_destino", "ascensor_origen", 
"ascensor_destino", "lista_objetos", "fecha_servicio", "horario_servicio", "estado", "precio_estimado_min", 
"precio_estimado_max", "precio_recomendado", "precio_cotizado", "precio_final", "observaciones", "fecha_creacion", 
"cliente_id", "vendedor_asignado_id", "fecha_cierre", "fecha_ultimo_seguimiento", "motivo_perdida", "nota_interna", 
"prioridad", "atencion_humana", "fecha_proximo_seguimiento", "acceso_destino", "acceso_origen", "capacidad_camion", 
"distancia_carga_destino_m", "distancia_carga_origen_m", "dni_reserva", "etapa_conversacion", "modalidad_servicio", 
"objetos_pesados", "peso_carga_kg", "requiere_desarmado", "tipo_camion", "volumen_carga_m3", "camion_llega_destino", 
"camion_llega_origen", "fecha_por_confirmar", "incluye_personal_carga", "esperando_motivo_no_reserva", 
"horario_por_confirmar", "bot_pausado") SELECT "id", "tipo_servicio", "distrito_origen", "distrito_destino", 
"direccion_origen", "direccion_destino", "piso_origen", "piso_destino", "ascensor_origen", "ascensor_destino", 
"lista_objetos", "fecha_servicio", "horario_servicio", "estado", "precio_estimado_min", "precio_estimado_max", 
"precio_recomendado", "precio_cotizado", "precio_final", "observaciones", "fecha_creacion", "cliente_id", 
"vendedor_asignado_id", "fecha_cierre", "fecha_ultimo_seguimiento", "motivo_perdida", "nota_interna", "prioridad", 
"atencion_humana", "fecha_proximo_seguimiento", "acceso_destino", "acceso_origen", "capacidad_camion", 
"distancia_carga_destino_m", "distancia_carga_origen_m", "dni_reserva", "etapa_conversacion", "modalidad_servicio", 
"objetos_pesados", "peso_carga_kg", "requiere_desarmado", "tipo_camion", "volumen_carga_m3", "camion_llega_destino", 
"camion_llega_origen", "fecha_por_confirmar", "incluye_personal_carga", "esperando_motivo_no_reserva", 
"horario_por_confirmar", 0 FROM "leads_lead"; (params ())
[DEBUG] 2026-08-13 21:15:25,046 schema DROP TABLE "leads_lead"; (params ())
[DEBUG] 2026-08-13 21:15:25,046 schema ALTER TABLE "new__leads_lead" RENAME TO "leads_lead"; (params ())
[DEBUG] 2026-08-13 21:15:25,048 schema CREATE INDEX "leads_lead_cliente_id_a949a358" ON "leads_lead" ("cliente_id"); 
(params ())
[DEBUG] 2026-08-13 21:15:25,048 schema CREATE INDEX "leads_lead_vendedor_asignado_id_cfb66597" ON "leads_lead" 
("vendedor_asignado_id"); (params ())
[DEBUG] 2026-08-13 21:15:25,061 schema ALTER TABLE "leads_lead" ADD COLUMN "fecha_derivacion" datetime NULL; (params 
None)
[DEBUG] 2026-08-13 21:15:25,076 schema ALTER TABLE "leads_lead" ADD COLUMN "motivo_derivacion" text NULL; (params None)
[DEBUG] 2026-08-13 21:15:25,088 schema CREATE TABLE "new__leads_lead" ("id" integer NOT NULL PRIMARY KEY 
AUTOINCREMENT, "tipo_servicio" varchar(80) NOT NULL, "distrito_origen" varchar(120) NOT NULL, "distrito_destino" 
varchar(120) NOT NULL, "direccion_origen" varchar(255) NOT NULL, "direccion_destino" varchar(255) NOT NULL, 
"piso_origen" smallint unsigned NULL CHECK ("piso_origen" >= 0), "piso_destino" smallint unsigned NULL CHECK 
("piso_destino" >= 0), "ascensor_origen" bool NULL, "ascensor_destino" bool NULL, "lista_objetos" text NOT NULL, 
"fecha_servicio" date NULL, "horario_servicio" varchar(80) NOT NULL, "estado" varchar(30) NOT NULL, 
"precio_estimado_min" decimal NULL, "precio_estimado_max" decimal NULL, "precio_recomendado" decimal NULL, 
"precio_cotizado" decimal NULL, "precio_final" decimal NULL, "observaciones" text NOT NULL, "fecha_creacion" datetime 
NOT NULL, "cliente_id" bigint NOT NULL REFERENCES "clientes_cliente" ("id") DEFERRABLE INITIALLY DEFERRED, 
"vendedor_asignado_id" integer NULL REFERENCES "auth_user" ("id") DEFERRABLE INITIALLY DEFERRED, "fecha_cierre" 
datetime NULL, "fecha_ultimo_seguimiento" datetime NULL, "motivo_perdida" varchar(255) NOT NULL, "nota_interna" text 
NOT NULL, "prioridad" varchar(20) NOT NULL, "atencion_humana" bool NOT NULL, "fecha_proximo_seguimiento" datetime 
NULL, "acceso_destino" varchar(120) NOT NULL, "acceso_origen" varchar(120) NOT NULL, "capacidad_camion" varchar(120) 
NOT NULL, "distancia_carga_destino_m" integer unsigned NULL CHECK ("distancia_carga_destino_m" >= 0), 
"distancia_carga_origen_m" integer unsigned NULL CHECK ("distancia_carga_origen_m" >= 0), "dni_reserva" varchar(20) 
NOT NULL, "etapa_conversacion" varchar(20) NOT NULL, "modalidad_servicio" varchar(80) NOT NULL, "objetos_pesados" text 
NOT NULL, "peso_carga_kg" decimal NULL, "requiere_desarmado" bool NULL, "tipo_camion" varchar(120) NOT NULL, 
"volumen_carga_m3" decimal NULL, "camion_llega_destino" bool NULL, "camion_llega_origen" bool NULL, 
"fecha_por_confirmar" bool NOT NULL, "incluye_personal_carga" bool NULL, "esperando_motivo_no_reserva" bool NOT NULL, 
"horario_por_confirmar" bool NOT NULL, "bot_pausado" bool NOT NULL, "fecha_derivacion" datetime NULL, 
"motivo_derivacion" text NULL, "requiere_asesor" bool NOT NULL); (params None)
[DEBUG] 2026-08-13 21:15:25,089 schema INSERT INTO "new__leads_lead" ("id", "tipo_servicio", "distrito_origen", 
"distrito_destino", "direccion_origen", "direccion_destino", "piso_origen", "piso_destino", "ascensor_origen", 
"ascensor_destino", "lista_objetos", "fecha_servicio", "horario_servicio", "estado", "precio_estimado_min", 
"precio_estimado_max", "precio_recomendado", "precio_cotizado", "precio_final", "observaciones", "fecha_creacion", 
"cliente_id", "vendedor_asignado_id", "fecha_cierre", "fecha_ultimo_seguimiento", "motivo_perdida", "nota_interna", 
"prioridad", "atencion_humana", "fecha_proximo_seguimiento", "acceso_destino", "acceso_origen", "capacidad_camion", 
"distancia_carga_destino_m", "distancia_carga_origen_m", "dni_reserva", "etapa_conversacion", "modalidad_servicio", 
"objetos_pesados", "peso_carga_kg", "requiere_desarmado", "tipo_camion", "volumen_carga_m3", "camion_llega_destino", 
"camion_llega_origen", "fecha_por_confirmar", "incluye_personal_carga", "esperando_motivo_no_reserva", 
"horario_por_confirmar", "bot_pausado", "fecha_derivacion", "motivo_derivacion", "requiere_asesor") SELECT "id", 
"tipo_servicio", "distrito_origen", "distrito_destino", "direccion_origen", "direccion_destino", "piso_origen", 
"piso_destino", "ascensor_origen", "ascensor_destino", "lista_objetos", "fecha_servicio", "horario_servicio", 
"estado", "precio_estimado_min", "precio_estimado_max", "precio_recomendado", "precio_cotizado", "precio_final", 
"observaciones", "fecha_creacion", "cliente_id", "vendedor_asignado_id", "fecha_cierre", "fecha_ultimo_seguimiento", 
"motivo_perdida", "nota_interna", "prioridad", "atencion_humana", "fecha_proximo_seguimiento", "acceso_destino", 
"acceso_origen", "capacidad_camion", "distancia_carga_destino_m", "distancia_carga_origen_m", "dni_reserva", 
"etapa_conversacion", "modalidad_servicio", "objetos_pesados", "peso_carga_kg", "requiere_desarmado", "tipo_camion", 
"volumen_carga_m3", "camion_llega_destino", "camion_llega_origen", "fecha_por_confirmar", "incluye_personal_carga", 
"esperando_motivo_no_reserva", "horario_por_confirmar", "bot_pausado", "fecha_derivacion", "motivo_derivacion", 0 FROM 
"leads_lead"; (params ())
[DEBUG] 2026-08-13 21:15:25,089 schema DROP TABLE "leads_lead"; (params ())
[DEBUG] 2026-08-13 21:15:25,089 schema ALTER TABLE "new__leads_lead" RENAME TO "leads_lead"; (params ())
[DEBUG] 2026-08-13 21:15:25,090 schema CREATE INDEX "leads_lead_cliente_id_a949a358" ON "leads_lead" ("cliente_id"); 
(params ())
[DEBUG] 2026-08-13 21:15:25,090 schema CREATE INDEX "leads_lead_vendedor_asignado_id_cfb66597" ON "leads_lead" 
("vendedor_asignado_id"); (params ())
[DEBUG] 2026-08-13 21:15:25,098 schema ALTER TABLE "leads_lead" ADD COLUMN "whatsapp_channel_id" bigint NULL 
REFERENCES "whatsapp_whatsappchannel" ("id") DEFERRABLE INITIALLY DEFERRED; (params None)
[DEBUG] 2026-08-13 21:15:25,099 schema CREATE INDEX "leads_lead_whatsapp_channel_id_a525649e" ON "leads_lead" 
("whatsapp_channel_id"); (params None)
[DEBUG] 2026-08-13 21:15:25,110 schema CREATE TABLE "servicios_servicio" ("id" integer NOT NULL PRIMARY KEY 
AUTOINCREMENT, "codigo" varchar(20) NOT NULL UNIQUE, "estado" varchar(20) NOT NULL, "tipo_servicio" varchar(80) NOT 
NULL, "distrito_origen" varchar(120) NOT NULL, "distrito_destino" varchar(120) NOT NULL, "direccion_origen" 
varchar(255) NOT NULL, "direccion_destino" varchar(255) NOT NULL, "piso_origen" smallint unsigned NULL CHECK 
("piso_origen" >= 0), "piso_destino" smallint unsigned NULL CHECK ("piso_destino" >= 0), "acceso_origen" varchar(120) 
NOT NULL, "acceso_destino" varchar(120) NOT NULL, "lista_objetos" text NOT NULL, "objetos_pesados" text NOT NULL, 
"incluye_personal_carga" bool NULL, "requiere_desarmado" bool NULL, "peso_carga_kg" decimal NULL, "volumen_carga_m3" 
decimal NULL, "fecha_servicio" date NULL, "horario_servicio" varchar(80) NOT NULL, "precio_cotizado" decimal NULL, 
"precio_final" decimal NULL, "dni_ruc" varchar(20) NOT NULL, "observaciones" text NOT NULL, "nota_interna" text NOT 
NULL, "fecha_creacion" datetime NOT NULL, "fecha_actualizacion" datetime NOT NULL, "asesor_id" integer NULL REFERENCES 
"auth_user" ("id") DEFERRABLE INITIALLY DEFERRED, "cliente_id" bigint NULL REFERENCES "clientes_cliente" ("id") 
DEFERRABLE INITIALLY DEFERRED, "lead_origen_id" bigint NULL UNIQUE REFERENCES "leads_lead" ("id") DEFERRABLE INITIALLY 
DEFERRED, "whatsapp_channel_id" bigint NULL REFERENCES "whatsapp_whatsappchannel" ("id") DEFERRABLE INITIALLY 
DEFERRED); (params None)
[DEBUG] 2026-08-13 21:15:25,110 schema CREATE INDEX "servicios_servicio_asesor_id_69d43a6c" ON "servicios_servicio" 
("asesor_id"); (params None)
[DEBUG] 2026-08-13 21:15:25,110 schema CREATE INDEX "servicios_servicio_cliente_id_36d1d393" ON "servicios_servicio" 
("cliente_id"); (params None)
[DEBUG] 2026-08-13 21:15:25,111 schema CREATE INDEX "servicios_servicio_whatsapp_channel_id_ef7dd7b1" ON 
"servicios_servicio" ("whatsapp_channel_id"); (params None)
[DEBUG] 2026-08-13 21:15:25,112 schema CREATE TABLE "campo_vehiculo" ("id" integer NOT NULL PRIMARY KEY AUTOINCREMENT, 
"placa" varchar(20) NOT NULL UNIQUE, "marca" varchar(80) NOT NULL, "modelo" varchar(80) NOT NULL, 
"capacidad_toneladas" decimal NOT NULL, "activo" bool NOT NULL, "observaciones" text NOT NULL); (params None)
[DEBUG] 2026-08-13 21:15:25,121 schema CREATE TABLE "campo_ayudante" ("id" integer NOT NULL PRIMARY KEY AUTOINCREMENT, 
"nombre" varchar(160) NOT NULL, "dni" varchar(20) NOT NULL UNIQUE, "telefono" varchar(30) NOT NULL, "activo" bool NOT 
NULL, "observaciones" text NOT NULL, "usuario_id" integer NULL REFERENCES "auth_user" ("id") DEFERRABLE INITIALLY 
DEFERRED); (params None)
[DEBUG] 2026-08-13 21:15:25,130 schema CREATE TABLE "campo_conductor" ("id" integer NOT NULL PRIMARY KEY 
AUTOINCREMENT, "nombre" varchar(160) NOT NULL, "dni" varchar(20) NOT NULL UNIQUE, "telefono" varchar(30) NOT NULL, 
"activo" bool NOT NULL, "observaciones" text NOT NULL, "usuario_id" integer NULL REFERENCES "auth_user" ("id") 
DEFERRABLE INITIALLY DEFERRED); (params None)
[DEBUG] 2026-08-13 21:15:25,142 schema CREATE TABLE "campo_equipodia" ("id" integer NOT NULL PRIMARY KEY 
AUTOINCREMENT, "fecha" date NOT NULL, "activo" bool NOT NULL, "observaciones" text NOT NULL, "conductor_id" bigint NOT 
NULL REFERENCES "campo_conductor" ("id") DEFERRABLE INITIALLY DEFERRED, "vehiculo_id" bigint NOT NULL REFERENCES 
"campo_vehiculo" ("id") DEFERRABLE INITIALLY DEFERRED); (params None)
[DEBUG] 2026-08-13 21:15:25,142 schema CREATE TABLE "campo_equipodia_ayudantes" ("id" integer NOT NULL PRIMARY KEY 
AUTOINCREMENT, "equipodia_id" bigint NOT NULL REFERENCES "campo_equipodia" ("id") DEFERRABLE INITIALLY DEFERRED, 
"ayudante_id" bigint NOT NULL REFERENCES "campo_ayudante" ("id") DEFERRABLE INITIALLY DEFERRED); (params None)
[DEBUG] 2026-08-13 21:15:25,154 schema CREATE TABLE "campo_programacionservicio" ("id" integer NOT NULL PRIMARY KEY 
AUTOINCREMENT, "fecha" date NOT NULL, "hora_inicio" time NOT NULL, "hora_fin" time NULL, "monto" decimal NOT NULL, 
"estado_operativo" varchar(20) NOT NULL, "observaciones" text NOT NULL, "conductor_id" bigint NOT NULL REFERENCES 
"campo_conductor" ("id") DEFERRABLE INITIALLY DEFERRED, "equipo_dia_id" bigint NULL REFERENCES "campo_equipodia" 
("id") DEFERRABLE INITIALLY DEFERRED, "servicio_id" bigint NOT NULL REFERENCES "servicios_servicio" ("id") DEFERRABLE 
INITIALLY DEFERRED, "vehiculo_id" bigint NOT NULL REFERENCES "campo_vehiculo" ("id") DEFERRABLE INITIALLY DEFERRED); 
(params None)
[DEBUG] 2026-08-13 21:15:25,155 schema CREATE TABLE "campo_programacionservicio_ayudantes" ("id" integer NOT NULL 
PRIMARY KEY AUTOINCREMENT, "programacionservicio_id" bigint NOT NULL REFERENCES "campo_programacionservicio" ("id") 
DEFERRABLE INITIALLY DEFERRED, "ayudante_id" bigint NOT NULL REFERENCES "campo_ayudante" ("id") DEFERRABLE INITIALLY 
DEFERRED); (params None)
[DEBUG] 2026-08-13 21:15:25,155 schema CREATE INDEX "campo_ayudante_usuario_id_e0e4362d" ON "campo_ayudante" 
("usuario_id"); (params None)
[DEBUG] 2026-08-13 21:15:25,155 schema CREATE INDEX "campo_conductor_usuario_id_3f7bdf4c" ON "campo_conductor" 
("usuario_id"); (params None)
[DEBUG] 2026-08-13 21:15:25,155 schema CREATE UNIQUE INDEX "campo_equipodia_fecha_vehiculo_id_0c011130_uniq" ON 
"campo_equipodia" ("fecha", "vehiculo_id"); (params None)
[DEBUG] 2026-08-13 21:15:25,155 schema CREATE INDEX "campo_equipodia_conductor_id_52c0787e" ON "campo_equipodia" 
("conductor_id"); (params None)
[DEBUG] 2026-08-13 21:15:25,156 schema CREATE INDEX "campo_equipodia_vehiculo_id_b15e9db0" ON "campo_equipodia" 
("vehiculo_id"); (params None)
[DEBUG] 2026-08-13 21:15:25,156 schema CREATE UNIQUE INDEX 
"campo_equipodia_ayudantes_equipodia_id_ayudante_id_f2c92329_uniq" ON "campo_equipodia_ayudantes" ("equipodia_id", 
"ayudante_id"); (params None)
[DEBUG] 2026-08-13 21:15:25,156 schema CREATE INDEX "campo_equipodia_ayudantes_equipodia_id_d2d2ae2c" ON 
"campo_equipodia_ayudantes" ("equipodia_id"); (params None)
[DEBUG] 2026-08-13 21:15:25,156 schema CREATE INDEX "campo_equipodia_ayudantes_ayudante_id_0a1a1cd2" ON 
"campo_equipodia_ayudantes" ("ayudante_id"); (params None)
[DEBUG] 2026-08-13 21:15:25,156 schema CREATE INDEX "campo_programacionservicio_conductor_id_e134e112" ON 
"campo_programacionservicio" ("conductor_id"); (params None)
[DEBUG] 2026-08-13 21:15:25,156 schema CREATE INDEX "campo_programacionservicio_equipo_dia_id_1ecebeef" ON 
"campo_programacionservicio" ("equipo_dia_id"); (params None)
[DEBUG] 2026-08-13 21:15:25,157 schema CREATE INDEX "campo_programacionservicio_servicio_id_759dc4a9" ON 
"campo_programacionservicio" ("servicio_id"); (params None)
[DEBUG] 2026-08-13 21:15:25,157 schema CREATE INDEX "campo_programacionservicio_vehiculo_id_0e6aed6d" ON 
"campo_programacionservicio" ("vehiculo_id"); (params None)
[DEBUG] 2026-08-13 21:15:25,157 schema CREATE UNIQUE INDEX 
"campo_programacionservicio_ayudantes_programacionservicio_id_ayudante_id_c87c0e9e_uniq" ON 
"campo_programacionservicio_ayudantes" ("programacionservicio_id", "ayudante_id"); (params None)
[DEBUG] 2026-08-13 21:15:25,157 schema CREATE INDEX 
"campo_programacionservicio_ayudantes_programacionservicio_id_ddd6d8e6" ON "campo_programacionservicio_ayudantes" 
("programacionservicio_id"); (params None)
[DEBUG] 2026-08-13 21:15:25,157 schema CREATE INDEX "campo_programacionservicio_ayudantes_ayudante_id_7ef9b9cb" ON 
"campo_programacionservicio_ayudantes" ("ayudante_id"); (params None)
[DEBUG] 2026-08-13 21:15:25,167 schema CREATE TABLE "new__campo_conductor" ("id" integer NOT NULL PRIMARY KEY 
AUTOINCREMENT, "nombre" varchar(160) NOT NULL, "dni" varchar(20) NOT NULL UNIQUE, "telefono" varchar(30) NOT NULL, 
"activo" bool NOT NULL, "observaciones" text NOT NULL, "usuario_id" integer NULL REFERENCES "auth_user" ("id") 
DEFERRABLE INITIALLY DEFERRED, "categoria_licencia" varchar(20) NOT NULL); (params None)
[DEBUG] 2026-08-13 21:15:25,168 schema INSERT INTO "new__campo_conductor" ("id", "nombre", "dni", "telefono", 
"activo", "observaciones", "usuario_id", "categoria_licencia") SELECT "id", "nombre", "dni", "telefono", "activo", 
"observaciones", "usuario_id", '' FROM "campo_conductor"; (params ())
[DEBUG] 2026-08-13 21:15:25,168 schema DROP TABLE "campo_conductor"; (params ())
[DEBUG] 2026-08-13 21:15:25,168 schema ALTER TABLE "new__campo_conductor" RENAME TO "campo_conductor"; (params ())
[DEBUG] 2026-08-13 21:15:25,169 schema CREATE INDEX "campo_conductor_usuario_id_3f7bdf4c" ON "campo_conductor" 
("usuario_id"); (params ())
[DEBUG] 2026-08-13 21:15:25,179 schema ALTER TABLE "campo_conductor" ADD COLUMN "fecha_vencimiento_licencia" date 
NULL; (params None)
[DEBUG] 2026-08-13 21:15:25,189 schema CREATE TABLE "new__campo_conductor" ("id" integer NOT NULL PRIMARY KEY 
AUTOINCREMENT, "nombre" varchar(160) NOT NULL, "dni" varchar(20) NOT NULL UNIQUE, "telefono" varchar(30) NOT NULL, 
"activo" bool NOT NULL, "observaciones" text NOT NULL, "usuario_id" integer NULL REFERENCES "auth_user" ("id") 
DEFERRABLE INITIALLY DEFERRED, "categoria_licencia" varchar(20) NOT NULL, "fecha_vencimiento_licencia" date NULL, 
"numero_licencia" varchar(40) NOT NULL); (params None)
[DEBUG] 2026-08-13 21:15:25,189 schema INSERT INTO "new__campo_conductor" ("id", "nombre", "dni", "telefono", 
"activo", "observaciones", "usuario_id", "categoria_licencia", "fecha_vencimiento_licencia", "numero_licencia") SELECT 
"id", "nombre", "dni", "telefono", "activo", "observaciones", "usuario_id", "categoria_licencia", 
"fecha_vencimiento_licencia", '' FROM "campo_conductor"; (params ())
[DEBUG] 2026-08-13 21:15:25,189 schema DROP TABLE "campo_conductor"; (params ())
[DEBUG] 2026-08-13 21:15:25,190 schema ALTER TABLE "new__campo_conductor" RENAME TO "campo_conductor"; (params ())
[DEBUG] 2026-08-13 21:15:25,191 schema CREATE INDEX "campo_conductor_usuario_id_3f7bdf4c" ON "campo_conductor" 
("usuario_id"); (params ())
[DEBUG] 2026-08-13 21:15:25,194 schema ALTER TABLE "campo_vehiculo" ADD COLUMN "anio" integer unsigned NULL CHECK 
("anio" >= 0); (params None)
[DEBUG] 2026-08-13 21:15:25,197 schema ALTER TABLE "campo_vehiculo" ADD COLUMN "capacidad_m3" decimal NULL; (params 
None)
[DEBUG] 2026-08-13 21:15:25,200 schema ALTER TABLE "campo_vehiculo" ADD COLUMN "fecha_vencimiento_extintor" date NULL; 
(params None)
[DEBUG] 2026-08-13 21:15:25,203 schema ALTER TABLE "campo_vehiculo" ADD COLUMN "fecha_vencimiento_rtv" date NULL; 
(params None)
[DEBUG] 2026-08-13 21:15:25,206 schema ALTER TABLE "campo_vehiculo" ADD COLUMN "fecha_vencimiento_soat" date NULL; 
(params None)
[DEBUG] 2026-08-13 21:15:25,223 schema DROP INDEX "campo_equipodia_fecha_vehiculo_id_0c011130_uniq"; (params ())
[DEBUG] 2026-08-13 21:15:25,224 schema CREATE UNIQUE INDEX 
"campo_equipodia_fecha_vehiculo_id_conductor_id_8dbc2cde_uniq" ON "campo_equipodia" ("fecha", "vehiculo_id", 
"conductor_id"); (params ())
[DEBUG] 2026-08-13 21:15:25,237 schema CREATE TABLE "campo_equipodia_conductores_ayudantes" ("id" integer NOT NULL 
PRIMARY KEY AUTOINCREMENT, "equipodia_id" bigint NOT NULL REFERENCES "campo_equipodia" ("id") DEFERRABLE INITIALLY 
DEFERRED, "conductor_id" bigint NOT NULL REFERENCES "campo_conductor" ("id") DEFERRABLE INITIALLY DEFERRED); (params 
None)
[DEBUG] 2026-08-13 21:15:25,237 schema CREATE UNIQUE INDEX 
"campo_equipodia_conductores_ayudantes_equipodia_id_conductor_id_9f5162d6_uniq" ON 
"campo_equipodia_conductores_ayudantes" ("equipodia_id", "conductor_id"); (params None)
[DEBUG] 2026-08-13 21:15:25,238 schema CREATE INDEX "campo_equipodia_conductores_ayudantes_equipodia_id_763009d9" ON 
"campo_equipodia_conductores_ayudantes" ("equipodia_id"); (params None)
[DEBUG] 2026-08-13 21:15:25,238 schema CREATE INDEX "campo_equipodia_conductores_ayudantes_conductor_id_91fef54b" ON 
"campo_equipodia_conductores_ayudantes" ("conductor_id"); (params None)
[DEBUG] 2026-08-13 21:15:25,252 schema CREATE TABLE "campo_equipofrecuente" ("id" integer NOT NULL PRIMARY KEY 
AUTOINCREMENT, "nombre" varchar(120) NOT NULL, "activo" bool NOT NULL, "orden" smallint unsigned NOT NULL CHECK 
("orden" >= 0), "vehiculo_id" bigint NOT NULL REFERENCES "campo_vehiculo" ("id") DEFERRABLE INITIALLY DEFERRED, 
"conductor_id" bigint NOT NULL REFERENCES "campo_conductor" ("id") DEFERRABLE INITIALLY DEFERRED); (params None)
[DEBUG] 2026-08-13 21:15:25,252 schema CREATE TABLE "campo_equipofrecuente_ayudantes" ("id" integer NOT NULL PRIMARY 
KEY AUTOINCREMENT, "equipofrecuente_id" bigint NOT NULL REFERENCES "campo_equipofrecuente" ("id") DEFERRABLE INITIALLY 
DEFERRED, "ayudante_id" bigint NOT NULL REFERENCES "campo_ayudante" ("id") DEFERRABLE INITIALLY DEFERRED); (params 
None)
[DEBUG] 2026-08-13 21:15:25,253 schema CREATE TABLE "campo_equipofrecuente_conductores_ayudantes" ("id" integer NOT 
NULL PRIMARY KEY AUTOINCREMENT, "equipofrecuente_id" bigint NOT NULL REFERENCES "campo_equipofrecuente" ("id") 
DEFERRABLE INITIALLY DEFERRED, "conductor_id" bigint NOT NULL REFERENCES "campo_conductor" ("id") DEFERRABLE INITIALLY 
DEFERRED); (params None)
[DEBUG] 2026-08-13 21:15:25,253 schema CREATE INDEX "campo_equipofrecuente_vehiculo_id_93b8bff7" ON 
"campo_equipofrecuente" ("vehiculo_id"); (params None)
[DEBUG] 2026-08-13 21:15:25,253 schema CREATE INDEX "campo_equipofrecuente_conductor_id_be3b4408" ON 
"campo_equipofrecuente" ("conductor_id"); (params None)
[DEBUG] 2026-08-13 21:15:25,253 schema CREATE UNIQUE INDEX 
"campo_equipofrecuente_ayudantes_equipofrecuente_id_ayudante_id_232808f4_uniq" ON "campo_equipofrecuente_ayudantes" 
("equipofrecuente_id", "ayudante_id"); (params None)
[DEBUG] 2026-08-13 21:15:25,254 schema CREATE INDEX "campo_equipofrecuente_ayudantes_equipofrecuente_id_8f0578c0" ON 
"campo_equipofrecuente_ayudantes" ("equipofrecuente_id"); (params None)
[DEBUG] 2026-08-13 21:15:25,254 schema CREATE INDEX "campo_equipofrecuente_ayudantes_ayudante_id_dbe0bdbe" ON 
"campo_equipofrecuente_ayudantes" ("ayudante_id"); (params None)
[DEBUG] 2026-08-13 21:15:25,254 schema CREATE UNIQUE INDEX 
"campo_equipofrecuente_conductores_ayudantes_equipofrecuente_id_conductor_id_02ff7475_uniq" ON 
"campo_equipofrecuente_conductores_ayudantes" ("equipofrecuente_id", "conductor_id"); (params None)
[DEBUG] 2026-08-13 21:15:25,254 schema CREATE INDEX 
"campo_equipofrecuente_conductores_ayudantes_equipofrecuente_id_c05fbe03" ON 
"campo_equipofrecuente_conductores_ayudantes" ("equipofrecuente_id"); (params None)
[DEBUG] 2026-08-13 21:15:25,254 schema CREATE INDEX 
"campo_equipofrecuente_conductores_ayudantes_conductor_id_2124b106" ON "campo_equipofrecuente_conductores_ayudantes" 
("conductor_id"); (params None)
[DEBUG] 2026-08-13 21:15:25,260 schema CREATE TABLE "new__clientes_cliente" ("id" integer NOT NULL PRIMARY KEY 
AUTOINCREMENT, "nombre" varchar(160) NOT NULL, "telefono" varchar(30) NOT NULL UNIQUE, "fecha_creacion" datetime NOT 
NULL, "ultima_interaccion" datetime NOT NULL, "correo" varchar(200) NOT NULL); (params None)
[DEBUG] 2026-08-13 21:15:25,260 schema INSERT INTO "new__clientes_cliente" ("id", "nombre", "telefono", 
"fecha_creacion", "ultima_interaccion", "correo") SELECT "id", "nombre", "telefono", "fecha_creacion", 
"ultima_interaccion", '' FROM "clientes_cliente"; (params ())
[DEBUG] 2026-08-13 21:15:25,260 schema DROP TABLE "clientes_cliente"; (params ())
[DEBUG] 2026-08-13 21:15:25,260 schema ALTER TABLE "new__clientes_cliente" RENAME TO "clientes_cliente"; (params ())
[DEBUG] 2026-08-13 21:15:25,267 schema CREATE TABLE "new__clientes_cliente" ("id" integer NOT NULL PRIMARY KEY 
AUTOINCREMENT, "nombre" varchar(160) NOT NULL, "telefono" varchar(30) NOT NULL UNIQUE, "fecha_creacion" datetime NOT 
NULL, "ultima_interaccion" datetime NOT NULL, "correo" varchar(200) NOT NULL, "documento" varchar(20) NOT NULL); 
(params None)
[DEBUG] 2026-08-13 21:15:25,267 schema INSERT INTO "new__clientes_cliente" ("id", "nombre", "telefono", 
"fecha_creacion", "ultima_interaccion", "correo", "documento") SELECT "id", "nombre", "telefono", "fecha_creacion", 
"ultima_interaccion", "correo", '' FROM "clientes_cliente"; (params ())
[DEBUG] 2026-08-13 21:15:25,267 schema DROP TABLE "clientes_cliente"; (params ())
[DEBUG] 2026-08-13 21:15:25,268 schema ALTER TABLE "new__clientes_cliente" RENAME TO "clientes_cliente"; (params ())
[DEBUG] 2026-08-13 21:15:25,275 schema CREATE TABLE "new__clientes_cliente" ("id" integer NOT NULL PRIMARY KEY 
AUTOINCREMENT, "nombre" varchar(160) NOT NULL, "telefono" varchar(30) NOT NULL UNIQUE, "fecha_creacion" datetime NOT 
NULL, "ultima_interaccion" datetime NOT NULL, "correo" varchar(200) NOT NULL, "documento" varchar(20) NOT NULL, 
"razon_social" varchar(200) NOT NULL); (params None)
[DEBUG] 2026-08-13 21:15:25,275 schema INSERT INTO "new__clientes_cliente" ("id", "nombre", "telefono", 
"fecha_creacion", "ultima_interaccion", "correo", "documento", "razon_social") SELECT "id", "nombre", "telefono", 
"fecha_creacion", "ultima_interaccion", "correo", "documento", '' FROM "clientes_cliente"; (params ())
[DEBUG] 2026-08-13 21:15:25,276 schema DROP TABLE "clientes_cliente"; (params ())
[DEBUG] 2026-08-13 21:15:25,276 schema ALTER TABLE "new__clientes_cliente" RENAME TO "clientes_cliente"; (params ())
[DEBUG] 2026-08-13 21:15:25,282 schema CREATE TABLE "new__clientes_cliente" ("id" integer NOT NULL PRIMARY KEY 
AUTOINCREMENT, "nombre" varchar(160) NOT NULL, "telefono" varchar(30) NOT NULL UNIQUE, "fecha_creacion" datetime NOT 
NULL, "ultima_interaccion" datetime NOT NULL, "correo" varchar(200) NOT NULL, "documento" varchar(20) NOT NULL, 
"razon_social" varchar(200) NOT NULL, "ruc" varchar(20) NOT NULL); (params None)
[DEBUG] 2026-08-13 21:15:25,282 schema INSERT INTO "new__clientes_cliente" ("id", "nombre", "telefono", 
"fecha_creacion", "ultima_interaccion", "correo", "documento", "razon_social", "ruc") SELECT "id", "nombre", 
"telefono", "fecha_creacion", "ultima_interaccion", "correo", "documento", "razon_social", '' FROM "clientes_cliente"; 
(params ())
[DEBUG] 2026-08-13 21:15:25,282 schema DROP TABLE "clientes_cliente"; (params ())
[DEBUG] 2026-08-13 21:15:25,282 schema ALTER TABLE "new__clientes_cliente" RENAME TO "clientes_cliente"; (params ())
[DEBUG] 2026-08-13 21:15:25,291 schema CREATE TABLE "new__whatsapp_botschedule" ("id" integer NOT NULL PRIMARY KEY 
AUTOINCREMENT, "day_of_week" integer NOT NULL, "start_time" time NOT NULL, "end_time" time NOT NULL, "is_active" bool 
NOT NULL, "channel_id" bigint NULL REFERENCES "whatsapp_whatsappchannel" ("id") DEFERRABLE INITIALLY DEFERRED, "modo" 
varchar(20) NOT NULL); (params None)
[DEBUG] 2026-08-13 21:15:25,292 schema INSERT INTO "new__whatsapp_botschedule" ("id", "day_of_week", "start_time", 
"end_time", "is_active", "channel_id", "modo") SELECT "id", "day_of_week", "start_time", "end_time", "is_active", 
"channel_id", 'bot' FROM "whatsapp_botschedule"; (params ())
[DEBUG] 2026-08-13 21:15:25,292 schema DROP TABLE "whatsapp_botschedule"; (params ())
[DEBUG] 2026-08-13 21:15:25,292 schema ALTER TABLE "new__whatsapp_botschedule" RENAME TO "whatsapp_botschedule"; 
(params ())
[DEBUG] 2026-08-13 21:15:25,293 schema CREATE INDEX "whatsapp_botschedule_channel_id_7193e890" ON 
"whatsapp_botschedule" ("channel_id"); (params ())
[DEBUG] 2026-08-13 21:15:25,309 schema CREATE TABLE "whatsapp_conversacionwhatsapp" ("id" integer NOT NULL PRIMARY KEY 
AUTOINCREMENT, "estado_atencion" varchar(20) NOT NULL, "estado_recopilacion" varchar(30) NOT NULL, "estado_cotizacion" 
varchar(30) NOT NULL, "bot_pausado" bool NOT NULL, "instruccion_retorno_bot" varchar(40) NOT NULL, "resumen" text NOT 
NULL, "datos_faltantes" text NOT NULL CHECK ((JSON_VALID("datos_faltantes") OR "datos_faltantes" IS NULL)), 
"porcentaje_informacion" smallint unsigned NOT NULL CHECK ("porcentaje_informacion" >= 0), "motivo_derivacion" text 
NOT NULL, "ultima_actividad" datetime NOT NULL, "ultimo_mensaje_cliente" datetime NULL, "ultimo_mensaje_enviado" 
datetime NULL, "cerrada_en" datetime NULL, "creada_en" datetime NOT NULL, "actualizada_en" datetime NOT NULL, 
"channel_id" bigint NULL REFERENCES "whatsapp_whatsappchannel" ("id") DEFERRABLE INITIALLY DEFERRED, "cliente_id" 
bigint NOT NULL REFERENCES "clientes_cliente" ("id") DEFERRABLE INITIALLY DEFERRED, "lead_id" bigint NULL REFERENCES 
"leads_lead" ("id") DEFERRABLE INITIALLY DEFERRED, "responsable_id" integer NULL REFERENCES "auth_user" ("id") 
DEFERRABLE INITIALLY DEFERRED); (params None)
[DEBUG] 2026-08-13 21:15:25,325 schema CREATE TABLE "whatsapp_auditoriawhatsapp" ("id" integer NOT NULL PRIMARY KEY 
AUTOINCREMENT, "evento" varchar(80) NOT NULL, "detalle" text NOT NULL CHECK ((JSON_VALID("detalle") OR "detalle" IS 
NULL)), "creado_en" datetime NOT NULL, "actor_id" integer NULL REFERENCES "auth_user" ("id") DEFERRABLE INITIALLY 
DEFERRED, "lead_id" bigint NULL REFERENCES "leads_lead" ("id") DEFERRABLE INITIALLY DEFERRED, "conversacion_id" bigint 
NOT NULL REFERENCES "whatsapp_conversacionwhatsapp" ("id") DEFERRABLE INITIALLY DEFERRED); (params None)
[DEBUG] 2026-08-13 21:15:25,341 schema CREATE TABLE "whatsapp_mensajewhatsapp" ("id" integer NOT NULL PRIMARY KEY 
AUTOINCREMENT, "meta_message_id" varchar(255) NOT NULL, "direccion" varchar(10) NOT NULL, "origen" varchar(10) NOT 
NULL, "tipo" varchar(20) NOT NULL, "contenido" text NOT NULL, "estado" varchar(20) NOT NULL, "error_codigo" 
varchar(80) NOT NULL, "error_detalle" text NOT NULL, "fecha_mensaje" datetime NOT NULL, "entregado_en" datetime NULL, 
"leido_en" datetime NULL, "creado_en" datetime NOT NULL, "autor_id" integer NULL REFERENCES "auth_user" ("id") 
DEFERRABLE INITIALLY DEFERRED, "conversacion_id" bigint NOT NULL REFERENCES "whatsapp_conversacionwhatsapp" ("id") 
DEFERRABLE INITIALLY DEFERRED, "evidencia_id" bigint NULL REFERENCES "whatsapp_evidenciawhatsapp" ("id") DEFERRABLE 
INITIALLY DEFERRED); (params None)
[DEBUG] 2026-08-13 21:15:25,353 schema CREATE INDEX "whatsapp_co_channel_c5bf15_idx" ON 
"whatsapp_conversacionwhatsapp" ("channel_id", "estado_atencion", "ultima_actividad" DESC); (params None)
[DEBUG] 2026-08-13 21:15:25,365 schema CREATE INDEX "whatsapp_co_estado__02dc3d_idx" ON 
"whatsapp_conversacionwhatsapp" ("estado_cotizacion", "ultima_actividad" DESC); (params None)
[DEBUG] 2026-08-13 21:15:25,378 schema CREATE UNIQUE INDEX "whatsapp_lead_conversacion_activa_unica" ON 
"whatsapp_conversacionwhatsapp" ("lead_id") WHERE ("lead_id" IS NOT NULL AND NOT ("estado_atencion" = 'cerrada')); 
(params None)
[DEBUG] 2026-08-13 21:15:25,392 schema CREATE TABLE "new__whatsapp_conversacionwhatsapp" ("id" integer NOT NULL 
PRIMARY KEY AUTOINCREMENT, "estado_atencion" varchar(20) NOT NULL, "estado_recopilacion" varchar(30) NOT NULL, 
"estado_cotizacion" varchar(30) NOT NULL, "bot_pausado" bool NOT NULL, "instruccion_retorno_bot" varchar(40) NOT NULL, 
"resumen" text NOT NULL, "datos_faltantes" text NOT NULL CHECK ((JSON_VALID("datos_faltantes") OR "datos_faltantes" IS 
NULL)), "porcentaje_informacion" smallint unsigned NOT NULL CHECK ("porcentaje_informacion" >= 0), "motivo_derivacion" 
text NOT NULL, "ultima_actividad" datetime NOT NULL, "ultimo_mensaje_cliente" datetime NULL, "ultimo_mensaje_enviado" 
datetime NULL, "cerrada_en" datetime NULL, "creada_en" datetime NOT NULL, "actualizada_en" datetime NOT NULL, 
"channel_id" bigint NULL REFERENCES "whatsapp_whatsappchannel" ("id") DEFERRABLE INITIALLY DEFERRED, "cliente_id" 
bigint NOT NULL REFERENCES "clientes_cliente" ("id") DEFERRABLE INITIALLY DEFERRED, "lead_id" bigint NULL REFERENCES 
"leads_lead" ("id") DEFERRABLE INITIALLY DEFERRED, "responsable_id" integer NULL REFERENCES "auth_user" ("id") 
DEFERRABLE INITIALLY DEFERRED, CONSTRAINT "whatsapp_porcentaje_informacion_valido" CHECK (("porcentaje_informacion" >= 
0 AND "porcentaje_informacion" <= 100))); (params None)
[DEBUG] 2026-08-13 21:15:25,392 schema INSERT INTO "new__whatsapp_conversacionwhatsapp" ("id", "estado_atencion", 
"estado_recopilacion", "estado_cotizacion", "bot_pausado", "instruccion_retorno_bot", "resumen", "datos_faltantes", 
"porcentaje_informacion", "motivo_derivacion", "ultima_actividad", "ultimo_mensaje_cliente", "ultimo_mensaje_enviado", 
"cerrada_en", "creada_en", "actualizada_en", "channel_id", "cliente_id", "lead_id", "responsable_id") SELECT "id", 
"estado_atencion", "estado_recopilacion", "estado_cotizacion", "bot_pausado", "instruccion_retorno_bot", "resumen", 
"datos_faltantes", "porcentaje_informacion", "motivo_derivacion", "ultima_actividad", "ultimo_mensaje_cliente", 
"ultimo_mensaje_enviado", "cerrada_en", "creada_en", "actualizada_en", "channel_id", "cliente_id", "lead_id", 
"responsable_id" FROM "whatsapp_conversacionwhatsapp"; (params ())
[DEBUG] 2026-08-13 21:15:25,392 schema DROP TABLE "whatsapp_conversacionwhatsapp"; (params ())
[DEBUG] 2026-08-13 21:15:25,393 schema ALTER TABLE "new__whatsapp_conversacionwhatsapp" RENAME TO 
"whatsapp_conversacionwhatsapp"; (params ())
[DEBUG] 2026-08-13 21:15:25,394 schema CREATE INDEX "whatsapp_auditoriawhatsapp_actor_id_52e51766" ON 
"whatsapp_auditoriawhatsapp" ("actor_id"); (params ())
[DEBUG] 2026-08-13 21:15:25,394 schema CREATE INDEX "whatsapp_auditoriawhatsapp_lead_id_be1950f5" ON 
"whatsapp_auditoriawhatsapp" ("lead_id"); (params ())
[DEBUG] 2026-08-13 21:15:25,394 schema CREATE INDEX "whatsapp_auditoriawhatsapp_conversacion_id_efb8696f" ON 
"whatsapp_auditoriawhatsapp" ("conversacion_id"); (params ())
[DEBUG] 2026-08-13 21:15:25,394 schema CREATE INDEX "whatsapp_mensajewhatsapp_autor_id_1dc72cef" ON 
"whatsapp_mensajewhatsapp" ("autor_id"); (params ())
[DEBUG] 2026-08-13 21:15:25,395 schema CREATE INDEX "whatsapp_mensajewhatsapp_conversacion_id_f6dbb758" ON 
"whatsapp_mensajewhatsapp" ("conversacion_id"); (params ())
[DEBUG] 2026-08-13 21:15:25,395 schema CREATE INDEX "whatsapp_mensajewhatsapp_evidencia_id_e13fbb2c" ON 
"whatsapp_mensajewhatsapp" ("evidencia_id"); (params ())
[DEBUG] 2026-08-13 21:15:25,395 schema CREATE UNIQUE INDEX "whatsapp_lead_conversacion_activa_unica" ON 
"whatsapp_conversacionwhatsapp" ("lead_id") WHERE ("lead_id" IS NOT NULL AND NOT ("estado_atencion" = 'cerrada')); 
(params ())
[DEBUG] 2026-08-13 21:15:25,395 schema CREATE INDEX "whatsapp_conversacionwhatsapp_channel_id_b18f065e" ON 
"whatsapp_conversacionwhatsapp" ("channel_id"); (params ())
[DEBUG] 2026-08-13 21:15:25,395 schema CREATE INDEX "whatsapp_conversacionwhatsapp_cliente_id_1a70e6ff" ON 
"whatsapp_conversacionwhatsapp" ("cliente_id"); (params ())
[DEBUG] 2026-08-13 21:15:25,395 schema CREATE INDEX "whatsapp_conversacionwhatsapp_lead_id_88fe59bf" ON 
"whatsapp_conversacionwhatsapp" ("lead_id"); (params ())
[DEBUG] 2026-08-13 21:15:25,396 schema CREATE INDEX "whatsapp_conversacionwhatsapp_responsable_id_b28d56c8" ON 
"whatsapp_conversacionwhatsapp" ("responsable_id"); (params ())
[DEBUG] 2026-08-13 21:15:25,396 schema CREATE INDEX "whatsapp_co_channel_c5bf15_idx" ON 
"whatsapp_conversacionwhatsapp" ("channel_id", "estado_atencion", "ultima_actividad" DESC); (params ())
[DEBUG] 2026-08-13 21:15:25,396 schema CREATE INDEX "whatsapp_co_estado__02dc3d_idx" ON 
"whatsapp_conversacionwhatsapp" ("estado_cotizacion", "ultima_actividad" DESC); (params ())
[DEBUG] 2026-08-13 21:15:25,406 schema CREATE INDEX "whatsapp_au_convers_174a08_idx" ON "whatsapp_auditoriawhatsapp" 
("conversacion_id", "creado_en" DESC); (params None)
[DEBUG] 2026-08-13 21:15:25,418 schema CREATE INDEX "whatsapp_me_convers_60d854_idx" ON "whatsapp_mensajewhatsapp" 
("conversacion_id", "fecha_mensaje"); (params None)
[DEBUG] 2026-08-13 21:15:25,431 schema CREATE INDEX "whatsapp_me_estado_e68871_idx" ON "whatsapp_mensajewhatsapp" 
("estado", "fecha_mensaje"); (params None)
[DEBUG] 2026-08-13 21:15:25,447 schema CREATE UNIQUE INDEX "whatsapp_meta_message_id_unico" ON 
"whatsapp_mensajewhatsapp" ("meta_message_id") WHERE NOT ("meta_message_id" = ''); (params None)
[DEBUG] 2026-08-13 21:15:25,488 schema ALTER TABLE "whatsapp_configuracionbot" ADD COLUMN "asesor_predeterminado_id" 
integer NULL REFERENCES "auth_user" ("id") DEFERRABLE INITIALLY DEFERRED; (params None)
[DEBUG] 2026-08-13 21:15:25,518 schema CREATE TABLE "new__whatsapp_configuracionbot" ("id" integer NOT NULL PRIMARY 
KEY AUTOINCREMENT, "bot_activo" bool NOT NULL, "modo_atencion" varchar(10) NOT NULL, "hora_inicio_bot" time NOT NULL, 
"hora_fin_bot" time NOT NULL, "lunes_activo" bool NOT NULL, "martes_activo" bool NOT NULL, "miercoles_activo" bool NOT 
NULL, "jueves_activo" bool NOT NULL, "viernes_activo" bool NOT NULL, "sabado_activo" bool NOT NULL, "domingo_activo" 
bool NOT NULL, "mensaje_fuera_horario" text NOT NULL, "updated_at" datetime NOT NULL, "override_activo" bool NOT NULL, 
"override_desde" datetime NULL, "override_hasta" datetime NULL, "override_modo" varchar(12) NOT NULL, 
"override_motivo" text NOT NULL, "channel_id" bigint NULL REFERENCES "whatsapp_whatsappchannel" ("id") DEFERRABLE 
INITIALLY DEFERRED, "asesor_predeterminado_id" integer NULL REFERENCES "auth_user" ("id") DEFERRABLE INITIALLY 
DEFERRED, "confianza_minima" decimal NOT NULL); (params None)
[DEBUG] 2026-08-13 21:15:25,519 schema INSERT INTO "new__whatsapp_configuracionbot" ("id", "bot_activo", 
"modo_atencion", "hora_inicio_bot", "hora_fin_bot", "lunes_activo", "martes_activo", "miercoles_activo", 
"jueves_activo", "viernes_activo", "sabado_activo", "domingo_activo", "mensaje_fuera_horario", "updated_at", 
"override_activo", "override_desde", "override_hasta", "override_modo", "override_motivo", "channel_id", 
"asesor_predeterminado_id", "confianza_minima") SELECT "id", "bot_activo", "modo_atencion", "hora_inicio_bot", 
"hora_fin_bot", "lunes_activo", "martes_activo", "miercoles_activo", "jueves_activo", "viernes_activo", 
"sabado_activo", "domingo_activo", "mensaje_fuera_horario", "updated_at", "override_activo", "override_desde", 
"override_hasta", "override_modo", "override_motivo", "channel_id", "asesor_predeterminado_id", '85' FROM 
"whatsapp_configuracionbot"; (params ())
[DEBUG] 2026-08-13 21:15:25,519 schema DROP TABLE "whatsapp_configuracionbot"; (params ())
[DEBUG] 2026-08-13 21:15:25,519 schema ALTER TABLE "new__whatsapp_configuracionbot" RENAME TO 
"whatsapp_configuracionbot"; (params ())
[DEBUG] 2026-08-13 21:15:25,520 schema CREATE INDEX "whatsapp_configuracionbot_channel_id_f4835505" ON 
"whatsapp_configuracionbot" ("channel_id"); (params ())
[DEBUG] 2026-08-13 21:15:25,521 schema CREATE INDEX "whatsapp_configuracionbot_asesor_predeterminado_id_73c3fccf" ON 
"whatsapp_configuracionbot" ("asesor_predeterminado_id"); (params ())
[DEBUG] 2026-08-13 21:15:25,532 schema CREATE TABLE "new__whatsapp_configuracionbot" ("id" integer NOT NULL PRIMARY 
KEY AUTOINCREMENT, "bot_activo" bool NOT NULL, "modo_atencion" varchar(10) NOT NULL, "hora_inicio_bot" time NOT NULL, 
"hora_fin_bot" time NOT NULL, "lunes_activo" bool NOT NULL, "martes_activo" bool NOT NULL, "miercoles_activo" bool NOT 
NULL, "jueves_activo" bool NOT NULL, "viernes_activo" bool NOT NULL, "sabado_activo" bool NOT NULL, "domingo_activo" 
bool NOT NULL, "mensaje_fuera_horario" text NOT NULL, "updated_at" datetime NOT NULL, "override_activo" bool NOT NULL, 
"override_desde" datetime NULL, "override_hasta" datetime NULL, "override_modo" varchar(12) NOT NULL, 
"override_motivo" text NOT NULL, "channel_id" bigint NULL REFERENCES "whatsapp_whatsappchannel" ("id") DEFERRABLE 
INITIALLY DEFERRED, "asesor_predeterminado_id" integer NULL REFERENCES "auth_user" ("id") DEFERRABLE INITIALLY 
DEFERRED, "confianza_minima" decimal NOT NULL, "espera_asesor_minutos" smallint unsigned NOT NULL CHECK 
("espera_asesor_minutos" >= 0)); (params None)
[DEBUG] 2026-08-13 21:15:25,533 schema INSERT INTO "new__whatsapp_configuracionbot" ("id", "bot_activo", 
"modo_atencion", "hora_inicio_bot", "hora_fin_bot", "lunes_activo", "martes_activo", "miercoles_activo", 
"jueves_activo", "viernes_activo", "sabado_activo", "domingo_activo", "mensaje_fuera_horario", "updated_at", 
"override_activo", "override_desde", "override_hasta", "override_modo", "override_motivo", "channel_id", 
"asesor_predeterminado_id", "confianza_minima", "espera_asesor_minutos") SELECT "id", "bot_activo", "modo_atencion", 
"hora_inicio_bot", "hora_fin_bot", "lunes_activo", "martes_activo", "miercoles_activo", "jueves_activo", 
"viernes_activo", "sabado_activo", "domingo_activo", "mensaje_fuera_horario", "updated_at", "override_activo", 
"override_desde", "override_hasta", "override_modo", "override_motivo", "channel_id", "asesor_predeterminado_id", 
"confianza_minima", 15 FROM "whatsapp_configuracionbot"; (params ())
[DEBUG] 2026-08-13 21:15:25,533 schema DROP TABLE "whatsapp_configuracionbot"; (params ())
[DEBUG] 2026-08-13 21:15:25,533 schema ALTER TABLE "new__whatsapp_configuracionbot" RENAME TO 
"whatsapp_configuracionbot"; (params ())
[DEBUG] 2026-08-13 21:15:25,535 schema CREATE INDEX "whatsapp_configuracionbot_channel_id_f4835505" ON 
"whatsapp_configuracionbot" ("channel_id"); (params ())
[DEBUG] 2026-08-13 21:15:25,535 schema CREATE INDEX "whatsapp_configuracionbot_asesor_predeterminado_id_73c3fccf" ON 
"whatsapp_configuracionbot" ("asesor_predeterminado_id"); (params ())
[DEBUG] 2026-08-13 21:15:25,547 schema CREATE TABLE "new__whatsapp_configuracionbot" ("id" integer NOT NULL PRIMARY 
KEY AUTOINCREMENT, "bot_activo" bool NOT NULL, "modo_atencion" varchar(10) NOT NULL, "hora_inicio_bot" time NOT NULL, 
"hora_fin_bot" time NOT NULL, "lunes_activo" bool NOT NULL, "martes_activo" bool NOT NULL, "miercoles_activo" bool NOT 
NULL, "jueves_activo" bool NOT NULL, "viernes_activo" bool NOT NULL, "sabado_activo" bool NOT NULL, "domingo_activo" 
bool NOT NULL, "mensaje_fuera_horario" text NOT NULL, "updated_at" datetime NOT NULL, "override_activo" bool NOT NULL, 
"override_desde" datetime NULL, "override_hasta" datetime NULL, "override_modo" varchar(12) NOT NULL, 
"override_motivo" text NOT NULL, "channel_id" bigint NULL REFERENCES "whatsapp_whatsappchannel" ("id") DEFERRABLE 
INITIALLY DEFERRED, "asesor_predeterminado_id" integer NULL REFERENCES "auth_user" ("id") DEFERRABLE INITIALLY 
DEFERRED, "confianza_minima" decimal NOT NULL, "espera_asesor_minutos" smallint unsigned NOT NULL CHECK 
("espera_asesor_minutos" >= 0), "margen_minimo_porcentaje" decimal NOT NULL); (params None)
[DEBUG] 2026-08-13 21:15:25,547 schema INSERT INTO "new__whatsapp_configuracionbot" ("id", "bot_activo", 
"modo_atencion", "hora_inicio_bot", "hora_fin_bot", "lunes_activo", "martes_activo", "miercoles_activo", 
"jueves_activo", "viernes_activo", "sabado_activo", "domingo_activo", "mensaje_fuera_horario", "updated_at", 
"override_activo", "override_desde", "override_hasta", "override_modo", "override_motivo", "channel_id", 
"asesor_predeterminado_id", "confianza_minima", "espera_asesor_minutos", "margen_minimo_porcentaje") SELECT "id", 
"bot_activo", "modo_atencion", "hora_inicio_bot", "hora_fin_bot", "lunes_activo", "martes_activo", "miercoles_activo", 
"jueves_activo", "viernes_activo", "sabado_activo", "domingo_activo", "mensaje_fuera_horario", "updated_at", 
"override_activo", "override_desde", "override_hasta", "override_modo", "override_motivo", "channel_id", 
"asesor_predeterminado_id", "confianza_minima", "espera_asesor_minutos", '20' FROM "whatsapp_configuracionbot"; 
(params ())
[DEBUG] 2026-08-13 21:15:25,547 schema DROP TABLE "whatsapp_configuracionbot"; (params ())
[DEBUG] 2026-08-13 21:15:25,548 schema ALTER TABLE "new__whatsapp_configuracionbot" RENAME TO 
"whatsapp_configuracionbot"; (params ())
[DEBUG] 2026-08-13 21:15:25,549 schema CREATE INDEX "whatsapp_configuracionbot_channel_id_f4835505" ON 
"whatsapp_configuracionbot" ("channel_id"); (params ())
[DEBUG] 2026-08-13 21:15:25,549 schema CREATE INDEX "whatsapp_configuracionbot_asesor_predeterminado_id_73c3fccf" ON 
"whatsapp_configuracionbot" ("asesor_predeterminado_id"); (params ())
[DEBUG] 2026-08-13 21:15:25,562 schema CREATE TABLE "new__whatsapp_configuracionbot" ("id" integer NOT NULL PRIMARY 
KEY AUTOINCREMENT, "bot_activo" bool NOT NULL, "modo_atencion" varchar(10) NOT NULL, "hora_inicio_bot" time NOT NULL, 
"hora_fin_bot" time NOT NULL, "lunes_activo" bool NOT NULL, "martes_activo" bool NOT NULL, "miercoles_activo" bool NOT 
NULL, "jueves_activo" bool NOT NULL, "viernes_activo" bool NOT NULL, "sabado_activo" bool NOT NULL, "domingo_activo" 
bool NOT NULL, "mensaje_fuera_horario" text NOT NULL, "updated_at" datetime NOT NULL, "override_activo" bool NOT NULL, 
"override_desde" datetime NULL, "override_hasta" datetime NULL, "override_modo" varchar(12) NOT NULL, 
"override_motivo" text NOT NULL, "channel_id" bigint NULL REFERENCES "whatsapp_whatsappchannel" ("id") DEFERRABLE 
INITIALLY DEFERRED, "asesor_predeterminado_id" integer NULL REFERENCES "auth_user" ("id") DEFERRABLE INITIALLY 
DEFERRED, "confianza_minima" decimal NOT NULL, "espera_asesor_minutos" smallint unsigned NOT NULL CHECK 
("espera_asesor_minutos" >= 0), "margen_minimo_porcentaje" decimal NOT NULL, "mensaje_bienvenida" text NOT NULL); 
(params None)
[DEBUG] 2026-08-13 21:15:25,562 schema INSERT INTO "new__whatsapp_configuracionbot" ("id", "bot_activo", 
"modo_atencion", "hora_inicio_bot", "hora_fin_bot", "lunes_activo", "martes_activo", "miercoles_activo", 
"jueves_activo", "viernes_activo", "sabado_activo", "domingo_activo", "mensaje_fuera_horario", "updated_at", 
"override_activo", "override_desde", "override_hasta", "override_modo", "override_motivo", "channel_id", 
"asesor_predeterminado_id", "confianza_minima", "espera_asesor_minutos", "margen_minimo_porcentaje", 
"mensaje_bienvenida") SELECT "id", "bot_activo", "modo_atencion", "hora_inicio_bot", "hora_fin_bot", "lunes_activo", 
"martes_activo", "miercoles_activo", "jueves_activo", "viernes_activo", "sabado_activo", "domingo_activo", 
"mensaje_fuera_horario", "updated_at", "override_activo", "override_desde", "override_hasta", "override_modo", 
"override_motivo", "channel_id", "asesor_predeterminado_id", "confianza_minima", "espera_asesor_minutos", 
"margen_minimo_porcentaje", '' FROM "whatsapp_configuracionbot"; (params ())
[DEBUG] 2026-08-13 21:15:25,562 schema DROP TABLE "whatsapp_configuracionbot"; (params ())
[DEBUG] 2026-08-13 21:15:25,563 schema ALTER TABLE "new__whatsapp_configuracionbot" RENAME TO 
"whatsapp_configuracionbot"; (params ())
[DEBUG] 2026-08-13 21:15:25,564 schema CREATE INDEX "whatsapp_configuracionbot_channel_id_f4835505" ON 
"whatsapp_configuracionbot" ("channel_id"); (params ())
[DEBUG] 2026-08-13 21:15:25,564 schema CREATE INDEX "whatsapp_configuracionbot_asesor_predeterminado_id_73c3fccf" ON 
"whatsapp_configuracionbot" ("asesor_predeterminado_id"); (params ())
[DEBUG] 2026-08-13 21:15:25,576 schema CREATE TABLE "new__whatsapp_configuracionbot" ("id" integer NOT NULL PRIMARY 
KEY AUTOINCREMENT, "bot_activo" bool NOT NULL, "modo_atencion" varchar(10) NOT NULL, "hora_inicio_bot" time NOT NULL, 
"hora_fin_bot" time NOT NULL, "lunes_activo" bool NOT NULL, "martes_activo" bool NOT NULL, "miercoles_activo" bool NOT 
NULL, "jueves_activo" bool NOT NULL, "viernes_activo" bool NOT NULL, "sabado_activo" bool NOT NULL, "domingo_activo" 
bool NOT NULL, "mensaje_fuera_horario" text NOT NULL, "updated_at" datetime NOT NULL, "override_activo" bool NOT NULL, 
"override_desde" datetime NULL, "override_hasta" datetime NULL, "override_modo" varchar(12) NOT NULL, 
"override_motivo" text NOT NULL, "channel_id" bigint NULL REFERENCES "whatsapp_whatsappchannel" ("id") DEFERRABLE 
INITIALLY DEFERRED, "asesor_predeterminado_id" integer NULL REFERENCES "auth_user" ("id") DEFERRABLE INITIALLY 
DEFERRED, "confianza_minima" decimal NOT NULL, "espera_asesor_minutos" smallint unsigned NOT NULL CHECK 
("espera_asesor_minutos" >= 0), "margen_minimo_porcentaje" decimal NOT NULL, "mensaje_bienvenida" text NOT NULL, 
"modo_operacion" varchar(20) NOT NULL); (params None)
[DEBUG] 2026-08-13 21:15:25,577 schema INSERT INTO "new__whatsapp_configuracionbot" ("id", "bot_activo", 
"modo_atencion", "hora_inicio_bot", "hora_fin_bot", "lunes_activo", "martes_activo", "miercoles_activo", 
"jueves_activo", "viernes_activo", "sabado_activo", "domingo_activo", "mensaje_fuera_horario", "updated_at", 
"override_activo", "override_desde", "override_hasta", "override_modo", "override_motivo", "channel_id", 
"asesor_predeterminado_id", "confianza_minima", "espera_asesor_minutos", "margen_minimo_porcentaje", 
"mensaje_bienvenida", "modo_operacion") SELECT "id", "bot_activo", "modo_atencion", "hora_inicio_bot", "hora_fin_bot", 
"lunes_activo", "martes_activo", "miercoles_activo", "jueves_activo", "viernes_activo", "sabado_activo", 
"domingo_activo", "mensaje_fuera_horario", "updated_at", "override_activo", "override_desde", "override_hasta", 
"override_modo", "override_motivo", "channel_id", "asesor_predeterminado_id", "confianza_minima", 
"espera_asesor_minutos", "margen_minimo_porcentaje", "mensaje_bienvenida", 'automatica' FROM 
"whatsapp_configuracionbot"; (params ())
[DEBUG] 2026-08-13 21:15:25,577 schema DROP TABLE "whatsapp_configuracionbot"; (params ())
[DEBUG] 2026-08-13 21:15:25,577 schema ALTER TABLE "new__whatsapp_configuracionbot" RENAME TO 
"whatsapp_configuracionbot"; (params ())
[DEBUG] 2026-08-13 21:15:25,579 schema CREATE INDEX "whatsapp_configuracionbot_channel_id_f4835505" ON 
"whatsapp_configuracionbot" ("channel_id"); (params ())
[DEBUG] 2026-08-13 21:15:25,579 schema CREATE INDEX "whatsapp_configuracionbot_asesor_predeterminado_id_73c3fccf" ON 
"whatsapp_configuracionbot" ("asesor_predeterminado_id"); (params ())
[DEBUG] 2026-08-13 21:15:25,591 schema CREATE TABLE "new__whatsapp_configuracionbot" ("id" integer NOT NULL PRIMARY 
KEY AUTOINCREMENT, "bot_activo" bool NOT NULL, "modo_atencion" varchar(10) NOT NULL, "hora_inicio_bot" time NOT NULL, 
"hora_fin_bot" time NOT NULL, "lunes_activo" bool NOT NULL, "martes_activo" bool NOT NULL, "miercoles_activo" bool NOT 
NULL, "jueves_activo" bool NOT NULL, "viernes_activo" bool NOT NULL, "sabado_activo" bool NOT NULL, "domingo_activo" 
bool NOT NULL, "mensaje_fuera_horario" text NOT NULL, "updated_at" datetime NOT NULL, "override_activo" bool NOT NULL, 
"override_desde" datetime NULL, "override_hasta" datetime NULL, "override_modo" varchar(12) NOT NULL, 
"override_motivo" text NOT NULL, "channel_id" bigint NULL REFERENCES "whatsapp_whatsappchannel" ("id") DEFERRABLE 
INITIALLY DEFERRED, "asesor_predeterminado_id" integer NULL REFERENCES "auth_user" ("id") DEFERRABLE INITIALLY 
DEFERRED, "confianza_minima" decimal NOT NULL, "espera_asesor_minutos" smallint unsigned NOT NULL CHECK 
("espera_asesor_minutos" >= 0), "margen_minimo_porcentaje" decimal NOT NULL, "mensaje_bienvenida" text NOT NULL, 
"modo_operacion" varchar(20) NOT NULL, "reglas_automaticas" text NOT NULL CHECK ((JSON_VALID("reglas_automaticas") OR 
"reglas_automaticas" IS NULL))); (params None)
[DEBUG] 2026-08-13 21:15:25,592 schema INSERT INTO "new__whatsapp_configuracionbot" ("id", "bot_activo", 
"modo_atencion", "hora_inicio_bot", "hora_fin_bot", "lunes_activo", "martes_activo", "miercoles_activo", 
"jueves_activo", "viernes_activo", "sabado_activo", "domingo_activo", "mensaje_fuera_horario", "updated_at", 
"override_activo", "override_desde", "override_hasta", "override_modo", "override_motivo", "channel_id", 
"asesor_predeterminado_id", "confianza_minima", "espera_asesor_minutos", "margen_minimo_porcentaje", 
"mensaje_bienvenida", "modo_operacion", "reglas_automaticas") SELECT "id", "bot_activo", "modo_atencion", 
"hora_inicio_bot", "hora_fin_bot", "lunes_activo", "martes_activo", "miercoles_activo", "jueves_activo", 
"viernes_activo", "sabado_activo", "domingo_activo", "mensaje_fuera_horario", "updated_at", "override_activo", 
"override_desde", "override_hasta", "override_modo", "override_motivo", "channel_id", "asesor_predeterminado_id", 
"confianza_minima", "espera_asesor_minutos", "margen_minimo_porcentaje", "mensaje_bienvenida", "modo_operacion", '[]' 
FROM "whatsapp_configuracionbot"; (params ())
[DEBUG] 2026-08-13 21:15:25,592 schema DROP TABLE "whatsapp_configuracionbot"; (params ())
[DEBUG] 2026-08-13 21:15:25,592 schema ALTER TABLE "new__whatsapp_configuracionbot" RENAME TO 
"whatsapp_configuracionbot"; (params ())
[DEBUG] 2026-08-13 21:15:25,593 schema CREATE INDEX "whatsapp_configuracionbot_channel_id_f4835505" ON 
"whatsapp_configuracionbot" ("channel_id"); (params ())
[DEBUG] 2026-08-13 21:15:25,593 schema CREATE INDEX "whatsapp_configuracionbot_asesor_predeterminado_id_73c3fccf" ON 
"whatsapp_configuracionbot" ("asesor_predeterminado_id"); (params ())
[DEBUG] 2026-08-13 21:15:25,606 schema CREATE TABLE "new__whatsapp_configuracionbot" ("id" integer NOT NULL PRIMARY 
KEY AUTOINCREMENT, "bot_activo" bool NOT NULL, "modo_atencion" varchar(10) NOT NULL, "hora_inicio_bot" time NOT NULL, 
"hora_fin_bot" time NOT NULL, "lunes_activo" bool NOT NULL, "martes_activo" bool NOT NULL, "miercoles_activo" bool NOT 
NULL, "jueves_activo" bool NOT NULL, "viernes_activo" bool NOT NULL, "sabado_activo" bool NOT NULL, "domingo_activo" 
bool NOT NULL, "mensaje_fuera_horario" text NOT NULL, "updated_at" datetime NOT NULL, "override_activo" bool NOT NULL, 
"override_desde" datetime NULL, "override_hasta" datetime NULL, "override_modo" varchar(12) NOT NULL, 
"override_motivo" text NOT NULL, "channel_id" bigint NULL REFERENCES "whatsapp_whatsappchannel" ("id") DEFERRABLE 
INITIALLY DEFERRED, "asesor_predeterminado_id" integer NULL REFERENCES "auth_user" ("id") DEFERRABLE INITIALLY 
DEFERRED, "confianza_minima" decimal NOT NULL, "espera_asesor_minutos" smallint unsigned NOT NULL CHECK 
("espera_asesor_minutos" >= 0), "margen_minimo_porcentaje" decimal NOT NULL, "mensaje_bienvenida" text NOT NULL, 
"modo_operacion" varchar(20) NOT NULL, "reglas_automaticas" text NOT NULL CHECK ((JSON_VALID("reglas_automaticas") OR 
"reglas_automaticas" IS NULL)), "seguimiento_horas" smallint unsigned NOT NULL CHECK ("seguimiento_horas" >= 0)); 
(params None)
[DEBUG] 2026-08-13 21:15:25,606 schema INSERT INTO "new__whatsapp_configuracionbot" ("id", "bot_activo", 
"modo_atencion", "hora_inicio_bot", "hora_fin_bot", "lunes_activo", "martes_activo", "miercoles_activo", 
"jueves_activo", "viernes_activo", "sabado_activo", "domingo_activo", "mensaje_fuera_horario", "updated_at", 
"override_activo", "override_desde", "override_hasta", "override_modo", "override_motivo", "channel_id", 
"asesor_predeterminado_id", "confianza_minima", "espera_asesor_minutos", "margen_minimo_porcentaje", 
"mensaje_bienvenida", "modo_operacion", "reglas_automaticas", "seguimiento_horas") SELECT "id", "bot_activo", 
"modo_atencion", "hora_inicio_bot", "hora_fin_bot", "lunes_activo", "martes_activo", "miercoles_activo", 
"jueves_activo", "viernes_activo", "sabado_activo", "domingo_activo", "mensaje_fuera_horario", "updated_at", 
"override_activo", "override_desde", "override_hasta", "override_modo", "override_motivo", "channel_id", 
"asesor_predeterminado_id", "confianza_minima", "espera_asesor_minutos", "margen_minimo_porcentaje", 
"mensaje_bienvenida", "modo_operacion", "reglas_automaticas", 24 FROM "whatsapp_configuracionbot"; (params ())
[DEBUG] 2026-08-13 21:15:25,607 schema DROP TABLE "whatsapp_configuracionbot"; (params ())
[DEBUG] 2026-08-13 21:15:25,607 schema ALTER TABLE "new__whatsapp_configuracionbot" RENAME TO 
"whatsapp_configuracionbot"; (params ())
[DEBUG] 2026-08-13 21:15:25,608 schema CREATE INDEX "whatsapp_configuracionbot_channel_id_f4835505" ON 
"whatsapp_configuracionbot" ("channel_id"); (params ())
[DEBUG] 2026-08-13 21:15:25,608 schema CREATE INDEX "whatsapp_configuracionbot_asesor_predeterminado_id_73c3fccf" ON 
"whatsapp_configuracionbot" ("asesor_predeterminado_id"); (params ())
[DEBUG] 2026-08-13 21:15:25,621 schema CREATE TABLE "new__whatsapp_configuracionbot" ("id" integer NOT NULL PRIMARY 
KEY AUTOINCREMENT, "bot_activo" bool NOT NULL, "modo_atencion" varchar(10) NOT NULL, "hora_inicio_bot" time NOT NULL, 
"hora_fin_bot" time NOT NULL, "lunes_activo" bool NOT NULL, "martes_activo" bool NOT NULL, "miercoles_activo" bool NOT 
NULL, "jueves_activo" bool NOT NULL, "viernes_activo" bool NOT NULL, "sabado_activo" bool NOT NULL, "domingo_activo" 
bool NOT NULL, "mensaje_fuera_horario" text NOT NULL, "updated_at" datetime NOT NULL, "override_activo" bool NOT NULL, 
"override_desde" datetime NULL, "override_hasta" datetime NULL, "override_modo" varchar(12) NOT NULL, 
"override_motivo" text NOT NULL, "channel_id" bigint NULL REFERENCES "whatsapp_whatsappchannel" ("id") DEFERRABLE 
INITIALLY DEFERRED, "asesor_predeterminado_id" integer NULL REFERENCES "auth_user" ("id") DEFERRABLE INITIALLY 
DEFERRED, "confianza_minima" decimal NOT NULL, "espera_asesor_minutos" smallint unsigned NOT NULL CHECK 
("espera_asesor_minutos" >= 0), "margen_minimo_porcentaje" decimal NOT NULL, "mensaje_bienvenida" text NOT NULL, 
"modo_operacion" varchar(20) NOT NULL, "reglas_automaticas" text NOT NULL CHECK ((JSON_VALID("reglas_automaticas") OR 
"reglas_automaticas" IS NULL)), "seguimiento_horas" smallint unsigned NOT NULL CHECK ("seguimiento_horas" >= 0), 
"transferir_fuera_horario" bool NOT NULL); (params None)
[DEBUG] 2026-08-13 21:15:25,622 schema INSERT INTO "new__whatsapp_configuracionbot" ("id", "bot_activo", 
"modo_atencion", "hora_inicio_bot", "hora_fin_bot", "lunes_activo", "martes_activo", "miercoles_activo", 
"jueves_activo", "viernes_activo", "sabado_activo", "domingo_activo", "mensaje_fuera_horario", "updated_at", 
"override_activo", "override_desde", "override_hasta", "override_modo", "override_motivo", "channel_id", 
"asesor_predeterminado_id", "confianza_minima", "espera_asesor_minutos", "margen_minimo_porcentaje", 
"mensaje_bienvenida", "modo_operacion", "reglas_automaticas", "seguimiento_horas", "transferir_fuera_horario") SELECT 
"id", "bot_activo", "modo_atencion", "hora_inicio_bot", "hora_fin_bot", "lunes_activo", "martes_activo", 
"miercoles_activo", "jueves_activo", "viernes_activo", "sabado_activo", "domingo_activo", "mensaje_fuera_horario", 
"updated_at", "override_activo", "override_desde", "override_hasta", "override_modo", "override_motivo", "channel_id", 
"asesor_predeterminado_id", "confianza_minima", "espera_asesor_minutos", "margen_minimo_porcentaje", 
"mensaje_bienvenida", "modo_operacion", "reglas_automaticas", "seguimiento_horas", 1 FROM "whatsapp_configuracionbot"; 
(params ())
[DEBUG] 2026-08-13 21:15:25,622 schema DROP TABLE "whatsapp_configuracionbot"; (params ())
[DEBUG] 2026-08-13 21:15:25,622 schema ALTER TABLE "new__whatsapp_configuracionbot" RENAME TO 
"whatsapp_configuracionbot"; (params ())
[DEBUG] 2026-08-13 21:15:25,623 schema CREATE INDEX "whatsapp_configuracionbot_channel_id_f4835505" ON 
"whatsapp_configuracionbot" ("channel_id"); (params ())
[DEBUG] 2026-08-13 21:15:25,623 schema CREATE INDEX "whatsapp_configuracionbot_asesor_predeterminado_id_73c3fccf" ON 
"whatsapp_configuracionbot" ("asesor_predeterminado_id"); (params ())
[DEBUG] 2026-08-13 21:15:25,638 schema CREATE TABLE "new__whatsapp_configuracionbot" ("id" integer NOT NULL PRIMARY 
KEY AUTOINCREMENT, "bot_activo" bool NOT NULL, "modo_atencion" varchar(10) NOT NULL, "hora_inicio_bot" time NOT NULL, 
"hora_fin_bot" time NOT NULL, "lunes_activo" bool NOT NULL, "martes_activo" bool NOT NULL, "miercoles_activo" bool NOT 
NULL, "jueves_activo" bool NOT NULL, "viernes_activo" bool NOT NULL, "sabado_activo" bool NOT NULL, "domingo_activo" 
bool NOT NULL, "mensaje_fuera_horario" text NOT NULL, "updated_at" datetime NOT NULL, "override_activo" bool NOT NULL, 
"override_desde" datetime NULL, "override_hasta" datetime NULL, "override_modo" varchar(12) NOT NULL, 
"override_motivo" text NOT NULL, "channel_id" bigint NULL REFERENCES "whatsapp_whatsappchannel" ("id") DEFERRABLE 
INITIALLY DEFERRED, "asesor_predeterminado_id" integer NULL REFERENCES "auth_user" ("id") DEFERRABLE INITIALLY 
DEFERRED, "confianza_minima" decimal NOT NULL, "espera_asesor_minutos" smallint unsigned NOT NULL CHECK 
("espera_asesor_minutos" >= 0), "margen_minimo_porcentaje" decimal NOT NULL, "mensaje_bienvenida" text NOT NULL, 
"modo_operacion" varchar(20) NOT NULL, "reglas_automaticas" text NOT NULL CHECK ((JSON_VALID("reglas_automaticas") OR 
"reglas_automaticas" IS NULL)), "seguimiento_horas" smallint unsigned NOT NULL CHECK ("seguimiento_horas" >= 0), 
"transferir_fuera_horario" bool NOT NULL, "zona_horaria" varchar(64) NOT NULL); (params None)
[DEBUG] 2026-08-13 21:15:25,639 schema INSERT INTO "new__whatsapp_configuracionbot" ("id", "bot_activo", 
"modo_atencion", "hora_inicio_bot", "hora_fin_bot", "lunes_activo", "martes_activo", "miercoles_activo", 
"jueves_activo", "viernes_activo", "sabado_activo", "domingo_activo", "mensaje_fuera_horario", "updated_at", 
"override_activo", "override_desde", "override_hasta", "override_modo", "override_motivo", "channel_id", 
"asesor_predeterminado_id", "confianza_minima", "espera_asesor_minutos", "margen_minimo_porcentaje", 
"mensaje_bienvenida", "modo_operacion", "reglas_automaticas", "seguimiento_horas", "transferir_fuera_horario", 
"zona_horaria") SELECT "id", "bot_activo", "modo_atencion", "hora_inicio_bot", "hora_fin_bot", "lunes_activo", 
"martes_activo", "miercoles_activo", "jueves_activo", "viernes_activo", "sabado_activo", "domingo_activo", 
"mensaje_fuera_horario", "updated_at", "override_activo", "override_desde", "override_hasta", "override_modo", 
"override_motivo", "channel_id", "asesor_predeterminado_id", "confianza_minima", "espera_asesor_minutos", 
"margen_minimo_porcentaje", "mensaje_bienvenida", "modo_operacion", "reglas_automaticas", "seguimiento_horas", 
"transferir_fuera_horario", 'America/Lima' FROM "whatsapp_configuracionbot"; (params ())
[DEBUG] 2026-08-13 21:15:25,639 schema DROP TABLE "whatsapp_configuracionbot"; (params ())
[DEBUG] 2026-08-13 21:15:25,639 schema ALTER TABLE "new__whatsapp_configuracionbot" RENAME TO 
"whatsapp_configuracionbot"; (params ())
[DEBUG] 2026-08-13 21:15:25,641 schema CREATE INDEX "whatsapp_configuracionbot_channel_id_f4835505" ON 
"whatsapp_configuracionbot" ("channel_id"); (params ())
[DEBUG] 2026-08-13 21:15:25,641 schema CREATE INDEX "whatsapp_configuracionbot_asesor_predeterminado_id_73c3fccf" ON 
"whatsapp_configuracionbot" ("asesor_predeterminado_id"); (params ())
[DEBUG] 2026-08-13 21:15:25,673 schema CREATE TABLE "integrations_chatwootaccountmapping" ("id" integer NOT NULL 
PRIMARY KEY AUTOINCREMENT, "environment" varchar(40) NOT NULL, "account_id" varchar(80) NOT NULL, "active" bool NOT 
NULL, "sync_status" varchar(15) NOT NULL, "last_error" varchar(255) NOT NULL, "last_synced_at" datetime NULL, 
CONSTRAINT "int_cw_account_uniq" UNIQUE ("environment", "account_id")); (params None)
[DEBUG] 2026-08-13 21:15:25,695 schema CREATE TABLE "integrations_channelinboxmapping" ("id" integer NOT NULL PRIMARY 
KEY AUTOINCREMENT, "inbox_id" varchar(80) NOT NULL, "inbox_identifier" varchar(160) NOT NULL, "active" bool NOT NULL, 
"sync_status" varchar(15) NOT NULL, "last_error" varchar(255) NOT NULL, "last_synced_at" datetime NULL, "channel_id" 
bigint NOT NULL REFERENCES "whatsapp_whatsappchannel" ("id") DEFERRABLE INITIALLY DEFERRED, "account_id" bigint NOT 
NULL REFERENCES "integrations_chatwootaccountmapping" ("id") DEFERRABLE INITIALLY DEFERRED); (params None)
[DEBUG] 2026-08-13 21:15:25,717 schema CREATE TABLE "integrations_agentmapping" ("id" integer NOT NULL PRIMARY KEY 
AUTOINCREMENT, "chatwoot_user_id" varchar(80) NOT NULL, "active" bool NOT NULL, "sync_status" varchar(15) NOT NULL, 
"last_error" varchar(255) NOT NULL, "last_synced_at" datetime NULL, "user_id" integer NULL REFERENCES "auth_user" 
("id") DEFERRABLE INITIALLY DEFERRED, "account_id" bigint NOT NULL REFERENCES "integrations_chatwootaccountmapping" 
("id") DEFERRABLE INITIALLY DEFERRED); (params None)
[DEBUG] 2026-08-13 21:15:25,741 schema CREATE TABLE "integrations_chatwootcontactmapping" ("id" integer NOT NULL 
PRIMARY KEY AUTOINCREMENT, "contact_id" varchar(80) NOT NULL, "sync_status" varchar(15) NOT NULL, "last_error" 
varchar(255) NOT NULL, "last_synced_at" datetime NULL, "account_id" bigint NOT NULL REFERENCES 
"integrations_chatwootaccountmapping" ("id") DEFERRABLE INITIALLY DEFERRED, "cliente_id" bigint NOT NULL REFERENCES 
"clientes_cliente" ("id") DEFERRABLE INITIALLY DEFERRED); (params None)
[DEBUG] 2026-08-13 21:15:25,762 schema CREATE TABLE "integrations_contactinboxmapping" ("id" integer NOT NULL PRIMARY 
KEY AUTOINCREMENT, "source_id" varchar(160) NOT NULL, "sync_status" varchar(15) NOT NULL, "last_error" varchar(255) 
NOT NULL, "last_synced_at" datetime NULL, "contact_id" bigint NOT NULL REFERENCES 
"integrations_chatwootcontactmapping" ("id") DEFERRABLE INITIALLY DEFERRED, "inbox_id" bigint NOT NULL REFERENCES 
"integrations_channelinboxmapping" ("id") DEFERRABLE INITIALLY DEFERRED); (params None)
[DEBUG] 2026-08-13 21:15:25,783 schema CREATE TABLE "integrations_conversationcontrol" ("id" integer NOT NULL PRIMARY 
KEY AUTOINCREMENT, "owner_state" varchar(24) NOT NULL, "control_version" bigint unsigned NOT NULL CHECK 
("control_version" >= 0), "requested_at" datetime NULL, "taken_at" datetime NULL, "returned_at" datetime NULL, 
"closed_at" datetime NULL, "last_reason" varchar(120) NOT NULL, "last_actor_type" varchar(30) NOT NULL, 
"last_correlation_id" char(32) NULL, "created_at" datetime NOT NULL, "updated_at" datetime NOT NULL, 
"active_advisor_id" integer NULL REFERENCES "auth_user" ("id") DEFERRABLE INITIALLY DEFERRED, "conversation_id" bigint 
NOT NULL UNIQUE REFERENCES "whatsapp_conversacionwhatsapp" ("id") DEFERRABLE INITIALLY DEFERRED, "last_actor_id" 
integer NULL REFERENCES "auth_user" ("id") DEFERRABLE INITIALLY DEFERRED); (params None)
[DEBUG] 2026-08-13 21:15:25,804 schema CREATE TABLE "integrations_conversationmapping" ("id" integer NOT NULL PRIMARY 
KEY AUTOINCREMENT, "external_conversation_id" varchar(80) NOT NULL, "active" bool NOT NULL, "sync_status" varchar(15) 
NOT NULL, "last_error" varchar(255) NOT NULL, "last_synced_at" datetime NULL, "contact_inbox_id" bigint NOT NULL 
REFERENCES "integrations_contactinboxmapping" ("id") DEFERRABLE INITIALLY DEFERRED, "conversation_id" bigint NOT NULL 
REFERENCES "whatsapp_conversacionwhatsapp" ("id") DEFERRABLE INITIALLY DEFERRED); (params None)
[DEBUG] 2026-08-13 21:15:25,825 schema CREATE TABLE "integrations_conversationtransitionaudit" ("id" char(32) NOT NULL 
PRIMARY KEY, "from_state" varchar(24) NOT NULL, "to_state" varchar(24) NOT NULL, "action" varchar(50) NOT NULL, 
"actor_type" varchar(30) NOT NULL, "external_actor_ref" varchar(160) NOT NULL, "source" varchar(50) NOT NULL, 
"version_before" bigint unsigned NOT NULL CHECK ("version_before" >= 0), "version_after" bigint unsigned NOT NULL 
CHECK ("version_after" >= 0), "reason" varchar(200) NOT NULL, "idempotency_key" varchar(200) NOT NULL, 
"correlation_id" char(32) NOT NULL, "metadata" text NOT NULL CHECK ((JSON_VALID("metadata") OR "metadata" IS NULL)), 
"created_at" datetime NOT NULL, "actor_id" integer NULL REFERENCES "auth_user" ("id") DEFERRABLE INITIALLY DEFERRED, 
"conversation_id" bigint NOT NULL REFERENCES "whatsapp_conversacionwhatsapp" ("id") DEFERRABLE INITIALLY DEFERRED); 
(params None)
[DEBUG] 2026-08-13 21:15:25,847 schema CREATE TABLE "integrations_integrationinboxevent" ("id" char(32) NOT NULL 
PRIMARY KEY, "provider" varchar(30) NOT NULL, "external_event_id" varchar(255) NOT NULL, "event_type" varchar(80) NOT 
NULL, "idempotency_key" varchar(255) NOT NULL, "payload_hash" varchar(64) NOT NULL, "safe_payload" text NOT NULL CHECK 
((JSON_VALID("safe_payload") OR "safe_payload" IS NULL)), "account_ref" varchar(120) NOT NULL, "inbox_ref" 
varchar(120) NOT NULL, "status" varchar(20) NOT NULL, "attempts" smallint unsigned NOT NULL CHECK ("attempts" >= 0), 
"received_at" datetime NOT NULL, "processing_started_at" datetime NULL, "processed_at" datetime NULL, "next_retry_at" 
datetime NULL, "locked_at" datetime NULL, "locked_by" varchar(120) NOT NULL, "error_code" varchar(80) NOT NULL, 
"error_summary" varchar(255) NOT NULL, "correlation_id" char(32) NOT NULL, "channel_id" bigint NULL REFERENCES 
"whatsapp_whatsappchannel" ("id") DEFERRABLE INITIALLY DEFERRED, "conversation_id" bigint NULL REFERENCES 
"whatsapp_conversacionwhatsapp" ("id") DEFERRABLE INITIALLY DEFERRED); (params None)
[DEBUG] 2026-08-13 21:15:25,870 schema CREATE TABLE "integrations_integrationmessage" ("id" char(32) NOT NULL PRIMARY 
KEY, "provider" varchar(30) NOT NULL, "external_message_id" varchar(255) NOT NULL, "direction" varchar(12) NOT NULL, 
"author_type" varchar(20) NOT NULL, "visibility" varchar(10) NOT NULL, "content_type" varchar(30) NOT NULL, "text" 
text NOT NULL, "metadata" text NOT NULL CHECK ((JSON_VALID("metadata") OR "metadata" IS NULL)), "idempotency_key" 
varchar(255) NOT NULL UNIQUE, "correlation_id" char(32) NOT NULL, "external_timestamp" datetime NULL, "received_at" 
datetime NOT NULL, "created_at" datetime NOT NULL, "conversation_id" bigint NOT NULL REFERENCES 
"whatsapp_conversacionwhatsapp" ("id") DEFERRABLE INITIALLY DEFERRED); (params None)
[DEBUG] 2026-08-13 21:15:25,895 schema CREATE TABLE "integrations_externalmessagemapping" ("id" integer NOT NULL 
PRIMARY KEY AUTOINCREMENT, "provider" varchar(30) NOT NULL, "account_scope" varchar(120) NOT NULL, "external_id" 
varchar(255) NOT NULL, "sync_status" varchar(15) NOT NULL, "last_error" varchar(255) NOT NULL, "last_synced_at" 
datetime NULL, "whatsapp_message_id" bigint NULL REFERENCES "whatsapp_mensajewhatsapp" ("id") DEFERRABLE INITIALLY 
DEFERRED, "logical_message_id" char(32) NULL REFERENCES "integrations_integrationmessage" ("id") DEFERRABLE INITIALLY 
DEFERRED); (params None)
[DEBUG] 2026-08-13 21:15:25,921 schema CREATE TABLE "integrations_contextcheckpoint" ("id" char(32) NOT NULL PRIMARY 
KEY, "control_version" bigint unsigned NOT NULL CHECK ("control_version" >= 0), "history_scope" text NOT NULL CHECK 
((JSON_VALID("history_scope") OR "history_scope" IS NULL)), "advisor_instruction" text NOT NULL, "resume_mode" 
varchar(20) NOT NULL, "collected_data" text NOT NULL CHECK ((JSON_VALID("collected_data") OR "collected_data" IS 
NULL)), "missing_data" text NOT NULL CHECK ((JSON_VALID("missing_data") OR "missing_data" IS NULL)), "status" 
varchar(20) NOT NULL, "error_summary" varchar(255) NOT NULL, "correlation_id" char(32) NOT NULL, "created_at" datetime 
NOT NULL, "completed_at" datetime NULL, "conversation_id" bigint NOT NULL REFERENCES "whatsapp_conversacionwhatsapp" 
("id") DEFERRABLE INITIALLY DEFERRED, "last_public_message_id" char(32) NULL REFERENCES 
"integrations_integrationmessage" ("id") DEFERRABLE INITIALLY DEFERRED); (params None)
[DEBUG] 2026-08-13 21:15:25,948 schema CREATE TABLE "integrations_botgeneration" ("id" char(32) NOT NULL PRIMARY KEY, 
"control_version_started" bigint unsigned NOT NULL CHECK ("control_version_started" >= 0), "expected_owner_state" 
varchar(24) NOT NULL, "status" varchar(15) NOT NULL, "request_key" varchar(255) NOT NULL, "result_text" text NOT NULL, 
"started_at" datetime NOT NULL, "completed_at" datetime NULL, "cancelled_at" datetime NULL, "cancel_reason" 
varchar(120) NOT NULL, "error_summary" varchar(255) NOT NULL, "correlation_id" char(32) NOT NULL, "conversation_id" 
bigint NOT NULL REFERENCES "whatsapp_conversacionwhatsapp" ("id") DEFERRABLE INITIALLY DEFERRED, "input_message_id" 
char(32) NULL REFERENCES "integrations_integrationmessage" ("id") DEFERRABLE INITIALLY DEFERRED); (params None)
[DEBUG] 2026-08-13 21:15:25,976 schema CREATE TABLE "integrations_attachmentmapping" ("id" integer NOT NULL PRIMARY 
KEY AUTOINCREMENT, "provider" varchar(30) NOT NULL, "external_attachment_id" varchar(255) NOT NULL, "sha256" 
varchar(64) NOT NULL, "mime_type" varchar(120) NOT NULL, "size_bytes" bigint unsigned NULL CHECK ("size_bytes" >= 0), 
"sync_status" varchar(15) NOT NULL, "last_error" varchar(255) NOT NULL, "last_synced_at" datetime NULL, "evidence_id" 
bigint NULL REFERENCES "whatsapp_evidenciawhatsapp" ("id") DEFERRABLE INITIALLY DEFERRED, "logical_message_id" 
char(32) NULL REFERENCES "integrations_integrationmessage" ("id") DEFERRABLE INITIALLY DEFERRED); (params None)
[DEBUG] 2026-08-13 21:15:26,006 schema CREATE TABLE "integrations_integrationoutboxevent" ("id" char(32) NOT NULL 
PRIMARY KEY, "destination" varchar(30) NOT NULL, "event_type" varchar(80) NOT NULL, "idempotency_key" varchar(255) NOT 
NULL, "safe_payload" text NOT NULL CHECK ((JSON_VALID("safe_payload") OR "safe_payload" IS NULL)), "status" 
varchar(20) NOT NULL, "attempts" smallint unsigned NOT NULL CHECK ("attempts" >= 0), "max_attempts" smallint unsigned 
NOT NULL CHECK ("max_attempts" >= 0), "available_at" datetime NOT NULL, "locked_at" datetime NULL, "locked_by" 
varchar(120) NOT NULL, "sent_at" datetime NULL, "external_id" varchar(255) NOT NULL, "error_code" varchar(80) NOT 
NULL, "error_summary" varchar(255) NOT NULL, "correlation_id" char(32) NOT NULL, "created_at" datetime NOT NULL, 
"updated_at" datetime NOT NULL, "conversation_id" bigint NOT NULL REFERENCES "whatsapp_conversacionwhatsapp" ("id") 
DEFERRABLE INITIALLY DEFERRED, "logical_message_id" char(32) NULL REFERENCES "integrations_integrationmessage" ("id") 
DEFERRABLE INITIALLY DEFERRED); (params None)
[DEBUG] 2026-08-13 21:15:26,022 schema CREATE TABLE "new__integrations_channelinboxmapping" ("id" integer NOT NULL 
PRIMARY KEY AUTOINCREMENT, "inbox_id" varchar(80) NOT NULL, "inbox_identifier" varchar(160) NOT NULL, "active" bool 
NOT NULL, "sync_status" varchar(15) NOT NULL, "last_error" varchar(255) NOT NULL, "last_synced_at" datetime NULL, 
"channel_id" bigint NOT NULL REFERENCES "whatsapp_whatsappchannel" ("id") DEFERRABLE INITIALLY DEFERRED, "account_id" 
bigint NOT NULL REFERENCES "integrations_chatwootaccountmapping" ("id") DEFERRABLE INITIALLY DEFERRED, CONSTRAINT 
"int_cw_inbox_uniq" UNIQUE ("account_id", "inbox_id")); (params None)
[DEBUG] 2026-08-13 21:15:26,023 schema INSERT INTO "new__integrations_channelinboxmapping" ("id", "inbox_id", 
"inbox_identifier", "active", "sync_status", "last_error", "last_synced_at", "channel_id", "account_id") SELECT "id", 
"inbox_id", "inbox_identifier", "active", "sync_status", "last_error", "last_synced_at", "channel_id", "account_id" 
FROM "integrations_channelinboxmapping"; (params ())
[DEBUG] 2026-08-13 21:15:26,023 schema DROP TABLE "integrations_channelinboxmapping"; (params ())
[DEBUG] 2026-08-13 21:15:26,023 schema ALTER TABLE "new__integrations_channelinboxmapping" RENAME TO 
"integrations_channelinboxmapping"; (params ())
[DEBUG] 2026-08-13 21:15:26,025 schema CREATE INDEX "integrations_agentmapping_user_id_3473de26" ON 
"integrations_agentmapping" ("user_id"); (params ())
[DEBUG] 2026-08-13 21:15:26,025 schema CREATE INDEX "integrations_agentmapping_account_id_e626fceb" ON 
"integrations_agentmapping" ("account_id"); (params ())
[DEBUG] 2026-08-13 21:15:26,025 schema CREATE INDEX "integrations_chatwootcontactmapping_account_id_e4f32269" ON 
"integrations_chatwootcontactmapping" ("account_id"); (params ())
[DEBUG] 2026-08-13 21:15:26,025 schema CREATE INDEX "integrations_chatwootcontactmapping_cliente_id_ae48d14a" ON 
"integrations_chatwootcontactmapping" ("cliente_id"); (params ())
[DEBUG] 2026-08-13 21:15:26,026 schema CREATE INDEX "integrations_contactinboxmapping_contact_id_46ae040e" ON 
"integrations_contactinboxmapping" ("contact_id"); (params ())
[DEBUG] 2026-08-13 21:15:26,026 schema CREATE INDEX "integrations_contactinboxmapping_inbox_id_34c1919d" ON 
"integrations_contactinboxmapping" ("inbox_id"); (params ())
[DEBUG] 2026-08-13 21:15:26,026 schema CREATE INDEX "integrations_conversationcontrol_active_advisor_id_d1478b7b" ON 
"integrations_conversationcontrol" ("active_advisor_id"); (params ())
[DEBUG] 2026-08-13 21:15:26,026 schema CREATE INDEX "integrations_conversationcontrol_last_actor_id_4fc1e7c9" ON 
"integrations_conversationcontrol" ("last_actor_id"); (params ())
[DEBUG] 2026-08-13 21:15:26,026 schema CREATE INDEX "integrations_conversationmapping_contact_inbox_id_25cf93ee" ON 
"integrations_conversationmapping" ("contact_inbox_id"); (params ())
[DEBUG] 2026-08-13 21:15:26,026 schema CREATE INDEX "integrations_conversationmapping_conversation_id_29554f2e" ON 
"integrations_conversationmapping" ("conversation_id"); (params ())
[DEBUG] 2026-08-13 21:15:26,026 schema CREATE INDEX "integrations_conversationtransitionaudit_actor_id_3d84d58e" ON 
"integrations_conversationtransitionaudit" ("actor_id"); (params ())
[DEBUG] 2026-08-13 21:15:26,027 schema CREATE INDEX 
"integrations_conversationtransitionaudit_conversation_id_3e22282b" ON "integrations_conversationtransitionaudit" 
("conversation_id"); (params ())
[DEBUG] 2026-08-13 21:15:26,027 schema CREATE INDEX "integrations_integrationinboxevent_channel_id_0acc9931" ON 
"integrations_integrationinboxevent" ("channel_id"); (params ())
[DEBUG] 2026-08-13 21:15:26,027 schema CREATE INDEX "integrations_integrationinboxevent_conversation_id_0f0346ca" ON 
"integrations_integrationinboxevent" ("conversation_id"); (params ())
[DEBUG] 2026-08-13 21:15:26,027 schema CREATE INDEX "integrations_integrationmessage_conversation_id_02ceb3b1" ON 
"integrations_integrationmessage" ("conversation_id"); (params ())
[DEBUG] 2026-08-13 21:15:26,027 schema CREATE INDEX "integrations_externalmessagemapping_whatsapp_message_id_6427f5a9" 
ON "integrations_externalmessagemapping" ("whatsapp_message_id"); (params ())
[DEBUG] 2026-08-13 21:15:26,027 schema CREATE INDEX "integrations_externalmessagemapping_logical_message_id_86c87118" 
ON "integrations_externalmessagemapping" ("logical_message_id"); (params ())
[DEBUG] 2026-08-13 21:15:26,028 schema CREATE INDEX "integrations_contextcheckpoint_conversation_id_43546a08" ON 
"integrations_contextcheckpoint" ("conversation_id"); (params ())
[DEBUG] 2026-08-13 21:15:26,028 schema CREATE INDEX "integrations_contextcheckpoint_last_public_message_id_46a705a0" 
ON "integrations_contextcheckpoint" ("last_public_message_id"); (params ())
[DEBUG] 2026-08-13 21:15:26,028 schema CREATE INDEX "integrations_botgeneration_conversation_id_8571586a" ON 
"integrations_botgeneration" ("conversation_id"); (params ())
[DEBUG] 2026-08-13 21:15:26,028 schema CREATE INDEX "integrations_botgeneration_input_message_id_a71abe51" ON 
"integrations_botgeneration" ("input_message_id"); (params ())
[DEBUG] 2026-08-13 21:15:26,028 schema CREATE INDEX "integrations_attachmentmapping_evidence_id_579994f3" ON 
"integrations_attachmentmapping" ("evidence_id"); (params ())
[DEBUG] 2026-08-13 21:15:26,028 schema CREATE INDEX "integrations_attachmentmapping_logical_message_id_b0874238" ON 
"integrations_attachmentmapping" ("logical_message_id"); (params ())
[DEBUG] 2026-08-13 21:15:26,028 schema CREATE INDEX "integrations_integrationoutboxevent_conversation_id_9e12e3af" ON 
"integrations_integrationoutboxevent" ("conversation_id"); (params ())
[DEBUG] 2026-08-13 21:15:26,029 schema CREATE INDEX "integrations_integrationoutboxevent_logical_message_id_bef596e1" 
ON "integrations_integrationoutboxevent" ("logical_message_id"); (params ())
[DEBUG] 2026-08-13 21:15:26,029 schema CREATE INDEX "integrations_channelinboxmapping_channel_id_6d74e0ff" ON 
"integrations_channelinboxmapping" ("channel_id"); (params ())
[DEBUG] 2026-08-13 21:15:26,029 schema CREATE INDEX "integrations_channelinboxmapping_account_id_f3e2da7d" ON 
"integrations_channelinboxmapping" ("account_id"); (params ())
[DEBUG] 2026-08-13 21:15:26,041 schema CREATE UNIQUE INDEX "int_channel_active_inbox_uniq" ON 
"integrations_channelinboxmapping" ("channel_id") WHERE "active"; (params None)
[DEBUG] 2026-08-13 21:15:26,059 schema CREATE TABLE "new__integrations_agentmapping" ("id" integer NOT NULL PRIMARY 
KEY AUTOINCREMENT, "chatwoot_user_id" varchar(80) NOT NULL, "active" bool NOT NULL, "sync_status" varchar(15) NOT 
NULL, "last_error" varchar(255) NOT NULL, "last_synced_at" datetime NULL, "user_id" integer NULL REFERENCES 
"auth_user" ("id") DEFERRABLE INITIALLY DEFERRED, "account_id" bigint NOT NULL REFERENCES 
"integrations_chatwootaccountmapping" ("id") DEFERRABLE INITIALLY DEFERRED, CONSTRAINT "int_cw_agent_uniq" UNIQUE 
("account_id", "chatwoot_user_id")); (params None)
[DEBUG] 2026-08-13 21:15:26,059 schema INSERT INTO "new__integrations_agentmapping" ("id", "chatwoot_user_id", 
"active", "sync_status", "last_error", "last_synced_at", "user_id", "account_id") SELECT "id", "chatwoot_user_id", 
"active", "sync_status", "last_error", "last_synced_at", "user_id", "account_id" FROM "integrations_agentmapping"; 
(params ())
[DEBUG] 2026-08-13 21:15:26,059 schema DROP TABLE "integrations_agentmapping"; (params ())
[DEBUG] 2026-08-13 21:15:26,060 schema ALTER TABLE "new__integrations_agentmapping" RENAME TO 
"integrations_agentmapping"; (params ())
[DEBUG] 2026-08-13 21:15:26,062 schema CREATE INDEX "integrations_agentmapping_user_id_3473de26" ON 
"integrations_agentmapping" ("user_id"); (params ())
[DEBUG] 2026-08-13 21:15:26,062 schema CREATE INDEX "integrations_agentmapping_account_id_e626fceb" ON 
"integrations_agentmapping" ("account_id"); (params ())
[DEBUG] 2026-08-13 21:15:26,075 schema CREATE TABLE "new__integrations_chatwootcontactmapping" ("id" integer NOT NULL 
PRIMARY KEY AUTOINCREMENT, "contact_id" varchar(80) NOT NULL, "sync_status" varchar(15) NOT NULL, "last_error" 
varchar(255) NOT NULL, "last_synced_at" datetime NULL, "account_id" bigint NOT NULL REFERENCES 
"integrations_chatwootaccountmapping" ("id") DEFERRABLE INITIALLY DEFERRED, "cliente_id" bigint NOT NULL REFERENCES 
"clientes_cliente" ("id") DEFERRABLE INITIALLY DEFERRED, CONSTRAINT "int_cw_contact_uniq" UNIQUE ("account_id", 
"contact_id")); (params None)
[DEBUG] 2026-08-13 21:15:26,075 schema INSERT INTO "new__integrations_chatwootcontactmapping" ("id", "contact_id", 
"sync_status", "last_error", "last_synced_at", "account_id", "cliente_id") SELECT "id", "contact_id", "sync_status", 
"last_error", "last_synced_at", "account_id", "cliente_id" FROM "integrations_chatwootcontactmapping"; (params ())
[DEBUG] 2026-08-13 21:15:26,075 schema DROP TABLE "integrations_chatwootcontactmapping"; (params ())
[DEBUG] 2026-08-13 21:15:26,075 schema ALTER TABLE "new__integrations_chatwootcontactmapping" RENAME TO 
"integrations_chatwootcontactmapping"; (params ())
[DEBUG] 2026-08-13 21:15:26,077 schema CREATE INDEX "integrations_chatwootcontactmapping_account_id_e4f32269" ON 
"integrations_chatwootcontactmapping" ("account_id"); (params ())
[DEBUG] 2026-08-13 21:15:26,077 schema CREATE INDEX "integrations_chatwootcontactmapping_cliente_id_ae48d14a" ON 
"integrations_chatwootcontactmapping" ("cliente_id"); (params ())
[DEBUG] 2026-08-13 21:15:26,082 schema CREATE TABLE "new__integrations_contactinboxmapping" ("id" integer NOT NULL 
PRIMARY KEY AUTOINCREMENT, "source_id" varchar(160) NOT NULL, "sync_status" varchar(15) NOT NULL, "last_error" 
varchar(255) NOT NULL, "last_synced_at" datetime NULL, "contact_id" bigint NOT NULL REFERENCES 
"integrations_chatwootcontactmapping" ("id") DEFERRABLE INITIALLY DEFERRED, "inbox_id" bigint NOT NULL REFERENCES 
"integrations_channelinboxmapping" ("id") DEFERRABLE INITIALLY DEFERRED, CONSTRAINT "int_cw_source_uniq" UNIQUE 
("inbox_id", "source_id")); (params None)
[DEBUG] 2026-08-13 21:15:26,082 schema INSERT INTO "new__integrations_contactinboxmapping" ("id", "source_id", 
"sync_status", "last_error", "last_synced_at", "contact_id", "inbox_id") SELECT "id", "source_id", "sync_status", 
"last_error", "last_synced_at", "contact_id", "inbox_id" FROM "integrations_contactinboxmapping"; (params ())
[DEBUG] 2026-08-13 21:15:26,083 schema DROP TABLE "integrations_contactinboxmapping"; (params ())
[DEBUG] 2026-08-13 21:15:26,083 schema ALTER TABLE "new__integrations_contactinboxmapping" RENAME TO 
"integrations_contactinboxmapping"; (params ())
[DEBUG] 2026-08-13 21:15:26,085 schema CREATE INDEX "integrations_contactinboxmapping_contact_id_46ae040e" ON 
"integrations_contactinboxmapping" ("contact_id"); (params ())
[DEBUG] 2026-08-13 21:15:26,085 schema CREATE INDEX "integrations_contactinboxmapping_inbox_id_34c1919d" ON 
"integrations_contactinboxmapping" ("inbox_id"); (params ())
[DEBUG] 2026-08-13 21:15:26,108 schema CREATE TABLE "new__integrations_contactinboxmapping" ("id" integer NOT NULL 
PRIMARY KEY AUTOINCREMENT, "source_id" varchar(160) NOT NULL, "sync_status" varchar(15) NOT NULL, "last_error" 
varchar(255) NOT NULL, "last_synced_at" datetime NULL, "contact_id" bigint NOT NULL REFERENCES 
"integrations_chatwootcontactmapping" ("id") DEFERRABLE INITIALLY DEFERRED, "inbox_id" bigint NOT NULL REFERENCES 
"integrations_channelinboxmapping" ("id") DEFERRABLE INITIALLY DEFERRED, CONSTRAINT "int_cw_source_uniq" UNIQUE 
("inbox_id", "source_id"), CONSTRAINT "int_cw_contact_inbox_uniq" UNIQUE ("contact_id", "inbox_id")); (params None)
[DEBUG] 2026-08-13 21:15:26,109 schema INSERT INTO "new__integrations_contactinboxmapping" ("id", "source_id", 
"sync_status", "last_error", "last_synced_at", "contact_id", "inbox_id") SELECT "id", "source_id", "sync_status", 
"last_error", "last_synced_at", "contact_id", "inbox_id" FROM "integrations_contactinboxmapping"; (params ())
[DEBUG] 2026-08-13 21:15:26,109 schema DROP TABLE "integrations_contactinboxmapping"; (params ())
[DEBUG] 2026-08-13 21:15:26,109 schema ALTER TABLE "new__integrations_contactinboxmapping" RENAME TO 
"integrations_contactinboxmapping"; (params ())
[DEBUG] 2026-08-13 21:15:26,111 schema CREATE INDEX "integrations_contactinboxmapping_contact_id_46ae040e" ON 
"integrations_contactinboxmapping" ("contact_id"); (params ())
[DEBUG] 2026-08-13 21:15:26,111 schema CREATE INDEX "integrations_contactinboxmapping_inbox_id_34c1919d" ON 
"integrations_contactinboxmapping" ("inbox_id"); (params ())
[DEBUG] 2026-08-13 21:15:26,129 schema CREATE INDEX "int_ctrl_state_idx" ON "integrations_conversationcontrol" 
("owner_state", "updated_at"); (params None)
[DEBUG] 2026-08-13 21:15:26,143 schema CREATE TABLE "new__integrations_conversationmapping" ("id" integer NOT NULL 
PRIMARY KEY AUTOINCREMENT, "external_conversation_id" varchar(80) NOT NULL, "active" bool NOT NULL, "sync_status" 
varchar(15) NOT NULL, "last_error" varchar(255) NOT NULL, "last_synced_at" datetime NULL, "contact_inbox_id" bigint 
NOT NULL REFERENCES "integrations_contactinboxmapping" ("id") DEFERRABLE INITIALLY DEFERRED, "conversation_id" bigint 
NOT NULL REFERENCES "whatsapp_conversacionwhatsapp" ("id") DEFERRABLE INITIALLY DEFERRED, CONSTRAINT 
"int_cw_conversation_uniq" UNIQUE ("contact_inbox_id", "external_conversation_id")); (params None)
[DEBUG] 2026-08-13 21:15:26,144 schema INSERT INTO "new__integrations_conversationmapping" ("id", 
"external_conversation_id", "active", "sync_status", "last_error", "last_synced_at", "contact_inbox_id", 
"conversation_id") SELECT "id", "external_conversation_id", "active", "sync_status", "last_error", "last_synced_at", 
"contact_inbox_id", "conversation_id" FROM "integrations_conversationmapping"; (params ())
[DEBUG] 2026-08-13 21:15:26,144 schema DROP TABLE "integrations_conversationmapping"; (params ())
[DEBUG] 2026-08-13 21:15:26,144 schema ALTER TABLE "new__integrations_conversationmapping" RENAME TO 
"integrations_conversationmapping"; (params ())
[DEBUG] 2026-08-13 21:15:26,146 schema CREATE INDEX "integrations_conversationmapping_contact_inbox_id_25cf93ee" ON 
"integrations_conversationmapping" ("contact_inbox_id"); (params ())
[DEBUG] 2026-08-13 21:15:26,146 schema CREATE INDEX "integrations_conversationmapping_conversation_id_29554f2e" ON 
"integrations_conversationmapping" ("conversation_id"); (params ())
[DEBUG] 2026-08-13 21:15:26,161 schema CREATE UNIQUE INDEX "int_local_active_conv_map_uniq" ON 
"integrations_conversationmapping" ("conversation_id") WHERE "active"; (params None)
[DEBUG] 2026-08-13 21:15:26,178 schema CREATE INDEX "int_audit_conv_idx" ON "integrations_conversationtransitionaudit" 
("conversation_id", "created_at"); (params None)
[DEBUG] 2026-08-13 21:15:26,195 schema CREATE INDEX "int_audit_corr_idx" ON "integrations_conversationtransitionaudit" 
("correlation_id"); (params None)
[DEBUG] 2026-08-13 21:15:26,219 schema CREATE TABLE "new__integrations_conversationtransitionaudit" ("id" char(32) NOT 
NULL PRIMARY KEY, "from_state" varchar(24) NOT NULL, "to_state" varchar(24) NOT NULL, "action" varchar(50) NOT NULL, 
"actor_type" varchar(30) NOT NULL, "external_actor_ref" varchar(160) NOT NULL, "source" varchar(50) NOT NULL, 
"version_before" bigint unsigned NOT NULL CHECK ("version_before" >= 0), "version_after" bigint unsigned NOT NULL 
CHECK ("version_after" >= 0), "reason" varchar(200) NOT NULL, "idempotency_key" varchar(200) NOT NULL, 
"correlation_id" char(32) NOT NULL, "metadata" text NOT NULL CHECK ((JSON_VALID("metadata") OR "metadata" IS NULL)), 
"created_at" datetime NOT NULL, "actor_id" integer NULL REFERENCES "auth_user" ("id") DEFERRABLE INITIALLY DEFERRED, 
"conversation_id" bigint NOT NULL REFERENCES "whatsapp_conversacionwhatsapp" ("id") DEFERRABLE INITIALLY DEFERRED, 
CONSTRAINT "int_audit_action_idem_uniq" UNIQUE ("conversation_id", "action", "idempotency_key")); (params None)
[DEBUG] 2026-08-13 21:15:26,219 schema INSERT INTO "new__integrations_conversationtransitionaudit" ("id", 
"from_state", "to_state", "action", "actor_type", "external_actor_ref", "source", "version_before", "version_after", 
"reason", "idempotency_key", "correlation_id", "metadata", "created_at", "actor_id", "conversation_id") SELECT "id", 
"from_state", "to_state", "action", "actor_type", "external_actor_ref", "source", "version_before", "version_after", 
"reason", "idempotency_key", "correlation_id", "metadata", "created_at", "actor_id", "conversation_id" FROM 
"integrations_conversationtransitionaudit"; (params ())
[DEBUG] 2026-08-13 21:15:26,220 schema DROP TABLE "integrations_conversationtransitionaudit"; (params ())
[DEBUG] 2026-08-13 21:15:26,220 schema ALTER TABLE "new__integrations_conversationtransitionaudit" RENAME TO 
"integrations_conversationtransitionaudit"; (params ())
[DEBUG] 2026-08-13 21:15:26,222 schema CREATE INDEX "integrations_conversationtransitionaudit_actor_id_3d84d58e" ON 
"integrations_conversationtransitionaudit" ("actor_id"); (params ())
[DEBUG] 2026-08-13 21:15:26,222 schema CREATE INDEX 
"integrations_conversationtransitionaudit_conversation_id_3e22282b" ON "integrations_conversationtransitionaudit" 
("conversation_id"); (params ())
[DEBUG] 2026-08-13 21:15:26,222 schema CREATE INDEX "int_audit_conv_idx" ON "integrations_conversationtransitionaudit" 
("conversation_id", "created_at"); (params ())
[DEBUG] 2026-08-13 21:15:26,222 schema CREATE INDEX "int_audit_corr_idx" ON "integrations_conversationtransitionaudit" 
("correlation_id"); (params ())
[DEBUG] 2026-08-13 21:15:26,238 schema CREATE INDEX "int_inbox_retry_idx" ON "integrations_integrationinboxevent" 
("status", "next_retry_at"); (params None)
[DEBUG] 2026-08-13 21:15:26,253 schema CREATE INDEX "int_inbox_conv_idx" ON "integrations_integrationinboxevent" 
("conversation_id", "status", "received_at"); (params None)
[DEBUG] 2026-08-13 21:15:26,269 schema CREATE INDEX "int_inbox_corr_idx" ON "integrations_integrationinboxevent" 
("correlation_id"); (params None)
[DEBUG] 2026-08-13 21:15:26,286 schema CREATE INDEX "int_inbox_lock_idx" ON "integrations_integrationinboxevent" 
("locked_at"); (params None)
[DEBUG] 2026-08-13 21:15:26,303 schema CREATE TABLE "new__integrations_integrationinboxevent" ("id" char(32) NOT NULL 
PRIMARY KEY, "provider" varchar(30) NOT NULL, "external_event_id" varchar(255) NOT NULL, "event_type" varchar(80) NOT 
NULL, "idempotency_key" varchar(255) NOT NULL, "payload_hash" varchar(64) NOT NULL, "safe_payload" text NOT NULL CHECK 
((JSON_VALID("safe_payload") OR "safe_payload" IS NULL)), "account_ref" varchar(120) NOT NULL, "inbox_ref" 
varchar(120) NOT NULL, "status" varchar(20) NOT NULL, "attempts" smallint unsigned NOT NULL CHECK ("attempts" >= 0), 
"received_at" datetime NOT NULL, "processing_started_at" datetime NULL, "processed_at" datetime NULL, "next_retry_at" 
datetime NULL, "locked_at" datetime NULL, "locked_by" varchar(120) NOT NULL, "error_code" varchar(80) NOT NULL, 
"error_summary" varchar(255) NOT NULL, "correlation_id" char(32) NOT NULL, "channel_id" bigint NULL REFERENCES 
"whatsapp_whatsappchannel" ("id") DEFERRABLE INITIALLY DEFERRED, "conversation_id" bigint NULL REFERENCES 
"whatsapp_conversacionwhatsapp" ("id") DEFERRABLE INITIALLY DEFERRED, CONSTRAINT "int_inbox_provider_idem_uniq" UNIQUE 
("provider", "idempotency_key")); (params None)
[DEBUG] 2026-08-13 21:15:26,303 schema INSERT INTO "new__integrations_integrationinboxevent" ("id", "provider", 
"external_event_id", "event_type", "idempotency_key", "payload_hash", "safe_payload", "account_ref", "inbox_ref", 
"status", "attempts", "received_at", "processing_started_at", "processed_at", "next_retry_at", "locked_at", 
"locked_by", "error_code", "error_summary", "correlation_id", "channel_id", "conversation_id") SELECT "id", 
"provider", "external_event_id", "event_type", "idempotency_key", "payload_hash", "safe_payload", "account_ref", 
"inbox_ref", "status", "attempts", "received_at", "processing_started_at", "processed_at", "next_retry_at", 
"locked_at", "locked_by", "error_code", "error_summary", "correlation_id", "channel_id", "conversation_id" FROM 
"integrations_integrationinboxevent"; (params ())
[DEBUG] 2026-08-13 21:15:26,303 schema DROP TABLE "integrations_integrationinboxevent"; (params ())
[DEBUG] 2026-08-13 21:15:26,304 schema ALTER TABLE "new__integrations_integrationinboxevent" RENAME TO 
"integrations_integrationinboxevent"; (params ())
[DEBUG] 2026-08-13 21:15:26,306 schema CREATE INDEX "integrations_integrationinboxevent_channel_id_0acc9931" ON 
"integrations_integrationinboxevent" ("channel_id"); (params ())
[DEBUG] 2026-08-13 21:15:26,306 schema CREATE INDEX "integrations_integrationinboxevent_conversation_id_0f0346ca" ON 
"integrations_integrationinboxevent" ("conversation_id"); (params ())
[DEBUG] 2026-08-13 21:15:26,306 schema CREATE INDEX "int_inbox_retry_idx" ON "integrations_integrationinboxevent" 
("status", "next_retry_at"); (params ())
[DEBUG] 2026-08-13 21:15:26,306 schema CREATE INDEX "int_inbox_conv_idx" ON "integrations_integrationinboxevent" 
("conversation_id", "status", "received_at"); (params ())
[DEBUG] 2026-08-13 21:15:26,306 schema CREATE INDEX "int_inbox_corr_idx" ON "integrations_integrationinboxevent" 
("correlation_id"); (params ())
[DEBUG] 2026-08-13 21:15:26,306 schema CREATE INDEX "int_inbox_lock_idx" ON "integrations_integrationinboxevent" 
("locked_at"); (params ())
[DEBUG] 2026-08-13 21:15:26,320 schema CREATE INDEX "int_msg_conv_order_idx" ON "integrations_integrationmessage" 
("conversation_id", "received_at", "id"); (params None)
[DEBUG] 2026-08-13 21:15:26,334 schema CREATE INDEX "int_msg_corr_idx" ON "integrations_integrationmessage" 
("correlation_id"); (params None)
[DEBUG] 2026-08-13 21:15:26,347 schema CREATE UNIQUE INDEX "int_msg_provider_ext_uniq" ON 
"integrations_integrationmessage" ("provider", "external_message_id") WHERE NOT ("external_message_id" = ''); (params 
None)
[DEBUG] 2026-08-13 21:15:26,357 schema CREATE TABLE "new__integrations_externalmessagemapping" ("id" integer NOT NULL 
PRIMARY KEY AUTOINCREMENT, "provider" varchar(30) NOT NULL, "account_scope" varchar(120) NOT NULL, "external_id" 
varchar(255) NOT NULL, "sync_status" varchar(15) NOT NULL, "last_error" varchar(255) NOT NULL, "last_synced_at" 
datetime NULL, "whatsapp_message_id" bigint NULL REFERENCES "whatsapp_mensajewhatsapp" ("id") DEFERRABLE INITIALLY 
DEFERRED, "logical_message_id" char(32) NULL REFERENCES "integrations_integrationmessage" ("id") DEFERRABLE INITIALLY 
DEFERRED, CONSTRAINT "int_ext_message_uniq" UNIQUE ("provider", "account_scope", "external_id")); (params None)
[DEBUG] 2026-08-13 21:15:26,357 schema INSERT INTO "new__integrations_externalmessagemapping" ("id", "provider", 
"account_scope", "external_id", "sync_status", "last_error", "last_synced_at", "whatsapp_message_id", 
"logical_message_id") SELECT "id", "provider", "account_scope", "external_id", "sync_status", "last_error", 
"last_synced_at", "whatsapp_message_id", "logical_message_id" FROM "integrations_externalmessagemapping"; (params ())
[DEBUG] 2026-08-13 21:15:26,357 schema DROP TABLE "integrations_externalmessagemapping"; (params ())
[DEBUG] 2026-08-13 21:15:26,357 schema ALTER TABLE "new__integrations_externalmessagemapping" RENAME TO 
"integrations_externalmessagemapping"; (params ())
[DEBUG] 2026-08-13 21:15:26,360 schema CREATE INDEX "integrations_externalmessagemapping_whatsapp_message_id_6427f5a9" 
ON "integrations_externalmessagemapping" ("whatsapp_message_id"); (params ())
[DEBUG] 2026-08-13 21:15:26,360 schema CREATE INDEX "integrations_externalmessagemapping_logical_message_id_86c87118" 
ON "integrations_externalmessagemapping" ("logical_message_id"); (params ())
[DEBUG] 2026-08-13 21:15:26,373 schema CREATE INDEX "int_checkpoint_conv_idx" ON "integrations_contextcheckpoint" 
("conversation_id", "status", "created_at"); (params None)
[DEBUG] 2026-08-13 21:15:26,387 schema CREATE INDEX "int_gen_active_idx" ON "integrations_botgeneration" 
("conversation_id", "status", "started_at"); (params None)
[DEBUG] 2026-08-13 21:15:26,401 schema CREATE INDEX "int_gen_corr_idx" ON "integrations_botgeneration" 
("correlation_id"); (params None)
[DEBUG] 2026-08-13 21:15:26,418 schema CREATE TABLE "new__integrations_botgeneration" ("id" char(32) NOT NULL PRIMARY 
KEY, "control_version_started" bigint unsigned NOT NULL CHECK ("control_version_started" >= 0), "expected_owner_state" 
varchar(24) NOT NULL, "status" varchar(15) NOT NULL, "request_key" varchar(255) NOT NULL, "result_text" text NOT NULL, 
"started_at" datetime NOT NULL, "completed_at" datetime NULL, "cancelled_at" datetime NULL, "cancel_reason" 
varchar(120) NOT NULL, "error_summary" varchar(255) NOT NULL, "correlation_id" char(32) NOT NULL, "conversation_id" 
bigint NOT NULL REFERENCES "whatsapp_conversacionwhatsapp" ("id") DEFERRABLE INITIALLY DEFERRED, "input_message_id" 
char(32) NULL REFERENCES "integrations_integrationmessage" ("id") DEFERRABLE INITIALLY DEFERRED, CONSTRAINT 
"int_gen_request_uniq" UNIQUE ("conversation_id", "request_key")); (params None)
[DEBUG] 2026-08-13 21:15:26,419 schema INSERT INTO "new__integrations_botgeneration" ("id", "control_version_started", 
"expected_owner_state", "status", "request_key", "result_text", "started_at", "completed_at", "cancelled_at", 
"cancel_reason", "error_summary", "correlation_id", "conversation_id", "input_message_id") SELECT "id", 
"control_version_started", "expected_owner_state", "status", "request_key", "result_text", "started_at", 
"completed_at", "cancelled_at", "cancel_reason", "error_summary", "correlation_id", "conversation_id", 
"input_message_id" FROM "integrations_botgeneration"; (params ())
[DEBUG] 2026-08-13 21:15:26,419 schema DROP TABLE "integrations_botgeneration"; (params ())
[DEBUG] 2026-08-13 21:15:26,419 schema ALTER TABLE "new__integrations_botgeneration" RENAME TO 
"integrations_botgeneration"; (params ())
[DEBUG] 2026-08-13 21:15:26,421 schema CREATE INDEX "integrations_botgeneration_conversation_id_8571586a" ON 
"integrations_botgeneration" ("conversation_id"); (params ())
[DEBUG] 2026-08-13 21:15:26,421 schema CREATE INDEX "integrations_botgeneration_input_message_id_a71abe51" ON 
"integrations_botgeneration" ("input_message_id"); (params ())
[DEBUG] 2026-08-13 21:15:26,422 schema CREATE INDEX "int_gen_active_idx" ON "integrations_botgeneration" 
("conversation_id", "status", "started_at"); (params ())
[DEBUG] 2026-08-13 21:15:26,422 schema CREATE INDEX "int_gen_corr_idx" ON "integrations_botgeneration" 
("correlation_id"); (params ())
[DEBUG] 2026-08-13 21:15:26,432 schema CREATE TABLE "new__integrations_attachmentmapping" ("id" integer NOT NULL 
PRIMARY KEY AUTOINCREMENT, "provider" varchar(30) NOT NULL, "external_attachment_id" varchar(255) NOT NULL, "sha256" 
varchar(64) NOT NULL, "mime_type" varchar(120) NOT NULL, "size_bytes" bigint unsigned NULL CHECK ("size_bytes" >= 0), 
"sync_status" varchar(15) NOT NULL, "last_error" varchar(255) NOT NULL, "last_synced_at" datetime NULL, "evidence_id" 
bigint NULL REFERENCES "whatsapp_evidenciawhatsapp" ("id") DEFERRABLE INITIALLY DEFERRED, "logical_message_id" 
char(32) NULL REFERENCES "integrations_integrationmessage" ("id") DEFERRABLE INITIALLY DEFERRED, CONSTRAINT 
"int_ext_attachment_uniq" UNIQUE ("provider", "external_attachment_id")); (params None)
[DEBUG] 2026-08-13 21:15:26,432 schema INSERT INTO "new__integrations_attachmentmapping" ("id", "provider", 
"external_attachment_id", "sha256", "mime_type", "size_bytes", "sync_status", "last_error", "last_synced_at", 
"evidence_id", "logical_message_id") SELECT "id", "provider", "external_attachment_id", "sha256", "mime_type", 
"size_bytes", "sync_status", "last_error", "last_synced_at", "evidence_id", "logical_message_id" FROM 
"integrations_attachmentmapping"; (params ())
[DEBUG] 2026-08-13 21:15:26,432 schema DROP TABLE "integrations_attachmentmapping"; (params ())
[DEBUG] 2026-08-13 21:15:26,433 schema ALTER TABLE "new__integrations_attachmentmapping" RENAME TO 
"integrations_attachmentmapping"; (params ())
[DEBUG] 2026-08-13 21:15:26,435 schema CREATE INDEX "integrations_attachmentmapping_evidence_id_579994f3" ON 
"integrations_attachmentmapping" ("evidence_id"); (params ())
[DEBUG] 2026-08-13 21:15:26,435 schema CREATE INDEX "integrations_attachmentmapping_logical_message_id_b0874238" ON 
"integrations_attachmentmapping" ("logical_message_id"); (params ())
[DEBUG] 2026-08-13 21:15:26,449 schema CREATE INDEX "int_outbox_available_idx" ON 
"integrations_integrationoutboxevent" ("status", "available_at"); (params None)
[DEBUG] 2026-08-13 21:15:26,462 schema CREATE INDEX "int_outbox_conv_idx" ON "integrations_integrationoutboxevent" 
("conversation_id", "status", "created_at"); (params None)
[DEBUG] 2026-08-13 21:15:26,476 schema CREATE INDEX "int_outbox_corr_idx" ON "integrations_integrationoutboxevent" 
("correlation_id"); (params None)
[DEBUG] 2026-08-13 21:15:26,493 schema CREATE INDEX "int_outbox_lock_idx" ON "integrations_integrationoutboxevent" 
("locked_at"); (params None)
[DEBUG] 2026-08-13 21:15:26,509 schema CREATE TABLE "new__integrations_integrationoutboxevent" ("id" char(32) NOT NULL 
PRIMARY KEY, "destination" varchar(30) NOT NULL, "event_type" varchar(80) NOT NULL, "idempotency_key" varchar(255) NOT 
NULL, "safe_payload" text NOT NULL CHECK ((JSON_VALID("safe_payload") OR "safe_payload" IS NULL)), "status" 
varchar(20) NOT NULL, "attempts" smallint unsigned NOT NULL CHECK ("attempts" >= 0), "max_attempts" smallint unsigned 
NOT NULL CHECK ("max_attempts" >= 0), "available_at" datetime NOT NULL, "locked_at" datetime NULL, "locked_by" 
varchar(120) NOT NULL, "sent_at" datetime NULL, "external_id" varchar(255) NOT NULL, "error_code" varchar(80) NOT 
NULL, "error_summary" varchar(255) NOT NULL, "correlation_id" char(32) NOT NULL, "created_at" datetime NOT NULL, 
"updated_at" datetime NOT NULL, "conversation_id" bigint NOT NULL REFERENCES "whatsapp_conversacionwhatsapp" ("id") 
DEFERRABLE INITIALLY DEFERRED, "logical_message_id" char(32) NULL REFERENCES "integrations_integrationmessage" ("id") 
DEFERRABLE INITIALLY DEFERRED, CONSTRAINT "int_outbox_dest_idem_uniq" UNIQUE ("destination", "idempotency_key")); 
(params None)
[DEBUG] 2026-08-13 21:15:26,510 schema INSERT INTO "new__integrations_integrationoutboxevent" ("id", "destination", 
"event_type", "idempotency_key", "safe_payload", "status", "attempts", "max_attempts", "available_at", "locked_at", 
"locked_by", "sent_at", "external_id", "error_code", "error_summary", "correlation_id", "created_at", "updated_at", 
"conversation_id", "logical_message_id") SELECT "id", "destination", "event_type", "idempotency_key", "safe_payload", 
"status", "attempts", "max_attempts", "available_at", "locked_at", "locked_by", "sent_at", "external_id", 
"error_code", "error_summary", "correlation_id", "created_at", "updated_at", "conversation_id", "logical_message_id" 
FROM "integrations_integrationoutboxevent"; (params ())
[DEBUG] 2026-08-13 21:15:26,510 schema DROP TABLE "integrations_integrationoutboxevent"; (params ())
[DEBUG] 2026-08-13 21:15:26,510 schema ALTER TABLE "new__integrations_integrationoutboxevent" RENAME TO 
"integrations_integrationoutboxevent"; (params ())
[DEBUG] 2026-08-13 21:15:26,512 schema CREATE INDEX "integrations_integrationoutboxevent_conversation_id_9e12e3af" ON 
"integrations_integrationoutboxevent" ("conversation_id"); (params ())
[DEBUG] 2026-08-13 21:15:26,512 schema CREATE INDEX "integrations_integrationoutboxevent_logical_message_id_bef596e1" 
ON "integrations_integrationoutboxevent" ("logical_message_id"); (params ())
[DEBUG] 2026-08-13 21:15:26,513 schema CREATE INDEX "int_outbox_available_idx" ON 
"integrations_integrationoutboxevent" ("status", "available_at"); (params ())
[DEBUG] 2026-08-13 21:15:26,513 schema CREATE INDEX "int_outbox_conv_idx" ON "integrations_integrationoutboxevent" 
("conversation_id", "status", "created_at"); (params ())
[DEBUG] 2026-08-13 21:15:26,513 schema CREATE INDEX "int_outbox_corr_idx" ON "integrations_integrationoutboxevent" 
("correlation_id"); (params ())
[DEBUG] 2026-08-13 21:15:26,513 schema CREATE INDEX "int_outbox_lock_idx" ON "integrations_integrationoutboxevent" 
("locked_at"); (params ())
[DEBUG] 2026-08-13 21:15:26,530 schema CREATE UNIQUE INDEX "int_outbox_logical_dest_uniq" ON 
"integrations_integrationoutboxevent" ("destination", "logical_message_id", "event_type") WHERE "logical_message_id" 
IS NOT NULL; (params None)
[DEBUG] 2026-08-13 21:15:26,548 schema CREATE TABLE "new__integrations_agentmapping" ("id" integer NOT NULL PRIMARY 
KEY AUTOINCREMENT, "chatwoot_user_id" varchar(80) NOT NULL, "active" bool NOT NULL, "sync_status" varchar(15) NOT 
NULL, "last_error" varchar(255) NOT NULL, "last_synced_at" datetime NULL, "user_id" integer NULL REFERENCES 
"auth_user" ("id") DEFERRABLE INITIALLY DEFERRED, "account_id" bigint NOT NULL REFERENCES 
"integrations_chatwootaccountmapping" ("id") DEFERRABLE INITIALLY DEFERRED); (params None)
[DEBUG] 2026-08-13 21:15:26,548 schema INSERT INTO "new__integrations_agentmapping" ("id", "chatwoot_user_id", 
"active", "sync_status", "last_error", "last_synced_at", "user_id", "account_id") SELECT "id", "chatwoot_user_id", 
"active", "sync_status", "last_error", "last_synced_at", "user_id", "account_id" FROM "integrations_agentmapping"; 
(params ())
[DEBUG] 2026-08-13 21:15:26,548 schema DROP TABLE "integrations_agentmapping"; (params ())
[DEBUG] 2026-08-13 21:15:26,548 schema ALTER TABLE "new__integrations_agentmapping" RENAME TO 
"integrations_agentmapping"; (params ())
[DEBUG] 2026-08-13 21:15:26,551 schema CREATE INDEX "integrations_agentmapping_user_id_3473de26" ON 
"integrations_agentmapping" ("user_id"); (params ())
[DEBUG] 2026-08-13 21:15:26,551 schema CREATE INDEX "integrations_agentmapping_account_id_e626fceb" ON 
"integrations_agentmapping" ("account_id"); (params ())
[DEBUG] 2026-08-13 21:15:26,568 schema CREATE TABLE "new__integrations_attachmentmapping" ("id" integer NOT NULL 
PRIMARY KEY AUTOINCREMENT, "provider" varchar(30) NOT NULL, "external_attachment_id" varchar(255) NOT NULL, "sha256" 
varchar(64) NOT NULL, "mime_type" varchar(120) NOT NULL, "size_bytes" bigint unsigned NULL CHECK ("size_bytes" >= 0), 
"sync_status" varchar(15) NOT NULL, "last_error" varchar(255) NOT NULL, "last_synced_at" datetime NULL, "evidence_id" 
bigint NULL REFERENCES "whatsapp_evidenciawhatsapp" ("id") DEFERRABLE INITIALLY DEFERRED, "logical_message_id" 
char(32) NULL REFERENCES "integrations_integrationmessage" ("id") DEFERRABLE INITIALLY DEFERRED); (params None)
[DEBUG] 2026-08-13 21:15:26,569 schema INSERT INTO "new__integrations_attachmentmapping" ("id", "provider", 
"external_attachment_id", "sha256", "mime_type", "size_bytes", "sync_status", "last_error", "last_synced_at", 
"evidence_id", "logical_message_id") SELECT "id", "provider", "external_attachment_id", "sha256", "mime_type", 
"size_bytes", "sync_status", "last_error", "last_synced_at", "evidence_id", "logical_message_id" FROM 
"integrations_attachmentmapping"; (params ())
[DEBUG] 2026-08-13 21:15:26,569 schema DROP TABLE "integrations_attachmentmapping"; (params ())
[DEBUG] 2026-08-13 21:15:26,569 schema ALTER TABLE "new__integrations_attachmentmapping" RENAME TO 
"integrations_attachmentmapping"; (params ())
[DEBUG] 2026-08-13 21:15:26,571 schema CREATE INDEX "integrations_attachmentmapping_evidence_id_579994f3" ON 
"integrations_attachmentmapping" ("evidence_id"); (params ())
[DEBUG] 2026-08-13 21:15:26,572 schema CREATE INDEX "integrations_attachmentmapping_logical_message_id_b0874238" ON 
"integrations_attachmentmapping" ("logical_message_id"); (params ())
[DEBUG] 2026-08-13 21:15:26,586 schema CREATE TABLE "new__integrations_channelinboxmapping" ("id" integer NOT NULL 
PRIMARY KEY AUTOINCREMENT, "inbox_id" varchar(80) NOT NULL, "inbox_identifier" varchar(160) NOT NULL, "active" bool 
NOT NULL, "sync_status" varchar(15) NOT NULL, "last_error" varchar(255) NOT NULL, "last_synced_at" datetime NULL, 
"channel_id" bigint NOT NULL REFERENCES "whatsapp_whatsappchannel" ("id") DEFERRABLE INITIALLY DEFERRED, "account_id" 
bigint NOT NULL REFERENCES "integrations_chatwootaccountmapping" ("id") DEFERRABLE INITIALLY DEFERRED); (params None)
[DEBUG] 2026-08-13 21:15:26,587 schema INSERT INTO "new__integrations_channelinboxmapping" ("id", "inbox_id", 
"inbox_identifier", "active", "sync_status", "last_error", "last_synced_at", "channel_id", "account_id") SELECT "id", 
"inbox_id", "inbox_identifier", "active", "sync_status", "last_error", "last_synced_at", "channel_id", "account_id" 
FROM "integrations_channelinboxmapping"; (params ())
[DEBUG] 2026-08-13 21:15:26,587 schema DROP TABLE "integrations_channelinboxmapping"; (params ())
[DEBUG] 2026-08-13 21:15:26,587 schema ALTER TABLE "new__integrations_channelinboxmapping" RENAME TO 
"integrations_channelinboxmapping"; (params ())
[DEBUG] 2026-08-13 21:15:26,589 schema CREATE UNIQUE INDEX "int_channel_active_inbox_uniq" ON 
"integrations_channelinboxmapping" ("channel_id") WHERE "active"; (params ())
[DEBUG] 2026-08-13 21:15:26,589 schema CREATE INDEX "integrations_channelinboxmapping_channel_id_6d74e0ff" ON 
"integrations_channelinboxmapping" ("channel_id"); (params ())
[DEBUG] 2026-08-13 21:15:26,590 schema CREATE INDEX "integrations_channelinboxmapping_account_id_f3e2da7d" ON 
"integrations_channelinboxmapping" ("account_id"); (params ())
[DEBUG] 2026-08-13 21:15:26,593 schema CREATE TABLE "new__integrations_chatwootaccountmapping" ("id" integer NOT NULL 
PRIMARY KEY AUTOINCREMENT, "environment" varchar(40) NOT NULL, "account_id" varchar(80) NOT NULL, "active" bool NOT 
NULL, "sync_status" varchar(15) NOT NULL, "last_error" varchar(255) NOT NULL, "last_synced_at" datetime NULL); (params 
None)
[DEBUG] 2026-08-13 21:15:26,593 schema INSERT INTO "new__integrations_chatwootaccountmapping" ("id", "environment", 
"account_id", "active", "sync_status", "last_error", "last_synced_at") SELECT "id", "environment", "account_id", 
"active", "sync_status", "last_error", "last_synced_at" FROM "integrations_chatwootaccountmapping"; (params ())
[DEBUG] 2026-08-13 21:15:26,593 schema DROP TABLE "integrations_chatwootaccountmapping"; (params ())
[DEBUG] 2026-08-13 21:15:26,594 schema ALTER TABLE "new__integrations_chatwootaccountmapping" RENAME TO 
"integrations_chatwootaccountmapping"; (params ())
[DEBUG] 2026-08-13 21:15:26,605 schema CREATE TABLE "new__integrations_chatwootcontactmapping" ("id" integer NOT NULL 
PRIMARY KEY AUTOINCREMENT, "contact_id" varchar(80) NOT NULL, "sync_status" varchar(15) NOT NULL, "last_error" 
varchar(255) NOT NULL, "last_synced_at" datetime NULL, "account_id" bigint NOT NULL REFERENCES 
"integrations_chatwootaccountmapping" ("id") DEFERRABLE INITIALLY DEFERRED, "cliente_id" bigint NOT NULL REFERENCES 
"clientes_cliente" ("id") DEFERRABLE INITIALLY DEFERRED); (params None)
[DEBUG] 2026-08-13 21:15:26,606 schema INSERT INTO "new__integrations_chatwootcontactmapping" ("id", "contact_id", 
"sync_status", "last_error", "last_synced_at", "account_id", "cliente_id") SELECT "id", "contact_id", "sync_status", 
"last_error", "last_synced_at", "account_id", "cliente_id" FROM "integrations_chatwootcontactmapping"; (params ())
[DEBUG] 2026-08-13 21:15:26,606 schema DROP TABLE "integrations_chatwootcontactmapping"; (params ())
[DEBUG] 2026-08-13 21:15:26,606 schema ALTER TABLE "new__integrations_chatwootcontactmapping" RENAME TO 
"integrations_chatwootcontactmapping"; (params ())
[DEBUG] 2026-08-13 21:15:26,608 schema CREATE INDEX "integrations_chatwootcontactmapping_account_id_e4f32269" ON 
"integrations_chatwootcontactmapping" ("account_id"); (params ())
[DEBUG] 2026-08-13 21:15:26,608 schema CREATE INDEX "integrations_chatwootcontactmapping_cliente_id_ae48d14a" ON 
"integrations_chatwootcontactmapping" ("cliente_id"); (params ())
[DEBUG] 2026-08-13 21:15:26,615 schema CREATE TABLE "new__integrations_contactinboxmapping" ("id" integer NOT NULL 
PRIMARY KEY AUTOINCREMENT, "source_id" varchar(160) NOT NULL, "sync_status" varchar(15) NOT NULL, "last_error" 
varchar(255) NOT NULL, "last_synced_at" datetime NULL, "contact_id" bigint NOT NULL REFERENCES 
"integrations_chatwootcontactmapping" ("id") DEFERRABLE INITIALLY DEFERRED, "inbox_id" bigint NOT NULL REFERENCES 
"integrations_channelinboxmapping" ("id") DEFERRABLE INITIALLY DEFERRED, CONSTRAINT "int_cw_contact_inbox_uniq" UNIQUE 
("contact_id", "inbox_id")); (params None)
[DEBUG] 2026-08-13 21:15:26,616 schema INSERT INTO "new__integrations_contactinboxmapping" ("id", "source_id", 
"sync_status", "last_error", "last_synced_at", "contact_id", "inbox_id") SELECT "id", "source_id", "sync_status", 
"last_error", "last_synced_at", "contact_id", "inbox_id" FROM "integrations_contactinboxmapping"; (params ())
[DEBUG] 2026-08-13 21:15:26,616 schema DROP TABLE "integrations_contactinboxmapping"; (params ())
[DEBUG] 2026-08-13 21:15:26,616 schema ALTER TABLE "new__integrations_contactinboxmapping" RENAME TO 
"integrations_contactinboxmapping"; (params ())
[DEBUG] 2026-08-13 21:15:26,618 schema CREATE INDEX "integrations_contactinboxmapping_contact_id_46ae040e" ON 
"integrations_contactinboxmapping" ("contact_id"); (params ())
[DEBUG] 2026-08-13 21:15:26,618 schema CREATE INDEX "integrations_contactinboxmapping_inbox_id_34c1919d" ON 
"integrations_contactinboxmapping" ("inbox_id"); (params ())
[DEBUG] 2026-08-13 21:15:26,638 schema CREATE TABLE "new__integrations_conversationmapping" ("id" integer NOT NULL 
PRIMARY KEY AUTOINCREMENT, "external_conversation_id" varchar(80) NOT NULL, "active" bool NOT NULL, "sync_status" 
varchar(15) NOT NULL, "last_error" varchar(255) NOT NULL, "last_synced_at" datetime NULL, "contact_inbox_id" bigint 
NOT NULL REFERENCES "integrations_contactinboxmapping" ("id") DEFERRABLE INITIALLY DEFERRED, "conversation_id" bigint 
NOT NULL REFERENCES "whatsapp_conversacionwhatsapp" ("id") DEFERRABLE INITIALLY DEFERRED); (params None)
[DEBUG] 2026-08-13 21:15:26,638 schema INSERT INTO "new__integrations_conversationmapping" ("id", 
"external_conversation_id", "active", "sync_status", "last_error", "last_synced_at", "contact_inbox_id", 
"conversation_id") SELECT "id", "external_conversation_id", "active", "sync_status", "last_error", "last_synced_at", 
"contact_inbox_id", "conversation_id" FROM "integrations_conversationmapping"; (params ())
[DEBUG] 2026-08-13 21:15:26,638 schema DROP TABLE "integrations_conversationmapping"; (params ())
[DEBUG] 2026-08-13 21:15:26,639 schema ALTER TABLE "new__integrations_conversationmapping" RENAME TO 
"integrations_conversationmapping"; (params ())
[DEBUG] 2026-08-13 21:15:26,641 schema CREATE UNIQUE INDEX "int_local_active_conv_map_uniq" ON 
"integrations_conversationmapping" ("conversation_id") WHERE "active"; (params ())
[DEBUG] 2026-08-13 21:15:26,641 schema CREATE INDEX "integrations_conversationmapping_contact_inbox_id_25cf93ee" ON 
"integrations_conversationmapping" ("contact_inbox_id"); (params ())
[DEBUG] 2026-08-13 21:15:26,641 schema CREATE INDEX "integrations_conversationmapping_conversation_id_29554f2e" ON 
"integrations_conversationmapping" ("conversation_id"); (params ())
[DEBUG] 2026-08-13 21:15:26,653 schema CREATE TABLE "new__integrations_externalmessagemapping" ("id" integer NOT NULL 
PRIMARY KEY AUTOINCREMENT, "provider" varchar(30) NOT NULL, "account_scope" varchar(120) NOT NULL, "external_id" 
varchar(255) NOT NULL, "sync_status" varchar(15) NOT NULL, "last_error" varchar(255) NOT NULL, "last_synced_at" 
datetime NULL, "whatsapp_message_id" bigint NULL REFERENCES "whatsapp_mensajewhatsapp" ("id") DEFERRABLE INITIALLY 
DEFERRED, "logical_message_id" char(32) NULL REFERENCES "integrations_integrationmessage" ("id") DEFERRABLE INITIALLY 
DEFERRED); (params None)
[DEBUG] 2026-08-13 21:15:26,653 schema INSERT INTO "new__integrations_externalmessagemapping" ("id", "provider", 
"account_scope", "external_id", "sync_status", "last_error", "last_synced_at", "whatsapp_message_id", 
"logical_message_id") SELECT "id", "provider", "account_scope", "external_id", "sync_status", "last_error", 
"last_synced_at", "whatsapp_message_id", "logical_message_id" FROM "integrations_externalmessagemapping"; (params ())
[DEBUG] 2026-08-13 21:15:26,653 schema DROP TABLE "integrations_externalmessagemapping"; (params ())
[DEBUG] 2026-08-13 21:15:26,654 schema ALTER TABLE "new__integrations_externalmessagemapping" RENAME TO 
"integrations_externalmessagemapping"; (params ())
[DEBUG] 2026-08-13 21:15:26,656 schema CREATE INDEX "integrations_externalmessagemapping_whatsapp_message_id_6427f5a9" 
ON "integrations_externalmessagemapping" ("whatsapp_message_id"); (params ())
[DEBUG] 2026-08-13 21:15:26,656 schema CREATE INDEX "integrations_externalmessagemapping_logical_message_id_86c87118" 
ON "integrations_externalmessagemapping" ("logical_message_id"); (params ())
[DEBUG] 2026-08-13 21:15:26,676 schema CREATE TABLE "new__integrations_integrationinboxevent" ("id" char(32) NOT NULL 
PRIMARY KEY, "provider" varchar(30) NOT NULL, "external_event_id" varchar(255) NOT NULL, "event_type" varchar(80) NOT 
NULL, "idempotency_key" varchar(255) NOT NULL, "payload_hash" varchar(64) NOT NULL, "safe_payload" text NOT NULL CHECK 
((JSON_VALID("safe_payload") OR "safe_payload" IS NULL)), "account_ref" varchar(120) NOT NULL, "inbox_ref" 
varchar(120) NOT NULL, "status" varchar(20) NOT NULL, "attempts" smallint unsigned NOT NULL CHECK ("attempts" >= 0), 
"received_at" datetime NOT NULL, "processing_started_at" datetime NULL, "processed_at" datetime NULL, "next_retry_at" 
datetime NULL, "locked_at" datetime NULL, "locked_by" varchar(120) NOT NULL, "error_code" varchar(80) NOT NULL, 
"error_summary" varchar(255) NOT NULL, "correlation_id" char(32) NOT NULL, "channel_id" bigint NULL REFERENCES 
"whatsapp_whatsappchannel" ("id") DEFERRABLE INITIALLY DEFERRED, "conversation_id" bigint NULL REFERENCES 
"whatsapp_conversacionwhatsapp" ("id") DEFERRABLE INITIALLY DEFERRED); (params None)
[DEBUG] 2026-08-13 21:15:26,676 schema INSERT INTO "new__integrations_integrationinboxevent" ("id", "provider", 
"external_event_id", "event_type", "idempotency_key", "payload_hash", "safe_payload", "account_ref", "inbox_ref", 
"status", "attempts", "received_at", "processing_started_at", "processed_at", "next_retry_at", "locked_at", 
"locked_by", "error_code", "error_summary", "correlation_id", "channel_id", "conversation_id") SELECT "id", 
"provider", "external_event_id", "event_type", "idempotency_key", "payload_hash", "safe_payload", "account_ref", 
"inbox_ref", "status", "attempts", "received_at", "processing_started_at", "processed_at", "next_retry_at", 
"locked_at", "locked_by", "error_code", "error_summary", "correlation_id", "channel_id", "conversation_id" FROM 
"integrations_integrationinboxevent"; (params ())
[DEBUG] 2026-08-13 21:15:26,676 schema DROP TABLE "integrations_integrationinboxevent"; (params ())
[DEBUG] 2026-08-13 21:15:26,677 schema ALTER TABLE "new__integrations_integrationinboxevent" RENAME TO 
"integrations_integrationinboxevent"; (params ())
[DEBUG] 2026-08-13 21:15:26,679 schema CREATE INDEX "integrations_integrationinboxevent_channel_id_0acc9931" ON 
"integrations_integrationinboxevent" ("channel_id"); (params ())
[DEBUG] 2026-08-13 21:15:26,679 schema CREATE INDEX "integrations_integrationinboxevent_conversation_id_0f0346ca" ON 
"integrations_integrationinboxevent" ("conversation_id"); (params ())
[DEBUG] 2026-08-13 21:15:26,679 schema CREATE INDEX "int_inbox_retry_idx" ON "integrations_integrationinboxevent" 
("status", "next_retry_at"); (params ())
[DEBUG] 2026-08-13 21:15:26,679 schema CREATE INDEX "int_inbox_conv_idx" ON "integrations_integrationinboxevent" 
("conversation_id", "status", "received_at"); (params ())
[DEBUG] 2026-08-13 21:15:26,679 schema CREATE INDEX "int_inbox_corr_idx" ON "integrations_integrationinboxevent" 
("correlation_id"); (params ())
[DEBUG] 2026-08-13 21:15:26,679 schema CREATE INDEX "int_inbox_lock_idx" ON "integrations_integrationinboxevent" 
("locked_at"); (params ())
[DEBUG] 2026-08-13 21:15:26,695 schema DROP INDEX "int_msg_provider_ext_uniq"; (params ())
[DEBUG] 2026-08-13 21:15:26,712 schema CREATE TABLE "new__integrations_integrationoutboxevent" ("id" char(32) NOT NULL 
PRIMARY KEY, "destination" varchar(30) NOT NULL, "event_type" varchar(80) NOT NULL, "idempotency_key" varchar(255) NOT 
NULL, "safe_payload" text NOT NULL CHECK ((JSON_VALID("safe_payload") OR "safe_payload" IS NULL)), "status" 
varchar(20) NOT NULL, "attempts" smallint unsigned NOT NULL CHECK ("attempts" >= 0), "max_attempts" smallint unsigned 
NOT NULL CHECK ("max_attempts" >= 0), "available_at" datetime NOT NULL, "locked_at" datetime NULL, "locked_by" 
varchar(120) NOT NULL, "sent_at" datetime NULL, "external_id" varchar(255) NOT NULL, "error_code" varchar(80) NOT 
NULL, "error_summary" varchar(255) NOT NULL, "correlation_id" char(32) NOT NULL, "created_at" datetime NOT NULL, 
"updated_at" datetime NOT NULL, "conversation_id" bigint NOT NULL REFERENCES "whatsapp_conversacionwhatsapp" ("id") 
DEFERRABLE INITIALLY DEFERRED, "logical_message_id" char(32) NULL REFERENCES "integrations_integrationmessage" ("id") 
DEFERRABLE INITIALLY DEFERRED); (params None)
[DEBUG] 2026-08-13 21:15:26,712 schema INSERT INTO "new__integrations_integrationoutboxevent" ("id", "destination", 
"event_type", "idempotency_key", "safe_payload", "status", "attempts", "max_attempts", "available_at", "locked_at", 
"locked_by", "sent_at", "external_id", "error_code", "error_summary", "correlation_id", "created_at", "updated_at", 
"conversation_id", "logical_message_id") SELECT "id", "destination", "event_type", "idempotency_key", "safe_payload", 
"status", "attempts", "max_attempts", "available_at", "locked_at", "locked_by", "sent_at", "external_id", 
"error_code", "error_summary", "correlation_id", "created_at", "updated_at", "conversation_id", "logical_message_id" 
FROM "integrations_integrationoutboxevent"; (params ())
[DEBUG] 2026-08-13 21:15:26,713 schema DROP TABLE "integrations_integrationoutboxevent"; (params ())
[DEBUG] 2026-08-13 21:15:26,713 schema ALTER TABLE "new__integrations_integrationoutboxevent" RENAME TO 
"integrations_integrationoutboxevent"; (params ())
[DEBUG] 2026-08-13 21:15:26,715 schema CREATE UNIQUE INDEX "int_outbox_logical_dest_uniq" ON 
"integrations_integrationoutboxevent" ("destination", "logical_message_id", "event_type") WHERE "logical_message_id" 
IS NOT NULL; (params ())
[DEBUG] 2026-08-13 21:15:26,715 schema CREATE INDEX "integrations_integrationoutboxevent_conversation_id_9e12e3af" ON 
"integrations_integrationoutboxevent" ("conversation_id"); (params ())
[DEBUG] 2026-08-13 21:15:26,715 schema CREATE INDEX "integrations_integrationoutboxevent_logical_message_id_bef596e1" 
ON "integrations_integrationoutboxevent" ("logical_message_id"); (params ())
[DEBUG] 2026-08-13 21:15:26,715 schema CREATE INDEX "int_outbox_available_idx" ON 
"integrations_integrationoutboxevent" ("status", "available_at"); (params ())
[DEBUG] 2026-08-13 21:15:26,715 schema CREATE INDEX "int_outbox_conv_idx" ON "integrations_integrationoutboxevent" 
("conversation_id", "status", "created_at"); (params ())
[DEBUG] 2026-08-13 21:15:26,716 schema CREATE INDEX "int_outbox_corr_idx" ON "integrations_integrationoutboxevent" 
("correlation_id"); (params ())
[DEBUG] 2026-08-13 21:15:26,716 schema CREATE INDEX "int_outbox_lock_idx" ON "integrations_integrationoutboxevent" 
("locked_at"); (params ())
[DEBUG] 2026-08-13 21:15:26,736 schema DROP INDEX "int_outbox_logical_dest_uniq"; (params ())
[DEBUG] 2026-08-13 21:15:26,768 schema CREATE TABLE "new__integrations_attachmentmapping" ("id" integer NOT NULL 
PRIMARY KEY AUTOINCREMENT, "provider" varchar(30) NOT NULL, "external_attachment_id" varchar(255) NOT NULL, "sha256" 
varchar(64) NOT NULL, "mime_type" varchar(120) NOT NULL, "size_bytes" bigint unsigned NULL CHECK ("size_bytes" >= 0), 
"sync_status" varchar(15) NOT NULL, "last_error" varchar(255) NOT NULL, "last_synced_at" datetime NULL, "evidence_id" 
bigint NULL REFERENCES "whatsapp_evidenciawhatsapp" ("id") DEFERRABLE INITIALLY DEFERRED, "logical_message_id" 
char(32) NULL REFERENCES "integrations_integrationmessage" ("id") DEFERRABLE INITIALLY DEFERRED, "external_scope" 
varchar(160) NOT NULL); (params None)
[DEBUG] 2026-08-13 21:15:26,768 schema INSERT INTO "new__integrations_attachmentmapping" ("id", "provider", 
"external_attachment_id", "sha256", "mime_type", "size_bytes", "sync_status", "last_error", "last_synced_at", 
"evidence_id", "logical_message_id", "external_scope") SELECT "id", "provider", "external_attachment_id", "sha256", 
"mime_type", "size_bytes", "sync_status", "last_error", "last_synced_at", "evidence_id", "logical_message_id", 
'internal' FROM "integrations_attachmentmapping"; (params ())
[DEBUG] 2026-08-13 21:15:26,768 schema DROP TABLE "integrations_attachmentmapping"; (params ())
[DEBUG] 2026-08-13 21:15:26,768 schema ALTER TABLE "new__integrations_attachmentmapping" RENAME TO 
"integrations_attachmentmapping"; (params ())
[DEBUG] 2026-08-13 21:15:26,770 schema CREATE INDEX "integrations_attachmentmapping_evidence_id_579994f3" ON 
"integrations_attachmentmapping" ("evidence_id"); (params ())
[DEBUG] 2026-08-13 21:15:26,771 schema CREATE INDEX "integrations_attachmentmapping_logical_message_id_b0874238" ON 
"integrations_attachmentmapping" ("logical_message_id"); (params ())
[DEBUG] 2026-08-13 21:15:26,780 schema CREATE TABLE "new__integrations_chatwootcontactmapping" ("id" integer NOT NULL 
PRIMARY KEY AUTOINCREMENT, "contact_id" varchar(80) NOT NULL, "sync_status" varchar(15) NOT NULL, "last_error" 
varchar(255) NOT NULL, "last_synced_at" datetime NULL, "account_id" bigint NOT NULL REFERENCES 
"integrations_chatwootaccountmapping" ("id") DEFERRABLE INITIALLY DEFERRED, "cliente_id" bigint NOT NULL REFERENCES 
"clientes_cliente" ("id") DEFERRABLE INITIALLY DEFERRED, "active" bool NOT NULL); (params None)
[DEBUG] 2026-08-13 21:15:26,780 schema INSERT INTO "new__integrations_chatwootcontactmapping" ("id", "contact_id", 
"sync_status", "last_error", "last_synced_at", "account_id", "cliente_id", "active") SELECT "id", "contact_id", 
"sync_status", "last_error", "last_synced_at", "account_id", "cliente_id", 0 FROM 
"integrations_chatwootcontactmapping"; (params ())
[DEBUG] 2026-08-13 21:15:26,781 schema DROP TABLE "integrations_chatwootcontactmapping"; (params ())
[DEBUG] 2026-08-13 21:15:26,781 schema ALTER TABLE "new__integrations_chatwootcontactmapping" RENAME TO 
"integrations_chatwootcontactmapping"; (params ())
[DEBUG] 2026-08-13 21:15:26,783 schema CREATE INDEX "integrations_chatwootcontactmapping_account_id_e4f32269" ON 
"integrations_chatwootcontactmapping" ("account_id"); (params ())
[DEBUG] 2026-08-13 21:15:26,783 schema CREATE INDEX "integrations_chatwootcontactmapping_cliente_id_ae48d14a" ON 
"integrations_chatwootcontactmapping" ("cliente_id"); (params ())
[DEBUG] 2026-08-13 21:15:26,799 schema CREATE TABLE "new__integrations_integrationinboxevent" ("id" char(32) NOT NULL 
PRIMARY KEY, "provider" varchar(30) NOT NULL, "external_event_id" varchar(255) NOT NULL, "event_type" varchar(80) NOT 
NULL, "idempotency_key" varchar(255) NOT NULL, "payload_hash" varchar(64) NOT NULL, "safe_payload" text NOT NULL CHECK 
((JSON_VALID("safe_payload") OR "safe_payload" IS NULL)), "account_ref" varchar(120) NOT NULL, "inbox_ref" 
varchar(120) NOT NULL, "status" varchar(20) NOT NULL, "attempts" smallint unsigned NOT NULL CHECK ("attempts" >= 0), 
"received_at" datetime NOT NULL, "processing_started_at" datetime NULL, "processed_at" datetime NULL, "next_retry_at" 
datetime NULL, "locked_at" datetime NULL, "locked_by" varchar(120) NOT NULL, "error_code" varchar(80) NOT NULL, 
"error_summary" varchar(255) NOT NULL, "correlation_id" char(32) NOT NULL, "channel_id" bigint NULL REFERENCES 
"whatsapp_whatsappchannel" ("id") DEFERRABLE INITIALLY DEFERRED, "conversation_id" bigint NULL REFERENCES 
"whatsapp_conversacionwhatsapp" ("id") DEFERRABLE INITIALLY DEFERRED, "external_scope" varchar(160) NOT NULL); (params 
None)
[DEBUG] 2026-08-13 21:15:26,800 schema INSERT INTO "new__integrations_integrationinboxevent" ("id", "provider", 
"external_event_id", "event_type", "idempotency_key", "payload_hash", "safe_payload", "account_ref", "inbox_ref", 
"status", "attempts", "received_at", "processing_started_at", "processed_at", "next_retry_at", "locked_at", 
"locked_by", "error_code", "error_summary", "correlation_id", "channel_id", "conversation_id", "external_scope") 
SELECT "id", "provider", "external_event_id", "event_type", "idempotency_key", "payload_hash", "safe_payload", 
"account_ref", "inbox_ref", "status", "attempts", "received_at", "processing_started_at", "processed_at", 
"next_retry_at", "locked_at", "locked_by", "error_code", "error_summary", "correlation_id", "channel_id", 
"conversation_id", 'internal' FROM "integrations_integrationinboxevent"; (params ())
[DEBUG] 2026-08-13 21:15:26,800 schema DROP TABLE "integrations_integrationinboxevent"; (params ())
[DEBUG] 2026-08-13 21:15:26,800 schema ALTER TABLE "new__integrations_integrationinboxevent" RENAME TO 
"integrations_integrationinboxevent"; (params ())
[DEBUG] 2026-08-13 21:15:26,803 schema CREATE INDEX "integrations_integrationinboxevent_channel_id_0acc9931" ON 
"integrations_integrationinboxevent" ("channel_id"); (params ())
[DEBUG] 2026-08-13 21:15:26,803 schema CREATE INDEX "integrations_integrationinboxevent_conversation_id_0f0346ca" ON 
"integrations_integrationinboxevent" ("conversation_id"); (params ())
[DEBUG] 2026-08-13 21:15:26,803 schema CREATE INDEX "int_inbox_retry_idx" ON "integrations_integrationinboxevent" 
("status", "next_retry_at"); (params ())
[DEBUG] 2026-08-13 21:15:26,803 schema CREATE INDEX "int_inbox_conv_idx" ON "integrations_integrationinboxevent" 
("conversation_id", "status", "received_at"); (params ())
[DEBUG] 2026-08-13 21:15:26,803 schema CREATE INDEX "int_inbox_corr_idx" ON "integrations_integrationinboxevent" 
("correlation_id"); (params ())
[DEBUG] 2026-08-13 21:15:26,803 schema CREATE INDEX "int_inbox_lock_idx" ON "integrations_integrationinboxevent" 
("locked_at"); (params ())
[DEBUG] 2026-08-13 21:15:26,820 schema CREATE TABLE "new__integrations_integrationinboxevent" ("id" char(32) NOT NULL 
PRIMARY KEY, "provider" varchar(30) NOT NULL, "external_event_id" varchar(255) NOT NULL, "event_type" varchar(80) NOT 
NULL, "idempotency_key" varchar(255) NOT NULL, "payload_hash" varchar(64) NOT NULL, "safe_payload" text NOT NULL CHECK 
((JSON_VALID("safe_payload") OR "safe_payload" IS NULL)), "account_ref" varchar(120) NOT NULL, "inbox_ref" 
varchar(120) NOT NULL, "status" varchar(20) NOT NULL, "attempts" smallint unsigned NOT NULL CHECK ("attempts" >= 0), 
"received_at" datetime NOT NULL, "processing_started_at" datetime NULL, "processed_at" datetime NULL, "next_retry_at" 
datetime NULL, "locked_at" datetime NULL, "locked_by" varchar(120) NOT NULL, "error_code" varchar(80) NOT NULL, 
"error_summary" varchar(255) NOT NULL, "correlation_id" char(32) NOT NULL, "channel_id" bigint NULL REFERENCES 
"whatsapp_whatsappchannel" ("id") DEFERRABLE INITIALLY DEFERRED, "conversation_id" bigint NULL REFERENCES 
"whatsapp_conversacionwhatsapp" ("id") DEFERRABLE INITIALLY DEFERRED, "external_scope" varchar(160) NOT NULL, 
"max_attempts" smallint unsigned NOT NULL CHECK ("max_attempts" >= 0)); (params None)
[DEBUG] 2026-08-13 21:15:26,820 schema INSERT INTO "new__integrations_integrationinboxevent" ("id", "provider", 
"external_event_id", "event_type", "idempotency_key", "payload_hash", "safe_payload", "account_ref", "inbox_ref", 
"status", "attempts", "received_at", "processing_started_at", "processed_at", "next_retry_at", "locked_at", 
"locked_by", "error_code", "error_summary", "correlation_id", "channel_id", "conversation_id", "external_scope", 
"max_attempts") SELECT "id", "provider", "external_event_id", "event_type", "idempotency_key", "payload_hash", 
"safe_payload", "account_ref", "inbox_ref", "status", "attempts", "received_at", "processing_started_at", 
"processed_at", "next_retry_at", "locked_at", "locked_by", "error_code", "error_summary", "correlation_id", 
"channel_id", "conversation_id", "external_scope", 8 FROM "integrations_integrationinboxevent"; (params ())
[DEBUG] 2026-08-13 21:15:26,821 schema DROP TABLE "integrations_integrationinboxevent"; (params ())
[DEBUG] 2026-08-13 21:15:26,821 schema ALTER TABLE "new__integrations_integrationinboxevent" RENAME TO 
"integrations_integrationinboxevent"; (params ())
[DEBUG] 2026-08-13 21:15:26,823 schema CREATE INDEX "integrations_integrationinboxevent_channel_id_0acc9931" ON 
"integrations_integrationinboxevent" ("channel_id"); (params ())
[DEBUG] 2026-08-13 21:15:26,823 schema CREATE INDEX "integrations_integrationinboxevent_conversation_id_0f0346ca" ON 
"integrations_integrationinboxevent" ("conversation_id"); (params ())
[DEBUG] 2026-08-13 21:15:26,823 schema CREATE INDEX "int_inbox_retry_idx" ON "integrations_integrationinboxevent" 
("status", "next_retry_at"); (params ())
[DEBUG] 2026-08-13 21:15:26,823 schema CREATE INDEX "int_inbox_conv_idx" ON "integrations_integrationinboxevent" 
("conversation_id", "status", "received_at"); (params ())
[DEBUG] 2026-08-13 21:15:26,823 schema CREATE INDEX "int_inbox_corr_idx" ON "integrations_integrationinboxevent" 
("correlation_id"); (params ())
[DEBUG] 2026-08-13 21:15:26,824 schema CREATE INDEX "int_inbox_lock_idx" ON "integrations_integrationinboxevent" 
("locked_at"); (params ())
[DEBUG] 2026-08-13 21:15:26,849 schema ALTER TABLE "integrations_integrationmessage" ADD COLUMN "channel_id" bigint 
NULL REFERENCES "whatsapp_whatsappchannel" ("id") DEFERRABLE INITIALLY DEFERRED; (params None)
[DEBUG] 2026-08-13 21:15:26,869 schema CREATE TABLE "new__integrations_integrationmessage" ("id" char(32) NOT NULL 
PRIMARY KEY, "provider" varchar(30) NOT NULL, "external_message_id" varchar(255) NOT NULL, "direction" varchar(12) NOT 
NULL, "author_type" varchar(20) NOT NULL, "visibility" varchar(10) NOT NULL, "content_type" varchar(30) NOT NULL, 
"text" text NOT NULL, "metadata" text NOT NULL CHECK ((JSON_VALID("metadata") OR "metadata" IS NULL)), 
"idempotency_key" varchar(255) NOT NULL UNIQUE, "correlation_id" char(32) NOT NULL, "external_timestamp" datetime 
NULL, "received_at" datetime NOT NULL, "created_at" datetime NOT NULL, "conversation_id" bigint NOT NULL REFERENCES 
"whatsapp_conversacionwhatsapp" ("id") DEFERRABLE INITIALLY DEFERRED, "channel_id" bigint NULL REFERENCES 
"whatsapp_whatsappchannel" ("id") DEFERRABLE INITIALLY DEFERRED, "external_scope" varchar(160) NOT NULL); (params None)
[DEBUG] 2026-08-13 21:15:26,870 schema INSERT INTO "new__integrations_integrationmessage" ("id", "provider", 
"external_message_id", "direction", "author_type", "visibility", "content_type", "text", "metadata", 
"idempotency_key", "correlation_id", "external_timestamp", "received_at", "created_at", "conversation_id", 
"channel_id", "external_scope") SELECT "id", "provider", "external_message_id", "direction", "author_type", 
"visibility", "content_type", "text", "metadata", "idempotency_key", "correlation_id", "external_timestamp", 
"received_at", "created_at", "conversation_id", "channel_id", 'internal' FROM "integrations_integrationmessage"; 
(params ())
[DEBUG] 2026-08-13 21:15:26,870 schema DROP TABLE "integrations_integrationmessage"; (params ())
[DEBUG] 2026-08-13 21:15:26,871 schema ALTER TABLE "new__integrations_integrationmessage" RENAME TO 
"integrations_integrationmessage"; (params ())
[DEBUG] 2026-08-13 21:15:26,873 schema CREATE INDEX "integrations_integrationmessage_conversation_id_02ceb3b1" ON 
"integrations_integrationmessage" ("conversation_id"); (params ())
[DEBUG] 2026-08-13 21:15:26,873 schema CREATE INDEX "integrations_integrationmessage_channel_id_ffd3a1f6" ON 
"integrations_integrationmessage" ("channel_id"); (params ())
[DEBUG] 2026-08-13 21:15:26,874 schema CREATE INDEX "int_msg_conv_order_idx" ON "integrations_integrationmessage" 
("conversation_id", "received_at", "id"); (params ())
[DEBUG] 2026-08-13 21:15:26,874 schema CREATE INDEX "int_msg_corr_idx" ON "integrations_integrationmessage" 
("correlation_id"); (params ())
[DEBUG] 2026-08-13 21:15:26,891 schema CREATE TABLE "new__integrations_integrationoutboxevent" ("id" char(32) NOT NULL 
PRIMARY KEY, "destination" varchar(30) NOT NULL, "event_type" varchar(80) NOT NULL, "idempotency_key" varchar(255) NOT 
NULL, "safe_payload" text NOT NULL CHECK ((JSON_VALID("safe_payload") OR "safe_payload" IS NULL)), "status" 
varchar(20) NOT NULL, "attempts" smallint unsigned NOT NULL CHECK ("attempts" >= 0), "max_attempts" smallint unsigned 
NOT NULL CHECK ("max_attempts" >= 0), "available_at" datetime NOT NULL, "locked_at" datetime NULL, "locked_by" 
varchar(120) NOT NULL, "sent_at" datetime NULL, "external_id" varchar(255) NOT NULL, "error_code" varchar(80) NOT 
NULL, "error_summary" varchar(255) NOT NULL, "correlation_id" char(32) NOT NULL, "created_at" datetime NOT NULL, 
"updated_at" datetime NOT NULL, "conversation_id" bigint NOT NULL REFERENCES "whatsapp_conversacionwhatsapp" ("id") 
DEFERRABLE INITIALLY DEFERRED, "logical_message_id" char(32) NULL REFERENCES "integrations_integrationmessage" ("id") 
DEFERRABLE INITIALLY DEFERRED, "destination_scope" varchar(160) NOT NULL); (params None)
[DEBUG] 2026-08-13 21:15:26,892 schema INSERT INTO "new__integrations_integrationoutboxevent" ("id", "destination", 
"event_type", "idempotency_key", "safe_payload", "status", "attempts", "max_attempts", "available_at", "locked_at", 
"locked_by", "sent_at", "external_id", "error_code", "error_summary", "correlation_id", "created_at", "updated_at", 
"conversation_id", "logical_message_id", "destination_scope") SELECT "id", "destination", "event_type", 
"idempotency_key", "safe_payload", "status", "attempts", "max_attempts", "available_at", "locked_at", "locked_by", 
"sent_at", "external_id", "error_code", "error_summary", "correlation_id", "created_at", "updated_at", 
"conversation_id", "logical_message_id", 'internal' FROM "integrations_integrationoutboxevent"; (params ())
[DEBUG] 2026-08-13 21:15:26,892 schema DROP TABLE "integrations_integrationoutboxevent"; (params ())
[DEBUG] 2026-08-13 21:15:26,892 schema ALTER TABLE "new__integrations_integrationoutboxevent" RENAME TO 
"integrations_integrationoutboxevent"; (params ())
[DEBUG] 2026-08-13 21:15:26,894 schema CREATE INDEX "integrations_integrationoutboxevent_conversation_id_9e12e3af" ON 
"integrations_integrationoutboxevent" ("conversation_id"); (params ())
[DEBUG] 2026-08-13 21:15:26,894 schema CREATE INDEX "integrations_integrationoutboxevent_logical_message_id_bef596e1" 
ON "integrations_integrationoutboxevent" ("logical_message_id"); (params ())
[DEBUG] 2026-08-13 21:15:26,894 schema CREATE INDEX "int_outbox_available_idx" ON 
"integrations_integrationoutboxevent" ("status", "available_at"); (params ())
[DEBUG] 2026-08-13 21:15:26,895 schema CREATE INDEX "int_outbox_conv_idx" ON "integrations_integrationoutboxevent" 
("conversation_id", "status", "created_at"); (params ())
[DEBUG] 2026-08-13 21:15:26,895 schema CREATE INDEX "int_outbox_corr_idx" ON "integrations_integrationoutboxevent" 
("correlation_id"); (params ())
[DEBUG] 2026-08-13 21:15:26,895 schema CREATE INDEX "int_outbox_lock_idx" ON "integrations_integrationoutboxevent" 
("locked_at"); (params ())
[DEBUG] 2026-08-13 21:15:26,913 schema CREATE TABLE "new__integrations_agentmapping" ("id" integer NOT NULL PRIMARY 
KEY AUTOINCREMENT, "active" bool NOT NULL, "sync_status" varchar(15) NOT NULL, "last_error" varchar(255) NOT NULL, 
"last_synced_at" datetime NULL, "user_id" integer NULL REFERENCES "auth_user" ("id") DEFERRABLE INITIALLY DEFERRED, 
"account_id" bigint NOT NULL REFERENCES "integrations_chatwootaccountmapping" ("id") DEFERRABLE INITIALLY DEFERRED, 
"chatwoot_user_id" varchar(80) NULL); (params None)
[DEBUG] 2026-08-13 21:15:26,913 schema INSERT INTO "new__integrations_agentmapping" ("id", "active", "sync_status", 
"last_error", "last_synced_at", "user_id", "account_id", "chatwoot_user_id") SELECT "id", "active", "sync_status", 
"last_error", "last_synced_at", "user_id", "account_id", "chatwoot_user_id" FROM "integrations_agentmapping"; (params 
())
[DEBUG] 2026-08-13 21:15:26,913 schema DROP TABLE "integrations_agentmapping"; (params ())
[DEBUG] 2026-08-13 21:15:26,914 schema ALTER TABLE "new__integrations_agentmapping" RENAME TO 
"integrations_agentmapping"; (params ())
[DEBUG] 2026-08-13 21:15:26,916 schema CREATE INDEX "integrations_agentmapping_user_id_3473de26" ON 
"integrations_agentmapping" ("user_id"); (params ())
[DEBUG] 2026-08-13 21:15:26,916 schema CREATE INDEX "integrations_agentmapping_account_id_e626fceb" ON 
"integrations_agentmapping" ("account_id"); (params ())
[DEBUG] 2026-08-13 21:15:26,928 schema CREATE TABLE "new__integrations_attachmentmapping" ("id" integer NOT NULL 
PRIMARY KEY AUTOINCREMENT, "provider" varchar(30) NOT NULL, "sha256" varchar(64) NOT NULL, "mime_type" varchar(120) 
NOT NULL, "size_bytes" bigint unsigned NULL CHECK ("size_bytes" >= 0), "sync_status" varchar(15) NOT NULL, 
"last_error" varchar(255) NOT NULL, "last_synced_at" datetime NULL, "evidence_id" bigint NULL REFERENCES 
"whatsapp_evidenciawhatsapp" ("id") DEFERRABLE INITIALLY DEFERRED, "logical_message_id" char(32) NULL REFERENCES 
"integrations_integrationmessage" ("id") DEFERRABLE INITIALLY DEFERRED, "external_scope" varchar(160) NOT NULL, 
"external_attachment_id" varchar(255) NULL); (params None)
[DEBUG] 2026-08-13 21:15:26,928 schema INSERT INTO "new__integrations_attachmentmapping" ("id", "provider", "sha256", 
"mime_type", "size_bytes", "sync_status", "last_error", "last_synced_at", "evidence_id", "logical_message_id", 
"external_scope", "external_attachment_id") SELECT "id", "provider", "sha256", "mime_type", "size_bytes", 
"sync_status", "last_error", "last_synced_at", "evidence_id", "logical_message_id", "external_scope", 
"external_attachment_id" FROM "integrations_attachmentmapping"; (params ())
[DEBUG] 2026-08-13 21:15:26,928 schema DROP TABLE "integrations_attachmentmapping"; (params ())
[DEBUG] 2026-08-13 21:15:26,928 schema ALTER TABLE "new__integrations_attachmentmapping" RENAME TO 
"integrations_attachmentmapping"; (params ())
[DEBUG] 2026-08-13 21:15:26,931 schema CREATE INDEX "integrations_attachmentmapping_evidence_id_579994f3" ON 
"integrations_attachmentmapping" ("evidence_id"); (params ())
[DEBUG] 2026-08-13 21:15:26,931 schema CREATE INDEX "integrations_attachmentmapping_logical_message_id_b0874238" ON 
"integrations_attachmentmapping" ("logical_message_id"); (params ())
[DEBUG] 2026-08-13 21:15:26,945 schema CREATE TABLE "new__integrations_channelinboxmapping" ("id" integer NOT NULL 
PRIMARY KEY AUTOINCREMENT, "inbox_identifier" varchar(160) NOT NULL, "active" bool NOT NULL, "sync_status" varchar(15) 
NOT NULL, "last_error" varchar(255) NOT NULL, "last_synced_at" datetime NULL, "channel_id" bigint NOT NULL REFERENCES 
"whatsapp_whatsappchannel" ("id") DEFERRABLE INITIALLY DEFERRED, "account_id" bigint NOT NULL REFERENCES 
"integrations_chatwootaccountmapping" ("id") DEFERRABLE INITIALLY DEFERRED, "inbox_id" varchar(80) NULL); (params None)
[DEBUG] 2026-08-13 21:15:26,946 schema INSERT INTO "new__integrations_channelinboxmapping" ("id", "inbox_identifier", 
"active", "sync_status", "last_error", "last_synced_at", "channel_id", "account_id", "inbox_id") SELECT "id", 
"inbox_identifier", "active", "sync_status", "last_error", "last_synced_at", "channel_id", "account_id", "inbox_id" 
FROM "integrations_channelinboxmapping"; (params ())
[DEBUG] 2026-08-13 21:15:26,946 schema DROP TABLE "integrations_channelinboxmapping"; (params ())
[DEBUG] 2026-08-13 21:15:26,946 schema ALTER TABLE "new__integrations_channelinboxmapping" RENAME TO 
"integrations_channelinboxmapping"; (params ())
[DEBUG] 2026-08-13 21:15:26,949 schema CREATE UNIQUE INDEX "int_channel_active_inbox_uniq" ON 
"integrations_channelinboxmapping" ("channel_id") WHERE "active"; (params ())
[DEBUG] 2026-08-13 21:15:26,949 schema CREATE INDEX "integrations_channelinboxmapping_channel_id_6d74e0ff" ON 
"integrations_channelinboxmapping" ("channel_id"); (params ())
[DEBUG] 2026-08-13 21:15:26,949 schema CREATE INDEX "integrations_channelinboxmapping_account_id_f3e2da7d" ON 
"integrations_channelinboxmapping" ("account_id"); (params ())
[DEBUG] 2026-08-13 21:15:26,954 schema CREATE TABLE "new__integrations_chatwootaccountmapping" ("id" integer NOT NULL 
PRIMARY KEY AUTOINCREMENT, "environment" varchar(40) NOT NULL, "active" bool NOT NULL, "sync_status" varchar(15) NOT 
NULL, "last_error" varchar(255) NOT NULL, "last_synced_at" datetime NULL, "account_id" varchar(80) NULL); (params None)
[DEBUG] 2026-08-13 21:15:26,954 schema INSERT INTO "new__integrations_chatwootaccountmapping" ("id", "environment", 
"active", "sync_status", "last_error", "last_synced_at", "account_id") SELECT "id", "environment", "active", 
"sync_status", "last_error", "last_synced_at", "account_id" FROM "integrations_chatwootaccountmapping"; (params ())
[DEBUG] 2026-08-13 21:15:26,955 schema DROP TABLE "integrations_chatwootaccountmapping"; (params ())
[DEBUG] 2026-08-13 21:15:26,955 schema ALTER TABLE "new__integrations_chatwootaccountmapping" RENAME TO 
"integrations_chatwootaccountmapping"; (params ())
[DEBUG] 2026-08-13 21:15:26,967 schema CREATE TABLE "new__integrations_chatwootcontactmapping" ("id" integer NOT NULL 
PRIMARY KEY AUTOINCREMENT, "sync_status" varchar(15) NOT NULL, "last_error" varchar(255) NOT NULL, "last_synced_at" 
datetime NULL, "account_id" bigint NOT NULL REFERENCES "integrations_chatwootaccountmapping" ("id") DEFERRABLE 
INITIALLY DEFERRED, "cliente_id" bigint NOT NULL REFERENCES "clientes_cliente" ("id") DEFERRABLE INITIALLY DEFERRED, 
"active" bool NOT NULL, "contact_id" varchar(80) NULL); (params None)
[DEBUG] 2026-08-13 21:15:26,967 schema INSERT INTO "new__integrations_chatwootcontactmapping" ("id", "sync_status", 
"last_error", "last_synced_at", "account_id", "cliente_id", "active", "contact_id") SELECT "id", "sync_status", 
"last_error", "last_synced_at", "account_id", "cliente_id", "active", "contact_id" FROM 
"integrations_chatwootcontactmapping"; (params ())
[DEBUG] 2026-08-13 21:15:26,967 schema DROP TABLE "integrations_chatwootcontactmapping"; (params ())
[DEBUG] 2026-08-13 21:15:26,968 schema ALTER TABLE "new__integrations_chatwootcontactmapping" RENAME TO 
"integrations_chatwootcontactmapping"; (params ())
[DEBUG] 2026-08-13 21:15:26,970 schema CREATE INDEX "integrations_chatwootcontactmapping_account_id_e4f32269" ON 
"integrations_chatwootcontactmapping" ("account_id"); (params ())
[DEBUG] 2026-08-13 21:15:26,970 schema CREATE INDEX "integrations_chatwootcontactmapping_cliente_id_ae48d14a" ON 
"integrations_chatwootcontactmapping" ("cliente_id"); (params ())
[DEBUG] 2026-08-13 21:15:26,975 schema CREATE TABLE "new__integrations_contactinboxmapping" ("id" integer NOT NULL 
PRIMARY KEY AUTOINCREMENT, "sync_status" varchar(15) NOT NULL, "last_error" varchar(255) NOT NULL, "last_synced_at" 
datetime NULL, "contact_id" bigint NOT NULL REFERENCES "integrations_chatwootcontactmapping" ("id") DEFERRABLE 
INITIALLY DEFERRED, "inbox_id" bigint NOT NULL REFERENCES "integrations_channelinboxmapping" ("id") DEFERRABLE 
INITIALLY DEFERRED, "source_id" varchar(160) NULL, CONSTRAINT "int_cw_contact_inbox_uniq" UNIQUE ("contact_id", 
"inbox_id")); (params None)
[DEBUG] 2026-08-13 21:15:26,976 schema INSERT INTO "new__integrations_contactinboxmapping" ("id", "sync_status", 
"last_error", "last_synced_at", "contact_id", "inbox_id", "source_id") SELECT "id", "sync_status", "last_error", 
"last_synced_at", "contact_id", "inbox_id", "source_id" FROM "integrations_contactinboxmapping"; (params ())
[DEBUG] 2026-08-13 21:15:26,976 schema DROP TABLE "integrations_contactinboxmapping"; (params ())
[DEBUG] 2026-08-13 21:15:26,976 schema ALTER TABLE "new__integrations_contactinboxmapping" RENAME TO 
"integrations_contactinboxmapping"; (params ())
[DEBUG] 2026-08-13 21:15:26,978 schema CREATE INDEX "integrations_contactinboxmapping_contact_id_46ae040e" ON 
"integrations_contactinboxmapping" ("contact_id"); (params ())
[DEBUG] 2026-08-13 21:15:26,978 schema CREATE INDEX "integrations_contactinboxmapping_inbox_id_34c1919d" ON 
"integrations_contactinboxmapping" ("inbox_id"); (params ())
[DEBUG] 2026-08-13 21:15:26,994 schema CREATE TABLE "new__integrations_conversationmapping" ("id" integer NOT NULL 
PRIMARY KEY AUTOINCREMENT, "active" bool NOT NULL, "sync_status" varchar(15) NOT NULL, "last_error" varchar(255) NOT 
NULL, "last_synced_at" datetime NULL, "contact_inbox_id" bigint NOT NULL REFERENCES "integrations_contactinboxmapping" 
("id") DEFERRABLE INITIALLY DEFERRED, "conversation_id" bigint NOT NULL REFERENCES "whatsapp_conversacionwhatsapp" 
("id") DEFERRABLE INITIALLY DEFERRED, "external_conversation_id" varchar(80) NULL); (params None)
[DEBUG] 2026-08-13 21:15:26,994 schema INSERT INTO "new__integrations_conversationmapping" ("id", "active", 
"sync_status", "last_error", "last_synced_at", "contact_inbox_id", "conversation_id", "external_conversation_id") 
SELECT "id", "active", "sync_status", "last_error", "last_synced_at", "contact_inbox_id", "conversation_id", 
"external_conversation_id" FROM "integrations_conversationmapping"; (params ())
[DEBUG] 2026-08-13 21:15:26,994 schema DROP TABLE "integrations_conversationmapping"; (params ())
[DEBUG] 2026-08-13 21:15:26,995 schema ALTER TABLE "new__integrations_conversationmapping" RENAME TO 
"integrations_conversationmapping"; (params ())
[DEBUG] 2026-08-13 21:15:26,997 schema CREATE UNIQUE INDEX "int_local_active_conv_map_uniq" ON 
"integrations_conversationmapping" ("conversation_id") WHERE "active"; (params ())
[DEBUG] 2026-08-13 21:15:26,997 schema CREATE INDEX "integrations_conversationmapping_contact_inbox_id_25cf93ee" ON 
"integrations_conversationmapping" ("contact_inbox_id"); (params ())
[DEBUG] 2026-08-13 21:15:26,997 schema CREATE INDEX "integrations_conversationmapping_conversation_id_29554f2e" ON 
"integrations_conversationmapping" ("conversation_id"); (params ())
[DEBUG] 2026-08-13 21:15:27,008 schema CREATE TABLE "new__integrations_externalmessagemapping" ("id" integer NOT NULL 
PRIMARY KEY AUTOINCREMENT, "provider" varchar(30) NOT NULL, "account_scope" varchar(120) NOT NULL, "sync_status" 
varchar(15) NOT NULL, "last_error" varchar(255) NOT NULL, "last_synced_at" datetime NULL, "whatsapp_message_id" bigint 
NULL REFERENCES "whatsapp_mensajewhatsapp" ("id") DEFERRABLE INITIALLY DEFERRED, "logical_message_id" char(32) NULL 
REFERENCES "integrations_integrationmessage" ("id") DEFERRABLE INITIALLY DEFERRED, "external_id" varchar(255) NULL); 
(params None)
[DEBUG] 2026-08-13 21:15:27,009 schema INSERT INTO "new__integrations_externalmessagemapping" ("id", "provider", 
"account_scope", "sync_status", "last_error", "last_synced_at", "whatsapp_message_id", "logical_message_id", 
"external_id") SELECT "id", "provider", "account_scope", "sync_status", "last_error", "last_synced_at", 
"whatsapp_message_id", "logical_message_id", "external_id" FROM "integrations_externalmessagemapping"; (params ())
[DEBUG] 2026-08-13 21:15:27,009 schema DROP TABLE "integrations_externalmessagemapping"; (params ())
[DEBUG] 2026-08-13 21:15:27,009 schema ALTER TABLE "new__integrations_externalmessagemapping" RENAME TO 
"integrations_externalmessagemapping"; (params ())
[DEBUG] 2026-08-13 21:15:27,011 schema CREATE INDEX "integrations_externalmessagemapping_whatsapp_message_id_6427f5a9" 
ON "integrations_externalmessagemapping" ("whatsapp_message_id"); (params ())
[DEBUG] 2026-08-13 21:15:27,011 schema CREATE INDEX "integrations_externalmessagemapping_logical_message_id_86c87118" 
ON "integrations_externalmessagemapping" ("logical_message_id"); (params ())
[DEBUG] 2026-08-13 21:15:27,028 schema CREATE TABLE "new__integrations_integrationinboxevent" ("id" char(32) NOT NULL 
PRIMARY KEY, "provider" varchar(30) NOT NULL, "event_type" varchar(80) NOT NULL, "idempotency_key" varchar(255) NOT 
NULL, "payload_hash" varchar(64) NOT NULL, "safe_payload" text NOT NULL CHECK ((JSON_VALID("safe_payload") OR 
"safe_payload" IS NULL)), "account_ref" varchar(120) NOT NULL, "inbox_ref" varchar(120) NOT NULL, "status" varchar(20) 
NOT NULL, "attempts" smallint unsigned NOT NULL CHECK ("attempts" >= 0), "received_at" datetime NOT NULL, 
"processing_started_at" datetime NULL, "processed_at" datetime NULL, "next_retry_at" datetime NULL, "locked_at" 
datetime NULL, "locked_by" varchar(120) NOT NULL, "error_code" varchar(80) NOT NULL, "error_summary" varchar(255) NOT 
NULL, "correlation_id" char(32) NOT NULL, "channel_id" bigint NULL REFERENCES "whatsapp_whatsappchannel" ("id") 
DEFERRABLE INITIALLY DEFERRED, "conversation_id" bigint NULL REFERENCES "whatsapp_conversacionwhatsapp" ("id") 
DEFERRABLE INITIALLY DEFERRED, "external_scope" varchar(160) NOT NULL, "max_attempts" smallint unsigned NOT NULL CHECK 
("max_attempts" >= 0), "external_event_id" varchar(255) NULL); (params None)
[DEBUG] 2026-08-13 21:15:27,029 schema INSERT INTO "new__integrations_integrationinboxevent" ("id", "provider", 
"event_type", "idempotency_key", "payload_hash", "safe_payload", "account_ref", "inbox_ref", "status", "attempts", 
"received_at", "processing_started_at", "processed_at", "next_retry_at", "locked_at", "locked_by", "error_code", 
"error_summary", "correlation_id", "channel_id", "conversation_id", "external_scope", "max_attempts", 
"external_event_id") SELECT "id", "provider", "event_type", "idempotency_key", "payload_hash", "safe_payload", 
"account_ref", "inbox_ref", "status", "attempts", "received_at", "processing_started_at", "processed_at", 
"next_retry_at", "locked_at", "locked_by", "error_code", "error_summary", "correlation_id", "channel_id", 
"conversation_id", "external_scope", "max_attempts", "external_event_id" FROM "integrations_integrationinboxevent"; 
(params ())
[DEBUG] 2026-08-13 21:15:27,029 schema DROP TABLE "integrations_integrationinboxevent"; (params ())
[DEBUG] 2026-08-13 21:15:27,029 schema ALTER TABLE "new__integrations_integrationinboxevent" RENAME TO 
"integrations_integrationinboxevent"; (params ())
[DEBUG] 2026-08-13 21:15:27,031 schema CREATE INDEX "integrations_integrationinboxevent_channel_id_0acc9931" ON 
"integrations_integrationinboxevent" ("channel_id"); (params ())
[DEBUG] 2026-08-13 21:15:27,032 schema CREATE INDEX "integrations_integrationinboxevent_conversation_id_0f0346ca" ON 
"integrations_integrationinboxevent" ("conversation_id"); (params ())
[DEBUG] 2026-08-13 21:15:27,032 schema CREATE INDEX "int_inbox_retry_idx" ON "integrations_integrationinboxevent" 
("status", "next_retry_at"); (params ())
[DEBUG] 2026-08-13 21:15:27,032 schema CREATE INDEX "int_inbox_conv_idx" ON "integrations_integrationinboxevent" 
("conversation_id", "status", "received_at"); (params ())
[DEBUG] 2026-08-13 21:15:27,032 schema CREATE INDEX "int_inbox_corr_idx" ON "integrations_integrationinboxevent" 
("correlation_id"); (params ())
[DEBUG] 2026-08-13 21:15:27,032 schema CREATE INDEX "int_inbox_lock_idx" ON "integrations_integrationinboxevent" 
("locked_at"); (params ())
[DEBUG] 2026-08-13 21:15:27,067 schema CREATE TABLE "new__integrations_integrationmessage" ("id" char(32) NOT NULL 
PRIMARY KEY, "provider" varchar(30) NOT NULL, "direction" varchar(12) NOT NULL, "author_type" varchar(20) NOT NULL, 
"visibility" varchar(10) NOT NULL, "content_type" varchar(30) NOT NULL, "text" text NOT NULL, "metadata" text NOT NULL 
CHECK ((JSON_VALID("metadata") OR "metadata" IS NULL)), "idempotency_key" varchar(255) NOT NULL UNIQUE, 
"correlation_id" char(32) NOT NULL, "external_timestamp" datetime NULL, "received_at" datetime NOT NULL, "created_at" 
datetime NOT NULL, "conversation_id" bigint NOT NULL REFERENCES "whatsapp_conversacionwhatsapp" ("id") DEFERRABLE 
INITIALLY DEFERRED, "channel_id" bigint NULL REFERENCES "whatsapp_whatsappchannel" ("id") DEFERRABLE INITIALLY 
DEFERRED, "external_scope" varchar(160) NOT NULL, "external_message_id" varchar(255) NULL); (params None)
[DEBUG] 2026-08-13 21:15:27,067 schema INSERT INTO "new__integrations_integrationmessage" ("id", "provider", 
"direction", "author_type", "visibility", "content_type", "text", "metadata", "idempotency_key", "correlation_id", 
"external_timestamp", "received_at", "created_at", "conversation_id", "channel_id", "external_scope", 
"external_message_id") SELECT "id", "provider", "direction", "author_type", "visibility", "content_type", "text", 
"metadata", "idempotency_key", "correlation_id", "external_timestamp", "received_at", "created_at", "conversation_id", 
"channel_id", "external_scope", "external_message_id" FROM "integrations_integrationmessage"; (params ())
[DEBUG] 2026-08-13 21:15:27,067 schema DROP TABLE "integrations_integrationmessage"; (params ())
[DEBUG] 2026-08-13 21:15:27,068 schema ALTER TABLE "new__integrations_integrationmessage" RENAME TO 
"integrations_integrationmessage"; (params ())
[DEBUG] 2026-08-13 21:15:27,070 schema CREATE INDEX "integrations_integrationmessage_conversation_id_02ceb3b1" ON 
"integrations_integrationmessage" ("conversation_id"); (params ())
[DEBUG] 2026-08-13 21:15:27,070 schema CREATE INDEX "integrations_integrationmessage_channel_id_ffd3a1f6" ON 
"integrations_integrationmessage" ("channel_id"); (params ())
[DEBUG] 2026-08-13 21:15:27,071 schema CREATE INDEX "int_msg_conv_order_idx" ON "integrations_integrationmessage" 
("conversation_id", "received_at", "id"); (params ())
[DEBUG] 2026-08-13 21:15:27,071 schema CREATE INDEX "int_msg_corr_idx" ON "integrations_integrationmessage" 
("correlation_id"); (params ())
[DEBUG] 2026-08-13 21:15:27,089 schema CREATE TABLE "new__integrations_integrationmessage" ("id" char(32) NOT NULL 
PRIMARY KEY, "provider" varchar(30) NOT NULL, "external_message_id" varchar(255) NULL, "direction" varchar(12) NOT 
NULL, "author_type" varchar(20) NOT NULL, "visibility" varchar(10) NOT NULL, "content_type" varchar(30) NOT NULL, 
"text" text NOT NULL, "metadata" text NOT NULL CHECK ((JSON_VALID("metadata") OR "metadata" IS NULL)), 
"correlation_id" char(32) NOT NULL, "external_timestamp" datetime NULL, "received_at" datetime NOT NULL, "created_at" 
datetime NOT NULL, "conversation_id" bigint NOT NULL REFERENCES "whatsapp_conversacionwhatsapp" ("id") DEFERRABLE 
INITIALLY DEFERRED, "channel_id" bigint NULL REFERENCES "whatsapp_whatsappchannel" ("id") DEFERRABLE INITIALLY 
DEFERRED, "external_scope" varchar(160) NOT NULL, "idempotency_key" varchar(255) NOT NULL); (params None)
[DEBUG] 2026-08-13 21:15:27,089 schema INSERT INTO "new__integrations_integrationmessage" ("id", "provider", 
"external_message_id", "direction", "author_type", "visibility", "content_type", "text", "metadata", "correlation_id", 
"external_timestamp", "received_at", "created_at", "conversation_id", "channel_id", "external_scope", 
"idempotency_key") SELECT "id", "provider", "external_message_id", "direction", "author_type", "visibility", 
"content_type", "text", "metadata", "correlation_id", "external_timestamp", "received_at", "created_at", 
"conversation_id", "channel_id", "external_scope", "idempotency_key" FROM "integrations_integrationmessage"; (params 
())
[DEBUG] 2026-08-13 21:15:27,090 schema DROP TABLE "integrations_integrationmessage"; (params ())
[DEBUG] 2026-08-13 21:15:27,090 schema ALTER TABLE "new__integrations_integrationmessage" RENAME TO 
"integrations_integrationmessage"; (params ())
[DEBUG] 2026-08-13 21:15:27,092 schema CREATE INDEX "integrations_integrationmessage_conversation_id_02ceb3b1" ON 
"integrations_integrationmessage" ("conversation_id"); (params ())
[DEBUG] 2026-08-13 21:15:27,092 schema CREATE INDEX "integrations_integrationmessage_channel_id_ffd3a1f6" ON 
"integrations_integrationmessage" ("channel_id"); (params ())
[DEBUG] 2026-08-13 21:15:27,092 schema CREATE INDEX "int_msg_conv_order_idx" ON "integrations_integrationmessage" 
("conversation_id", "received_at", "id"); (params ())
[DEBUG] 2026-08-13 21:15:27,092 schema CREATE INDEX "int_msg_corr_idx" ON "integrations_integrationmessage" 
("correlation_id"); (params ())
[DEBUG] 2026-08-13 21:15:27,107 schema CREATE UNIQUE INDEX "int_cw_agent_uniq" ON "integrations_agentmapping" 
("account_id", "chatwoot_user_id") WHERE ("chatwoot_user_id" IS NOT NULL AND NOT ("chatwoot_user_id" = '' AND 
"chatwoot_user_id" IS NOT NULL)); (params None)
[DEBUG] 2026-08-13 21:15:27,122 schema CREATE UNIQUE INDEX "int_cw_active_user_uniq" ON "integrations_agentmapping" 
("account_id", "user_id") WHERE ("active" AND "user_id" IS NOT NULL); (params None)
[DEBUG] 2026-08-13 21:15:27,133 schema CREATE UNIQUE INDEX "int_ext_attachment_uniq" ON 
"integrations_attachmentmapping" ("provider", "external_scope", "external_attachment_id") WHERE 
("external_attachment_id" IS NOT NULL AND NOT ("external_attachment_id" = '' AND "external_attachment_id" IS NOT 
NULL)); (params None)
[DEBUG] 2026-08-13 21:15:27,146 schema CREATE UNIQUE INDEX "int_cw_inbox_uniq" ON "integrations_channelinboxmapping" 
("account_id", "inbox_id") WHERE ("inbox_id" IS NOT NULL AND NOT ("inbox_id" = '' AND "inbox_id" IS NOT NULL)); 
(params None)
[DEBUG] 2026-08-13 21:15:27,149 schema CREATE UNIQUE INDEX "int_cw_account_uniq" ON 
"integrations_chatwootaccountmapping" ("environment", "account_id") WHERE ("account_id" IS NOT NULL AND NOT 
("account_id" = '' AND "account_id" IS NOT NULL)); (params None)
[DEBUG] 2026-08-13 21:15:27,159 schema CREATE UNIQUE INDEX "int_cw_contact_uniq" ON 
"integrations_chatwootcontactmapping" ("account_id", "contact_id") WHERE ("contact_id" IS NOT NULL AND NOT 
("contact_id" = '' AND "contact_id" IS NOT NULL)); (params None)
[DEBUG] 2026-08-13 21:15:27,168 schema CREATE UNIQUE INDEX "int_client_active_contact_uniq" ON 
"integrations_chatwootcontactmapping" ("cliente_id", "account_id") WHERE "active"; (params None)
[DEBUG] 2026-08-13 21:15:27,173 schema CREATE UNIQUE INDEX "int_cw_source_uniq" ON "integrations_contactinboxmapping" 
("inbox_id", "source_id") WHERE ("source_id" IS NOT NULL AND NOT ("source_id" = '' AND "source_id" IS NOT NULL)); 
(params None)
[DEBUG] 2026-08-13 21:15:27,189 schema CREATE UNIQUE INDEX "int_cw_conversation_uniq" ON 
"integrations_conversationmapping" ("contact_inbox_id", "external_conversation_id") WHERE ("external_conversation_id" 
IS NOT NULL AND NOT ("external_conversation_id" = '' AND "external_conversation_id" IS NOT NULL)); (params None)
[DEBUG] 2026-08-13 21:15:27,199 schema CREATE UNIQUE INDEX "int_ext_message_uniq" ON 
"integrations_externalmessagemapping" ("provider", "account_scope", "external_id") WHERE ("external_id" IS NOT NULL 
AND NOT ("external_id" = '' AND "external_id" IS NOT NULL)); (params None)
[DEBUG] 2026-08-13 21:15:27,216 schema CREATE TABLE "new__integrations_integrationinboxevent" ("id" char(32) NOT NULL 
PRIMARY KEY, "provider" varchar(30) NOT NULL, "external_event_id" varchar(255) NULL, "event_type" varchar(80) NOT 
NULL, "idempotency_key" varchar(255) NOT NULL, "payload_hash" varchar(64) NOT NULL, "safe_payload" text NOT NULL CHECK 
((JSON_VALID("safe_payload") OR "safe_payload" IS NULL)), "account_ref" varchar(120) NOT NULL, "inbox_ref" 
varchar(120) NOT NULL, "status" varchar(20) NOT NULL, "attempts" smallint unsigned NOT NULL CHECK ("attempts" >= 0), 
"received_at" datetime NOT NULL, "processing_started_at" datetime NULL, "processed_at" datetime NULL, "next_retry_at" 
datetime NULL, "locked_at" datetime NULL, "locked_by" varchar(120) NOT NULL, "error_code" varchar(80) NOT NULL, 
"error_summary" varchar(255) NOT NULL, "correlation_id" char(32) NOT NULL, "channel_id" bigint NULL REFERENCES 
"whatsapp_whatsappchannel" ("id") DEFERRABLE INITIALLY DEFERRED, "conversation_id" bigint NULL REFERENCES 
"whatsapp_conversacionwhatsapp" ("id") DEFERRABLE INITIALLY DEFERRED, "external_scope" varchar(160) NOT NULL, 
"max_attempts" smallint unsigned NOT NULL CHECK ("max_attempts" >= 0), CONSTRAINT "int_inbox_scope_idem_uniq" UNIQUE 
("provider", "external_scope", "idempotency_key")); (params None)
[DEBUG] 2026-08-13 21:15:27,217 schema INSERT INTO "new__integrations_integrationinboxevent" ("id", "provider", 
"external_event_id", "event_type", "idempotency_key", "payload_hash", "safe_payload", "account_ref", "inbox_ref", 
"status", "attempts", "received_at", "processing_started_at", "processed_at", "next_retry_at", "locked_at", 
"locked_by", "error_code", "error_summary", "correlation_id", "channel_id", "conversation_id", "external_scope", 
"max_attempts") SELECT "id", "provider", "external_event_id", "event_type", "idempotency_key", "payload_hash", 
"safe_payload", "account_ref", "inbox_ref", "status", "attempts", "received_at", "processing_started_at", 
"processed_at", "next_retry_at", "locked_at", "locked_by", "error_code", "error_summary", "correlation_id", 
"channel_id", "conversation_id", "external_scope", "max_attempts" FROM "integrations_integrationinboxevent"; (params 
())
[DEBUG] 2026-08-13 21:15:27,217 schema DROP TABLE "integrations_integrationinboxevent"; (params ())
[DEBUG] 2026-08-13 21:15:27,217 schema ALTER TABLE "new__integrations_integrationinboxevent" RENAME TO 
"integrations_integrationinboxevent"; (params ())
[DEBUG] 2026-08-13 21:15:27,219 schema CREATE INDEX "integrations_integrationinboxevent_channel_id_0acc9931" ON 
"integrations_integrationinboxevent" ("channel_id"); (params ())
[DEBUG] 2026-08-13 21:15:27,220 schema CREATE INDEX "integrations_integrationinboxevent_conversation_id_0f0346ca" ON 
"integrations_integrationinboxevent" ("conversation_id"); (params ())
[DEBUG] 2026-08-13 21:15:27,220 schema CREATE INDEX "int_inbox_retry_idx" ON "integrations_integrationinboxevent" 
("status", "next_retry_at"); (params ())
[DEBUG] 2026-08-13 21:15:27,220 schema CREATE INDEX "int_inbox_conv_idx" ON "integrations_integrationinboxevent" 
("conversation_id", "status", "received_at"); (params ())
[DEBUG] 2026-08-13 21:15:27,220 schema CREATE INDEX "int_inbox_corr_idx" ON "integrations_integrationinboxevent" 
("correlation_id"); (params ())
[DEBUG] 2026-08-13 21:15:27,220 schema CREATE INDEX "int_inbox_lock_idx" ON "integrations_integrationinboxevent" 
("locked_at"); (params ())
[DEBUG] 2026-08-13 21:15:27,236 schema CREATE UNIQUE INDEX "int_inbox_scope_ext_uniq" ON 
"integrations_integrationinboxevent" ("provider", "external_scope", "external_event_id") WHERE ("external_event_id" IS 
NOT NULL AND NOT ("external_event_id" = '' AND "external_event_id" IS NOT NULL)); (params None)
[DEBUG] 2026-08-13 21:15:27,254 schema CREATE UNIQUE INDEX "int_msg_scope_ext_uniq" ON 
"integrations_integrationmessage" ("provider", "external_scope", "external_message_id") WHERE ("external_message_id" 
IS NOT NULL AND NOT ("external_message_id" = '' AND "external_message_id" IS NOT NULL)); (params None)
[DEBUG] 2026-08-13 21:15:27,273 schema CREATE TABLE "new__integrations_integrationmessage" ("id" char(32) NOT NULL 
PRIMARY KEY, "provider" varchar(30) NOT NULL, "external_message_id" varchar(255) NULL, "direction" varchar(12) NOT 
NULL, "author_type" varchar(20) NOT NULL, "visibility" varchar(10) NOT NULL, "content_type" varchar(30) NOT NULL, 
"text" text NOT NULL, "metadata" text NOT NULL CHECK ((JSON_VALID("metadata") OR "metadata" IS NULL)), 
"idempotency_key" varchar(255) NOT NULL, "correlation_id" char(32) NOT NULL, "external_timestamp" datetime NULL, 
"received_at" datetime NOT NULL, "created_at" datetime NOT NULL, "conversation_id" bigint NOT NULL REFERENCES 
"whatsapp_conversacionwhatsapp" ("id") DEFERRABLE INITIALLY DEFERRED, "channel_id" bigint NULL REFERENCES 
"whatsapp_whatsappchannel" ("id") DEFERRABLE INITIALLY DEFERRED, "external_scope" varchar(160) NOT NULL, CONSTRAINT 
"int_msg_scope_idem_uniq" UNIQUE ("provider", "external_scope", "idempotency_key")); (params None)
[DEBUG] 2026-08-13 21:15:27,274 schema INSERT INTO "new__integrations_integrationmessage" ("id", "provider", 
"external_message_id", "direction", "author_type", "visibility", "content_type", "text", "metadata", 
"idempotency_key", "correlation_id", "external_timestamp", "received_at", "created_at", "conversation_id", 
"channel_id", "external_scope") SELECT "id", "provider", "external_message_id", "direction", "author_type", 
"visibility", "content_type", "text", "metadata", "idempotency_key", "correlation_id", "external_timestamp", 
"received_at", "created_at", "conversation_id", "channel_id", "external_scope" FROM "integrations_integrationmessage"; 
(params ())
[DEBUG] 2026-08-13 21:15:27,274 schema DROP TABLE "integrations_integrationmessage"; (params ())
[DEBUG] 2026-08-13 21:15:27,274 schema ALTER TABLE "new__integrations_integrationmessage" RENAME TO 
"integrations_integrationmessage"; (params ())
[DEBUG] 2026-08-13 21:15:27,277 schema CREATE UNIQUE INDEX "int_msg_scope_ext_uniq" ON 
"integrations_integrationmessage" ("provider", "external_scope", "external_message_id") WHERE ("external_message_id" 
IS NOT NULL AND NOT ("external_message_id" = '' AND "external_message_id" IS NOT NULL)); (params ())
[DEBUG] 2026-08-13 21:15:27,277 schema CREATE INDEX "integrations_integrationmessage_conversation_id_02ceb3b1" ON 
"integrations_integrationmessage" ("conversation_id"); (params ())
[DEBUG] 2026-08-13 21:15:27,277 schema CREATE INDEX "integrations_integrationmessage_channel_id_ffd3a1f6" ON 
"integrations_integrationmessage" ("channel_id"); (params ())
[DEBUG] 2026-08-13 21:15:27,277 schema CREATE INDEX "int_msg_conv_order_idx" ON "integrations_integrationmessage" 
("conversation_id", "received_at", "id"); (params ())
[DEBUG] 2026-08-13 21:15:27,277 schema CREATE INDEX "int_msg_corr_idx" ON "integrations_integrationmessage" 
("correlation_id"); (params ())
[DEBUG] 2026-08-13 21:15:27,295 schema CREATE TABLE "new__integrations_integrationoutboxevent" ("id" char(32) NOT NULL 
PRIMARY KEY, "destination" varchar(30) NOT NULL, "event_type" varchar(80) NOT NULL, "idempotency_key" varchar(255) NOT 
NULL, "safe_payload" text NOT NULL CHECK ((JSON_VALID("safe_payload") OR "safe_payload" IS NULL)), "status" 
varchar(20) NOT NULL, "attempts" smallint unsigned NOT NULL CHECK ("attempts" >= 0), "max_attempts" smallint unsigned 
NOT NULL CHECK ("max_attempts" >= 0), "available_at" datetime NOT NULL, "locked_at" datetime NULL, "locked_by" 
varchar(120) NOT NULL, "sent_at" datetime NULL, "external_id" varchar(255) NOT NULL, "error_code" varchar(80) NOT 
NULL, "error_summary" varchar(255) NOT NULL, "correlation_id" char(32) NOT NULL, "created_at" datetime NOT NULL, 
"updated_at" datetime NOT NULL, "conversation_id" bigint NOT NULL REFERENCES "whatsapp_conversacionwhatsapp" ("id") 
DEFERRABLE INITIALLY DEFERRED, "logical_message_id" char(32) NULL REFERENCES "integrations_integrationmessage" ("id") 
DEFERRABLE INITIALLY DEFERRED, "destination_scope" varchar(160) NOT NULL, CONSTRAINT "int_outbox_scope_idem_uniq" 
UNIQUE ("destination", "destination_scope", "idempotency_key")); (params None)
[DEBUG] 2026-08-13 21:15:27,296 schema INSERT INTO "new__integrations_integrationoutboxevent" ("id", "destination", 
"event_type", "idempotency_key", "safe_payload", "status", "attempts", "max_attempts", "available_at", "locked_at", 
"locked_by", "sent_at", "external_id", "error_code", "error_summary", "correlation_id", "created_at", "updated_at", 
"conversation_id", "logical_message_id", "destination_scope") SELECT "id", "destination", "event_type", 
"idempotency_key", "safe_payload", "status", "attempts", "max_attempts", "available_at", "locked_at", "locked_by", 
"sent_at", "external_id", "error_code", "error_summary", "correlation_id", "created_at", "updated_at", 
"conversation_id", "logical_message_id", "destination_scope" FROM "integrations_integrationoutboxevent"; (params ())
[DEBUG] 2026-08-13 21:15:27,296 schema DROP TABLE "integrations_integrationoutboxevent"; (params ())
[DEBUG] 2026-08-13 21:15:27,296 schema ALTER TABLE "new__integrations_integrationoutboxevent" RENAME TO 
"integrations_integrationoutboxevent"; (params ())
[DEBUG] 2026-08-13 21:15:27,299 schema CREATE INDEX "integrations_integrationoutboxevent_conversation_id_9e12e3af" ON 
"integrations_integrationoutboxevent" ("conversation_id"); (params ())
[DEBUG] 2026-08-13 21:15:27,299 schema CREATE INDEX "integrations_integrationoutboxevent_logical_message_id_bef596e1" 
ON "integrations_integrationoutboxevent" ("logical_message_id"); (params ())
[DEBUG] 2026-08-13 21:15:27,299 schema CREATE INDEX "int_outbox_available_idx" ON 
"integrations_integrationoutboxevent" ("status", "available_at"); (params ())
[DEBUG] 2026-08-13 21:15:27,299 schema CREATE INDEX "int_outbox_conv_idx" ON "integrations_integrationoutboxevent" 
("conversation_id", "status", "created_at"); (params ())
[DEBUG] 2026-08-13 21:15:27,299 schema CREATE INDEX "int_outbox_corr_idx" ON "integrations_integrationoutboxevent" 
("correlation_id"); (params ())
[DEBUG] 2026-08-13 21:15:27,299 schema CREATE INDEX "int_outbox_lock_idx" ON "integrations_integrationoutboxevent" 
("locked_at"); (params ())
[DEBUG] 2026-08-13 21:15:27,317 schema CREATE UNIQUE INDEX "int_outbox_logical_dest_uniq" ON 
"integrations_integrationoutboxevent" ("destination", "destination_scope", "logical_message_id", "event_type") WHERE 
"logical_message_id" IS NOT NULL; (params None)
[DEBUG] 2026-08-13 21:15:27,328 schema CREATE UNIQUE INDEX "int_msg_local_provider_uniq" ON 
"integrations_externalmessagemapping" ("provider", "account_scope", "whatsapp_message_id") WHERE "whatsapp_message_id" 
IS NOT NULL; (params None)
[DEBUG] 2026-08-13 21:15:27,364 schema CREATE TABLE "cotizador_cotizacion" ("id" integer NOT NULL PRIMARY KEY 
AUTOINCREMENT, "precio_min" decimal NOT NULL, "precio_max" decimal NOT NULL, "precio_recomendado" decimal NOT NULL, 
"servicios_similares_encontrados" integer unsigned NOT NULL CHECK ("servicios_similares_encontrados" >= 0), 
"explicacion" text NOT NULL, "fecha_creacion" datetime NOT NULL, "lead_id" bigint NOT NULL REFERENCES "leads_lead" 
("id") DEFERRABLE INITIALLY DEFERRED); (params None)
[DEBUG] 2026-08-13 21:15:27,365 schema CREATE TABLE "cotizador_serviciohistorico" ("id" integer NOT NULL PRIMARY KEY 
AUTOINCREMENT, "fecha" date NOT NULL, "tipo_servicio" varchar(80) NOT NULL, "distrito_origen" varchar(120) NOT NULL, 
"distrito_destino" varchar(120) NOT NULL, "piso_origen" smallint unsigned NULL CHECK ("piso_origen" >= 0), 
"piso_destino" smallint unsigned NULL CHECK ("piso_destino" >= 0), "ascensor_origen" bool NOT NULL, "ascensor_destino" 
bool NOT NULL, "lista_objetos" text NOT NULL, "camion_usado" varchar(120) NOT NULL, "ayudantes" smallint unsigned NOT 
NULL CHECK ("ayudantes" >= 0), "precio_cotizado" decimal NOT NULL, "precio_final" decimal NULL, "cerrado" bool NOT 
NULL, "observaciones" text NOT NULL); (params None)
[DEBUG] 2026-08-13 21:15:27,366 schema CREATE INDEX "cotizador_cotizacion_lead_id_34cc30e3" ON "cotizador_cotizacion" 
("lead_id"); (params None)
[DEBUG] 2026-08-13 21:15:27,366 schema CREATE INDEX "cotizador_s_tipo_se_1849b2_idx" ON "cotizador_serviciohistorico" 
("tipo_servicio", "distrito_origen", "distrito_destino"); (params None)
[DEBUG] 2026-08-13 21:15:27,369 schema CREATE TABLE "new__cotizador_serviciohistorico" ("id" integer NOT NULL PRIMARY 
KEY AUTOINCREMENT, "fecha" date NOT NULL, "tipo_servicio" varchar(80) NOT NULL, "distrito_origen" varchar(120) NOT 
NULL, "distrito_destino" varchar(120) NOT NULL, "piso_origen" smallint unsigned NULL CHECK ("piso_origen" >= 0), 
"piso_destino" smallint unsigned NULL CHECK ("piso_destino" >= 0), "ascensor_origen" bool NOT NULL, "ascensor_destino" 
bool NOT NULL, "lista_objetos" text NOT NULL, "camion_usado" varchar(120) NOT NULL, "ayudantes" smallint unsigned NOT 
NULL CHECK ("ayudantes" >= 0), "precio_cotizado" decimal NOT NULL, "precio_final" decimal NULL, "cerrado" bool NOT 
NULL, "observaciones" text NOT NULL, "acceso_destino" varchar(120) NOT NULL); (params None)
[DEBUG] 2026-08-13 21:15:27,369 schema INSERT INTO "new__cotizador_serviciohistorico" ("id", "fecha", "tipo_servicio", 
"distrito_origen", "distrito_destino", "piso_origen", "piso_destino", "ascensor_origen", "ascensor_destino", 
"lista_objetos", "camion_usado", "ayudantes", "precio_cotizado", "precio_final", "cerrado", "observaciones", 
"acceso_destino") SELECT "id", "fecha", "tipo_servicio", "distrito_origen", "distrito_destino", "piso_origen", 
"piso_destino", "ascensor_origen", "ascensor_destino", "lista_objetos", "camion_usado", "ayudantes", 
"precio_cotizado", "precio_final", "cerrado", "observaciones", '' FROM "cotizador_serviciohistorico"; (params ())
[DEBUG] 2026-08-13 21:15:27,369 schema DROP TABLE "cotizador_serviciohistorico"; (params ())
[DEBUG] 2026-08-13 21:15:27,369 schema ALTER TABLE "new__cotizador_serviciohistorico" RENAME TO 
"cotizador_serviciohistorico"; (params ())
[DEBUG] 2026-08-13 21:15:27,372 schema CREATE INDEX "cotizador_s_tipo_se_1849b2_idx" ON "cotizador_serviciohistorico" 
("tipo_servicio", "distrito_origen", "distrito_destino"); (params ())
[DEBUG] 2026-08-13 21:15:27,374 schema CREATE TABLE "new__cotizador_serviciohistorico" ("id" integer NOT NULL PRIMARY 
KEY AUTOINCREMENT, "fecha" date NOT NULL, "tipo_servicio" varchar(80) NOT NULL, "distrito_origen" varchar(120) NOT 
NULL, "distrito_destino" varchar(120) NOT NULL, "piso_origen" smallint unsigned NULL CHECK ("piso_origen" >= 0), 
"piso_destino" smallint unsigned NULL CHECK ("piso_destino" >= 0), "ascensor_origen" bool NOT NULL, "ascensor_destino" 
bool NOT NULL, "lista_objetos" text NOT NULL, "camion_usado" varchar(120) NOT NULL, "ayudantes" smallint unsigned NOT 
NULL CHECK ("ayudantes" >= 0), "precio_cotizado" decimal NOT NULL, "precio_final" decimal NULL, "cerrado" bool NOT 
NULL, "observaciones" text NOT NULL, "acceso_destino" varchar(120) NOT NULL, "acceso_origen" varchar(120) NOT NULL); 
(params None)
[DEBUG] 2026-08-13 21:15:27,375 schema INSERT INTO "new__cotizador_serviciohistorico" ("id", "fecha", "tipo_servicio", 
"distrito_origen", "distrito_destino", "piso_origen", "piso_destino", "ascensor_origen", "ascensor_destino", 
"lista_objetos", "camion_usado", "ayudantes", "precio_cotizado", "precio_final", "cerrado", "observaciones", 
"acceso_destino", "acceso_origen") SELECT "id", "fecha", "tipo_servicio", "distrito_origen", "distrito_destino", 
"piso_origen", "piso_destino", "ascensor_origen", "ascensor_destino", "lista_objetos", "camion_usado", "ayudantes", 
"precio_cotizado", "precio_final", "cerrado", "observaciones", "acceso_destino", '' FROM 
"cotizador_serviciohistorico"; (params ())
[DEBUG] 2026-08-13 21:15:27,375 schema DROP TABLE "cotizador_serviciohistorico"; (params ())
[DEBUG] 2026-08-13 21:15:27,375 schema ALTER TABLE "new__cotizador_serviciohistorico" RENAME TO 
"cotizador_serviciohistorico"; (params ())
[DEBUG] 2026-08-13 21:15:27,377 schema CREATE INDEX "cotizador_s_tipo_se_1849b2_idx" ON "cotizador_serviciohistorico" 
("tipo_servicio", "distrito_origen", "distrito_destino"); (params ())
[DEBUG] 2026-08-13 21:15:27,380 schema CREATE TABLE "new__cotizador_serviciohistorico" ("id" integer NOT NULL PRIMARY 
KEY AUTOINCREMENT, "fecha" date NOT NULL, "tipo_servicio" varchar(80) NOT NULL, "distrito_origen" varchar(120) NOT 
NULL, "distrito_destino" varchar(120) NOT NULL, "piso_origen" smallint unsigned NULL CHECK ("piso_origen" >= 0), 
"piso_destino" smallint unsigned NULL CHECK ("piso_destino" >= 0), "ascensor_origen" bool NOT NULL, "ascensor_destino" 
bool NOT NULL, "lista_objetos" text NOT NULL, "camion_usado" varchar(120) NOT NULL, "ayudantes" smallint unsigned NOT 
NULL CHECK ("ayudantes" >= 0), "precio_cotizado" decimal NOT NULL, "precio_final" decimal NULL, "cerrado" bool NOT 
NULL, "observaciones" text NOT NULL, "acceso_destino" varchar(120) NOT NULL, "acceso_origen" varchar(120) NOT NULL, 
"capacidad_camion" varchar(120) NOT NULL); (params None)
[DEBUG] 2026-08-13 21:15:27,380 schema INSERT INTO "new__cotizador_serviciohistorico" ("id", "fecha", "tipo_servicio", 
"distrito_origen", "distrito_destino", "piso_origen", "piso_destino", "ascensor_origen", "ascensor_destino", 
"lista_objetos", "camion_usado", "ayudantes", "precio_cotizado", "precio_final", "cerrado", "observaciones", 
"acceso_destino", "acceso_origen", "capacidad_camion") SELECT "id", "fecha", "tipo_servicio", "distrito_origen", 
"distrito_destino", "piso_origen", "piso_destino", "ascensor_origen", "ascensor_destino", "lista_objetos", 
"camion_usado", "ayudantes", "precio_cotizado", "precio_final", "cerrado", "observaciones", "acceso_destino", 
"acceso_origen", '' FROM "cotizador_serviciohistorico"; (params ())
[DEBUG] 2026-08-13 21:15:27,380 schema DROP TABLE "cotizador_serviciohistorico"; (params ())
[DEBUG] 2026-08-13 21:15:27,380 schema ALTER TABLE "new__cotizador_serviciohistorico" RENAME TO 
"cotizador_serviciohistorico"; (params ())
[DEBUG] 2026-08-13 21:15:27,383 schema CREATE INDEX "cotizador_s_tipo_se_1849b2_idx" ON "cotizador_serviciohistorico" 
("tipo_servicio", "distrito_origen", "distrito_destino"); (params ())
[DEBUG] 2026-08-13 21:15:27,384 schema ALTER TABLE "cotizador_serviciohistorico" ADD COLUMN 
"distancia_carga_destino_m" integer unsigned NULL CHECK ("distancia_carga_destino_m" >= 0); (params None)
[DEBUG] 2026-08-13 21:15:27,387 schema ALTER TABLE "cotizador_serviciohistorico" ADD COLUMN "distancia_carga_origen_m" 
integer unsigned NULL CHECK ("distancia_carga_origen_m" >= 0); (params None)
[DEBUG] 2026-08-13 21:15:27,393 schema CREATE TABLE "new__cotizador_serviciohistorico" ("id" integer NOT NULL PRIMARY 
KEY AUTOINCREMENT, "fecha" date NOT NULL, "tipo_servicio" varchar(80) NOT NULL, "distrito_origen" varchar(120) NOT 
NULL, "distrito_destino" varchar(120) NOT NULL, "piso_origen" smallint unsigned NULL CHECK ("piso_origen" >= 0), 
"piso_destino" smallint unsigned NULL CHECK ("piso_destino" >= 0), "ascensor_origen" bool NOT NULL, "ascensor_destino" 
bool NOT NULL, "lista_objetos" text NOT NULL, "camion_usado" varchar(120) NOT NULL, "ayudantes" smallint unsigned NOT 
NULL CHECK ("ayudantes" >= 0), "precio_cotizado" decimal NOT NULL, "precio_final" decimal NULL, "cerrado" bool NOT 
NULL, "observaciones" text NOT NULL, "acceso_destino" varchar(120) NOT NULL, "acceso_origen" varchar(120) NOT NULL, 
"capacidad_camion" varchar(120) NOT NULL, "distancia_carga_destino_m" integer unsigned NULL CHECK 
("distancia_carga_destino_m" >= 0), "distancia_carga_origen_m" integer unsigned NULL CHECK ("distancia_carga_origen_m" 
>= 0), "modalidad_servicio" varchar(80) NOT NULL); (params None)
[DEBUG] 2026-08-13 21:15:27,394 schema INSERT INTO "new__cotizador_serviciohistorico" ("id", "fecha", "tipo_servicio", 
"distrito_origen", "distrito_destino", "piso_origen", "piso_destino", "ascensor_origen", "ascensor_destino", 
"lista_objetos", "camion_usado", "ayudantes", "precio_cotizado", "precio_final", "cerrado", "observaciones", 
"acceso_destino", "acceso_origen", "capacidad_camion", "distancia_carga_destino_m", "distancia_carga_origen_m", 
"modalidad_servicio") SELECT "id", "fecha", "tipo_servicio", "distrito_origen", "distrito_destino", "piso_origen", 
"piso_destino", "ascensor_origen", "ascensor_destino", "lista_objetos", "camion_usado", "ayudantes", 
"precio_cotizado", "precio_final", "cerrado", "observaciones", "acceso_destino", "acceso_origen", "capacidad_camion", 
"distancia_carga_destino_m", "distancia_carga_origen_m", '' FROM "cotizador_serviciohistorico"; (params ())
[DEBUG] 2026-08-13 21:15:27,394 schema DROP TABLE "cotizador_serviciohistorico"; (params ())
[DEBUG] 2026-08-13 21:15:27,394 schema ALTER TABLE "new__cotizador_serviciohistorico" RENAME TO 
"cotizador_serviciohistorico"; (params ())
[DEBUG] 2026-08-13 21:15:27,396 schema CREATE INDEX "cotizador_s_tipo_se_1849b2_idx" ON "cotizador_serviciohistorico" 
("tipo_servicio", "distrito_origen", "distrito_destino"); (params ())
[DEBUG] 2026-08-13 21:15:27,399 schema CREATE TABLE "new__cotizador_serviciohistorico" ("id" integer NOT NULL PRIMARY 
KEY AUTOINCREMENT, "fecha" date NOT NULL, "tipo_servicio" varchar(80) NOT NULL, "distrito_origen" varchar(120) NOT 
NULL, "distrito_destino" varchar(120) NOT NULL, "piso_origen" smallint unsigned NULL CHECK ("piso_origen" >= 0), 
"piso_destino" smallint unsigned NULL CHECK ("piso_destino" >= 0), "ascensor_origen" bool NOT NULL, "ascensor_destino" 
bool NOT NULL, "lista_objetos" text NOT NULL, "camion_usado" varchar(120) NOT NULL, "ayudantes" smallint unsigned NOT 
NULL CHECK ("ayudantes" >= 0), "precio_cotizado" decimal NOT NULL, "precio_final" decimal NULL, "cerrado" bool NOT 
NULL, "observaciones" text NOT NULL, "acceso_destino" varchar(120) NOT NULL, "acceso_origen" varchar(120) NOT NULL, 
"capacidad_camion" varchar(120) NOT NULL, "distancia_carga_destino_m" integer unsigned NULL CHECK 
("distancia_carga_destino_m" >= 0), "distancia_carga_origen_m" integer unsigned NULL CHECK ("distancia_carga_origen_m" 
>= 0), "modalidad_servicio" varchar(80) NOT NULL, "objetos_pesados" text NOT NULL); (params None)
[DEBUG] 2026-08-13 21:15:27,399 schema INSERT INTO "new__cotizador_serviciohistorico" ("id", "fecha", "tipo_servicio", 
"distrito_origen", "distrito_destino", "piso_origen", "piso_destino", "ascensor_origen", "ascensor_destino", 
"lista_objetos", "camion_usado", "ayudantes", "precio_cotizado", "precio_final", "cerrado", "observaciones", 
"acceso_destino", "acceso_origen", "capacidad_camion", "distancia_carga_destino_m", "distancia_carga_origen_m", 
"modalidad_servicio", "objetos_pesados") SELECT "id", "fecha", "tipo_servicio", "distrito_origen", "distrito_destino", 
"piso_origen", "piso_destino", "ascensor_origen", "ascensor_destino", "lista_objetos", "camion_usado", "ayudantes", 
"precio_cotizado", "precio_final", "cerrado", "observaciones", "acceso_destino", "acceso_origen", "capacidad_camion", 
"distancia_carga_destino_m", "distancia_carga_origen_m", "modalidad_servicio", '' FROM "cotizador_serviciohistorico"; 
(params ())
[DEBUG] 2026-08-13 21:15:27,399 schema DROP TABLE "cotizador_serviciohistorico"; (params ())
[DEBUG] 2026-08-13 21:15:27,400 schema ALTER TABLE "new__cotizador_serviciohistorico" RENAME TO 
"cotizador_serviciohistorico"; (params ())
[DEBUG] 2026-08-13 21:15:27,402 schema CREATE INDEX "cotizador_s_tipo_se_1849b2_idx" ON "cotizador_serviciohistorico" 
("tipo_servicio", "distrito_origen", "distrito_destino"); (params ())
[DEBUG] 2026-08-13 21:15:27,404 schema ALTER TABLE "cotizador_serviciohistorico" ADD COLUMN "peso_carga_kg" decimal 
NULL; (params None)
[DEBUG] 2026-08-13 21:15:27,407 schema ALTER TABLE "cotizador_serviciohistorico" ADD COLUMN "requiere_desarmado" bool 
NULL; (params None)
[DEBUG] 2026-08-13 21:15:27,409 schema ALTER TABLE "cotizador_serviciohistorico" ADD COLUMN "volumen_carga_m3" decimal 
NULL; (params None)
[DEBUG] 2026-08-13 21:15:27,412 schema ALTER TABLE "cotizador_serviciohistorico" ADD COLUMN "camion_llega_destino" 
bool NULL; (params None)
[DEBUG] 2026-08-13 21:15:27,414 schema ALTER TABLE "cotizador_serviciohistorico" ADD COLUMN "camion_llega_origen" bool 
NULL; (params None)
[DEBUG] 2026-08-13 21:15:27,422 schema CREATE TABLE "new__cotizador_serviciohistorico" ("id" integer NOT NULL PRIMARY 
KEY AUTOINCREMENT, "fecha" date NOT NULL, "tipo_servicio" varchar(80) NOT NULL, "distrito_origen" varchar(120) NOT 
NULL, "distrito_destino" varchar(120) NOT NULL, "piso_origen" smallint unsigned NULL CHECK ("piso_origen" >= 0), 
"piso_destino" smallint unsigned NULL CHECK ("piso_destino" >= 0), "ascensor_origen" bool NOT NULL, "ascensor_destino" 
bool NOT NULL, "lista_objetos" text NOT NULL, "camion_usado" varchar(120) NOT NULL, "ayudantes" smallint unsigned NOT 
NULL CHECK ("ayudantes" >= 0), "precio_cotizado" decimal NOT NULL, "precio_final" decimal NULL, "cerrado" bool NOT 
NULL, "observaciones" text NOT NULL, "acceso_destino" varchar(120) NOT NULL, "acceso_origen" varchar(120) NOT NULL, 
"capacidad_camion" varchar(120) NOT NULL, "distancia_carga_destino_m" integer unsigned NULL CHECK 
("distancia_carga_destino_m" >= 0), "distancia_carga_origen_m" integer unsigned NULL CHECK ("distancia_carga_origen_m" 
>= 0), "modalidad_servicio" varchar(80) NOT NULL, "objetos_pesados" text NOT NULL, "peso_carga_kg" decimal NULL, 
"requiere_desarmado" bool NULL, "volumen_carga_m3" decimal NULL, "camion_llega_destino" bool NULL, 
"camion_llega_origen" bool NULL, "fuente" varchar(40) NOT NULL); (params None)
[DEBUG] 2026-08-13 21:15:27,422 schema INSERT INTO "new__cotizador_serviciohistorico" ("id", "fecha", "tipo_servicio", 
"distrito_origen", "distrito_destino", "piso_origen", "piso_destino", "ascensor_origen", "ascensor_destino", 
"lista_objetos", "camion_usado", "ayudantes", "precio_cotizado", "precio_final", "cerrado", "observaciones", 
"acceso_destino", "acceso_origen", "capacidad_camion", "distancia_carga_destino_m", "distancia_carga_origen_m", 
"modalidad_servicio", "objetos_pesados", "peso_carga_kg", "requiere_desarmado", "volumen_carga_m3", 
"camion_llega_destino", "camion_llega_origen", "fuente") SELECT "id", "fecha", "tipo_servicio", "distrito_origen", 
"distrito_destino", "piso_origen", "piso_destino", "ascensor_origen", "ascensor_destino", "lista_objetos", 
"camion_usado", "ayudantes", "precio_cotizado", "precio_final", "cerrado", "observaciones", "acceso_destino", 
"acceso_origen", "capacidad_camion", "distancia_carga_destino_m", "distancia_carga_origen_m", "modalidad_servicio", 
"objetos_pesados", "peso_carga_kg", "requiere_desarmado", "volumen_carga_m3", "camion_llega_destino", 
"camion_llega_origen", '' FROM "cotizador_serviciohistorico"; (params ())
[DEBUG] 2026-08-13 21:15:27,423 schema DROP TABLE "cotizador_serviciohistorico"; (params ())
[DEBUG] 2026-08-13 21:15:27,423 schema ALTER TABLE "new__cotizador_serviciohistorico" RENAME TO 
"cotizador_serviciohistorico"; (params ())
[DEBUG] 2026-08-13 21:15:27,425 schema CREATE INDEX "cotizador_s_tipo_se_1849b2_idx" ON "cotizador_serviciohistorico" 
("tipo_servicio", "distrito_origen", "distrito_destino"); (params ())
[DEBUG] 2026-08-13 21:15:27,428 schema CREATE TABLE "new__cotizador_serviciohistorico" ("id" integer NOT NULL PRIMARY 
KEY AUTOINCREMENT, "fecha" date NOT NULL, "tipo_servicio" varchar(80) NOT NULL, "distrito_origen" varchar(120) NOT 
NULL, "distrito_destino" varchar(120) NOT NULL, "piso_origen" smallint unsigned NULL CHECK ("piso_origen" >= 0), 
"piso_destino" smallint unsigned NULL CHECK ("piso_destino" >= 0), "ascensor_origen" bool NOT NULL, "ascensor_destino" 
bool NOT NULL, "lista_objetos" text NOT NULL, "camion_usado" varchar(120) NOT NULL, "ayudantes" smallint unsigned NOT 
NULL CHECK ("ayudantes" >= 0), "precio_cotizado" decimal NOT NULL, "precio_final" decimal NULL, "cerrado" bool NOT 
NULL, "observaciones" text NOT NULL, "acceso_destino" varchar(120) NOT NULL, "acceso_origen" varchar(120) NOT NULL, 
"capacidad_camion" varchar(120) NOT NULL, "distancia_carga_destino_m" integer unsigned NULL CHECK 
("distancia_carga_destino_m" >= 0), "distancia_carga_origen_m" integer unsigned NULL CHECK ("distancia_carga_origen_m" 
>= 0), "modalidad_servicio" varchar(80) NOT NULL, "objetos_pesados" text NOT NULL, "peso_carga_kg" decimal NULL, 
"requiere_desarmado" bool NULL, "volumen_carga_m3" decimal NULL, "camion_llega_destino" bool NULL, 
"camion_llega_origen" bool NULL, "fuente" varchar(40) NOT NULL, "referencia_externa" varchar(80) NOT NULL); (params 
None)
[DEBUG] 2026-08-13 21:15:27,429 schema INSERT INTO "new__cotizador_serviciohistorico" ("id", "fecha", "tipo_servicio", 
"distrito_origen", "distrito_destino", "piso_origen", "piso_destino", "ascensor_origen", "ascensor_destino", 
"lista_objetos", "camion_usado", "ayudantes", "precio_cotizado", "precio_final", "cerrado", "observaciones", 
"acceso_destino", "acceso_origen", "capacidad_camion", "distancia_carga_destino_m", "distancia_carga_origen_m", 
"modalidad_servicio", "objetos_pesados", "peso_carga_kg", "requiere_desarmado", "volumen_carga_m3", 
"camion_llega_destino", "camion_llega_origen", "fuente", "referencia_externa") SELECT "id", "fecha", "tipo_servicio", 
"distrito_origen", "distrito_destino", "piso_origen", "piso_destino", "ascensor_origen", "ascensor_destino", 
"lista_objetos", "camion_usado", "ayudantes", "precio_cotizado", "precio_final", "cerrado", "observaciones", 
"acceso_destino", "acceso_origen", "capacidad_camion", "distancia_carga_destino_m", "distancia_carga_origen_m", 
"modalidad_servicio", "objetos_pesados", "peso_carga_kg", "requiere_desarmado", "volumen_carga_m3", 
"camion_llega_destino", "camion_llega_origen", "fuente", '' FROM "cotizador_serviciohistorico"; (params ())
[DEBUG] 2026-08-13 21:15:27,429 schema DROP TABLE "cotizador_serviciohistorico"; (params ())
[DEBUG] 2026-08-13 21:15:27,429 schema ALTER TABLE "new__cotizador_serviciohistorico" RENAME TO 
"cotizador_serviciohistorico"; (params ())
[DEBUG] 2026-08-13 21:15:27,431 schema CREATE INDEX "cotizador_s_tipo_se_1849b2_idx" ON "cotizador_serviciohistorico" 
("tipo_servicio", "distrito_origen", "distrito_destino"); (params ())
[DEBUG] 2026-08-13 21:15:27,433 schema CREATE UNIQUE INDEX "historico_fuente_referencia_unica" ON 
"cotizador_serviciohistorico" ("fuente", "referencia_externa") WHERE NOT ("referencia_externa" = ''); (params None)
[DEBUG] 2026-08-13 21:15:27,437 schema CREATE TABLE "new__cotizador_serviciohistorico" ("id" integer NOT NULL PRIMARY 
KEY AUTOINCREMENT, "fecha" date NOT NULL, "tipo_servicio" varchar(80) NOT NULL, "distrito_origen" varchar(120) NOT 
NULL, "distrito_destino" varchar(120) NOT NULL, "piso_origen" smallint unsigned NULL CHECK ("piso_origen" >= 0), 
"piso_destino" smallint unsigned NULL CHECK ("piso_destino" >= 0), "ascensor_origen" bool NOT NULL, "lista_objetos" 
text NOT NULL, "camion_usado" varchar(120) NOT NULL, "ayudantes" smallint unsigned NOT NULL CHECK ("ayudantes" >= 0), 
"precio_cotizado" decimal NOT NULL, "precio_final" decimal NULL, "cerrado" bool NOT NULL, "observaciones" text NOT 
NULL, "acceso_destino" varchar(120) NOT NULL, "acceso_origen" varchar(120) NOT NULL, "capacidad_camion" varchar(120) 
NOT NULL, "distancia_carga_destino_m" integer unsigned NULL CHECK ("distancia_carga_destino_m" >= 0), 
"distancia_carga_origen_m" integer unsigned NULL CHECK ("distancia_carga_origen_m" >= 0), "modalidad_servicio" 
varchar(80) NOT NULL, "objetos_pesados" text NOT NULL, "peso_carga_kg" decimal NULL, "requiere_desarmado" bool NULL, 
"volumen_carga_m3" decimal NULL, "camion_llega_destino" bool NULL, "camion_llega_origen" bool NULL, "fuente" 
varchar(40) NOT NULL, "referencia_externa" varchar(80) NOT NULL, "ascensor_destino" bool NULL); (params None)
[DEBUG] 2026-08-13 21:15:27,438 schema INSERT INTO "new__cotizador_serviciohistorico" ("id", "fecha", "tipo_servicio", 
"distrito_origen", "distrito_destino", "piso_origen", "piso_destino", "ascensor_origen", "lista_objetos", 
"camion_usado", "ayudantes", "precio_cotizado", "precio_final", "cerrado", "observaciones", "acceso_destino", 
"acceso_origen", "capacidad_camion", "distancia_carga_destino_m", "distancia_carga_origen_m", "modalidad_servicio", 
"objetos_pesados", "peso_carga_kg", "requiere_desarmado", "volumen_carga_m3", "camion_llega_destino", 
"camion_llega_origen", "fuente", "referencia_externa", "ascensor_destino") SELECT "id", "fecha", "tipo_servicio", 
"distrito_origen", "distrito_destino", "piso_origen", "piso_destino", "ascensor_origen", "lista_objetos", 
"camion_usado", "ayudantes", "precio_cotizado", "precio_final", "cerrado", "observaciones", "acceso_destino", 
"acceso_origen", "capacidad_camion", "distancia_carga_destino_m", "distancia_carga_origen_m", "modalidad_servicio", 
"objetos_pesados", "peso_carga_kg", "requiere_desarmado", "volumen_carga_m3", "camion_llega_destino", 
"camion_llega_origen", "fuente", "referencia_externa", "ascensor_destino" FROM "cotizador_serviciohistorico"; (params 
())
[DEBUG] 2026-08-13 21:15:27,438 schema DROP TABLE "cotizador_serviciohistorico"; (params ())
[DEBUG] 2026-08-13 21:15:27,438 schema ALTER TABLE "new__cotizador_serviciohistorico" RENAME TO 
"cotizador_serviciohistorico"; (params ())
[DEBUG] 2026-08-13 21:15:27,440 schema CREATE UNIQUE INDEX "historico_fuente_referencia_unica" ON 
"cotizador_serviciohistorico" ("fuente", "referencia_externa") WHERE NOT ("referencia_externa" = ''); (params ())
[DEBUG] 2026-08-13 21:15:27,440 schema CREATE INDEX "cotizador_s_tipo_se_1849b2_idx" ON "cotizador_serviciohistorico" 
("tipo_servicio", "distrito_origen", "distrito_destino"); (params ())
[DEBUG] 2026-08-13 21:15:27,444 schema CREATE TABLE "new__cotizador_serviciohistorico" ("id" integer NOT NULL PRIMARY 
KEY AUTOINCREMENT, "fecha" date NOT NULL, "tipo_servicio" varchar(80) NOT NULL, "distrito_origen" varchar(120) NOT 
NULL, "distrito_destino" varchar(120) NOT NULL, "piso_origen" smallint unsigned NULL CHECK ("piso_origen" >= 0), 
"piso_destino" smallint unsigned NULL CHECK ("piso_destino" >= 0), "ascensor_destino" bool NULL, "lista_objetos" text 
NOT NULL, "camion_usado" varchar(120) NOT NULL, "ayudantes" smallint unsigned NOT NULL CHECK ("ayudantes" >= 0), 
"precio_cotizado" decimal NOT NULL, "precio_final" decimal NULL, "cerrado" bool NOT NULL, "observaciones" text NOT 
NULL, "acceso_destino" varchar(120) NOT NULL, "acceso_origen" varchar(120) NOT NULL, "capacidad_camion" varchar(120) 
NOT NULL, "distancia_carga_destino_m" integer unsigned NULL CHECK ("distancia_carga_destino_m" >= 0), 
"distancia_carga_origen_m" integer unsigned NULL CHECK ("distancia_carga_origen_m" >= 0), "modalidad_servicio" 
varchar(80) NOT NULL, "objetos_pesados" text NOT NULL, "peso_carga_kg" decimal NULL, "requiere_desarmado" bool NULL, 
"volumen_carga_m3" decimal NULL, "camion_llega_destino" bool NULL, "camion_llega_origen" bool NULL, "fuente" 
varchar(40) NOT NULL, "referencia_externa" varchar(80) NOT NULL, "ascensor_origen" bool NULL); (params None)
[DEBUG] 2026-08-13 21:15:27,444 schema INSERT INTO "new__cotizador_serviciohistorico" ("id", "fecha", "tipo_servicio", 
"distrito_origen", "distrito_destino", "piso_origen", "piso_destino", "ascensor_destino", "lista_objetos", 
"camion_usado", "ayudantes", "precio_cotizado", "precio_final", "cerrado", "observaciones", "acceso_destino", 
"acceso_origen", "capacidad_camion", "distancia_carga_destino_m", "distancia_carga_origen_m", "modalidad_servicio", 
"objetos_pesados", "peso_carga_kg", "requiere_desarmado", "volumen_carga_m3", "camion_llega_destino", 
"camion_llega_origen", "fuente", "referencia_externa", "ascensor_origen") SELECT "id", "fecha", "tipo_servicio", 
"distrito_origen", "distrito_destino", "piso_origen", "piso_destino", "ascensor_destino", "lista_objetos", 
"camion_usado", "ayudantes", "precio_cotizado", "precio_final", "cerrado", "observaciones", "acceso_destino", 
"acceso_origen", "capacidad_camion", "distancia_carga_destino_m", "distancia_carga_origen_m", "modalidad_servicio", 
"objetos_pesados", "peso_carga_kg", "requiere_desarmado", "volumen_carga_m3", "camion_llega_destino", 
"camion_llega_origen", "fuente", "referencia_externa", "ascensor_origen" FROM "cotizador_serviciohistorico"; (params 
())
[DEBUG] 2026-08-13 21:15:27,444 schema DROP TABLE "cotizador_serviciohistorico"; (params ())
[DEBUG] 2026-08-13 21:15:27,444 schema ALTER TABLE "new__cotizador_serviciohistorico" RENAME TO 
"cotizador_serviciohistorico"; (params ())
[DEBUG] 2026-08-13 21:15:27,447 schema CREATE UNIQUE INDEX "historico_fuente_referencia_unica" ON 
"cotizador_serviciohistorico" ("fuente", "referencia_externa") WHERE NOT ("referencia_externa" = ''); (params ())
[DEBUG] 2026-08-13 21:15:27,447 schema CREATE INDEX "cotizador_s_tipo_se_1849b2_idx" ON "cotizador_serviciohistorico" 
("tipo_servicio", "distrito_origen", "distrito_destino"); (params ())
[DEBUG] 2026-08-13 21:15:27,484 schema ALTER TABLE "cotizador_serviciohistorico" ADD COLUMN "lead_origen_id" bigint 
NULL REFERENCES "leads_lead" ("id") DEFERRABLE INITIALLY DEFERRED; (params None)
[DEBUG] 2026-08-13 21:15:27,496 schema CREATE UNIQUE INDEX "historico_lead_origen_unico" ON 
"cotizador_serviciohistorico" ("lead_origen_id") WHERE NOT ("lead_origen_id" IS NULL); (params None)
[DEBUG] 2026-08-13 21:15:27,497 schema CREATE INDEX "cotizador_serviciohistorico_lead_origen_id_ab3d33f2" ON 
"cotizador_serviciohistorico" ("lead_origen_id"); (params None)
[DEBUG] 2026-08-13 21:15:27,532 schema CREATE TABLE "cotizador_cotizacioncomercial" ("id" integer NOT NULL PRIMARY KEY 
AUTOINCREMENT, "codigo" varchar(30) NOT NULL UNIQUE, "origen" varchar(10) NOT NULL, "estado" varchar(20) NOT NULL, 
"creada_en" datetime NOT NULL, "actualizada_en" datetime NOT NULL, "asesor_id" integer NULL REFERENCES "auth_user" 
("id") DEFERRABLE INITIALLY DEFERRED, "channel_id" bigint NULL REFERENCES "whatsapp_whatsappchannel" ("id") DEFERRABLE 
INITIALLY DEFERRED, "lead_id" bigint NOT NULL REFERENCES "leads_lead" ("id") DEFERRABLE INITIALLY DEFERRED); (params 
None)
[DEBUG] 2026-08-13 21:15:27,580 schema CREATE TABLE "cotizador_revisioncotizacion" ("id" integer NOT NULL PRIMARY KEY 
AUTOINCREMENT, "numero" smallint unsigned NOT NULL CHECK ("numero" >= 0), "snapshot_servicio" text NOT NULL CHECK 
((JSON_VALID("snapshot_servicio") OR "snapshot_servicio" IS NULL)), "precio_sugerido_min" decimal NULL, 
"precio_sugerido_max" decimal NULL, "costo_estimado" decimal NULL, "margen_minimo_porcentaje" decimal NULL, 
"precio_final" decimal NOT NULL, "condiciones" text NOT NULL, "vigencia_dias" smallint unsigned NOT NULL CHECK 
("vigencia_dias" >= 0), "observacion_interna" text NOT NULL, "mensaje_whatsapp" text NOT NULL, "enviada" bool NOT 
NULL, "creada_en" datetime NOT NULL, "enviada_en" datetime NULL, "cotizacion_id" bigint NOT NULL REFERENCES 
"cotizador_cotizacioncomercial" ("id") DEFERRABLE INITIALLY DEFERRED, "creada_por_id" integer NULL REFERENCES 
"auth_user" ("id") DEFERRABLE INITIALLY DEFERRED); (params None)
[DEBUG] 2026-08-13 21:15:27,610 schema CREATE TABLE "cotizador_enviocotizacion" ("id" integer NOT NULL PRIMARY KEY 
AUTOINCREMENT, "meta_message_id" varchar(255) NOT NULL, "estado" varchar(20) NOT NULL, "intento" smallint unsigned NOT 
NULL CHECK ("intento" >= 0), "error_codigo" varchar(80) NOT NULL, "error_detalle" text NOT NULL, "creado_en" datetime 
NOT NULL, "actualizado_en" datetime NOT NULL, "entregado_en" datetime NULL, "channel_id" bigint NULL REFERENCES 
"whatsapp_whatsappchannel" ("id") DEFERRABLE INITIALLY DEFERRED, "revision_id" bigint NOT NULL REFERENCES 
"cotizador_revisioncotizacion" ("id") DEFERRABLE INITIALLY DEFERRED); (params None)
[DEBUG] 2026-08-13 21:15:27,640 schema CREATE TABLE "cotizador_solicitudcotizacion" ("id" integer NOT NULL PRIMARY KEY 
AUTOINCREMENT, "estado" varchar(20) NOT NULL, "motivo" text NOT NULL, "datos_faltantes" text NOT NULL CHECK 
((JSON_VALID("datos_faltantes") OR "datos_faltantes" IS NULL)), "prioridad" varchar(20) NOT NULL, "creada_en" datetime 
NOT NULL, "actualizada_en" datetime NOT NULL, "resuelta_en" datetime NULL, "asignada_a_id" integer NULL REFERENCES 
"auth_user" ("id") DEFERRABLE INITIALLY DEFERRED); (params None)
[DEBUG] 2026-08-13 21:15:27,641 schema CREATE INDEX "cotizador_cotizacioncomercial_asesor_id_f539532c" ON 
"cotizador_cotizacioncomercial" ("asesor_id"); (params None)
[DEBUG] 2026-08-13 21:15:27,641 schema CREATE INDEX "cotizador_cotizacioncomercial_channel_id_0eab4fab" ON 
"cotizador_cotizacioncomercial" ("channel_id"); (params None)
[DEBUG] 2026-08-13 21:15:27,641 schema CREATE INDEX "cotizador_cotizacioncomercial_lead_id_68a5e254" ON 
"cotizador_cotizacioncomercial" ("lead_id"); (params None)
[DEBUG] 2026-08-13 21:15:27,641 schema CREATE INDEX "cotizador_revisioncotizacion_cotizacion_id_fad95427" ON 
"cotizador_revisioncotizacion" ("cotizacion_id"); (params None)
[DEBUG] 2026-08-13 21:15:27,641 schema CREATE INDEX "cotizador_revisioncotizacion_creada_por_id_b49153ff" ON 
"cotizador_revisioncotizacion" ("creada_por_id"); (params None)
[DEBUG] 2026-08-13 21:15:27,642 schema CREATE INDEX "cotizador_enviocotizacion_channel_id_2577923a" ON 
"cotizador_enviocotizacion" ("channel_id"); (params None)
[DEBUG] 2026-08-13 21:15:27,642 schema CREATE INDEX "cotizador_enviocotizacion_revision_id_965dcbca" ON 
"cotizador_enviocotizacion" ("revision_id"); (params None)
[DEBUG] 2026-08-13 21:15:27,642 schema CREATE INDEX "cotizador_solicitudcotizacion_asignada_a_id_02de9106" ON 
"cotizador_solicitudcotizacion" ("asignada_a_id"); (params None)
[DEBUG] 2026-08-13 21:15:27,672 schema ALTER TABLE "cotizador_solicitudcotizacion" ADD COLUMN "conversacion_id" bigint 
NULL REFERENCES "whatsapp_conversacionwhatsapp" ("id") DEFERRABLE INITIALLY DEFERRED; (params None)
[DEBUG] 2026-08-13 21:15:27,702 schema ALTER TABLE "cotizador_solicitudcotizacion" ADD COLUMN "creada_por_id" integer 
NULL REFERENCES "auth_user" ("id") DEFERRABLE INITIALLY DEFERRED; (params None)
[DEBUG] 2026-08-13 21:15:27,735 schema CREATE TABLE "new__cotizador_solicitudcotizacion" ("id" integer NOT NULL 
PRIMARY KEY AUTOINCREMENT, "estado" varchar(20) NOT NULL, "motivo" text NOT NULL, "datos_faltantes" text NOT NULL 
CHECK ((JSON_VALID("datos_faltantes") OR "datos_faltantes" IS NULL)), "prioridad" varchar(20) NOT NULL, "creada_en" 
datetime NOT NULL, "actualizada_en" datetime NOT NULL, "resuelta_en" datetime NULL, "asignada_a_id" integer NULL 
REFERENCES "auth_user" ("id") DEFERRABLE INITIALLY DEFERRED, "conversacion_id" bigint NULL REFERENCES 
"whatsapp_conversacionwhatsapp" ("id") DEFERRABLE INITIALLY DEFERRED, "creada_por_id" integer NULL REFERENCES 
"auth_user" ("id") DEFERRABLE INITIALLY DEFERRED, "lead_id" bigint NOT NULL REFERENCES "leads_lead" ("id") DEFERRABLE 
INITIALLY DEFERRED); (params None)
[DEBUG] 2026-08-13 21:15:27,736 schema INSERT INTO "new__cotizador_solicitudcotizacion" ("id", "estado", "motivo", 
"datos_faltantes", "prioridad", "creada_en", "actualizada_en", "resuelta_en", "asignada_a_id", "conversacion_id", 
"creada_por_id", "lead_id") SELECT "id", "estado", "motivo", "datos_faltantes", "prioridad", "creada_en", 
"actualizada_en", "resuelta_en", "asignada_a_id", "conversacion_id", "creada_por_id", NULL FROM 
"cotizador_solicitudcotizacion"; (params ())
[DEBUG] 2026-08-13 21:15:27,736 schema DROP TABLE "cotizador_solicitudcotizacion"; (params ())
[DEBUG] 2026-08-13 21:15:27,736 schema ALTER TABLE "new__cotizador_solicitudcotizacion" RENAME TO 
"cotizador_solicitudcotizacion"; (params ())
[DEBUG] 2026-08-13 21:15:27,739 schema CREATE INDEX "cotizador_solicitudcotizacion_asignada_a_id_02de9106" ON 
"cotizador_solicitudcotizacion" ("asignada_a_id"); (params ())
[DEBUG] 2026-08-13 21:15:27,739 schema CREATE INDEX "cotizador_solicitudcotizacion_conversacion_id_98851665" ON 
"cotizador_solicitudcotizacion" ("conversacion_id"); (params ())
[DEBUG] 2026-08-13 21:15:27,739 schema CREATE INDEX "cotizador_solicitudcotizacion_creada_por_id_2db4da11" ON 
"cotizador_solicitudcotizacion" ("creada_por_id"); (params ())
[DEBUG] 2026-08-13 21:15:27,740 schema CREATE INDEX "cotizador_solicitudcotizacion_lead_id_0a347870" ON 
"cotizador_solicitudcotizacion" ("lead_id"); (params ())
[DEBUG] 2026-08-13 21:15:27,770 schema ALTER TABLE "cotizador_cotizacioncomercial" ADD COLUMN "solicitud_id" bigint 
NULL REFERENCES "cotizador_solicitudcotizacion" ("id") DEFERRABLE INITIALLY DEFERRED; (params None)
[DEBUG] 2026-08-13 21:15:27,788 schema CREATE TABLE "new__cotizador_revisioncotizacion" ("id" integer NOT NULL PRIMARY 
KEY AUTOINCREMENT, "numero" smallint unsigned NOT NULL CHECK ("numero" >= 0), "snapshot_servicio" text NOT NULL CHECK 
((JSON_VALID("snapshot_servicio") OR "snapshot_servicio" IS NULL)), "precio_sugerido_min" decimal NULL, 
"precio_sugerido_max" decimal NULL, "costo_estimado" decimal NULL, "margen_minimo_porcentaje" decimal NULL, 
"precio_final" decimal NOT NULL, "condiciones" text NOT NULL, "vigencia_dias" smallint unsigned NOT NULL CHECK 
("vigencia_dias" >= 0), "observacion_interna" text NOT NULL, "mensaje_whatsapp" text NOT NULL, "enviada" bool NOT 
NULL, "creada_en" datetime NOT NULL, "enviada_en" datetime NULL, "cotizacion_id" bigint NOT NULL REFERENCES 
"cotizador_cotizacioncomercial" ("id") DEFERRABLE INITIALLY DEFERRED, "creada_por_id" integer NULL REFERENCES 
"auth_user" ("id") DEFERRABLE INITIALLY DEFERRED, CONSTRAINT "cotizador_revision_numero_unico" UNIQUE 
("cotizacion_id", "numero")); (params None)
[DEBUG] 2026-08-13 21:15:27,788 schema INSERT INTO "new__cotizador_revisioncotizacion" ("id", "numero", 
"snapshot_servicio", "precio_sugerido_min", "precio_sugerido_max", "costo_estimado", "margen_minimo_porcentaje", 
"precio_final", "condiciones", "vigencia_dias", "observacion_interna", "mensaje_whatsapp", "enviada", "creada_en", 
"enviada_en", "cotizacion_id", "creada_por_id") SELECT "id", "numero", "snapshot_servicio", "precio_sugerido_min", 
"precio_sugerido_max", "costo_estimado", "margen_minimo_porcentaje", "precio_final", "condiciones", "vigencia_dias", 
"observacion_interna", "mensaje_whatsapp", "enviada", "creada_en", "enviada_en", "cotizacion_id", "creada_por_id" FROM 
"cotizador_revisioncotizacion"; (params ())
[DEBUG] 2026-08-13 21:15:27,788 schema DROP TABLE "cotizador_revisioncotizacion"; (params ())
[DEBUG] 2026-08-13 21:15:27,789 schema ALTER TABLE "new__cotizador_revisioncotizacion" RENAME TO 
"cotizador_revisioncotizacion"; (params ())
[DEBUG] 2026-08-13 21:15:27,791 schema CREATE INDEX "cotizador_cotizacioncomercial_solicitud_id_de18c25e" ON 
"cotizador_cotizacioncomercial" ("solicitud_id"); (params ())
[DEBUG] 2026-08-13 21:15:27,791 schema CREATE INDEX "cotizador_revisioncotizacion_cotizacion_id_fad95427" ON 
"cotizador_revisioncotizacion" ("cotizacion_id"); (params ())
[DEBUG] 2026-08-13 21:15:27,791 schema CREATE INDEX "cotizador_revisioncotizacion_creada_por_id_b49153ff" ON 
"cotizador_revisioncotizacion" ("creada_por_id"); (params ())
[DEBUG] 2026-08-13 21:15:27,808 schema CREATE TABLE "new__cotizador_revisioncotizacion" ("id" integer NOT NULL PRIMARY 
KEY AUTOINCREMENT, "numero" smallint unsigned NOT NULL CHECK ("numero" >= 0), "snapshot_servicio" text NOT NULL CHECK 
((JSON_VALID("snapshot_servicio") OR "snapshot_servicio" IS NULL)), "precio_sugerido_min" decimal NULL, 
"precio_sugerido_max" decimal NULL, "costo_estimado" decimal NULL, "margen_minimo_porcentaje" decimal NULL, 
"precio_final" decimal NOT NULL, "condiciones" text NOT NULL, "vigencia_dias" smallint unsigned NOT NULL CHECK 
("vigencia_dias" >= 0), "observacion_interna" text NOT NULL, "mensaje_whatsapp" text NOT NULL, "enviada" bool NOT 
NULL, "creada_en" datetime NOT NULL, "enviada_en" datetime NULL, "cotizacion_id" bigint NOT NULL REFERENCES 
"cotizador_cotizacioncomercial" ("id") DEFERRABLE INITIALLY DEFERRED, "creada_por_id" integer NULL REFERENCES 
"auth_user" ("id") DEFERRABLE INITIALLY DEFERRED, CONSTRAINT "cotizador_revision_numero_unico" UNIQUE 
("cotizacion_id", "numero"), CONSTRAINT "cotizador_revision_precio_positivo" CHECK ("precio_final" > '0')); (params 
None)
[DEBUG] 2026-08-13 21:15:27,809 schema INSERT INTO "new__cotizador_revisioncotizacion" ("id", "numero", 
"snapshot_servicio", "precio_sugerido_min", "precio_sugerido_max", "costo_estimado", "margen_minimo_porcentaje", 
"precio_final", "condiciones", "vigencia_dias", "observacion_interna", "mensaje_whatsapp", "enviada", "creada_en", 
"enviada_en", "cotizacion_id", "creada_por_id") SELECT "id", "numero", "snapshot_servicio", "precio_sugerido_min", 
"precio_sugerido_max", "costo_estimado", "margen_minimo_porcentaje", "precio_final", "condiciones", "vigencia_dias", 
"observacion_interna", "mensaje_whatsapp", "enviada", "creada_en", "enviada_en", "cotizacion_id", "creada_por_id" FROM 
"cotizador_revisioncotizacion"; (params ())
[DEBUG] 2026-08-13 21:15:27,809 schema DROP TABLE "cotizador_revisioncotizacion"; (params ())
[DEBUG] 2026-08-13 21:15:27,809 schema ALTER TABLE "new__cotizador_revisioncotizacion" RENAME TO 
"cotizador_revisioncotizacion"; (params ())
[DEBUG] 2026-08-13 21:15:27,812 schema CREATE INDEX "cotizador_revisioncotizacion_cotizacion_id_fad95427" ON 
"cotizador_revisioncotizacion" ("cotizacion_id"); (params ())
[DEBUG] 2026-08-13 21:15:27,812 schema CREATE INDEX "cotizador_revisioncotizacion_creada_por_id_b49153ff" ON 
"cotizador_revisioncotizacion" ("creada_por_id"); (params ())
[DEBUG] 2026-08-13 21:15:27,824 schema CREATE UNIQUE INDEX "cotizador_envio_meta_id_unico" ON 
"cotizador_enviocotizacion" ("meta_message_id") WHERE NOT ("meta_message_id" = ''); (params None)
[DEBUG] 2026-08-13 21:15:27,845 schema CREATE INDEX "cotizador_s_estado_49bbad_idx" ON "cotizador_solicitudcotizacion" 
("estado", "prioridad", "creada_en"); (params None)
[DEBUG] 2026-08-13 21:15:27,866 schema CREATE UNIQUE INDEX "cotizador_solicitud_activa_unica_por_lead" ON 
"cotizador_solicitudcotizacion" ("lead_id") WHERE "estado" IN ('pendiente', 'en_proceso'); (params None)
[DEBUG] 2026-08-13 21:15:27,886 schema CREATE INDEX "cotizador_c_estado_dc1769_idx" ON "cotizador_cotizacioncomercial" 
("estado", "creada_en" DESC); (params None)
[DEBUG] 2026-08-13 21:15:27,930 schema CREATE INDEX "cotizador_c_channel_e36e8f_idx" ON 
"cotizador_cotizacioncomercial" ("channel_id", "creada_en" DESC); (params None)
[DEBUG] 2026-08-13 21:15:27,942 schema ALTER TABLE "cotizador_enviocotizacion" ADD COLUMN "leido_en" datetime NULL; 
(params None)
[DEBUG] 2026-08-13 21:15:27,956 schema CREATE TABLE "new__cotizador_enviocotizacion" ("id" integer NOT NULL PRIMARY 
KEY AUTOINCREMENT, "meta_message_id" varchar(255) NOT NULL, "estado" varchar(20) NOT NULL, "intento" smallint unsigned 
NOT NULL CHECK ("intento" >= 0), "error_codigo" varchar(80) NOT NULL, "error_detalle" text NOT NULL, "creado_en" 
datetime NOT NULL, "actualizado_en" datetime NOT NULL, "entregado_en" datetime NULL, "channel_id" bigint NULL 
REFERENCES "whatsapp_whatsappchannel" ("id") DEFERRABLE INITIALLY DEFERRED, "revision_id" bigint NOT NULL REFERENCES 
"cotizador_revisioncotizacion" ("id") DEFERRABLE INITIALLY DEFERRED, "leido_en" datetime NULL, "max_intentos" smallint 
unsigned NOT NULL CHECK ("max_intentos" >= 0)); (params None)
[DEBUG] 2026-08-13 21:15:27,957 schema INSERT INTO "new__cotizador_enviocotizacion" ("id", "meta_message_id", 
"estado", "intento", "error_codigo", "error_detalle", "creado_en", "actualizado_en", "entregado_en", "channel_id", 
"revision_id", "leido_en", "max_intentos") SELECT "id", "meta_message_id", "estado", "intento", "error_codigo", 
"error_detalle", "creado_en", "actualizado_en", "entregado_en", "channel_id", "revision_id", "leido_en", 3 FROM 
"cotizador_enviocotizacion"; (params ())
[DEBUG] 2026-08-13 21:15:27,957 schema DROP TABLE "cotizador_enviocotizacion"; (params ())
[DEBUG] 2026-08-13 21:15:27,957 schema ALTER TABLE "new__cotizador_enviocotizacion" RENAME TO 
"cotizador_enviocotizacion"; (params ())
[DEBUG] 2026-08-13 21:15:27,960 schema CREATE UNIQUE INDEX "cotizador_envio_meta_id_unico" ON 
"cotizador_enviocotizacion" ("meta_message_id") WHERE NOT ("meta_message_id" = ''); (params ())
[DEBUG] 2026-08-13 21:15:27,960 schema CREATE INDEX "cotizador_enviocotizacion_channel_id_2577923a" ON 
"cotizador_enviocotizacion" ("channel_id"); (params ())
[DEBUG] 2026-08-13 21:15:27,960 schema CREATE INDEX "cotizador_enviocotizacion_revision_id_965dcbca" ON 
"cotizador_enviocotizacion" ("revision_id"); (params ())
[DEBUG] 2026-08-13 21:15:27,972 schema ALTER TABLE "cotizador_enviocotizacion" ADD COLUMN "proximo_reintento" datetime 
NULL; (params None)
[DEBUG] 2026-08-13 21:15:28,011 schema CREATE TABLE "new__cotizador_cotizacioncomercial" ("id" integer NOT NULL 
PRIMARY KEY AUTOINCREMENT, "codigo" varchar(30) NOT NULL UNIQUE, "origen" varchar(10) NOT NULL, "estado" varchar(20) 
NOT NULL, "creada_en" datetime NOT NULL, "actualizada_en" datetime NOT NULL, "asesor_id" integer NULL REFERENCES 
"auth_user" ("id") DEFERRABLE INITIALLY DEFERRED, "channel_id" bigint NULL REFERENCES "whatsapp_whatsappchannel" 
("id") DEFERRABLE INITIALLY DEFERRED, "lead_id" bigint NOT NULL REFERENCES "leads_lead" ("id") DEFERRABLE INITIALLY 
DEFERRED, "solicitud_id" bigint NULL REFERENCES "cotizador_solicitudcotizacion" ("id") DEFERRABLE INITIALLY DEFERRED, 
"moneda" varchar(3) NOT NULL); (params None)
[DEBUG] 2026-08-13 21:15:28,011 schema INSERT INTO "new__cotizador_cotizacioncomercial" ("id", "codigo", "origen", 
"estado", "creada_en", "actualizada_en", "asesor_id", "channel_id", "lead_id", "solicitud_id", "moneda") SELECT "id", 
"codigo", "origen", "estado", "creada_en", "actualizada_en", "asesor_id", "channel_id", "lead_id", "solicitud_id", 
'PEN' FROM "cotizador_cotizacioncomercial"; (params ())
[DEBUG] 2026-08-13 21:15:28,011 schema DROP TABLE "cotizador_cotizacioncomercial"; (params ())
[DEBUG] 2026-08-13 21:15:28,012 schema ALTER TABLE "new__cotizador_cotizacioncomercial" RENAME TO 
"cotizador_cotizacioncomercial"; (params ())
[DEBUG] 2026-08-13 21:15:28,014 schema CREATE INDEX "cotizador_cotizacioncomercial_asesor_id_f539532c" ON 
"cotizador_cotizacioncomercial" ("asesor_id"); (params ())
[DEBUG] 2026-08-13 21:15:28,014 schema CREATE INDEX "cotizador_cotizacioncomercial_channel_id_0eab4fab" ON 
"cotizador_cotizacioncomercial" ("channel_id"); (params ())
[DEBUG] 2026-08-13 21:15:28,014 schema CREATE INDEX "cotizador_cotizacioncomercial_lead_id_68a5e254" ON 
"cotizador_cotizacioncomercial" ("lead_id"); (params ())
[DEBUG] 2026-08-13 21:15:28,015 schema CREATE INDEX "cotizador_cotizacioncomercial_solicitud_id_de18c25e" ON 
"cotizador_cotizacioncomercial" ("solicitud_id"); (params ())
[DEBUG] 2026-08-13 21:15:28,015 schema CREATE INDEX "cotizador_c_estado_dc1769_idx" ON "cotizador_cotizacioncomercial" 
("estado", "creada_en" DESC); (params ())
[DEBUG] 2026-08-13 21:15:28,015 schema CREATE INDEX "cotizador_c_channel_e36e8f_idx" ON 
"cotizador_cotizacioncomercial" ("channel_id", "creada_en" DESC); (params ())
[DEBUG] 2026-08-13 21:15:28,049 schema CREATE TABLE "new__cotizador_enviocotizacion" ("id" integer NOT NULL PRIMARY 
KEY AUTOINCREMENT, "meta_message_id" varchar(255) NOT NULL, "estado" varchar(20) NOT NULL, "intento" smallint unsigned 
NOT NULL CHECK ("intento" >= 0), "error_codigo" varchar(80) NOT NULL, "error_detalle" text NOT NULL, "creado_en" 
datetime NOT NULL, "actualizado_en" datetime NOT NULL, "entregado_en" datetime NULL, "channel_id" bigint NULL 
REFERENCES "whatsapp_whatsappchannel" ("id") DEFERRABLE INITIALLY DEFERRED, "revision_id" bigint NOT NULL REFERENCES 
"cotizador_revisioncotizacion" ("id") DEFERRABLE INITIALLY DEFERRED, "leido_en" datetime NULL, "max_intentos" smallint 
unsigned NOT NULL CHECK ("max_intentos" >= 0), "proximo_reintento" datetime NULL, "outbox_event_id" char(32) NULL 
UNIQUE REFERENCES "integrations_integrationoutboxevent" ("id") DEFERRABLE INITIALLY DEFERRED); (params None)
[DEBUG] 2026-08-13 21:15:28,050 schema INSERT INTO "new__cotizador_enviocotizacion" ("id", "meta_message_id", 
"estado", "intento", "error_codigo", "error_detalle", "creado_en", "actualizado_en", "entregado_en", "channel_id", 
"revision_id", "leido_en", "max_intentos", "proximo_reintento", "outbox_event_id") SELECT "id", "meta_message_id", 
"estado", "intento", "error_codigo", "error_detalle", "creado_en", "actualizado_en", "entregado_en", "channel_id", 
"revision_id", "leido_en", "max_intentos", "proximo_reintento", NULL FROM "cotizador_enviocotizacion"; (params ())
[DEBUG] 2026-08-13 21:15:28,050 schema DROP TABLE "cotizador_enviocotizacion"; (params ())
[DEBUG] 2026-08-13 21:15:28,050 schema ALTER TABLE "new__cotizador_enviocotizacion" RENAME TO 
"cotizador_enviocotizacion"; (params ())
[DEBUG] 2026-08-13 21:15:28,053 schema CREATE UNIQUE INDEX "cotizador_envio_meta_id_unico" ON 
"cotizador_enviocotizacion" ("meta_message_id") WHERE NOT ("meta_message_id" = ''); (params ())
[DEBUG] 2026-08-13 21:15:28,053 schema CREATE INDEX "cotizador_enviocotizacion_channel_id_2577923a" ON 
"cotizador_enviocotizacion" ("channel_id"); (params ())
[DEBUG] 2026-08-13 21:15:28,053 schema CREATE INDEX "cotizador_enviocotizacion_revision_id_965dcbca" ON 
"cotizador_enviocotizacion" ("revision_id"); (params ())
[DEBUG] 2026-08-13 21:15:28,093 schema ALTER TABLE "cotizador_revisioncotizacion" ADD COLUMN "cotizacion_tecnica_id" 
bigint NULL REFERENCES "cotizador_cotizacion" ("id") DEFERRABLE INITIALLY DEFERRED; (params None)
[DEBUG] 2026-08-13 21:15:28,117 schema CREATE TABLE "new__cotizador_revisioncotizacion" ("id" integer NOT NULL PRIMARY 
KEY AUTOINCREMENT, "numero" smallint unsigned NOT NULL CHECK ("numero" >= 0), "snapshot_servicio" text NOT NULL CHECK 
((JSON_VALID("snapshot_servicio") OR "snapshot_servicio" IS NULL)), "precio_sugerido_min" decimal NULL, 
"precio_sugerido_max" decimal NULL, "costo_estimado" decimal NULL, "margen_minimo_porcentaje" decimal NULL, 
"precio_final" decimal NOT NULL, "condiciones" text NOT NULL, "vigencia_dias" smallint unsigned NOT NULL CHECK 
("vigencia_dias" >= 0), "observacion_interna" text NOT NULL, "mensaje_whatsapp" text NOT NULL, "enviada" bool NOT 
NULL, "creada_en" datetime NOT NULL, "enviada_en" datetime NULL, "cotizacion_id" bigint NOT NULL REFERENCES 
"cotizador_cotizacioncomercial" ("id") DEFERRABLE INITIALLY DEFERRED, "creada_por_id" integer NULL REFERENCES 
"auth_user" ("id") DEFERRABLE INITIALLY DEFERRED, "cotizacion_tecnica_id" bigint NULL REFERENCES 
"cotizador_cotizacion" ("id") DEFERRABLE INITIALLY DEFERRED, "source_key" varchar(255) NOT NULL, CONSTRAINT 
"cotizador_revision_numero_unico" UNIQUE ("cotizacion_id", "numero"), CONSTRAINT "cotizador_revision_precio_positivo" 
CHECK ("precio_final" > '0')); (params None)
[DEBUG] 2026-08-13 21:15:28,117 schema INSERT INTO "new__cotizador_revisioncotizacion" ("id", "numero", 
"snapshot_servicio", "precio_sugerido_min", "precio_sugerido_max", "costo_estimado", "margen_minimo_porcentaje", 
"precio_final", "condiciones", "vigencia_dias", "observacion_interna", "mensaje_whatsapp", "enviada", "creada_en", 
"enviada_en", "cotizacion_id", "creada_por_id", "cotizacion_tecnica_id", "source_key") SELECT "id", "numero", 
"snapshot_servicio", "precio_sugerido_min", "precio_sugerido_max", "costo_estimado", "margen_minimo_porcentaje", 
"precio_final", "condiciones", "vigencia_dias", "observacion_interna", "mensaje_whatsapp", "enviada", "creada_en", 
"enviada_en", "cotizacion_id", "creada_por_id", "cotizacion_tecnica_id", '' FROM "cotizador_revisioncotizacion"; 
(params ())
[DEBUG] 2026-08-13 21:15:28,117 schema DROP TABLE "cotizador_revisioncotizacion"; (params ())
[DEBUG] 2026-08-13 21:15:28,118 schema ALTER TABLE "new__cotizador_revisioncotizacion" RENAME TO 
"cotizador_revisioncotizacion"; (params ())
[DEBUG] 2026-08-13 21:15:28,121 schema CREATE INDEX "cotizador_revisioncotizacion_cotizacion_id_fad95427" ON 
"cotizador_revisioncotizacion" ("cotizacion_id"); (params ())
[DEBUG] 2026-08-13 21:15:28,121 schema CREATE INDEX "cotizador_revisioncotizacion_creada_por_id_b49153ff" ON 
"cotizador_revisioncotizacion" ("creada_por_id"); (params ())
[DEBUG] 2026-08-13 21:15:28,121 schema CREATE INDEX "cotizador_revisioncotizacion_cotizacion_tecnica_id_52dfef73" ON 
"cotizador_revisioncotizacion" ("cotizacion_tecnica_id"); (params ())
[DEBUG] 2026-08-13 21:15:28,147 schema CREATE UNIQUE INDEX "cotizador_borrador_unico_solicitud" ON 
"cotizador_cotizacioncomercial" ("solicitud_id") WHERE ("estado" = 'borrador' AND "solicitud_id" IS NOT NULL); (params 
None)
[DEBUG] 2026-08-13 21:15:28,168 schema CREATE UNIQUE INDEX "cotizador_revision_source_key_unica" ON 
"cotizador_revisioncotizacion" ("source_key") WHERE NOT ("source_key" = ''); (params None)
[DEBUG] 2026-08-13 21:15:28,228 schema CREATE TABLE "flota_mantenimientovehiculo" ("id" integer NOT NULL PRIMARY KEY 
AUTOINCREMENT, "fecha_mantenimiento" date NOT NULL, "kilometraje_actual" integer unsigned NOT NULL CHECK 
("kilometraje_actual" >= 0), "proximo_mantenimiento_km" integer unsigned NOT NULL CHECK ("proximo_mantenimiento_km" >= 
0), "descripcion" text NOT NULL, "observaciones" text NOT NULL, "vehiculo_id" bigint NOT NULL REFERENCES 
"campo_vehiculo" ("id") DEFERRABLE INITIALLY DEFERRED); (params None)
[DEBUG] 2026-08-13 21:15:28,228 schema CREATE INDEX "flota_mantenimientovehiculo_vehiculo_id_5d905760" ON 
"flota_mantenimientovehiculo" ("vehiculo_id"); (params None)
[DEBUG] 2026-08-13 21:15:28,250 schema ALTER TABLE "leads_lead" ADD COLUMN "cantidad_operarios" smallint unsigned NULL 
CHECK ("cantidad_operarios" >= 0); (params None)
[DEBUG] 2026-08-13 21:15:28,273 schema ALTER TABLE "leads_lead" ADD COLUMN "requiere_armado" bool NULL; (params None)
[DEBUG] 2026-08-13 21:15:28,305 schema CREATE TABLE "leads_leadubicacion" ("id" integer NOT NULL PRIMARY KEY 
AUTOINCREMENT, "orden" smallint unsigned NOT NULL CHECK ("orden" >= 0), "tipo" varchar(12) NOT NULL, "distrito" 
varchar(120) NOT NULL, "direccion" varchar(255) NOT NULL, "piso" smallint unsigned NULL CHECK ("piso" >= 0), 
"ascensor" bool NULL, "acceso_camion" bool NULL, "distancia_acarreo" integer unsigned NULL CHECK ("distancia_acarreo" 
>= 0), "observaciones_acceso" text NOT NULL, "lead_id" bigint NOT NULL REFERENCES "leads_lead" ("id") DEFERRABLE 
INITIALLY DEFERRED, CONSTRAINT "lead_ubicacion_orden_unico" UNIQUE ("lead_id", "orden")); (params None)
[DEBUG] 2026-08-13 21:15:28,337 schema CREATE UNIQUE INDEX "lead_ubicacion_extremo_unico" ON "leads_leadubicacion" 
("lead_id", "tipo") WHERE "tipo" IN ('origen', 'destino'); (params None)
[DEBUG] 2026-08-13 21:15:28,337 schema CREATE INDEX "leads_leadubicacion_lead_id_1c8f6221" ON "leads_leadubicacion" 
("lead_id"); (params None)
[DEBUG] 2026-08-13 21:15:28,337 schema CREATE INDEX "leads_leadu_lead_id_089372_idx" ON "leads_leadubicacion" 
("lead_id", "tipo", "orden"); (params None)
[DEBUG] 2026-08-13 21:15:28,339 schema CREATE TABLE "ia_ejemploconversacion" ("id" integer NOT NULL PRIMARY KEY 
AUTOINCREMENT, "fuente" varchar(40) NOT NULL, "referencia_chat" varchar(80) NOT NULL, "turno" integer unsigned NOT 
NULL CHECK ("turno" >= 0), "mensaje_cliente" text NOT NULL, "respuesta_negocio" text NOT NULL, "etiquetas" text NOT 
NULL CHECK ((JSON_VALID("etiquetas") OR "etiquetas" IS NULL)), "requiere_revision" bool NOT NULL, "fecha_importacion" 
datetime NOT NULL, CONSTRAINT "ejemplo_conversacion_fuente_chat_turno_unico" UNIQUE ("fuente", "referencia_chat", 
"turno")); (params None)
[DEBUG] 2026-08-13 21:15:28,372 schema CREATE TABLE "ia_aideltaaudit" ("id" integer NOT NULL PRIMARY KEY 
AUTOINCREMENT, "conversation_id" bigint unsigned NOT NULL CHECK ("conversation_id" >= 0), "message_id" bigint unsigned 
NOT NULL UNIQUE CHECK ("message_id" >= 0), "provider" varchar(30) NOT NULL, "model" varchar(80) NOT NULL, 
"schema_version" smallint unsigned NOT NULL CHECK ("schema_version" >= 0), "state_version" varchar(64) NOT NULL, 
"mode" varchar(20) NOT NULL, "status" varchar(20) NOT NULL, "accepted_delta" text NOT NULL CHECK 
((JSON_VALID("accepted_delta") OR "accepted_delta" IS NULL)), "legacy_extraction" text NOT NULL CHECK 
((JSON_VALID("legacy_extraction") OR "legacy_extraction" IS NULL)), "rejected_fields" text NOT NULL CHECK 
((JSON_VALID("rejected_fields") OR "rejected_fields" IS NULL)), "rejection_reasons" text NOT NULL CHECK 
((JSON_VALID("rejection_reasons") OR "rejection_reasons" IS NULL)), "fallback_used" bool NOT NULL, "error_type" 
varchar(100) NOT NULL, "error_code" varchar(100) NOT NULL, "http_status" smallint unsigned NULL CHECK ("http_status" 
>= 0), "latency_ms" real NULL, "input_tokens" integer unsigned NULL CHECK ("input_tokens" >= 0), "output_tokens" 
integer unsigned NULL CHECK ("output_tokens" >= 0), "created_at" datetime NOT NULL, "lead_id" bigint NOT NULL 
REFERENCES "leads_lead" ("id") DEFERRABLE INITIALLY DEFERRED); (params None)
[DEBUG] 2026-08-13 21:15:28,373 schema CREATE INDEX "ia_aideltaaudit_conversation_id_b2df25b1" ON "ia_aideltaaudit" 
("conversation_id"); (params None)
[DEBUG] 2026-08-13 21:15:28,373 schema CREATE INDEX "ia_aideltaaudit_lead_id_01b2ff00" ON "ia_aideltaaudit" 
("lead_id"); (params None)
[DEBUG] 2026-08-13 21:15:28,373 schema CREATE INDEX "ia_delta_status_idx" ON "ia_aideltaaudit" ("status", 
"created_at"); (params None)
[DEBUG] 2026-08-13 21:15:28,386 schema CREATE TABLE "new__ia_aideltaaudit" ("id" integer NOT NULL PRIMARY KEY 
AUTOINCREMENT, "conversation_id" bigint unsigned NOT NULL CHECK ("conversation_id" >= 0), "message_id" bigint unsigned 
NOT NULL UNIQUE CHECK ("message_id" >= 0), "provider" varchar(30) NOT NULL, "model" varchar(80) NOT NULL, 
"schema_version" smallint unsigned NOT NULL CHECK ("schema_version" >= 0), "state_version" varchar(64) NOT NULL, 
"mode" varchar(20) NOT NULL, "status" varchar(20) NOT NULL, "accepted_delta" text NOT NULL CHECK 
((JSON_VALID("accepted_delta") OR "accepted_delta" IS NULL)), "legacy_extraction" text NOT NULL CHECK 
((JSON_VALID("legacy_extraction") OR "legacy_extraction" IS NULL)), "rejected_fields" text NOT NULL CHECK 
((JSON_VALID("rejected_fields") OR "rejected_fields" IS NULL)), "rejection_reasons" text NOT NULL CHECK 
((JSON_VALID("rejection_reasons") OR "rejection_reasons" IS NULL)), "fallback_used" bool NOT NULL, "error_type" 
varchar(100) NOT NULL, "error_code" varchar(100) NOT NULL, "http_status" smallint unsigned NULL CHECK ("http_status" 
>= 0), "latency_ms" real NULL, "input_tokens" integer unsigned NULL CHECK ("input_tokens" >= 0), "output_tokens" 
integer unsigned NULL CHECK ("output_tokens" >= 0), "created_at" datetime NOT NULL, "lead_id" bigint NOT NULL 
REFERENCES "leads_lead" ("id") DEFERRABLE INITIALLY DEFERRED, "canonical_state_after" text NOT NULL CHECK 
((JSON_VALID("canonical_state_after") OR "canonical_state_after" IS NULL))); (params None)
[DEBUG] 2026-08-13 21:15:28,387 schema INSERT INTO "new__ia_aideltaaudit" ("id", "conversation_id", "message_id", 
"provider", "model", "schema_version", "state_version", "mode", "status", "accepted_delta", "legacy_extraction", 
"rejected_fields", "rejection_reasons", "fallback_used", "error_type", "error_code", "http_status", "latency_ms", 
"input_tokens", "output_tokens", "created_at", "lead_id", "canonical_state_after") SELECT "id", "conversation_id", 
"message_id", "provider", "model", "schema_version", "state_version", "mode", "status", "accepted_delta", 
"legacy_extraction", "rejected_fields", "rejection_reasons", "fallback_used", "error_type", "error_code", 
"http_status", "latency_ms", "input_tokens", "output_tokens", "created_at", "lead_id", '{}' FROM "ia_aideltaaudit"; 
(params ())
[DEBUG] 2026-08-13 21:15:28,387 schema DROP TABLE "ia_aideltaaudit"; (params ())
[DEBUG] 2026-08-13 21:15:28,387 schema ALTER TABLE "new__ia_aideltaaudit" RENAME TO "ia_aideltaaudit"; (params ())
[DEBUG] 2026-08-13 21:15:28,390 schema CREATE INDEX "ia_aideltaaudit_conversation_id_b2df25b1" ON "ia_aideltaaudit" 
("conversation_id"); (params ())
[DEBUG] 2026-08-13 21:15:28,390 schema CREATE INDEX "ia_aideltaaudit_lead_id_01b2ff00" ON "ia_aideltaaudit" 
("lead_id"); (params ())
[DEBUG] 2026-08-13 21:15:28,391 schema CREATE INDEX "ia_delta_status_idx" ON "ia_aideltaaudit" ("status", 
"created_at"); (params ())
[DEBUG] 2026-08-13 21:15:28,404 schema CREATE TABLE "new__ia_aideltaaudit" ("id" integer NOT NULL PRIMARY KEY 
AUTOINCREMENT, "conversation_id" bigint unsigned NOT NULL CHECK ("conversation_id" >= 0), "message_id" bigint unsigned 
NOT NULL UNIQUE CHECK ("message_id" >= 0), "provider" varchar(30) NOT NULL, "model" varchar(80) NOT NULL, 
"schema_version" smallint unsigned NOT NULL CHECK ("schema_version" >= 0), "state_version" varchar(64) NOT NULL, 
"mode" varchar(20) NOT NULL, "status" varchar(20) NOT NULL, "accepted_delta" text NOT NULL CHECK 
((JSON_VALID("accepted_delta") OR "accepted_delta" IS NULL)), "legacy_extraction" text NOT NULL CHECK 
((JSON_VALID("legacy_extraction") OR "legacy_extraction" IS NULL)), "rejected_fields" text NOT NULL CHECK 
((JSON_VALID("rejected_fields") OR "rejected_fields" IS NULL)), "rejection_reasons" text NOT NULL CHECK 
((JSON_VALID("rejection_reasons") OR "rejection_reasons" IS NULL)), "fallback_used" bool NOT NULL, "error_type" 
varchar(100) NOT NULL, "error_code" varchar(100) NOT NULL, "http_status" smallint unsigned NULL CHECK ("http_status" 
>= 0), "latency_ms" real NULL, "input_tokens" integer unsigned NULL CHECK ("input_tokens" >= 0), "output_tokens" 
integer unsigned NULL CHECK ("output_tokens" >= 0), "created_at" datetime NOT NULL, "lead_id" bigint NOT NULL 
REFERENCES "leads_lead" ("id") DEFERRABLE INITIALLY DEFERRED, "canonical_state_after" text NOT NULL CHECK 
((JSON_VALID("canonical_state_after") OR "canonical_state_after" IS NULL)), "canonical_state_before" text NOT NULL 
CHECK ((JSON_VALID("canonical_state_before") OR "canonical_state_before" IS NULL))); (params None)
[DEBUG] 2026-08-13 21:15:28,405 schema INSERT INTO "new__ia_aideltaaudit" ("id", "conversation_id", "message_id", 
"provider", "model", "schema_version", "state_version", "mode", "status", "accepted_delta", "legacy_extraction", 
"rejected_fields", "rejection_reasons", "fallback_used", "error_type", "error_code", "http_status", "latency_ms", 
"input_tokens", "output_tokens", "created_at", "lead_id", "canonical_state_after", "canonical_state_before") SELECT 
"id", "conversation_id", "message_id", "provider", "model", "schema_version", "state_version", "mode", "status", 
"accepted_delta", "legacy_extraction", "rejected_fields", "rejection_reasons", "fallback_used", "error_type", 
"error_code", "http_status", "latency_ms", "input_tokens", "output_tokens", "created_at", "lead_id", 
"canonical_state_after", '{}' FROM "ia_aideltaaudit"; (params ())
[DEBUG] 2026-08-13 21:15:28,405 schema DROP TABLE "ia_aideltaaudit"; (params ())
[DEBUG] 2026-08-13 21:15:28,405 schema ALTER TABLE "new__ia_aideltaaudit" RENAME TO "ia_aideltaaudit"; (params ())
[DEBUG] 2026-08-13 21:15:28,408 schema CREATE INDEX "ia_aideltaaudit_conversation_id_b2df25b1" ON "ia_aideltaaudit" 
("conversation_id"); (params ())
[DEBUG] 2026-08-13 21:15:28,408 schema CREATE INDEX "ia_aideltaaudit_lead_id_01b2ff00" ON "ia_aideltaaudit" 
("lead_id"); (params ())
[DEBUG] 2026-08-13 21:15:28,408 schema CREATE INDEX "ia_delta_status_idx" ON "ia_aideltaaudit" ("status", 
"created_at"); (params ())
[DEBUG] 2026-08-13 21:15:28,424 schema CREATE TABLE "new__ia_aideltaaudit" ("id" integer NOT NULL PRIMARY KEY 
AUTOINCREMENT, "conversation_id" bigint unsigned NOT NULL CHECK ("conversation_id" >= 0), "message_id" bigint unsigned 
NOT NULL UNIQUE CHECK ("message_id" >= 0), "provider" varchar(30) NOT NULL, "model" varchar(80) NOT NULL, 
"schema_version" smallint unsigned NOT NULL CHECK ("schema_version" >= 0), "state_version" varchar(64) NOT NULL, 
"mode" varchar(20) NOT NULL, "status" varchar(20) NOT NULL, "accepted_delta" text NOT NULL CHECK 
((JSON_VALID("accepted_delta") OR "accepted_delta" IS NULL)), "legacy_extraction" text NOT NULL CHECK 
((JSON_VALID("legacy_extraction") OR "legacy_extraction" IS NULL)), "rejected_fields" text NOT NULL CHECK 
((JSON_VALID("rejected_fields") OR "rejected_fields" IS NULL)), "rejection_reasons" text NOT NULL CHECK 
((JSON_VALID("rejection_reasons") OR "rejection_reasons" IS NULL)), "fallback_used" bool NOT NULL, "error_type" 
varchar(100) NOT NULL, "error_code" varchar(100) NOT NULL, "http_status" smallint unsigned NULL CHECK ("http_status" 
>= 0), "latency_ms" real NULL, "input_tokens" integer unsigned NULL CHECK ("input_tokens" >= 0), "output_tokens" 
integer unsigned NULL CHECK ("output_tokens" >= 0), "created_at" datetime NOT NULL, "lead_id" bigint NOT NULL 
REFERENCES "leads_lead" ("id") DEFERRABLE INITIALLY DEFERRED, "canonical_state_after" text NOT NULL CHECK 
((JSON_VALID("canonical_state_after") OR "canonical_state_after" IS NULL)), "canonical_state_before" text NOT NULL 
CHECK ((JSON_VALID("canonical_state_before") OR "canonical_state_before" IS NULL)), "question_targets" text NOT NULL 
CHECK ((JSON_VALID("question_targets") OR "question_targets" IS NULL))); (params None)
[DEBUG] 2026-08-13 21:15:28,424 schema INSERT INTO "new__ia_aideltaaudit" ("id", "conversation_id", "message_id", 
"provider", "model", "schema_version", "state_version", "mode", "status", "accepted_delta", "legacy_extraction", 
"rejected_fields", "rejection_reasons", "fallback_used", "error_type", "error_code", "http_status", "latency_ms", 
"input_tokens", "output_tokens", "created_at", "lead_id", "canonical_state_after", "canonical_state_before", 
"question_targets") SELECT "id", "conversation_id", "message_id", "provider", "model", "schema_version", 
"state_version", "mode", "status", "accepted_delta", "legacy_extraction", "rejected_fields", "rejection_reasons", 
"fallback_used", "error_type", "error_code", "http_status", "latency_ms", "input_tokens", "output_tokens", 
"created_at", "lead_id", "canonical_state_after", "canonical_state_before", '[]' FROM "ia_aideltaaudit"; (params ())
[DEBUG] 2026-08-13 21:15:28,425 schema DROP TABLE "ia_aideltaaudit"; (params ())
[DEBUG] 2026-08-13 21:15:28,425 schema ALTER TABLE "new__ia_aideltaaudit" RENAME TO "ia_aideltaaudit"; (params ())
[DEBUG] 2026-08-13 21:15:28,429 schema CREATE INDEX "ia_aideltaaudit_conversation_id_b2df25b1" ON "ia_aideltaaudit" 
("conversation_id"); (params ())
[DEBUG] 2026-08-13 21:15:28,430 schema CREATE INDEX "ia_aideltaaudit_lead_id_01b2ff00" ON "ia_aideltaaudit" 
("lead_id"); (params ())
[DEBUG] 2026-08-13 21:15:28,430 schema CREATE INDEX "ia_delta_status_idx" ON "ia_aideltaaudit" ("status", 
"created_at"); (params ())
[DEBUG] 2026-08-13 21:15:28,453 schema CREATE TABLE "new__ia_aideltaaudit" ("id" integer NOT NULL PRIMARY KEY 
AUTOINCREMENT, "conversation_id" bigint unsigned NOT NULL CHECK ("conversation_id" >= 0), "message_id" bigint unsigned 
NOT NULL UNIQUE CHECK ("message_id" >= 0), "provider" varchar(30) NOT NULL, "model" varchar(80) NOT NULL, 
"schema_version" smallint unsigned NOT NULL CHECK ("schema_version" >= 0), "state_version" varchar(64) NOT NULL, 
"mode" varchar(20) NOT NULL, "status" varchar(20) NOT NULL, "accepted_delta" text NOT NULL CHECK 
((JSON_VALID("accepted_delta") OR "accepted_delta" IS NULL)), "legacy_extraction" text NOT NULL CHECK 
((JSON_VALID("legacy_extraction") OR "legacy_extraction" IS NULL)), "rejected_fields" text NOT NULL CHECK 
((JSON_VALID("rejected_fields") OR "rejected_fields" IS NULL)), "rejection_reasons" text NOT NULL CHECK 
((JSON_VALID("rejection_reasons") OR "rejection_reasons" IS NULL)), "fallback_used" bool NOT NULL, "error_type" 
varchar(100) NOT NULL, "error_code" varchar(100) NOT NULL, "http_status" smallint unsigned NULL CHECK ("http_status" 
>= 0), "latency_ms" real NULL, "input_tokens" integer unsigned NULL CHECK ("input_tokens" >= 0), "output_tokens" 
integer unsigned NULL CHECK ("output_tokens" >= 0), "created_at" datetime NOT NULL, "lead_id" bigint NOT NULL 
REFERENCES "leads_lead" ("id") DEFERRABLE INITIALLY DEFERRED, "canonical_state_after" text NOT NULL CHECK 
((JSON_VALID("canonical_state_after") OR "canonical_state_after" IS NULL)), "canonical_state_before" text NOT NULL 
CHECK ((JSON_VALID("canonical_state_before") OR "canonical_state_before" IS NULL)), "question_targets" text NOT NULL 
CHECK ((JSON_VALID("question_targets") OR "question_targets" IS NULL)), "raw_delta" text NOT NULL CHECK 
((JSON_VALID("raw_delta") OR "raw_delta" IS NULL))); (params None)
[DEBUG] 2026-08-13 21:15:28,453 schema INSERT INTO "new__ia_aideltaaudit" ("id", "conversation_id", "message_id", 
"provider", "model", "schema_version", "state_version", "mode", "status", "accepted_delta", "legacy_extraction", 
"rejected_fields", "rejection_reasons", "fallback_used", "error_type", "error_code", "http_status", "latency_ms", 
"input_tokens", "output_tokens", "created_at", "lead_id", "canonical_state_after", "canonical_state_before", 
"question_targets", "raw_delta") SELECT "id", "conversation_id", "message_id", "provider", "model", "schema_version", 
"state_version", "mode", "status", "accepted_delta", "legacy_extraction", "rejected_fields", "rejection_reasons", 
"fallback_used", "error_type", "error_code", "http_status", "latency_ms", "input_tokens", "output_tokens", 
"created_at", "lead_id", "canonical_state_after", "canonical_state_before", "question_targets", '{}' FROM 
"ia_aideltaaudit"; (params ())
[DEBUG] 2026-08-13 21:15:28,453 schema DROP TABLE "ia_aideltaaudit"; (params ())
[DEBUG] 2026-08-13 21:15:28,454 schema ALTER TABLE "new__ia_aideltaaudit" RENAME TO "ia_aideltaaudit"; (params ())
[DEBUG] 2026-08-13 21:15:28,459 schema CREATE INDEX "ia_aideltaaudit_conversation_id_b2df25b1" ON "ia_aideltaaudit" 
("conversation_id"); (params ())
[DEBUG] 2026-08-13 21:15:28,459 schema CREATE INDEX "ia_aideltaaudit_lead_id_01b2ff00" ON "ia_aideltaaudit" 
("lead_id"); (params ())
[DEBUG] 2026-08-13 21:15:28,459 schema CREATE INDEX "ia_delta_status_idx" ON "ia_aideltaaudit" ("status", 
"created_at"); (params ())
[DEBUG] 2026-08-13 21:15:28,475 schema CREATE TABLE "new__ia_aideltaaudit" ("id" integer NOT NULL PRIMARY KEY 
AUTOINCREMENT, "conversation_id" bigint unsigned NOT NULL CHECK ("conversation_id" >= 0), "message_id" bigint unsigned 
NOT NULL UNIQUE CHECK ("message_id" >= 0), "provider" varchar(30) NOT NULL, "model" varchar(80) NOT NULL, 
"schema_version" smallint unsigned NOT NULL CHECK ("schema_version" >= 0), "state_version" varchar(64) NOT NULL, 
"mode" varchar(20) NOT NULL, "status" varchar(20) NOT NULL, "accepted_delta" text NOT NULL CHECK 
((JSON_VALID("accepted_delta") OR "accepted_delta" IS NULL)), "legacy_extraction" text NOT NULL CHECK 
((JSON_VALID("legacy_extraction") OR "legacy_extraction" IS NULL)), "rejected_fields" text NOT NULL CHECK 
((JSON_VALID("rejected_fields") OR "rejected_fields" IS NULL)), "rejection_reasons" text NOT NULL CHECK 
((JSON_VALID("rejection_reasons") OR "rejection_reasons" IS NULL)), "fallback_used" bool NOT NULL, "error_type" 
varchar(100) NOT NULL, "error_code" varchar(100) NOT NULL, "http_status" smallint unsigned NULL CHECK ("http_status" 
>= 0), "latency_ms" real NULL, "input_tokens" integer unsigned NULL CHECK ("input_tokens" >= 0), "output_tokens" 
integer unsigned NULL CHECK ("output_tokens" >= 0), "created_at" datetime NOT NULL, "lead_id" bigint NOT NULL 
REFERENCES "leads_lead" ("id") DEFERRABLE INITIALLY DEFERRED, "canonical_state_after" text NOT NULL CHECK 
((JSON_VALID("canonical_state_after") OR "canonical_state_after" IS NULL)), "canonical_state_before" text NOT NULL 
CHECK ((JSON_VALID("canonical_state_before") OR "canonical_state_before" IS NULL)), "question_targets" text NOT NULL 
CHECK ((JSON_VALID("question_targets") OR "question_targets" IS NULL)), "raw_delta" text NOT NULL CHECK 
((JSON_VALID("raw_delta") OR "raw_delta" IS NULL)), "rejected_delta" text NOT NULL CHECK 
((JSON_VALID("rejected_delta") OR "rejected_delta" IS NULL))); (params None)
[DEBUG] 2026-08-13 21:15:28,475 schema INSERT INTO "new__ia_aideltaaudit" ("id", "conversation_id", "message_id", 
"provider", "model", "schema_version", "state_version", "mode", "status", "accepted_delta", "legacy_extraction", 
"rejected_fields", "rejection_reasons", "fallback_used", "error_type", "error_code", "http_status", "latency_ms", 
"input_tokens", "output_tokens", "created_at", "lead_id", "canonical_state_after", "canonical_state_before", 
"question_targets", "raw_delta", "rejected_delta") SELECT "id", "conversation_id", "message_id", "provider", "model", 
"schema_version", "state_version", "mode", "status", "accepted_delta", "legacy_extraction", "rejected_fields", 
"rejection_reasons", "fallback_used", "error_type", "error_code", "http_status", "latency_ms", "input_tokens", 
"output_tokens", "created_at", "lead_id", "canonical_state_after", "canonical_state_before", "question_targets", 
"raw_delta", '[]' FROM "ia_aideltaaudit"; (params ())
[DEBUG] 2026-08-13 21:15:28,475 schema DROP TABLE "ia_aideltaaudit"; (params ())
[DEBUG] 2026-08-13 21:15:28,476 schema ALTER TABLE "new__ia_aideltaaudit" RENAME TO "ia_aideltaaudit"; (params ())
[DEBUG] 2026-08-13 21:15:28,478 schema CREATE INDEX "ia_aideltaaudit_conversation_id_b2df25b1" ON "ia_aideltaaudit" 
("conversation_id"); (params ())
[DEBUG] 2026-08-13 21:15:28,478 schema CREATE INDEX "ia_aideltaaudit_lead_id_01b2ff00" ON "ia_aideltaaudit" 
("lead_id"); (params ())
[DEBUG] 2026-08-13 21:15:28,479 schema CREATE INDEX "ia_delta_status_idx" ON "ia_aideltaaudit" ("status", 
"created_at"); (params ())
[DEBUG] 2026-08-13 21:15:28,511 schema CREATE TABLE "integrations_channelintegrationpolicy" ("id" integer NOT NULL 
PRIMARY KEY AUTOINCREMENT, "enabled" bool NOT NULL, "live_sync" bool NOT NULL, "human_takeover" bool NOT NULL, 
"return_to_bot" bool NOT NULL, "agent_outbound" bool NOT NULL, "commercial_labels" bool NOT NULL, "meta_outbox" bool 
NOT NULL, "updated_at" datetime NOT NULL, "channel_id" bigint NOT NULL UNIQUE REFERENCES "whatsapp_whatsappchannel" 
("id") DEFERRABLE INITIALLY DEFERRED); (params None)
[DEBUG] 2026-08-13 21:15:28,513 schema CREATE TABLE "integrations_workerheartbeat" ("id" integer NOT NULL PRIMARY KEY 
AUTOINCREMENT, "name" varchar(80) NOT NULL UNIQUE, "worker_id" varchar(120) NOT NULL, "started_at" datetime NOT NULL, 
"last_seen_at" datetime NOT NULL, "metadata" text NOT NULL CHECK ((JSON_VALID("metadata") OR "metadata" IS NULL))); 
(params None)
[DEBUG] 2026-08-13 21:15:28,513 schema CREATE INDEX "integrations_workerheartbeat_last_seen_at_b82d881c" ON 
"integrations_workerheartbeat" ("last_seen_at"); (params None)
[DEBUG] 2026-08-13 21:15:28,526 schema CREATE TABLE "new__integrations_channelintegrationpolicy" ("id" integer NOT 
NULL PRIMARY KEY AUTOINCREMENT, "enabled" bool NOT NULL, "live_sync" bool NOT NULL, "human_takeover" bool NOT NULL, 
"return_to_bot" bool NOT NULL, "agent_outbound" bool NOT NULL, "commercial_labels" bool NOT NULL, "meta_outbox" bool 
NOT NULL, "updated_at" datetime NOT NULL, "channel_id" bigint NOT NULL UNIQUE REFERENCES "whatsapp_whatsappchannel" 
("id") DEFERRABLE INITIALLY DEFERRED, "ai_v31_mode" varchar(12) NOT NULL); (params None)
[DEBUG] 2026-08-13 21:15:28,526 schema INSERT INTO "new__integrations_channelintegrationpolicy" ("id", "enabled", 
"live_sync", "human_takeover", "return_to_bot", "agent_outbound", "commercial_labels", "meta_outbox", "updated_at", 
"channel_id", "ai_v31_mode") SELECT "id", "enabled", "live_sync", "human_takeover", "return_to_bot", "agent_outbound", 
"commercial_labels", "meta_outbox", "updated_at", "channel_id", 'off' FROM "integrations_channelintegrationpolicy"; 
(params ())
[DEBUG] 2026-08-13 21:15:28,527 schema DROP TABLE "integrations_channelintegrationpolicy"; (params ())
[DEBUG] 2026-08-13 21:15:28,527 schema ALTER TABLE "new__integrations_channelintegrationpolicy" RENAME TO 
"integrations_channelintegrationpolicy"; (params ())
[DEBUG] 2026-08-13 21:15:28,546 schema CREATE TABLE "new__integrations_botgeneration" ("id" char(32) NOT NULL PRIMARY 
KEY, "control_version_started" bigint unsigned NOT NULL CHECK ("control_version_started" >= 0), "expected_owner_state" 
varchar(24) NOT NULL, "status" varchar(15) NOT NULL, "request_key" varchar(255) NOT NULL, "result_text" text NOT NULL, 
"started_at" datetime NOT NULL, "completed_at" datetime NULL, "cancelled_at" datetime NULL, "cancel_reason" 
varchar(120) NOT NULL, "error_summary" varchar(255) NOT NULL, "correlation_id" char(32) NOT NULL, "conversation_id" 
bigint NOT NULL REFERENCES "whatsapp_conversacionwhatsapp" ("id") DEFERRABLE INITIALLY DEFERRED, "input_message_id" 
char(32) NULL REFERENCES "integrations_integrationmessage" ("id") DEFERRABLE INITIALLY DEFERRED, "asked_targets" text 
NOT NULL CHECK ((JSON_VALID("asked_targets") OR "asked_targets" IS NULL)), CONSTRAINT "int_gen_request_uniq" UNIQUE 
("conversation_id", "request_key")); (params None)
[DEBUG] 2026-08-13 21:15:28,546 schema INSERT INTO "new__integrations_botgeneration" ("id", "control_version_started", 
"expected_owner_state", "status", "request_key", "result_text", "started_at", "completed_at", "cancelled_at", 
"cancel_reason", "error_summary", "correlation_id", "conversation_id", "input_message_id", "asked_targets") SELECT 
"id", "control_version_started", "expected_owner_state", "status", "request_key", "result_text", "started_at", 
"completed_at", "cancelled_at", "cancel_reason", "error_summary", "correlation_id", "conversation_id", 
"input_message_id", '[]' FROM "integrations_botgeneration"; (params ())
[DEBUG] 2026-08-13 21:15:28,546 schema DROP TABLE "integrations_botgeneration"; (params ())
[DEBUG] 2026-08-13 21:15:28,546 schema ALTER TABLE "new__integrations_botgeneration" RENAME TO 
"integrations_botgeneration"; (params ())
[DEBUG] 2026-08-13 21:15:28,549 schema CREATE INDEX "integrations_botgeneration_conversation_id_8571586a" ON 
"integrations_botgeneration" ("conversation_id"); (params ())
[DEBUG] 2026-08-13 21:15:28,549 schema CREATE INDEX "integrations_botgeneration_input_message_id_a71abe51" ON 
"integrations_botgeneration" ("input_message_id"); (params ())
[DEBUG] 2026-08-13 21:15:28,550 schema CREATE INDEX "int_gen_active_idx" ON "integrations_botgeneration" 
("conversation_id", "status", "started_at"); (params ())
[DEBUG] 2026-08-13 21:15:28,550 schema CREATE INDEX "int_gen_corr_idx" ON "integrations_botgeneration" 
("correlation_id"); (params ())
[DEBUG] 2026-08-13 21:15:28,566 schema CREATE TABLE "new__integrations_botgeneration" ("id" char(32) NOT NULL PRIMARY 
KEY, "control_version_started" bigint unsigned NOT NULL CHECK ("control_version_started" >= 0), "expected_owner_state" 
varchar(24) NOT NULL, "status" varchar(15) NOT NULL, "request_key" varchar(255) NOT NULL, "result_text" text NOT NULL, 
"started_at" datetime NOT NULL, "completed_at" datetime NULL, "cancelled_at" datetime NULL, "cancel_reason" 
varchar(120) NOT NULL, "error_summary" varchar(255) NOT NULL, "correlation_id" char(32) NOT NULL, "conversation_id" 
bigint NOT NULL REFERENCES "whatsapp_conversacionwhatsapp" ("id") DEFERRABLE INITIALLY DEFERRED, "input_message_id" 
char(32) NULL REFERENCES "integrations_integrationmessage" ("id") DEFERRABLE INITIALLY DEFERRED, "asked_targets" text 
NOT NULL CHECK ((JSON_VALID("asked_targets") OR "asked_targets" IS NULL)), "conversation_intent" varchar(40) NOT NULL, 
CONSTRAINT "int_gen_request_uniq" UNIQUE ("conversation_id", "request_key")); (params None)
[DEBUG] 2026-08-13 21:15:28,566 schema INSERT INTO "new__integrations_botgeneration" ("id", "control_version_started", 
"expected_owner_state", "status", "request_key", "result_text", "started_at", "completed_at", "cancelled_at", 
"cancel_reason", "error_summary", "correlation_id", "conversation_id", "input_message_id", "asked_targets", 
"conversation_intent") SELECT "id", "control_version_started", "expected_owner_state", "status", "request_key", 
"result_text", "started_at", "completed_at", "cancelled_at", "cancel_reason", "error_summary", "correlation_id", 
"conversation_id", "input_message_id", "asked_targets", '' FROM "integrations_botgeneration"; (params ())
[DEBUG] 2026-08-13 21:15:28,567 schema DROP TABLE "integrations_botgeneration"; (params ())
[DEBUG] 2026-08-13 21:15:28,567 schema ALTER TABLE "new__integrations_botgeneration" RENAME TO 
"integrations_botgeneration"; (params ())
[DEBUG] 2026-08-13 21:15:28,570 schema CREATE INDEX "integrations_botgeneration_conversation_id_8571586a" ON 
"integrations_botgeneration" ("conversation_id"); (params ())
[DEBUG] 2026-08-13 21:15:28,570 schema CREATE INDEX "integrations_botgeneration_input_message_id_a71abe51" ON 
"integrations_botgeneration" ("input_message_id"); (params ())
[DEBUG] 2026-08-13 21:15:28,570 schema CREATE INDEX "int_gen_active_idx" ON "integrations_botgeneration" 
("conversation_id", "status", "started_at"); (params ())
[DEBUG] 2026-08-13 21:15:28,571 schema CREATE INDEX "int_gen_corr_idx" ON "integrations_botgeneration" 
("correlation_id"); (params ())
[DEBUG] 2026-08-13 21:15:28,587 schema CREATE TABLE "new__integrations_botgeneration" ("id" char(32) NOT NULL PRIMARY 
KEY, "control_version_started" bigint unsigned NOT NULL CHECK ("control_version_started" >= 0), "expected_owner_state" 
varchar(24) NOT NULL, "status" varchar(15) NOT NULL, "request_key" varchar(255) NOT NULL, "result_text" text NOT NULL, 
"started_at" datetime NOT NULL, "completed_at" datetime NULL, "cancelled_at" datetime NULL, "cancel_reason" 
varchar(120) NOT NULL, "error_summary" varchar(255) NOT NULL, "correlation_id" char(32) NOT NULL, "conversation_id" 
bigint NOT NULL REFERENCES "whatsapp_conversacionwhatsapp" ("id") DEFERRABLE INITIALLY DEFERRED, "input_message_id" 
char(32) NULL REFERENCES "integrations_integrationmessage" ("id") DEFERRABLE INITIALLY DEFERRED, "asked_targets" text 
NOT NULL CHECK ((JSON_VALID("asked_targets") OR "asked_targets" IS NULL)), "conversation_intent" varchar(40) NOT NULL, 
"conversation_metadata" text NOT NULL CHECK ((JSON_VALID("conversation_metadata") OR "conversation_metadata" IS 
NULL)), CONSTRAINT "int_gen_request_uniq" UNIQUE ("conversation_id", "request_key")); (params None)
[DEBUG] 2026-08-13 21:15:28,588 schema INSERT INTO "new__integrations_botgeneration" ("id", "control_version_started", 
"expected_owner_state", "status", "request_key", "result_text", "started_at", "completed_at", "cancelled_at", 
"cancel_reason", "error_summary", "correlation_id", "conversation_id", "input_message_id", "asked_targets", 
"conversation_intent", "conversation_metadata") SELECT "id", "control_version_started", "expected_owner_state", 
"status", "request_key", "result_text", "started_at", "completed_at", "cancelled_at", "cancel_reason", 
"error_summary", "correlation_id", "conversation_id", "input_message_id", "asked_targets", "conversation_intent", '{}' 
FROM "integrations_botgeneration"; (params ())
[DEBUG] 2026-08-13 21:15:28,588 schema DROP TABLE "integrations_botgeneration"; (params ())
[DEBUG] 2026-08-13 21:15:28,588 schema ALTER TABLE "new__integrations_botgeneration" RENAME TO 
"integrations_botgeneration"; (params ())
[DEBUG] 2026-08-13 21:15:28,593 schema CREATE INDEX "integrations_botgeneration_conversation_id_8571586a" ON 
"integrations_botgeneration" ("conversation_id"); (params ())
[DEBUG] 2026-08-13 21:15:28,593 schema CREATE INDEX "integrations_botgeneration_input_message_id_a71abe51" ON 
"integrations_botgeneration" ("input_message_id"); (params ())
[DEBUG] 2026-08-13 21:15:28,593 schema CREATE INDEX "int_gen_active_idx" ON "integrations_botgeneration" 
("conversation_id", "status", "started_at"); (params ())
[DEBUG] 2026-08-13 21:15:28,593 schema CREATE INDEX "int_gen_corr_idx" ON "integrations_botgeneration" 
("correlation_id"); (params ())
[DEBUG] 2026-08-13 21:15:28,639 schema ALTER TABLE "servicios_servicio" ADD COLUMN "atendido_por_id" integer NULL 
REFERENCES "auth_user" ("id") DEFERRABLE INITIALLY DEFERRED; (params None)
[DEBUG] 2026-08-13 21:15:28,671 schema ALTER TABLE "servicios_servicio" ADD COLUMN "fecha_actualizacion_estado" 
datetime NULL; (params None)
[DEBUG] 2026-08-13 21:15:28,700 schema ALTER TABLE "servicios_servicio" ADD COLUMN "motivo_cancelacion" text NULL; 
(params None)
[DEBUG] 2026-08-13 21:15:28,702 schema CREATE INDEX "servicios_servicio_atendido_por_id_0b3f3d37" ON 
"servicios_servicio" ("atendido_por_id"); (params None)
[DEBUG] 2026-08-13 21:15:28,791 schema CREATE TABLE "new__servicios_servicio" ("id" integer NOT NULL PRIMARY KEY 
AUTOINCREMENT, "codigo" varchar(20) NOT NULL UNIQUE, "estado" varchar(20) NOT NULL, "tipo_servicio" varchar(80) NOT 
NULL, "distrito_origen" varchar(120) NOT NULL, "distrito_destino" varchar(120) NOT NULL, "direccion_origen" 
varchar(255) NOT NULL, "direccion_destino" varchar(255) NOT NULL, "piso_origen" smallint unsigned NULL CHECK 
("piso_origen" >= 0), "piso_destino" smallint unsigned NULL CHECK ("piso_destino" >= 0), "acceso_origen" varchar(120) 
NOT NULL, "acceso_destino" varchar(120) NOT NULL, "lista_objetos" text NOT NULL, "objetos_pesados" text NOT NULL, 
"incluye_personal_carga" bool NULL, "requiere_desarmado" bool NULL, "peso_carga_kg" decimal NULL, "volumen_carga_m3" 
decimal NULL, "fecha_servicio" date NULL, "horario_servicio" varchar(80) NOT NULL, "precio_cotizado" decimal NULL, 
"precio_final" decimal NULL, "dni_ruc" varchar(20) NOT NULL, "observaciones" text NOT NULL, "nota_interna" text NOT 
NULL, "fecha_creacion" datetime NOT NULL, "fecha_actualizacion" datetime NOT NULL, "asesor_id" integer NULL REFERENCES 
"auth_user" ("id") DEFERRABLE INITIALLY DEFERRED, "cliente_id" bigint NULL REFERENCES "clientes_cliente" ("id") 
DEFERRABLE INITIALLY DEFERRED, "lead_origen_id" bigint NULL UNIQUE REFERENCES "leads_lead" ("id") DEFERRABLE INITIALLY 
DEFERRED, "whatsapp_channel_id" bigint NULL REFERENCES "whatsapp_whatsappchannel" ("id") DEFERRABLE INITIALLY 
DEFERRED, "atendido_por_id" integer NULL REFERENCES "auth_user" ("id") DEFERRABLE INITIALLY DEFERRED, 
"fecha_actualizacion_estado" datetime NULL, "motivo_cancelacion" text NULL, "acceso_destino_opciones" text NOT NULL 
CHECK ((JSON_VALID("acceso_destino_opciones") OR "acceso_destino_opciones" IS NULL))); (params None)
[DEBUG] 2026-08-13 21:15:28,791 schema INSERT INTO "new__servicios_servicio" ("id", "codigo", "estado", 
"tipo_servicio", "distrito_origen", "distrito_destino", "direccion_origen", "direccion_destino", "piso_origen", 
"piso_destino", "acceso_origen", "acceso_destino", "lista_objetos", "objetos_pesados", "incluye_personal_carga", 
"requiere_desarmado", "peso_carga_kg", "volumen_carga_m3", "fecha_servicio", "horario_servicio", "precio_cotizado", 
"precio_final", "dni_ruc", "observaciones", "nota_interna", "fecha_creacion", "fecha_actualizacion", "asesor_id", 
"cliente_id", "lead_origen_id", "whatsapp_channel_id", "atendido_por_id", "fecha_actualizacion_estado", 
"motivo_cancelacion", "acceso_destino_opciones") SELECT "id", "codigo", "estado", "tipo_servicio", "distrito_origen", 
"distrito_destino", "direccion_origen", "direccion_destino", "piso_origen", "piso_destino", "acceso_origen", 
"acceso_destino", "lista_objetos", "objetos_pesados", "incluye_personal_carga", "requiere_desarmado", "peso_carga_kg", 
"volumen_carga_m3", "fecha_servicio", "horario_servicio", "precio_cotizado", "precio_final", "dni_ruc", 
"observaciones", "nota_interna", "fecha_creacion", "fecha_actualizacion", "asesor_id", "cliente_id", "lead_origen_id", 
"whatsapp_channel_id", "atendido_por_id", "fecha_actualizacion_estado", "motivo_cancelacion", '[]' FROM 
"servicios_servicio"; (params ())
[DEBUG] 2026-08-13 21:15:28,791 schema DROP TABLE "servicios_servicio"; (params ())
[DEBUG] 2026-08-13 21:15:28,791 schema ALTER TABLE "new__servicios_servicio" RENAME TO "servicios_servicio"; (params 
())
[DEBUG] 2026-08-13 21:15:28,794 schema CREATE INDEX "servicios_servicio_asesor_id_69d43a6c" ON "servicios_servicio" 
("asesor_id"); (params ())
[DEBUG] 2026-08-13 21:15:28,795 schema CREATE INDEX "servicios_servicio_cliente_id_36d1d393" ON "servicios_servicio" 
("cliente_id"); (params ())
[DEBUG] 2026-08-13 21:15:28,795 schema CREATE INDEX "servicios_servicio_whatsapp_channel_id_ef7dd7b1" ON 
"servicios_servicio" ("whatsapp_channel_id"); (params ())
[DEBUG] 2026-08-13 21:15:28,795 schema CREATE INDEX "servicios_servicio_atendido_por_id_0b3f3d37" ON 
"servicios_servicio" ("atendido_por_id"); (params ())
[DEBUG] 2026-08-13 21:15:28,838 schema CREATE TABLE "new__servicios_servicio" ("id" integer NOT NULL PRIMARY KEY 
AUTOINCREMENT, "codigo" varchar(20) NOT NULL UNIQUE, "estado" varchar(20) NOT NULL, "tipo_servicio" varchar(80) NOT 
NULL, "distrito_origen" varchar(120) NOT NULL, "distrito_destino" varchar(120) NOT NULL, "direccion_origen" 
varchar(255) NOT NULL, "direccion_destino" varchar(255) NOT NULL, "piso_origen" smallint unsigned NULL CHECK 
("piso_origen" >= 0), "piso_destino" smallint unsigned NULL CHECK ("piso_destino" >= 0), "acceso_origen" varchar(120) 
NOT NULL, "acceso_destino" varchar(120) NOT NULL, "lista_objetos" text NOT NULL, "objetos_pesados" text NOT NULL, 
"incluye_personal_carga" bool NULL, "requiere_desarmado" bool NULL, "peso_carga_kg" decimal NULL, "volumen_carga_m3" 
decimal NULL, "fecha_servicio" date NULL, "horario_servicio" varchar(80) NOT NULL, "precio_cotizado" decimal NULL, 
"precio_final" decimal NULL, "dni_ruc" varchar(20) NOT NULL, "observaciones" text NOT NULL, "nota_interna" text NOT 
NULL, "fecha_creacion" datetime NOT NULL, "fecha_actualizacion" datetime NOT NULL, "asesor_id" integer NULL REFERENCES 
"auth_user" ("id") DEFERRABLE INITIALLY DEFERRED, "cliente_id" bigint NULL REFERENCES "clientes_cliente" ("id") 
DEFERRABLE INITIALLY DEFERRED, "lead_origen_id" bigint NULL UNIQUE REFERENCES "leads_lead" ("id") DEFERRABLE INITIALLY 
DEFERRED, "whatsapp_channel_id" bigint NULL REFERENCES "whatsapp_whatsappchannel" ("id") DEFERRABLE INITIALLY 
DEFERRED, "atendido_por_id" integer NULL REFERENCES "auth_user" ("id") DEFERRABLE INITIALLY DEFERRED, 
"fecha_actualizacion_estado" datetime NULL, "motivo_cancelacion" text NULL, "acceso_destino_opciones" text NOT NULL 
CHECK ((JSON_VALID("acceso_destino_opciones") OR "acceso_destino_opciones" IS NULL)), "acceso_origen_opciones" text 
NOT NULL CHECK ((JSON_VALID("acceso_origen_opciones") OR "acceso_origen_opciones" IS NULL))); (params None)
[DEBUG] 2026-08-13 21:15:28,838 schema INSERT INTO "new__servicios_servicio" ("id", "codigo", "estado", 
"tipo_servicio", "distrito_origen", "distrito_destino", "direccion_origen", "direccion_destino", "piso_origen", 
"piso_destino", "acceso_origen", "acceso_destino", "lista_objetos", "objetos_pesados", "incluye_personal_carga", 
"requiere_desarmado", "peso_carga_kg", "volumen_carga_m3", "fecha_servicio", "horario_servicio", "precio_cotizado", 
"precio_final", "dni_ruc", "observaciones", "nota_interna", "fecha_creacion", "fecha_actualizacion", "asesor_id", 
"cliente_id", "lead_origen_id", "whatsapp_channel_id", "atendido_por_id", "fecha_actualizacion_estado", 
"motivo_cancelacion", "acceso_destino_opciones", "acceso_origen_opciones") SELECT "id", "codigo", "estado", 
"tipo_servicio", "distrito_origen", "distrito_destino", "direccion_origen", "direccion_destino", "piso_origen", 
"piso_destino", "acceso_origen", "acceso_destino", "lista_objetos", "objetos_pesados", "incluye_personal_carga", 
"requiere_desarmado", "peso_carga_kg", "volumen_carga_m3", "fecha_servicio", "horario_servicio", "precio_cotizado", 
"precio_final", "dni_ruc", "observaciones", "nota_interna", "fecha_creacion", "fecha_actualizacion", "asesor_id", 
"cliente_id", "lead_origen_id", "whatsapp_channel_id", "atendido_por_id", "fecha_actualizacion_estado", 
"motivo_cancelacion", "acceso_destino_opciones", '[]' FROM "servicios_servicio"; (params ())
[DEBUG] 2026-08-13 21:15:28,838 schema DROP TABLE "servicios_servicio"; (params ())
[DEBUG] 2026-08-13 21:15:28,839 schema ALTER TABLE "new__servicios_servicio" RENAME TO "servicios_servicio"; (params 
())
[DEBUG] 2026-08-13 21:15:28,841 schema CREATE INDEX "servicios_servicio_asesor_id_69d43a6c" ON "servicios_servicio" 
("asesor_id"); (params ())
[DEBUG] 2026-08-13 21:15:28,842 schema CREATE INDEX "servicios_servicio_cliente_id_36d1d393" ON "servicios_servicio" 
("cliente_id"); (params ())
[DEBUG] 2026-08-13 21:15:28,842 schema CREATE INDEX "servicios_servicio_whatsapp_channel_id_ef7dd7b1" ON 
"servicios_servicio" ("whatsapp_channel_id"); (params ())
[DEBUG] 2026-08-13 21:15:28,842 schema CREATE INDEX "servicios_servicio_atendido_por_id_0b3f3d37" ON 
"servicios_servicio" ("atendido_por_id"); (params ())
[DEBUG] 2026-08-13 21:15:28,873 schema CREATE TABLE "new__servicios_servicio" ("id" integer NOT NULL PRIMARY KEY 
AUTOINCREMENT, "codigo" varchar(20) NOT NULL UNIQUE, "estado" varchar(20) NOT NULL, "tipo_servicio" varchar(80) NOT 
NULL, "distrito_origen" varchar(120) NOT NULL, "distrito_destino" varchar(120) NOT NULL, "direccion_origen" 
varchar(255) NOT NULL, "direccion_destino" varchar(255) NOT NULL, "piso_origen" smallint unsigned NULL CHECK 
("piso_origen" >= 0), "piso_destino" smallint unsigned NULL CHECK ("piso_destino" >= 0), "acceso_origen" varchar(120) 
NOT NULL, "acceso_destino" varchar(120) NOT NULL, "lista_objetos" text NOT NULL, "objetos_pesados" text NOT NULL, 
"incluye_personal_carga" bool NULL, "requiere_desarmado" bool NULL, "peso_carga_kg" decimal NULL, "volumen_carga_m3" 
decimal NULL, "fecha_servicio" date NULL, "horario_servicio" varchar(80) NOT NULL, "precio_cotizado" decimal NULL, 
"precio_final" decimal NULL, "dni_ruc" varchar(20) NOT NULL, "observaciones" text NOT NULL, "nota_interna" text NOT 
NULL, "fecha_creacion" datetime NOT NULL, "fecha_actualizacion" datetime NOT NULL, "asesor_id" integer NULL REFERENCES 
"auth_user" ("id") DEFERRABLE INITIALLY DEFERRED, "cliente_id" bigint NULL REFERENCES "clientes_cliente" ("id") 
DEFERRABLE INITIALLY DEFERRED, "lead_origen_id" bigint NULL UNIQUE REFERENCES "leads_lead" ("id") DEFERRABLE INITIALLY 
DEFERRED, "whatsapp_channel_id" bigint NULL REFERENCES "whatsapp_whatsappchannel" ("id") DEFERRABLE INITIALLY 
DEFERRED, "atendido_por_id" integer NULL REFERENCES "auth_user" ("id") DEFERRABLE INITIALLY DEFERRED, 
"fecha_actualizacion_estado" datetime NULL, "motivo_cancelacion" text NULL, "acceso_destino_opciones" text NOT NULL 
CHECK ((JSON_VALID("acceso_destino_opciones") OR "acceso_destino_opciones" IS NULL)), "acceso_origen_opciones" text 
NOT NULL CHECK ((JSON_VALID("acceso_origen_opciones") OR "acceso_origen_opciones" IS NULL)), "detalle_carga" text NOT 
NULL); (params None)
[DEBUG] 2026-08-13 21:15:28,874 schema INSERT INTO "new__servicios_servicio" ("id", "codigo", "estado", 
"tipo_servicio", "distrito_origen", "distrito_destino", "direccion_origen", "direccion_destino", "piso_origen", 
"piso_destino", "acceso_origen", "acceso_destino", "lista_objetos", "objetos_pesados", "incluye_personal_carga", 
"requiere_desarmado", "peso_carga_kg", "volumen_carga_m3", "fecha_servicio", "horario_servicio", "precio_cotizado", 
"precio_final", "dni_ruc", "observaciones", "nota_interna", "fecha_creacion", "fecha_actualizacion", "asesor_id", 
"cliente_id", "lead_origen_id", "whatsapp_channel_id", "atendido_por_id", "fecha_actualizacion_estado", 
"motivo_cancelacion", "acceso_destino_opciones", "acceso_origen_opciones", "detalle_carga") SELECT "id", "codigo", 
"estado", "tipo_servicio", "distrito_origen", "distrito_destino", "direccion_origen", "direccion_destino", 
"piso_origen", "piso_destino", "acceso_origen", "acceso_destino", "lista_objetos", "objetos_pesados", 
"incluye_personal_carga", "requiere_desarmado", "peso_carga_kg", "volumen_carga_m3", "fecha_servicio", 
"horario_servicio", "precio_cotizado", "precio_final", "dni_ruc", "observaciones", "nota_interna", "fecha_creacion", 
"fecha_actualizacion", "asesor_id", "cliente_id", "lead_origen_id", "whatsapp_channel_id", "atendido_por_id", 
"fecha_actualizacion_estado", "motivo_cancelacion", "acceso_destino_opciones", "acceso_origen_opciones", '' FROM 
"servicios_servicio"; (params ())
[DEBUG] 2026-08-13 21:15:28,874 schema DROP TABLE "servicios_servicio"; (params ())
[DEBUG] 2026-08-13 21:15:28,874 schema ALTER TABLE "new__servicios_servicio" RENAME TO "servicios_servicio"; (params 
())
[DEBUG] 2026-08-13 21:15:28,877 schema CREATE INDEX "servicios_servicio_asesor_id_69d43a6c" ON "servicios_servicio" 
("asesor_id"); (params ())
[DEBUG] 2026-08-13 21:15:28,877 schema CREATE INDEX "servicios_servicio_cliente_id_36d1d393" ON "servicios_servicio" 
("cliente_id"); (params ())
[DEBUG] 2026-08-13 21:15:28,878 schema CREATE INDEX "servicios_servicio_whatsapp_channel_id_ef7dd7b1" ON 
"servicios_servicio" ("whatsapp_channel_id"); (params ())
[DEBUG] 2026-08-13 21:15:28,878 schema CREATE INDEX "servicios_servicio_atendido_por_id_0b3f3d37" ON 
"servicios_servicio" ("atendido_por_id"); (params ())
[DEBUG] 2026-08-13 21:15:28,909 schema ALTER TABLE "servicios_servicio" ADD COLUMN "precio" decimal NULL; (params None)
[DEBUG] 2026-08-13 21:15:28,950 schema CREATE TABLE "new__servicios_servicio" ("id" integer NOT NULL PRIMARY KEY 
AUTOINCREMENT, "codigo" varchar(20) NOT NULL UNIQUE, "estado" varchar(20) NOT NULL, "tipo_servicio" varchar(80) NOT 
NULL, "distrito_origen" varchar(120) NOT NULL, "distrito_destino" varchar(120) NOT NULL, "direccion_origen" 
varchar(255) NOT NULL, "direccion_destino" varchar(255) NOT NULL, "piso_origen" smallint unsigned NULL CHECK 
("piso_origen" >= 0), "piso_destino" smallint unsigned NULL CHECK ("piso_destino" >= 0), "acceso_origen" varchar(120) 
NOT NULL, "acceso_destino" varchar(120) NOT NULL, "lista_objetos" text NOT NULL, "objetos_pesados" text NOT NULL, 
"incluye_personal_carga" bool NULL, "requiere_desarmado" bool NULL, "peso_carga_kg" decimal NULL, "volumen_carga_m3" 
decimal NULL, "fecha_servicio" date NULL, "horario_servicio" varchar(80) NOT NULL, "precio_cotizado" decimal NULL, 
"precio_final" decimal NULL, "dni_ruc" varchar(20) NOT NULL, "observaciones" text NOT NULL, "nota_interna" text NOT 
NULL, "fecha_creacion" datetime NOT NULL, "fecha_actualizacion" datetime NOT NULL, "asesor_id" integer NULL REFERENCES 
"auth_user" ("id") DEFERRABLE INITIALLY DEFERRED, "cliente_id" bigint NULL REFERENCES "clientes_cliente" ("id") 
DEFERRABLE INITIALLY DEFERRED, "lead_origen_id" bigint NULL UNIQUE REFERENCES "leads_lead" ("id") DEFERRABLE INITIALLY 
DEFERRED, "whatsapp_channel_id" bigint NULL REFERENCES "whatsapp_whatsappchannel" ("id") DEFERRABLE INITIALLY 
DEFERRED, "atendido_por_id" integer NULL REFERENCES "auth_user" ("id") DEFERRABLE INITIALLY DEFERRED, 
"fecha_actualizacion_estado" datetime NULL, "motivo_cancelacion" text NULL, "acceso_destino_opciones" text NOT NULL 
CHECK ((JSON_VALID("acceso_destino_opciones") OR "acceso_destino_opciones" IS NULL)), "acceso_origen_opciones" text 
NOT NULL CHECK ((JSON_VALID("acceso_origen_opciones") OR "acceso_origen_opciones" IS NULL)), "detalle_carga" text NOT 
NULL, "precio" decimal NULL, "requisitos_especiales" text NOT NULL CHECK ((JSON_VALID("requisitos_especiales") OR 
"requisitos_especiales" IS NULL))); (params None)
[DEBUG] 2026-08-13 21:15:28,950 schema INSERT INTO "new__servicios_servicio" ("id", "codigo", "estado", 
"tipo_servicio", "distrito_origen", "distrito_destino", "direccion_origen", "direccion_destino", "piso_origen", 
"piso_destino", "acceso_origen", "acceso_destino", "lista_objetos", "objetos_pesados", "incluye_personal_carga", 
"requiere_desarmado", "peso_carga_kg", "volumen_carga_m3", "fecha_servicio", "horario_servicio", "precio_cotizado", 
"precio_final", "dni_ruc", "observaciones", "nota_interna", "fecha_creacion", "fecha_actualizacion", "asesor_id", 
"cliente_id", "lead_origen_id", "whatsapp_channel_id", "atendido_por_id", "fecha_actualizacion_estado", 
"motivo_cancelacion", "acceso_destino_opciones", "acceso_origen_opciones", "detalle_carga", "precio", 
"requisitos_especiales") SELECT "id", "codigo", "estado", "tipo_servicio", "distrito_origen", "distrito_destino", 
"direccion_origen", "direccion_destino", "piso_origen", "piso_destino", "acceso_origen", "acceso_destino", 
"lista_objetos", "objetos_pesados", "incluye_personal_carga", "requiere_desarmado", "peso_carga_kg", 
"volumen_carga_m3", "fecha_servicio", "horario_servicio", "precio_cotizado", "precio_final", "dni_ruc", 
"observaciones", "nota_interna", "fecha_creacion", "fecha_actualizacion", "asesor_id", "cliente_id", "lead_origen_id", 
"whatsapp_channel_id", "atendido_por_id", "fecha_actualizacion_estado", "motivo_cancelacion", 
"acceso_destino_opciones", "acceso_origen_opciones", "detalle_carga", "precio", '[]' FROM "servicios_servicio"; 
(params ())
[DEBUG] 2026-08-13 21:15:28,951 schema DROP TABLE "servicios_servicio"; (params ())
[DEBUG] 2026-08-13 21:15:28,951 schema ALTER TABLE "new__servicios_servicio" RENAME TO "servicios_servicio"; (params 
())
[DEBUG] 2026-08-13 21:15:28,955 schema CREATE INDEX "servicios_servicio_asesor_id_69d43a6c" ON "servicios_servicio" 
("asesor_id"); (params ())
[DEBUG] 2026-08-13 21:15:28,955 schema CREATE INDEX "servicios_servicio_cliente_id_36d1d393" ON "servicios_servicio" 
("cliente_id"); (params ())
[DEBUG] 2026-08-13 21:15:28,955 schema CREATE INDEX "servicios_servicio_whatsapp_channel_id_ef7dd7b1" ON 
"servicios_servicio" ("whatsapp_channel_id"); (params ())
[DEBUG] 2026-08-13 21:15:28,955 schema CREATE INDEX "servicios_servicio_atendido_por_id_0b3f3d37" ON 
"servicios_servicio" ("atendido_por_id"); (params ())
[DEBUG] 2026-08-13 21:15:29,005 schema CREATE TABLE "new__servicios_servicio" ("id" integer NOT NULL PRIMARY KEY 
AUTOINCREMENT, "codigo" varchar(20) NOT NULL UNIQUE, "estado" varchar(20) NOT NULL, "tipo_servicio" varchar(80) NOT 
NULL, "distrito_origen" varchar(120) NOT NULL, "distrito_destino" varchar(120) NOT NULL, "direccion_origen" 
varchar(255) NOT NULL, "direccion_destino" varchar(255) NOT NULL, "piso_origen" smallint unsigned NULL CHECK 
("piso_origen" >= 0), "piso_destino" smallint unsigned NULL CHECK ("piso_destino" >= 0), "acceso_origen" varchar(120) 
NOT NULL, "acceso_destino" varchar(120) NOT NULL, "lista_objetos" text NOT NULL, "objetos_pesados" text NOT NULL, 
"incluye_personal_carga" bool NULL, "requiere_desarmado" bool NULL, "peso_carga_kg" decimal NULL, "volumen_carga_m3" 
decimal NULL, "fecha_servicio" date NULL, "horario_servicio" varchar(80) NOT NULL, "precio_cotizado" decimal NULL, 
"precio_final" decimal NULL, "dni_ruc" varchar(20) NOT NULL, "observaciones" text NOT NULL, "nota_interna" text NOT 
NULL, "fecha_creacion" datetime NOT NULL, "fecha_actualizacion" datetime NOT NULL, "asesor_id" integer NULL REFERENCES 
"auth_user" ("id") DEFERRABLE INITIALLY DEFERRED, "cliente_id" bigint NULL REFERENCES "clientes_cliente" ("id") 
DEFERRABLE INITIALLY DEFERRED, "lead_origen_id" bigint NULL UNIQUE REFERENCES "leads_lead" ("id") DEFERRABLE INITIALLY 
DEFERRED, "whatsapp_channel_id" bigint NULL REFERENCES "whatsapp_whatsappchannel" ("id") DEFERRABLE INITIALLY 
DEFERRED, "atendido_por_id" integer NULL REFERENCES "auth_user" ("id") DEFERRABLE INITIALLY DEFERRED, 
"fecha_actualizacion_estado" datetime NULL, "motivo_cancelacion" text NULL, "acceso_destino_opciones" text NOT NULL 
CHECK ((JSON_VALID("acceso_destino_opciones") OR "acceso_destino_opciones" IS NULL)), "acceso_origen_opciones" text 
NOT NULL CHECK ((JSON_VALID("acceso_origen_opciones") OR "acceso_origen_opciones" IS NULL)), "detalle_carga" text NOT 
NULL, "precio" decimal NULL, "requisitos_especiales" text NOT NULL CHECK ((JSON_VALID("requisitos_especiales") OR 
"requisitos_especiales" IS NULL)), "tipo_comprobante" varchar(20) NOT NULL); (params None)
[DEBUG] 2026-08-13 21:15:29,005 schema INSERT INTO "new__servicios_servicio" ("id", "codigo", "estado", 
"tipo_servicio", "distrito_origen", "distrito_destino", "direccion_origen", "direccion_destino", "piso_origen", 
"piso_destino", "acceso_origen", "acceso_destino", "lista_objetos", "objetos_pesados", "incluye_personal_carga", 
"requiere_desarmado", "peso_carga_kg", "volumen_carga_m3", "fecha_servicio", "horario_servicio", "precio_cotizado", 
"precio_final", "dni_ruc", "observaciones", "nota_interna", "fecha_creacion", "fecha_actualizacion", "asesor_id", 
"cliente_id", "lead_origen_id", "whatsapp_channel_id", "atendido_por_id", "fecha_actualizacion_estado", 
"motivo_cancelacion", "acceso_destino_opciones", "acceso_origen_opciones", "detalle_carga", "precio", 
"requisitos_especiales", "tipo_comprobante") SELECT "id", "codigo", "estado", "tipo_servicio", "distrito_origen", 
"distrito_destino", "direccion_origen", "direccion_destino", "piso_origen", "piso_destino", "acceso_origen", 
"acceso_destino", "lista_objetos", "objetos_pesados", "incluye_personal_carga", "requiere_desarmado", "peso_carga_kg", 
"volumen_carga_m3", "fecha_servicio", "horario_servicio", "precio_cotizado", "precio_final", "dni_ruc", 
"observaciones", "nota_interna", "fecha_creacion", "fecha_actualizacion", "asesor_id", "cliente_id", "lead_origen_id", 
"whatsapp_channel_id", "atendido_por_id", "fecha_actualizacion_estado", "motivo_cancelacion", 
"acceso_destino_opciones", "acceso_origen_opciones", "detalle_carga", "precio", "requisitos_especiales", 'ninguno' 
FROM "servicios_servicio"; (params ())
[DEBUG] 2026-08-13 21:15:29,006 schema DROP TABLE "servicios_servicio"; (params ())
[DEBUG] 2026-08-13 21:15:29,006 schema ALTER TABLE "new__servicios_servicio" RENAME TO "servicios_servicio"; (params 
())
[DEBUG] 2026-08-13 21:15:29,009 schema CREATE INDEX "servicios_servicio_asesor_id_69d43a6c" ON "servicios_servicio" 
("asesor_id"); (params ())
[DEBUG] 2026-08-13 21:15:29,009 schema CREATE INDEX "servicios_servicio_cliente_id_36d1d393" ON "servicios_servicio" 
("cliente_id"); (params ())
[DEBUG] 2026-08-13 21:15:29,009 schema CREATE INDEX "servicios_servicio_whatsapp_channel_id_ef7dd7b1" ON 
"servicios_servicio" ("whatsapp_channel_id"); (params ())
[DEBUG] 2026-08-13 21:15:29,009 schema CREATE INDEX "servicios_servicio_atendido_por_id_0b3f3d37" ON 
"servicios_servicio" ("atendido_por_id"); (params ())
[DEBUG] 2026-08-13 21:15:29,036 schema CREATE TABLE "new__servicios_servicio" ("id" integer NOT NULL PRIMARY KEY 
AUTOINCREMENT, "codigo" varchar(20) NOT NULL UNIQUE, "estado" varchar(20) NOT NULL, "tipo_servicio" varchar(80) NOT 
NULL, "distrito_origen" varchar(120) NOT NULL, "distrito_destino" varchar(120) NOT NULL, "direccion_origen" 
varchar(255) NOT NULL, "direccion_destino" varchar(255) NOT NULL, "piso_origen" smallint unsigned NULL CHECK 
("piso_origen" >= 0), "piso_destino" smallint unsigned NULL CHECK ("piso_destino" >= 0), "acceso_origen" varchar(120) 
NOT NULL, "acceso_destino" varchar(120) NOT NULL, "lista_objetos" text NOT NULL, "objetos_pesados" text NOT NULL, 
"incluye_personal_carga" bool NULL, "requiere_desarmado" bool NULL, "peso_carga_kg" decimal NULL, "volumen_carga_m3" 
decimal NULL, "fecha_servicio" date NULL, "horario_servicio" varchar(80) NOT NULL, "precio_cotizado" decimal NULL, 
"precio_final" decimal NULL, "dni_ruc" varchar(20) NOT NULL, "observaciones" text NOT NULL, "nota_interna" text NOT 
NULL, "fecha_creacion" datetime NOT NULL, "fecha_actualizacion" datetime NOT NULL, "asesor_id" integer NULL REFERENCES 
"auth_user" ("id") DEFERRABLE INITIALLY DEFERRED, "cliente_id" bigint NULL REFERENCES "clientes_cliente" ("id") 
DEFERRABLE INITIALLY DEFERRED, "lead_origen_id" bigint NULL UNIQUE REFERENCES "leads_lead" ("id") DEFERRABLE INITIALLY 
DEFERRED, "whatsapp_channel_id" bigint NULL REFERENCES "whatsapp_whatsappchannel" ("id") DEFERRABLE INITIALLY 
DEFERRED, "atendido_por_id" integer NULL REFERENCES "auth_user" ("id") DEFERRABLE INITIALLY DEFERRED, 
"fecha_actualizacion_estado" datetime NULL, "motivo_cancelacion" text NULL, "acceso_destino_opciones" text NOT NULL 
CHECK ((JSON_VALID("acceso_destino_opciones") OR "acceso_destino_opciones" IS NULL)), "acceso_origen_opciones" text 
NOT NULL CHECK ((JSON_VALID("acceso_origen_opciones") OR "acceso_origen_opciones" IS NULL)), "detalle_carga" text NOT 
NULL, "precio" decimal NULL, "requisitos_especiales" text NOT NULL CHECK ((JSON_VALID("requisitos_especiales") OR 
"requisitos_especiales" IS NULL)), "tipo_comprobante" varchar(20) NOT NULL, "tipo_embalaje" varchar(20) NOT NULL); 
(params None)
[DEBUG] 2026-08-13 21:15:29,037 schema INSERT INTO "new__servicios_servicio" ("id", "codigo", "estado", 
"tipo_servicio", "distrito_origen", "distrito_destino", "direccion_origen", "direccion_destino", "piso_origen", 
"piso_destino", "acceso_origen", "acceso_destino", "lista_objetos", "objetos_pesados", "incluye_personal_carga", 
"requiere_desarmado", "peso_carga_kg", "volumen_carga_m3", "fecha_servicio", "horario_servicio", "precio_cotizado", 
"precio_final", "dni_ruc", "observaciones", "nota_interna", "fecha_creacion", "fecha_actualizacion", "asesor_id", 
"cliente_id", "lead_origen_id", "whatsapp_channel_id", "atendido_por_id", "fecha_actualizacion_estado", 
"motivo_cancelacion", "acceso_destino_opciones", "acceso_origen_opciones", "detalle_carga", "precio", 
"requisitos_especiales", "tipo_comprobante", "tipo_embalaje") SELECT "id", "codigo", "estado", "tipo_servicio", 
"distrito_origen", "distrito_destino", "direccion_origen", "direccion_destino", "piso_origen", "piso_destino", 
"acceso_origen", "acceso_destino", "lista_objetos", "objetos_pesados", "incluye_personal_carga", "requiere_desarmado", 
"peso_carga_kg", "volumen_carga_m3", "fecha_servicio", "horario_servicio", "precio_cotizado", "precio_final", 
"dni_ruc", "observaciones", "nota_interna", "fecha_creacion", "fecha_actualizacion", "asesor_id", "cliente_id", 
"lead_origen_id", "whatsapp_channel_id", "atendido_por_id", "fecha_actualizacion_estado", "motivo_cancelacion", 
"acceso_destino_opciones", "acceso_origen_opciones", "detalle_carga", "precio", "requisitos_especiales", 
"tipo_comprobante", 'sin_embalaje' FROM "servicios_servicio"; (params ())
[DEBUG] 2026-08-13 21:15:29,037 schema DROP TABLE "servicios_servicio"; (params ())
[DEBUG] 2026-08-13 21:15:29,037 schema ALTER TABLE "new__servicios_servicio" RENAME TO "servicios_servicio"; (params 
())
[DEBUG] 2026-08-13 21:15:29,040 schema CREATE INDEX "servicios_servicio_asesor_id_69d43a6c" ON "servicios_servicio" 
("asesor_id"); (params ())
[DEBUG] 2026-08-13 21:15:29,040 schema CREATE INDEX "servicios_servicio_cliente_id_36d1d393" ON "servicios_servicio" 
("cliente_id"); (params ())
[DEBUG] 2026-08-13 21:15:29,040 schema CREATE INDEX "servicios_servicio_whatsapp_channel_id_ef7dd7b1" ON 
"servicios_servicio" ("whatsapp_channel_id"); (params ())
[DEBUG] 2026-08-13 21:15:29,040 schema CREATE INDEX "servicios_servicio_atendido_por_id_0b3f3d37" ON 
"servicios_servicio" ("atendido_por_id"); (params ())
[DEBUG] 2026-08-13 21:15:29,074 schema ALTER TABLE "servicios_servicio" ADD COLUMN "usuario_actualizacion_id" integer 
NULL REFERENCES "auth_user" ("id") DEFERRABLE INITIALLY DEFERRED; (params None)
[DEBUG] 2026-08-13 21:15:29,101 schema CREATE TABLE "new__servicios_servicio" ("id" integer NOT NULL PRIMARY KEY 
AUTOINCREMENT, "codigo" varchar(20) NOT NULL UNIQUE, "estado" varchar(20) NOT NULL, "tipo_servicio" varchar(80) NOT 
NULL, "distrito_origen" varchar(120) NOT NULL, "distrito_destino" varchar(120) NOT NULL, "direccion_origen" 
varchar(255) NOT NULL, "piso_origen" smallint unsigned NULL CHECK ("piso_origen" >= 0), "piso_destino" smallint 
unsigned NULL CHECK ("piso_destino" >= 0), "acceso_origen" varchar(120) NOT NULL, "acceso_destino" varchar(120) NOT 
NULL, "lista_objetos" text NOT NULL, "objetos_pesados" text NOT NULL, "incluye_personal_carga" bool NULL, 
"requiere_desarmado" bool NULL, "peso_carga_kg" decimal NULL, "volumen_carga_m3" decimal NULL, "fecha_servicio" date 
NULL, "horario_servicio" varchar(80) NOT NULL, "precio_cotizado" decimal NULL, "precio_final" decimal NULL, "dni_ruc" 
varchar(20) NOT NULL, "observaciones" text NOT NULL, "nota_interna" text NOT NULL, "fecha_creacion" datetime NOT NULL, 
"fecha_actualizacion" datetime NOT NULL, "asesor_id" integer NULL REFERENCES "auth_user" ("id") DEFERRABLE INITIALLY 
DEFERRED, "cliente_id" bigint NULL REFERENCES "clientes_cliente" ("id") DEFERRABLE INITIALLY DEFERRED, 
"lead_origen_id" bigint NULL UNIQUE REFERENCES "leads_lead" ("id") DEFERRABLE INITIALLY DEFERRED, 
"whatsapp_channel_id" bigint NULL REFERENCES "whatsapp_whatsappchannel" ("id") DEFERRABLE INITIALLY DEFERRED, 
"atendido_por_id" integer NULL REFERENCES "auth_user" ("id") DEFERRABLE INITIALLY DEFERRED, 
"fecha_actualizacion_estado" datetime NULL, "motivo_cancelacion" text NULL, "acceso_destino_opciones" text NOT NULL 
CHECK ((JSON_VALID("acceso_destino_opciones") OR "acceso_destino_opciones" IS NULL)), "acceso_origen_opciones" text 
NOT NULL CHECK ((JSON_VALID("acceso_origen_opciones") OR "acceso_origen_opciones" IS NULL)), "detalle_carga" text NOT 
NULL, "precio" decimal NULL, "requisitos_especiales" text NOT NULL CHECK ((JSON_VALID("requisitos_especiales") OR 
"requisitos_especiales" IS NULL)), "tipo_comprobante" varchar(20) NOT NULL, "tipo_embalaje" varchar(20) NOT NULL, 
"usuario_actualizacion_id" integer NULL REFERENCES "auth_user" ("id") DEFERRABLE INITIALLY DEFERRED, 
"direccion_destino" varchar(255) NOT NULL); (params None)
[DEBUG] 2026-08-13 21:15:29,102 schema INSERT INTO "new__servicios_servicio" ("id", "codigo", "estado", 
"tipo_servicio", "distrito_origen", "distrito_destino", "direccion_origen", "piso_origen", "piso_destino", 
"acceso_origen", "acceso_destino", "lista_objetos", "objetos_pesados", "incluye_personal_carga", "requiere_desarmado", 
"peso_carga_kg", "volumen_carga_m3", "fecha_servicio", "horario_servicio", "precio_cotizado", "precio_final", 
"dni_ruc", "observaciones", "nota_interna", "fecha_creacion", "fecha_actualizacion", "asesor_id", "cliente_id", 
"lead_origen_id", "whatsapp_channel_id", "atendido_por_id", "fecha_actualizacion_estado", "motivo_cancelacion", 
"acceso_destino_opciones", "acceso_origen_opciones", "detalle_carga", "precio", "requisitos_especiales", 
"tipo_comprobante", "tipo_embalaje", "usuario_actualizacion_id", "direccion_destino") SELECT "id", "codigo", "estado", 
"tipo_servicio", "distrito_origen", "distrito_destino", "direccion_origen", "piso_origen", "piso_destino", 
"acceso_origen", "acceso_destino", "lista_objetos", "objetos_pesados", "incluye_personal_carga", "requiere_desarmado", 
"peso_carga_kg", "volumen_carga_m3", "fecha_servicio", "horario_servicio", "precio_cotizado", "precio_final", 
"dni_ruc", "observaciones", "nota_interna", "fecha_creacion", "fecha_actualizacion", "asesor_id", "cliente_id", 
"lead_origen_id", "whatsapp_channel_id", "atendido_por_id", "fecha_actualizacion_estado", "motivo_cancelacion", 
"acceso_destino_opciones", "acceso_origen_opciones", "detalle_carga", "precio", "requisitos_especiales", 
"tipo_comprobante", "tipo_embalaje", "usuario_actualizacion_id", "direccion_destino" FROM "servicios_servicio"; 
(params ())
[DEBUG] 2026-08-13 21:15:29,102 schema DROP TABLE "servicios_servicio"; (params ())
[DEBUG] 2026-08-13 21:15:29,102 schema ALTER TABLE "new__servicios_servicio" RENAME TO "servicios_servicio"; (params 
())
[DEBUG] 2026-08-13 21:15:29,105 schema CREATE INDEX "servicios_servicio_asesor_id_69d43a6c" ON "servicios_servicio" 
("asesor_id"); (params ())
[DEBUG] 2026-08-13 21:15:29,106 schema CREATE INDEX "servicios_servicio_cliente_id_36d1d393" ON "servicios_servicio" 
("cliente_id"); (params ())
[DEBUG] 2026-08-13 21:15:29,106 schema CREATE INDEX "servicios_servicio_whatsapp_channel_id_ef7dd7b1" ON 
"servicios_servicio" ("whatsapp_channel_id"); (params ())
[DEBUG] 2026-08-13 21:15:29,106 schema CREATE INDEX "servicios_servicio_atendido_por_id_0b3f3d37" ON 
"servicios_servicio" ("atendido_por_id"); (params ())
[DEBUG] 2026-08-13 21:15:29,106 schema CREATE INDEX "servicios_servicio_usuario_actualizacion_id_d49c3ff0" ON 
"servicios_servicio" ("usuario_actualizacion_id"); (params ())
[DEBUG] 2026-08-13 21:15:29,134 schema CREATE TABLE "new__servicios_servicio" ("id" integer NOT NULL PRIMARY KEY 
AUTOINCREMENT, "codigo" varchar(20) NOT NULL UNIQUE, "estado" varchar(20) NOT NULL, "tipo_servicio" varchar(80) NOT 
NULL, "distrito_origen" varchar(120) NOT NULL, "distrito_destino" varchar(120) NOT NULL, "direccion_destino" 
varchar(255) NOT NULL, "piso_origen" smallint unsigned NULL CHECK ("piso_origen" >= 0), "piso_destino" smallint 
unsigned NULL CHECK ("piso_destino" >= 0), "acceso_origen" varchar(120) NOT NULL, "acceso_destino" varchar(120) NOT 
NULL, "lista_objetos" text NOT NULL, "objetos_pesados" text NOT NULL, "incluye_personal_carga" bool NULL, 
"requiere_desarmado" bool NULL, "peso_carga_kg" decimal NULL, "volumen_carga_m3" decimal NULL, "fecha_servicio" date 
NULL, "horario_servicio" varchar(80) NOT NULL, "precio_cotizado" decimal NULL, "precio_final" decimal NULL, "dni_ruc" 
varchar(20) NOT NULL, "observaciones" text NOT NULL, "nota_interna" text NOT NULL, "fecha_creacion" datetime NOT NULL, 
"fecha_actualizacion" datetime NOT NULL, "asesor_id" integer NULL REFERENCES "auth_user" ("id") DEFERRABLE INITIALLY 
DEFERRED, "cliente_id" bigint NULL REFERENCES "clientes_cliente" ("id") DEFERRABLE INITIALLY DEFERRED, 
"lead_origen_id" bigint NULL UNIQUE REFERENCES "leads_lead" ("id") DEFERRABLE INITIALLY DEFERRED, 
"whatsapp_channel_id" bigint NULL REFERENCES "whatsapp_whatsappchannel" ("id") DEFERRABLE INITIALLY DEFERRED, 
"atendido_por_id" integer NULL REFERENCES "auth_user" ("id") DEFERRABLE INITIALLY DEFERRED, 
"fecha_actualizacion_estado" datetime NULL, "motivo_cancelacion" text NULL, "acceso_destino_opciones" text NOT NULL 
CHECK ((JSON_VALID("acceso_destino_opciones") OR "acceso_destino_opciones" IS NULL)), "acceso_origen_opciones" text 
NOT NULL CHECK ((JSON_VALID("acceso_origen_opciones") OR "acceso_origen_opciones" IS NULL)), "detalle_carga" text NOT 
NULL, "precio" decimal NULL, "requisitos_especiales" text NOT NULL CHECK ((JSON_VALID("requisitos_especiales") OR 
"requisitos_especiales" IS NULL)), "tipo_comprobante" varchar(20) NOT NULL, "tipo_embalaje" varchar(20) NOT NULL, 
"usuario_actualizacion_id" integer NULL REFERENCES "auth_user" ("id") DEFERRABLE INITIALLY DEFERRED, 
"direccion_origen" varchar(255) NOT NULL); (params None)
[DEBUG] 2026-08-13 21:15:29,135 schema INSERT INTO "new__servicios_servicio" ("id", "codigo", "estado", 
"tipo_servicio", "distrito_origen", "distrito_destino", "direccion_destino", "piso_origen", "piso_destino", 
"acceso_origen", "acceso_destino", "lista_objetos", "objetos_pesados", "incluye_personal_carga", "requiere_desarmado", 
"peso_carga_kg", "volumen_carga_m3", "fecha_servicio", "horario_servicio", "precio_cotizado", "precio_final", 
"dni_ruc", "observaciones", "nota_interna", "fecha_creacion", "fecha_actualizacion", "asesor_id", "cliente_id", 
"lead_origen_id", "whatsapp_channel_id", "atendido_por_id", "fecha_actualizacion_estado", "motivo_cancelacion", 
"acceso_destino_opciones", "acceso_origen_opciones", "detalle_carga", "precio", "requisitos_especiales", 
"tipo_comprobante", "tipo_embalaje", "usuario_actualizacion_id", "direccion_origen") SELECT "id", "codigo", "estado", 
"tipo_servicio", "distrito_origen", "distrito_destino", "direccion_destino", "piso_origen", "piso_destino", 
"acceso_origen", "acceso_destino", "lista_objetos", "objetos_pesados", "incluye_personal_carga", "requiere_desarmado", 
"peso_carga_kg", "volumen_carga_m3", "fecha_servicio", "horario_servicio", "precio_cotizado", "precio_final", 
"dni_ruc", "observaciones", "nota_interna", "fecha_creacion", "fecha_actualizacion", "asesor_id", "cliente_id", 
"lead_origen_id", "whatsapp_channel_id", "atendido_por_id", "fecha_actualizacion_estado", "motivo_cancelacion", 
"acceso_destino_opciones", "acceso_origen_opciones", "detalle_carga", "precio", "requisitos_especiales", 
"tipo_comprobante", "tipo_embalaje", "usuario_actualizacion_id", "direccion_origen" FROM "servicios_servicio"; (params 
())
[DEBUG] 2026-08-13 21:15:29,135 schema DROP TABLE "servicios_servicio"; (params ())
[DEBUG] 2026-08-13 21:15:29,135 schema ALTER TABLE "new__servicios_servicio" RENAME TO "servicios_servicio"; (params 
())
[DEBUG] 2026-08-13 21:15:29,138 schema CREATE INDEX "servicios_servicio_asesor_id_69d43a6c" ON "servicios_servicio" 
("asesor_id"); (params ())
[DEBUG] 2026-08-13 21:15:29,139 schema CREATE INDEX "servicios_servicio_cliente_id_36d1d393" ON "servicios_servicio" 
("cliente_id"); (params ())
[DEBUG] 2026-08-13 21:15:29,139 schema CREATE INDEX "servicios_servicio_whatsapp_channel_id_ef7dd7b1" ON 
"servicios_servicio" ("whatsapp_channel_id"); (params ())
[DEBUG] 2026-08-13 21:15:29,139 schema CREATE INDEX "servicios_servicio_atendido_por_id_0b3f3d37" ON 
"servicios_servicio" ("atendido_por_id"); (params ())
[DEBUG] 2026-08-13 21:15:29,139 schema CREATE INDEX "servicios_servicio_usuario_actualizacion_id_d49c3ff0" ON 
"servicios_servicio" ("usuario_actualizacion_id"); (params ())
[DEBUG] 2026-08-13 21:15:29,191 schema CREATE TABLE "new__servicios_servicio" ("id" integer NOT NULL PRIMARY KEY 
AUTOINCREMENT, "codigo" varchar(20) NOT NULL UNIQUE, "estado" varchar(20) NOT NULL, "tipo_servicio" varchar(80) NOT 
NULL, "distrito_origen" varchar(120) NOT NULL, "distrito_destino" varchar(120) NOT NULL, "direccion_origen" 
varchar(255) NOT NULL, "direccion_destino" varchar(255) NOT NULL, "piso_origen" smallint unsigned NULL CHECK 
("piso_origen" >= 0), "piso_destino" smallint unsigned NULL CHECK ("piso_destino" >= 0), "acceso_origen" varchar(120) 
NOT NULL, "acceso_destino" varchar(120) NOT NULL, "lista_objetos" text NOT NULL, "objetos_pesados" text NOT NULL, 
"incluye_personal_carga" bool NULL, "requiere_desarmado" bool NULL, "peso_carga_kg" decimal NULL, "volumen_carga_m3" 
decimal NULL, "fecha_servicio" date NULL, "precio_cotizado" decimal NULL, "precio_final" decimal NULL, "dni_ruc" 
varchar(20) NOT NULL, "observaciones" text NOT NULL, "nota_interna" text NOT NULL, "fecha_creacion" datetime NOT NULL, 
"fecha_actualizacion" datetime NOT NULL, "asesor_id" integer NULL REFERENCES "auth_user" ("id") DEFERRABLE INITIALLY 
DEFERRED, "cliente_id" bigint NULL REFERENCES "clientes_cliente" ("id") DEFERRABLE INITIALLY DEFERRED, 
"lead_origen_id" bigint NULL UNIQUE REFERENCES "leads_lead" ("id") DEFERRABLE INITIALLY DEFERRED, 
"whatsapp_channel_id" bigint NULL REFERENCES "whatsapp_whatsappchannel" ("id") DEFERRABLE INITIALLY DEFERRED, 
"atendido_por_id" integer NULL REFERENCES "auth_user" ("id") DEFERRABLE INITIALLY DEFERRED, 
"fecha_actualizacion_estado" datetime NULL, "motivo_cancelacion" text NULL, "acceso_destino_opciones" text NOT NULL 
CHECK ((JSON_VALID("acceso_destino_opciones") OR "acceso_destino_opciones" IS NULL)), "acceso_origen_opciones" text 
NOT NULL CHECK ((JSON_VALID("acceso_origen_opciones") OR "acceso_origen_opciones" IS NULL)), "detalle_carga" text NOT 
NULL, "precio" decimal NULL, "requisitos_especiales" text NOT NULL CHECK ((JSON_VALID("requisitos_especiales") OR 
"requisitos_especiales" IS NULL)), "tipo_comprobante" varchar(20) NOT NULL, "tipo_embalaje" varchar(20) NOT NULL, 
"usuario_actualizacion_id" integer NULL REFERENCES "auth_user" ("id") DEFERRABLE INITIALLY DEFERRED, 
"horario_servicio" varchar(80) NOT NULL); (params None)
[DEBUG] 2026-08-13 21:15:29,192 schema INSERT INTO "new__servicios_servicio" ("id", "codigo", "estado", 
"tipo_servicio", "distrito_origen", "distrito_destino", "direccion_origen", "direccion_destino", "piso_origen", 
"piso_destino", "acceso_origen", "acceso_destino", "lista_objetos", "objetos_pesados", "incluye_personal_carga", 
"requiere_desarmado", "peso_carga_kg", "volumen_carga_m3", "fecha_servicio", "precio_cotizado", "precio_final", 
"dni_ruc", "observaciones", "nota_interna", "fecha_creacion", "fecha_actualizacion", "asesor_id", "cliente_id", 
"lead_origen_id", "whatsapp_channel_id", "atendido_por_id", "fecha_actualizacion_estado", "motivo_cancelacion", 
"acceso_destino_opciones", "acceso_origen_opciones", "detalle_carga", "precio", "requisitos_especiales", 
"tipo_comprobante", "tipo_embalaje", "usuario_actualizacion_id", "horario_servicio") SELECT "id", "codigo", "estado", 
"tipo_servicio", "distrito_origen", "distrito_destino", "direccion_origen", "direccion_destino", "piso_origen", 
"piso_destino", "acceso_origen", "acceso_destino", "lista_objetos", "objetos_pesados", "incluye_personal_carga", 
"requiere_desarmado", "peso_carga_kg", "volumen_carga_m3", "fecha_servicio", "precio_cotizado", "precio_final", 
"dni_ruc", "observaciones", "nota_interna", "fecha_creacion", "fecha_actualizacion", "asesor_id", "cliente_id", 
"lead_origen_id", "whatsapp_channel_id", "atendido_por_id", "fecha_actualizacion_estado", "motivo_cancelacion", 
"acceso_destino_opciones", "acceso_origen_opciones", "detalle_carga", "precio", "requisitos_especiales", 
"tipo_comprobante", "tipo_embalaje", "usuario_actualizacion_id", "horario_servicio" FROM "servicios_servicio"; (params 
())
[DEBUG] 2026-08-13 21:15:29,192 schema DROP TABLE "servicios_servicio"; (params ())
[DEBUG] 2026-08-13 21:15:29,192 schema ALTER TABLE "new__servicios_servicio" RENAME TO "servicios_servicio"; (params 
())
[DEBUG] 2026-08-13 21:15:29,195 schema CREATE INDEX "servicios_servicio_asesor_id_69d43a6c" ON "servicios_servicio" 
("asesor_id"); (params ())
[DEBUG] 2026-08-13 21:15:29,195 schema CREATE INDEX "servicios_servicio_cliente_id_36d1d393" ON "servicios_servicio" 
("cliente_id"); (params ())
[DEBUG] 2026-08-13 21:15:29,195 schema CREATE INDEX "servicios_servicio_whatsapp_channel_id_ef7dd7b1" ON 
"servicios_servicio" ("whatsapp_channel_id"); (params ())
[DEBUG] 2026-08-13 21:15:29,196 schema CREATE INDEX "servicios_servicio_atendido_por_id_0b3f3d37" ON 
"servicios_servicio" ("atendido_por_id"); (params ())
[DEBUG] 2026-08-13 21:15:29,196 schema CREATE INDEX "servicios_servicio_usuario_actualizacion_id_d49c3ff0" ON 
"servicios_servicio" ("usuario_actualizacion_id"); (params ())
[DEBUG] 2026-08-13 21:15:29,227 schema CREATE TABLE "new__servicios_servicio" ("id" integer NOT NULL PRIMARY KEY 
AUTOINCREMENT, "codigo" varchar(20) NOT NULL UNIQUE, "estado" varchar(20) NOT NULL, "tipo_servicio" varchar(80) NOT 
NULL, "distrito_origen" varchar(120) NOT NULL, "distrito_destino" varchar(120) NOT NULL, "direccion_origen" 
varchar(255) NOT NULL, "direccion_destino" varchar(255) NOT NULL, "piso_origen" smallint unsigned NULL CHECK 
("piso_origen" >= 0), "piso_destino" smallint unsigned NULL CHECK ("piso_destino" >= 0), "acceso_origen" varchar(120) 
NOT NULL, "acceso_destino" varchar(120) NOT NULL, "lista_objetos" text NOT NULL, "objetos_pesados" text NOT NULL, 
"incluye_personal_carga" bool NULL, "requiere_desarmado" bool NULL, "peso_carga_kg" decimal NULL, "volumen_carga_m3" 
decimal NULL, "fecha_servicio" date NULL, "horario_servicio" varchar(80) NOT NULL, "precio_cotizado" decimal NULL, 
"precio_final" decimal NULL, "dni_ruc" varchar(20) NOT NULL, "nota_interna" text NOT NULL, "fecha_creacion" datetime 
NOT NULL, "fecha_actualizacion" datetime NOT NULL, "asesor_id" integer NULL REFERENCES "auth_user" ("id") DEFERRABLE 
INITIALLY DEFERRED, "cliente_id" bigint NULL REFERENCES "clientes_cliente" ("id") DEFERRABLE INITIALLY DEFERRED, 
"lead_origen_id" bigint NULL UNIQUE REFERENCES "leads_lead" ("id") DEFERRABLE INITIALLY DEFERRED, 
"whatsapp_channel_id" bigint NULL REFERENCES "whatsapp_whatsappchannel" ("id") DEFERRABLE INITIALLY DEFERRED, 
"atendido_por_id" integer NULL REFERENCES "auth_user" ("id") DEFERRABLE INITIALLY DEFERRED, 
"fecha_actualizacion_estado" datetime NULL, "motivo_cancelacion" text NULL, "acceso_destino_opciones" text NOT NULL 
CHECK ((JSON_VALID("acceso_destino_opciones") OR "acceso_destino_opciones" IS NULL)), "acceso_origen_opciones" text 
NOT NULL CHECK ((JSON_VALID("acceso_origen_opciones") OR "acceso_origen_opciones" IS NULL)), "detalle_carga" text NOT 
NULL, "precio" decimal NULL, "requisitos_especiales" text NOT NULL CHECK ((JSON_VALID("requisitos_especiales") OR 
"requisitos_especiales" IS NULL)), "tipo_comprobante" varchar(20) NOT NULL, "tipo_embalaje" varchar(20) NOT NULL, 
"usuario_actualizacion_id" integer NULL REFERENCES "auth_user" ("id") DEFERRABLE INITIALLY DEFERRED, "observaciones" 
text NOT NULL); (params None)
[DEBUG] 2026-08-13 21:15:29,227 schema INSERT INTO "new__servicios_servicio" ("id", "codigo", "estado", 
"tipo_servicio", "distrito_origen", "distrito_destino", "direccion_origen", "direccion_destino", "piso_origen", 
"piso_destino", "acceso_origen", "acceso_destino", "lista_objetos", "objetos_pesados", "incluye_personal_carga", 
"requiere_desarmado", "peso_carga_kg", "volumen_carga_m3", "fecha_servicio", "horario_servicio", "precio_cotizado", 
"precio_final", "dni_ruc", "nota_interna", "fecha_creacion", "fecha_actualizacion", "asesor_id", "cliente_id", 
"lead_origen_id", "whatsapp_channel_id", "atendido_por_id", "fecha_actualizacion_estado", "motivo_cancelacion", 
"acceso_destino_opciones", "acceso_origen_opciones", "detalle_carga", "precio", "requisitos_especiales", 
"tipo_comprobante", "tipo_embalaje", "usuario_actualizacion_id", "observaciones") SELECT "id", "codigo", "estado", 
"tipo_servicio", "distrito_origen", "distrito_destino", "direccion_origen", "direccion_destino", "piso_origen", 
"piso_destino", "acceso_origen", "acceso_destino", "lista_objetos", "objetos_pesados", "incluye_personal_carga", 
"requiere_desarmado", "peso_carga_kg", "volumen_carga_m3", "fecha_servicio", "horario_servicio", "precio_cotizado", 
"precio_final", "dni_ruc", "nota_interna", "fecha_creacion", "fecha_actualizacion", "asesor_id", "cliente_id", 
"lead_origen_id", "whatsapp_channel_id", "atendido_por_id", "fecha_actualizacion_estado", "motivo_cancelacion", 
"acceso_destino_opciones", "acceso_origen_opciones", "detalle_carga", "precio", "requisitos_especiales", 
"tipo_comprobante", "tipo_embalaje", "usuario_actualizacion_id", "observaciones" FROM "servicios_servicio"; (params ())
[DEBUG] 2026-08-13 21:15:29,227 schema DROP TABLE "servicios_servicio"; (params ())
[DEBUG] 2026-08-13 21:15:29,228 schema ALTER TABLE "new__servicios_servicio" RENAME TO "servicios_servicio"; (params 
())
[DEBUG] 2026-08-13 21:15:29,231 schema CREATE INDEX "servicios_servicio_asesor_id_69d43a6c" ON "servicios_servicio" 
("asesor_id"); (params ())
[DEBUG] 2026-08-13 21:15:29,231 schema CREATE INDEX "servicios_servicio_cliente_id_36d1d393" ON "servicios_servicio" 
("cliente_id"); (params ())
[DEBUG] 2026-08-13 21:15:29,231 schema CREATE INDEX "servicios_servicio_whatsapp_channel_id_ef7dd7b1" ON 
"servicios_servicio" ("whatsapp_channel_id"); (params ())
[DEBUG] 2026-08-13 21:15:29,231 schema CREATE INDEX "servicios_servicio_atendido_por_id_0b3f3d37" ON 
"servicios_servicio" ("atendido_por_id"); (params ())
[DEBUG] 2026-08-13 21:15:29,231 schema CREATE INDEX "servicios_servicio_usuario_actualizacion_id_d49c3ff0" ON 
"servicios_servicio" ("usuario_actualizacion_id"); (params ())
[DEBUG] 2026-08-13 21:15:29,265 schema CREATE TABLE "new__servicios_servicio" ("id" integer NOT NULL PRIMARY KEY 
AUTOINCREMENT, "codigo" varchar(20) NOT NULL UNIQUE, "estado" varchar(20) NOT NULL, "tipo_servicio" varchar(80) NOT 
NULL, "distrito_origen" varchar(120) NOT NULL, "distrito_destino" varchar(120) NOT NULL, "direccion_origen" 
varchar(255) NOT NULL, "direccion_destino" varchar(255) NOT NULL, "piso_origen" smallint unsigned NULL CHECK 
("piso_origen" >= 0), "acceso_origen" varchar(120) NOT NULL, "acceso_destino" varchar(120) NOT NULL, "lista_objetos" 
text NOT NULL, "objetos_pesados" text NOT NULL, "incluye_personal_carga" bool NULL, "requiere_desarmado" bool NULL, 
"peso_carga_kg" decimal NULL, "volumen_carga_m3" decimal NULL, "fecha_servicio" date NULL, "horario_servicio" 
varchar(80) NOT NULL, "precio_cotizado" decimal NULL, "precio_final" decimal NULL, "dni_ruc" varchar(20) NOT NULL, 
"observaciones" text NOT NULL, "nota_interna" text NOT NULL, "fecha_creacion" datetime NOT NULL, "fecha_actualizacion" 
datetime NOT NULL, "asesor_id" integer NULL REFERENCES "auth_user" ("id") DEFERRABLE INITIALLY DEFERRED, "cliente_id" 
bigint NULL REFERENCES "clientes_cliente" ("id") DEFERRABLE INITIALLY DEFERRED, "lead_origen_id" bigint NULL UNIQUE 
REFERENCES "leads_lead" ("id") DEFERRABLE INITIALLY DEFERRED, "whatsapp_channel_id" bigint NULL REFERENCES 
"whatsapp_whatsappchannel" ("id") DEFERRABLE INITIALLY DEFERRED, "atendido_por_id" integer NULL REFERENCES "auth_user" 
("id") DEFERRABLE INITIALLY DEFERRED, "fecha_actualizacion_estado" datetime NULL, "motivo_cancelacion" text NULL, 
"acceso_destino_opciones" text NOT NULL CHECK ((JSON_VALID("acceso_destino_opciones") OR "acceso_destino_opciones" IS 
NULL)), "acceso_origen_opciones" text NOT NULL CHECK ((JSON_VALID("acceso_origen_opciones") OR 
"acceso_origen_opciones" IS NULL)), "detalle_carga" text NOT NULL, "precio" decimal NULL, "requisitos_especiales" text 
NOT NULL CHECK ((JSON_VALID("requisitos_especiales") OR "requisitos_especiales" IS NULL)), "tipo_comprobante" 
varchar(20) NOT NULL, "tipo_embalaje" varchar(20) NOT NULL, "usuario_actualizacion_id" integer NULL REFERENCES 
"auth_user" ("id") DEFERRABLE INITIALLY DEFERRED, "piso_destino" varchar(20) NOT NULL); (params None)
[DEBUG] 2026-08-13 21:15:29,265 schema INSERT INTO "new__servicios_servicio" ("id", "codigo", "estado", 
"tipo_servicio", "distrito_origen", "distrito_destino", "direccion_origen", "direccion_destino", "piso_origen", 
"acceso_origen", "acceso_destino", "lista_objetos", "objetos_pesados", "incluye_personal_carga", "requiere_desarmado", 
"peso_carga_kg", "volumen_carga_m3", "fecha_servicio", "horario_servicio", "precio_cotizado", "precio_final", 
"dni_ruc", "observaciones", "nota_interna", "fecha_creacion", "fecha_actualizacion", "asesor_id", "cliente_id", 
"lead_origen_id", "whatsapp_channel_id", "atendido_por_id", "fecha_actualizacion_estado", "motivo_cancelacion", 
"acceso_destino_opciones", "acceso_origen_opciones", "detalle_carga", "precio", "requisitos_especiales", 
"tipo_comprobante", "tipo_embalaje", "usuario_actualizacion_id", "piso_destino") SELECT "id", "codigo", "estado", 
"tipo_servicio", "distrito_origen", "distrito_destino", "direccion_origen", "direccion_destino", "piso_origen", 
"acceso_origen", "acceso_destino", "lista_objetos", "objetos_pesados", "incluye_personal_carga", "requiere_desarmado", 
"peso_carga_kg", "volumen_carga_m3", "fecha_servicio", "horario_servicio", "precio_cotizado", "precio_final", 
"dni_ruc", "observaciones", "nota_interna", "fecha_creacion", "fecha_actualizacion", "asesor_id", "cliente_id", 
"lead_origen_id", "whatsapp_channel_id", "atendido_por_id", "fecha_actualizacion_estado", "motivo_cancelacion", 
"acceso_destino_opciones", "acceso_origen_opciones", "detalle_carga", "precio", "requisitos_especiales", 
"tipo_comprobante", "tipo_embalaje", "usuario_actualizacion_id", coalesce("piso_destino", '') FROM 
"servicios_servicio"; (params ())
[DEBUG] 2026-08-13 21:15:29,265 schema DROP TABLE "servicios_servicio"; (params ())
[DEBUG] 2026-08-13 21:15:29,266 schema ALTER TABLE "new__servicios_servicio" RENAME TO "servicios_servicio"; (params 
())
[DEBUG] 2026-08-13 21:15:29,269 schema CREATE INDEX "servicios_servicio_asesor_id_69d43a6c" ON "servicios_servicio" 
("asesor_id"); (params ())
[DEBUG] 2026-08-13 21:15:29,269 schema CREATE INDEX "servicios_servicio_cliente_id_36d1d393" ON "servicios_servicio" 
("cliente_id"); (params ())
[DEBUG] 2026-08-13 21:15:29,269 schema CREATE INDEX "servicios_servicio_whatsapp_channel_id_ef7dd7b1" ON 
"servicios_servicio" ("whatsapp_channel_id"); (params ())
[DEBUG] 2026-08-13 21:15:29,269 schema CREATE INDEX "servicios_servicio_atendido_por_id_0b3f3d37" ON 
"servicios_servicio" ("atendido_por_id"); (params ())
[DEBUG] 2026-08-13 21:15:29,270 schema CREATE INDEX "servicios_servicio_usuario_actualizacion_id_d49c3ff0" ON 
"servicios_servicio" ("usuario_actualizacion_id"); (params ())
[DEBUG] 2026-08-13 21:15:29,298 schema CREATE TABLE "new__servicios_servicio" ("id" integer NOT NULL PRIMARY KEY 
AUTOINCREMENT, "codigo" varchar(20) NOT NULL UNIQUE, "estado" varchar(20) NOT NULL, "tipo_servicio" varchar(80) NOT 
NULL, "distrito_origen" varchar(120) NOT NULL, "distrito_destino" varchar(120) NOT NULL, "direccion_origen" 
varchar(255) NOT NULL, "direccion_destino" varchar(255) NOT NULL, "piso_destino" varchar(20) NOT NULL, "acceso_origen" 
varchar(120) NOT NULL, "acceso_destino" varchar(120) NOT NULL, "lista_objetos" text NOT NULL, "objetos_pesados" text 
NOT NULL, "incluye_personal_carga" bool NULL, "requiere_desarmado" bool NULL, "peso_carga_kg" decimal NULL, 
"volumen_carga_m3" decimal NULL, "fecha_servicio" date NULL, "horario_servicio" varchar(80) NOT NULL, 
"precio_cotizado" decimal NULL, "precio_final" decimal NULL, "dni_ruc" varchar(20) NOT NULL, "observaciones" text NOT 
NULL, "nota_interna" text NOT NULL, "fecha_creacion" datetime NOT NULL, "fecha_actualizacion" datetime NOT NULL, 
"asesor_id" integer NULL REFERENCES "auth_user" ("id") DEFERRABLE INITIALLY DEFERRED, "cliente_id" bigint NULL 
REFERENCES "clientes_cliente" ("id") DEFERRABLE INITIALLY DEFERRED, "lead_origen_id" bigint NULL UNIQUE REFERENCES 
"leads_lead" ("id") DEFERRABLE INITIALLY DEFERRED, "whatsapp_channel_id" bigint NULL REFERENCES 
"whatsapp_whatsappchannel" ("id") DEFERRABLE INITIALLY DEFERRED, "atendido_por_id" integer NULL REFERENCES "auth_user" 
("id") DEFERRABLE INITIALLY DEFERRED, "fecha_actualizacion_estado" datetime NULL, "motivo_cancelacion" text NULL, 
"acceso_destino_opciones" text NOT NULL CHECK ((JSON_VALID("acceso_destino_opciones") OR "acceso_destino_opciones" IS 
NULL)), "acceso_origen_opciones" text NOT NULL CHECK ((JSON_VALID("acceso_origen_opciones") OR 
"acceso_origen_opciones" IS NULL)), "detalle_carga" text NOT NULL, "precio" decimal NULL, "requisitos_especiales" text 
NOT NULL CHECK ((JSON_VALID("requisitos_especiales") OR "requisitos_especiales" IS NULL)), "tipo_comprobante" 
varchar(20) NOT NULL, "tipo_embalaje" varchar(20) NOT NULL, "usuario_actualizacion_id" integer NULL REFERENCES 
"auth_user" ("id") DEFERRABLE INITIALLY DEFERRED, "piso_origen" varchar(20) NOT NULL); (params None)
[DEBUG] 2026-08-13 21:15:29,299 schema INSERT INTO "new__servicios_servicio" ("id", "codigo", "estado", 
"tipo_servicio", "distrito_origen", "distrito_destino", "direccion_origen", "direccion_destino", "piso_destino", 
"acceso_origen", "acceso_destino", "lista_objetos", "objetos_pesados", "incluye_personal_carga", "requiere_desarmado", 
"peso_carga_kg", "volumen_carga_m3", "fecha_servicio", "horario_servicio", "precio_cotizado", "precio_final", 
"dni_ruc", "observaciones", "nota_interna", "fecha_creacion", "fecha_actualizacion", "asesor_id", "cliente_id", 
"lead_origen_id", "whatsapp_channel_id", "atendido_por_id", "fecha_actualizacion_estado", "motivo_cancelacion", 
"acceso_destino_opciones", "acceso_origen_opciones", "detalle_carga", "precio", "requisitos_especiales", 
"tipo_comprobante", "tipo_embalaje", "usuario_actualizacion_id", "piso_origen") SELECT "id", "codigo", "estado", 
"tipo_servicio", "distrito_origen", "distrito_destino", "direccion_origen", "direccion_destino", "piso_destino", 
"acceso_origen", "acceso_destino", "lista_objetos", "objetos_pesados", "incluye_personal_carga", "requiere_desarmado", 
"peso_carga_kg", "volumen_carga_m3", "fecha_servicio", "horario_servicio", "precio_cotizado", "precio_final", 
"dni_ruc", "observaciones", "nota_interna", "fecha_creacion", "fecha_actualizacion", "asesor_id", "cliente_id", 
"lead_origen_id", "whatsapp_channel_id", "atendido_por_id", "fecha_actualizacion_estado", "motivo_cancelacion", 
"acceso_destino_opciones", "acceso_origen_opciones", "detalle_carga", "precio", "requisitos_especiales", 
"tipo_comprobante", "tipo_embalaje", "usuario_actualizacion_id", coalesce("piso_origen", '') FROM 
"servicios_servicio"; (params ())
[DEBUG] 2026-08-13 21:15:29,299 schema DROP TABLE "servicios_servicio"; (params ())
[DEBUG] 2026-08-13 21:15:29,299 schema ALTER TABLE "new__servicios_servicio" RENAME TO "servicios_servicio"; (params 
())
[DEBUG] 2026-08-13 21:15:29,302 schema CREATE INDEX "servicios_servicio_asesor_id_69d43a6c" ON "servicios_servicio" 
("asesor_id"); (params ())
[DEBUG] 2026-08-13 21:15:29,303 schema CREATE INDEX "servicios_servicio_cliente_id_36d1d393" ON "servicios_servicio" 
("cliente_id"); (params ())
[DEBUG] 2026-08-13 21:15:29,303 schema CREATE INDEX "servicios_servicio_whatsapp_channel_id_ef7dd7b1" ON 
"servicios_servicio" ("whatsapp_channel_id"); (params ())
[DEBUG] 2026-08-13 21:15:29,303 schema CREATE INDEX "servicios_servicio_atendido_por_id_0b3f3d37" ON 
"servicios_servicio" ("atendido_por_id"); (params ())
[DEBUG] 2026-08-13 21:15:29,303 schema CREATE INDEX "servicios_servicio_usuario_actualizacion_id_d49c3ff0" ON 
"servicios_servicio" ("usuario_actualizacion_id"); (params ())
[DEBUG] 2026-08-13 21:15:29,339 schema CREATE TABLE "servicios_pagoreserva" ("id" integer NOT NULL PRIMARY KEY 
AUTOINCREMENT, "concepto" varchar(20) NOT NULL, "metodo_pago" varchar(20) NOT NULL, "monto" decimal NOT NULL, 
"fecha_pago" datetime NOT NULL, "observaciones" text NOT NULL, "fecha_registro" datetime NOT NULL, "servicio_id" 
bigint NOT NULL REFERENCES "servicios_servicio" ("id") DEFERRABLE INITIALLY DEFERRED, "usuario_registro_id" integer 
NULL REFERENCES "auth_user" ("id") DEFERRABLE INITIALLY DEFERRED); (params None)
[DEBUG] 2026-08-13 21:15:29,339 schema CREATE INDEX "servicios_pagoreserva_servicio_id_974f6ed6" ON 
"servicios_pagoreserva" ("servicio_id"); (params None)
[DEBUG] 2026-08-13 21:15:29,340 schema CREATE INDEX "servicios_pagoreserva_usuario_registro_id_4dba11d3" ON 
"servicios_pagoreserva" ("usuario_registro_id"); (params None)
[DEBUG] 2026-08-13 21:15:29,368 schema ALTER TABLE "servicios_servicio" ADD COLUMN "cantidad_operarios" smallint 
unsigned NULL CHECK ("cantidad_operarios" >= 0); (params None)
[DEBUG] 2026-08-13 21:15:29,408 schema ALTER TABLE "servicios_servicio" ADD COLUMN "requiere_armado" bool NULL; 
(params None)
[DEBUG] 2026-08-13 21:15:29,455 schema CREATE TABLE "servicios_servicioubicacion" ("id" integer NOT NULL PRIMARY KEY 
AUTOINCREMENT, "orden" smallint unsigned NOT NULL CHECK ("orden" >= 0), "tipo" varchar(12) NOT NULL, "distrito" 
varchar(120) NOT NULL, "direccion" varchar(255) NOT NULL, "piso" smallint unsigned NULL CHECK ("piso" >= 0), 
"ascensor" bool NULL, "acceso_camion" bool NULL, "distancia_acarreo" integer unsigned NULL CHECK ("distancia_acarreo" 
>= 0), "observaciones_acceso" text NOT NULL, "servicio_id" bigint NOT NULL REFERENCES "servicios_servicio" ("id") 
DEFERRABLE INITIALLY DEFERRED, CONSTRAINT "servicio_ubicacion_orden_unico" UNIQUE ("servicio_id", "orden")); (params 
None)
[DEBUG] 2026-08-13 21:15:29,455 schema CREATE UNIQUE INDEX "servicio_ubicacion_extremo_unico" ON 
"servicios_servicioubicacion" ("servicio_id", "tipo") WHERE "tipo" IN ('origen', 'destino'); (params None)
[DEBUG] 2026-08-13 21:15:29,456 schema CREATE INDEX "servicios_servicioubicacion_servicio_id_9710f574" ON 
"servicios_servicioubicacion" ("servicio_id"); (params None)
[DEBUG] 2026-08-13 21:15:29,456 schema CREATE INDEX "servicios_s_servici_f0b786_idx" ON "servicios_servicioubicacion" 
("servicio_id", "tipo", "orden"); (params None)
[DEBUG] 2026-08-13 21:15:29,457 schema CREATE TABLE "django_session" ("session_key" varchar(40) NOT NULL PRIMARY KEY, 
"session_data" text NOT NULL, "expire_date" datetime NOT NULL); (params None)
[DEBUG] 2026-08-13 21:15:29,457 schema CREATE INDEX "django_session_expire_date_a5c62663" ON "django_session" 
("expire_date"); (params None)
[DEBUG] 2026-08-13 21:15:29,488 schema CREATE TABLE "new__whatsapp_mensajewhatsapp" ("id" integer NOT NULL PRIMARY KEY 
AUTOINCREMENT, "meta_message_id" varchar(255) NOT NULL, "direccion" varchar(10) NOT NULL, "origen" varchar(10) NOT 
NULL, "tipo" varchar(20) NOT NULL, "contenido" text NOT NULL, "estado" varchar(20) NOT NULL, "error_codigo" 
varchar(80) NOT NULL, "error_detalle" text NOT NULL, "fecha_mensaje" datetime NOT NULL, "entregado_en" datetime NULL, 
"leido_en" datetime NULL, "creado_en" datetime NOT NULL, "autor_id" integer NULL REFERENCES "auth_user" ("id") 
DEFERRABLE INITIALLY DEFERRED, "conversacion_id" bigint NOT NULL REFERENCES "whatsapp_conversacionwhatsapp" ("id") 
DEFERRABLE INITIALLY DEFERRED, "evidencia_id" bigint NULL REFERENCES "whatsapp_evidenciawhatsapp" ("id") DEFERRABLE 
INITIALLY DEFERRED, "question_targets" text NOT NULL CHECK ((JSON_VALID("question_targets") OR "question_targets" IS 
NULL))); (params None)
[DEBUG] 2026-08-13 21:15:29,488 schema INSERT INTO "new__whatsapp_mensajewhatsapp" ("id", "meta_message_id", 
"direccion", "origen", "tipo", "contenido", "estado", "error_codigo", "error_detalle", "fecha_mensaje", 
"entregado_en", "leido_en", "creado_en", "autor_id", "conversacion_id", "evidencia_id", "question_targets") SELECT 
"id", "meta_message_id", "direccion", "origen", "tipo", "contenido", "estado", "error_codigo", "error_detalle", 
"fecha_mensaje", "entregado_en", "leido_en", "creado_en", "autor_id", "conversacion_id", "evidencia_id", '[]' FROM 
"whatsapp_mensajewhatsapp"; (params ())
[DEBUG] 2026-08-13 21:15:29,489 schema DROP TABLE "whatsapp_mensajewhatsapp"; (params ())
[DEBUG] 2026-08-13 21:15:29,489 schema ALTER TABLE "new__whatsapp_mensajewhatsapp" RENAME TO 
"whatsapp_mensajewhatsapp"; (params ())
[DEBUG] 2026-08-13 21:15:29,492 schema CREATE UNIQUE INDEX "whatsapp_meta_message_id_unico" ON 
"whatsapp_mensajewhatsapp" ("meta_message_id") WHERE NOT ("meta_message_id" = ''); (params ())
[DEBUG] 2026-08-13 21:15:29,492 schema CREATE INDEX "whatsapp_mensajewhatsapp_autor_id_1dc72cef" ON 
"whatsapp_mensajewhatsapp" ("autor_id"); (params ())
[DEBUG] 2026-08-13 21:15:29,492 schema CREATE INDEX "whatsapp_mensajewhatsapp_conversacion_id_f6dbb758" ON 
"whatsapp_mensajewhatsapp" ("conversacion_id"); (params ())
[DEBUG] 2026-08-13 21:15:29,492 schema CREATE INDEX "whatsapp_mensajewhatsapp_evidencia_id_e13fbb2c" ON 
"whatsapp_mensajewhatsapp" ("evidencia_id"); (params ())
[DEBUG] 2026-08-13 21:15:29,492 schema CREATE INDEX "whatsapp_me_convers_60d854_idx" ON "whatsapp_mensajewhatsapp" 
("conversacion_id", "fecha_mensaje"); (params ())
[DEBUG] 2026-08-13 21:15:29,493 schema CREATE INDEX "whatsapp_me_estado_e68871_idx" ON "whatsapp_mensajewhatsapp" 
("estado", "fecha_mensaje"); (params ())
[DEBUG] 2026-08-13 21:15:29,532 schema CREATE TABLE "new__whatsapp_conversacionwhatsapp" ("id" integer NOT NULL 
PRIMARY KEY AUTOINCREMENT, "estado_atencion" varchar(20) NOT NULL, "estado_recopilacion" varchar(30) NOT NULL, 
"estado_cotizacion" varchar(30) NOT NULL, "bot_pausado" bool NOT NULL, "instruccion_retorno_bot" varchar(40) NOT NULL, 
"resumen" text NOT NULL, "datos_faltantes" text NOT NULL CHECK ((JSON_VALID("datos_faltantes") OR "datos_faltantes" IS 
NULL)), "porcentaje_informacion" smallint unsigned NOT NULL CHECK ("porcentaje_informacion" >= 0), "motivo_derivacion" 
text NOT NULL, "ultima_actividad" datetime NOT NULL, "ultimo_mensaje_cliente" datetime NULL, "ultimo_mensaje_enviado" 
datetime NULL, "cerrada_en" datetime NULL, "creada_en" datetime NOT NULL, "actualizada_en" datetime NOT NULL, 
"channel_id" bigint NULL REFERENCES "whatsapp_whatsappchannel" ("id") DEFERRABLE INITIALLY DEFERRED, "cliente_id" 
bigint NOT NULL REFERENCES "clientes_cliente" ("id") DEFERRABLE INITIALLY DEFERRED, "lead_id" bigint NULL REFERENCES 
"leads_lead" ("id") DEFERRABLE INITIALLY DEFERRED, "responsable_id" integer NULL REFERENCES "auth_user" ("id") 
DEFERRABLE INITIALLY DEFERRED, "pending_request_switch" bool NOT NULL, CONSTRAINT 
"whatsapp_porcentaje_informacion_valido" CHECK (("porcentaje_informacion" >= 0 AND "porcentaje_informacion" <= 100))); 
(params None)
[DEBUG] 2026-08-13 21:15:29,532 schema INSERT INTO "new__whatsapp_conversacionwhatsapp" ("id", "estado_atencion", 
"estado_recopilacion", "estado_cotizacion", "bot_pausado", "instruccion_retorno_bot", "resumen", "datos_faltantes", 
"porcentaje_informacion", "motivo_derivacion", "ultima_actividad", "ultimo_mensaje_cliente", "ultimo_mensaje_enviado", 
"cerrada_en", "creada_en", "actualizada_en", "channel_id", "cliente_id", "lead_id", "responsable_id", 
"pending_request_switch") SELECT "id", "estado_atencion", "estado_recopilacion", "estado_cotizacion", "bot_pausado", 
"instruccion_retorno_bot", "resumen", "datos_faltantes", "porcentaje_informacion", "motivo_derivacion", 
"ultima_actividad", "ultimo_mensaje_cliente", "ultimo_mensaje_enviado", "cerrada_en", "creada_en", "actualizada_en", 
"channel_id", "cliente_id", "lead_id", "responsable_id", 0 FROM "whatsapp_conversacionwhatsapp"; (params ())
[DEBUG] 2026-08-13 21:15:29,533 schema DROP TABLE "whatsapp_conversacionwhatsapp"; (params ())
[DEBUG] 2026-08-13 21:15:29,533 schema ALTER TABLE "new__whatsapp_conversacionwhatsapp" RENAME TO 
"whatsapp_conversacionwhatsapp"; (params ())
[DEBUG] 2026-08-13 21:15:29,536 schema CREATE UNIQUE INDEX "whatsapp_lead_conversacion_activa_unica" ON 
"whatsapp_conversacionwhatsapp" ("lead_id") WHERE ("lead_id" IS NOT NULL AND NOT ("estado_atencion" = 'cerrada')); 
(params ())
[DEBUG] 2026-08-13 21:15:29,536 schema CREATE INDEX "whatsapp_conversacionwhatsapp_channel_id_b18f065e" ON 
"whatsapp_conversacionwhatsapp" ("channel_id"); (params ())
[DEBUG] 2026-08-13 21:15:29,536 schema CREATE INDEX "whatsapp_conversacionwhatsapp_cliente_id_1a70e6ff" ON 
"whatsapp_conversacionwhatsapp" ("cliente_id"); (params ())
[DEBUG] 2026-08-13 21:15:29,536 schema CREATE INDEX "whatsapp_conversacionwhatsapp_lead_id_88fe59bf" ON 
"whatsapp_conversacionwhatsapp" ("lead_id"); (params ())
[DEBUG] 2026-08-13 21:15:29,537 schema CREATE INDEX "whatsapp_conversacionwhatsapp_responsable_id_b28d56c8" ON 
"whatsapp_conversacionwhatsapp" ("responsable_id"); (params ())
[DEBUG] 2026-08-13 21:15:29,537 schema CREATE INDEX "whatsapp_co_channel_c5bf15_idx" ON 
"whatsapp_conversacionwhatsapp" ("channel_id", "estado_atencion", "ultima_actividad" DESC); (params ())
[DEBUG] 2026-08-13 21:15:29,537 schema CREATE INDEX "whatsapp_co_estado__02dc3d_idx" ON 
"whatsapp_conversacionwhatsapp" ("estado_cotizacion", "ultima_actividad" DESC); (params ())
D:\DESARROLLO_IA\Proyecto_taxi_carga\Taxi_carga_bot\taxicarga_whatsapp_bot\.venv\Lib\site-packages\django\core\handlers
\base.py:62: UserWarning: No directory at: 
D:\DESARROLLO_IA\Proyecto_taxi_carga\Taxi_carga_bot\taxicarga_whatsapp_bot\staticfiles\
  mw_instance = middleware(adapted_handler)
...................[DEBUG] 2026-08-13 21:15:38,431 base Exception while resolving variable 'type' in template 
'campo/generic_list.html'.
Traceback (most recent call last):
  File "D:\DESARROLLO_IA\Proyecto_taxi_carga\Taxi_carga_bot\taxicarga_whatsapp_bot\.venv\Lib\site-packages\django\templ
ate\base.py", line 965, in _resolve_lookup
    current = current[bit]
              ~~~~~~~^^^^^
KeyError: 'type'

During handling of the above exception, another exception occurred:

Traceback (most recent call last):
  File "D:\DESARROLLO_IA\Proyecto_taxi_carga\Taxi_carga_bot\taxicarga_whatsapp_bot\.venv\Lib\site-packages\django\templ
ate\base.py", line 976, in _resolve_lookup
    current = getattr(current, bit)
AttributeError: 'dict' object has no attribute 'type'

During handling of the above exception, another exception occurred:

Traceback (most recent call last):
  File "D:\DESARROLLO_IA\Proyecto_taxi_carga\Taxi_carga_bot\taxicarga_whatsapp_bot\.venv\Lib\site-packages\django\templ
ate\base.py", line 982, in _resolve_lookup
    current = current[int(bit)]
                      ~~~^^^^^
ValueError: invalid literal for int() with base 10: 'type'

During handling of the above exception, another exception occurred:

Traceback (most recent call last):
  File "D:\DESARROLLO_IA\Proyecto_taxi_carga\Taxi_carga_bot\taxicarga_whatsapp_bot\.venv\Lib\site-packages\django\templ
ate\base.py", line 989, in _resolve_lookup
    raise VariableDoesNotExist(
    ^^^^^^^^^^^^^^^^^^^^^^^^^^^
    ...<2 lines>...
    )  # missing attribute
    ^
django.template.base.VariableDoesNotExist: Failed lookup for key [type] in {'name': 'placa', 'label': 'Placa'}
[DEBUG] 2026-08-13 21:15:38,433 base Exception while resolving variable 'type' in template 'campo/generic_list.html'.
Traceback (most recent call last):
  File "D:\DESARROLLO_IA\Proyecto_taxi_carga\Taxi_carga_bot\taxicarga_whatsapp_bot\.venv\Lib\site-packages\django\templ
ate\base.py", line 965, in _resolve_lookup
    current = current[bit]
              ~~~~~~~^^^^^
KeyError: 'type'

During handling of the above exception, another exception occurred:

Traceback (most recent call last):
  File "D:\DESARROLLO_IA\Proyecto_taxi_carga\Taxi_carga_bot\taxicarga_whatsapp_bot\.venv\Lib\site-packages\django\templ
ate\base.py", line 976, in _resolve_lookup
    current = getattr(current, bit)
AttributeError: 'dict' object has no attribute 'type'

During handling of the above exception, another exception occurred:

Traceback (most recent call last):
  File "D:\DESARROLLO_IA\Proyecto_taxi_carga\Taxi_carga_bot\taxicarga_whatsapp_bot\.venv\Lib\site-packages\django\templ
ate\base.py", line 982, in _resolve_lookup
    current = current[int(bit)]
                      ~~~^^^^^
ValueError: invalid literal for int() with base 10: 'type'

During handling of the above exception, another exception occurred:

Traceback (most recent call last):
  File "D:\DESARROLLO_IA\Proyecto_taxi_carga\Taxi_carga_bot\taxicarga_whatsapp_bot\.venv\Lib\site-packages\django\templ
ate\base.py", line 989, in _resolve_lookup
    raise VariableDoesNotExist(
    ^^^^^^^^^^^^^^^^^^^^^^^^^^^
    ...<2 lines>...
    )  # missing attribute
    ^
django.template.base.VariableDoesNotExist: Failed lookup for key [type] in {'name': 'placa', 'label': 'Placa'}
[DEBUG] 2026-08-13 21:15:38,434 base Exception while resolving variable 'type' in template 'campo/generic_list.html'.
Traceback (most recent call last):
  File "D:\DESARROLLO_IA\Proyecto_taxi_carga\Taxi_carga_bot\taxicarga_whatsapp_bot\.venv\Lib\site-packages\django\templ
ate\base.py", line 965, in _resolve_lookup
    current = current[bit]
              ~~~~~~~^^^^^
KeyError: 'type'

During handling of the above exception, another exception occurred:

Traceback (most recent call last):
  File "D:\DESARROLLO_IA\Proyecto_taxi_carga\Taxi_carga_bot\taxicarga_whatsapp_bot\.venv\Lib\site-packages\django\templ
ate\base.py", line 976, in _resolve_lookup
    current = getattr(current, bit)
AttributeError: 'dict' object has no attribute 'type'

During handling of the above exception, another exception occurred:

Traceback (most recent call last):
  File "D:\DESARROLLO_IA\Proyecto_taxi_carga\Taxi_carga_bot\taxicarga_whatsapp_bot\.venv\Lib\site-packages\django\templ
ate\base.py", line 982, in _resolve_lookup
    current = current[int(bit)]
                      ~~~^^^^^
ValueError: invalid literal for int() with base 10: 'type'

During handling of the above exception, another exception occurred:

Traceback (most recent call last):
  File "D:\DESARROLLO_IA\Proyecto_taxi_carga\Taxi_carga_bot\taxicarga_whatsapp_bot\.venv\Lib\site-packages\django\templ
ate\base.py", line 989, in _resolve_lookup
    raise VariableDoesNotExist(
    ^^^^^^^^^^^^^^^^^^^^^^^^^^^
    ...<2 lines>...
    )  # missing attribute
    ^
django.template.base.VariableDoesNotExist: Failed lookup for key [type] in {'name': 'marca', 'label': 'Marca'}
[DEBUG] 2026-08-13 21:15:38,434 base Exception while resolving variable 'type' in template 'campo/generic_list.html'.
Traceback (most recent call last):
  File "D:\DESARROLLO_IA\Proyecto_taxi_carga\Taxi_carga_bot\taxicarga_whatsapp_bot\.venv\Lib\site-packages\django\templ
ate\base.py", line 965, in _resolve_lookup
    current = current[bit]
              ~~~~~~~^^^^^
KeyError: 'type'

During handling of the above exception, another exception occurred:

Traceback (most recent call last):
  File "D:\DESARROLLO_IA\Proyecto_taxi_carga\Taxi_carga_bot\taxicarga_whatsapp_bot\.venv\Lib\site-packages\django\templ
ate\base.py", line 976, in _resolve_lookup
    current = getattr(current, bit)
AttributeError: 'dict' object has no attribute 'type'

During handling of the above exception, another exception occurred:

Traceback (most recent call last):
  File "D:\DESARROLLO_IA\Proyecto_taxi_carga\Taxi_carga_bot\taxicarga_whatsapp_bot\.venv\Lib\site-packages\django\templ
ate\base.py", line 982, in _resolve_lookup
    current = current[int(bit)]
                      ~~~^^^^^
ValueError: invalid literal for int() with base 10: 'type'

During handling of the above exception, another exception occurred:

Traceback (most recent call last):
  File "D:\DESARROLLO_IA\Proyecto_taxi_carga\Taxi_carga_bot\taxicarga_whatsapp_bot\.venv\Lib\site-packages\django\templ
ate\base.py", line 989, in _resolve_lookup
    raise VariableDoesNotExist(
    ^^^^^^^^^^^^^^^^^^^^^^^^^^^
    ...<2 lines>...
    )  # missing attribute
    ^
django.template.base.VariableDoesNotExist: Failed lookup for key [type] in {'name': 'marca', 'label': 'Marca'}
[DEBUG] 2026-08-13 21:15:38,435 base Exception while resolving variable 'type' in template 'campo/generic_list.html'.
Traceback (most recent call last):
  File "D:\DESARROLLO_IA\Proyecto_taxi_carga\Taxi_carga_bot\taxicarga_whatsapp_bot\.venv\Lib\site-packages\django\templ
ate\base.py", line 965, in _resolve_lookup
    current = current[bit]
              ~~~~~~~^^^^^
KeyError: 'type'

During handling of the above exception, another exception occurred:

Traceback (most recent call last):
  File "D:\DESARROLLO_IA\Proyecto_taxi_carga\Taxi_carga_bot\taxicarga_whatsapp_bot\.venv\Lib\site-packages\django\templ
ate\base.py", line 976, in _resolve_lookup
    current = getattr(current, bit)
AttributeError: 'dict' object has no attribute 'type'

During handling of the above exception, another exception occurred:

Traceback (most recent call last):
  File "D:\DESARROLLO_IA\Proyecto_taxi_carga\Taxi_carga_bot\taxicarga_whatsapp_bot\.venv\Lib\site-packages\django\templ
ate\base.py", line 982, in _resolve_lookup
    current = current[int(bit)]
                      ~~~^^^^^
ValueError: invalid literal for int() with base 10: 'type'

During handling of the above exception, another exception occurred:

Traceback (most recent call last):
  File "D:\DESARROLLO_IA\Proyecto_taxi_carga\Taxi_carga_bot\taxicarga_whatsapp_bot\.venv\Lib\site-packages\django\templ
ate\base.py", line 989, in _resolve_lookup
    raise VariableDoesNotExist(
    ^^^^^^^^^^^^^^^^^^^^^^^^^^^
    ...<2 lines>...
    )  # missing attribute
    ^
django.template.base.VariableDoesNotExist: Failed lookup for key [type] in {'name': 'modelo', 'label': 'Modelo'}
[DEBUG] 2026-08-13 21:15:38,436 base Exception while resolving variable 'type' in template 'campo/generic_list.html'.
Traceback (most recent call last):
  File "D:\DESARROLLO_IA\Proyecto_taxi_carga\Taxi_carga_bot\taxicarga_whatsapp_bot\.venv\Lib\site-packages\django\templ
ate\base.py", line 965, in _resolve_lookup
    current = current[bit]
              ~~~~~~~^^^^^
KeyError: 'type'

During handling of the above exception, another exception occurred:

Traceback (most recent call last):
  File "D:\DESARROLLO_IA\Proyecto_taxi_carga\Taxi_carga_bot\taxicarga_whatsapp_bot\.venv\Lib\site-packages\django\templ
ate\base.py", line 976, in _resolve_lookup
    current = getattr(current, bit)
AttributeError: 'dict' object has no attribute 'type'

During handling of the above exception, another exception occurred:

Traceback (most recent call last):
  File "D:\DESARROLLO_IA\Proyecto_taxi_carga\Taxi_carga_bot\taxicarga_whatsapp_bot\.venv\Lib\site-packages\django\templ
ate\base.py", line 982, in _resolve_lookup
    current = current[int(bit)]
                      ~~~^^^^^
ValueError: invalid literal for int() with base 10: 'type'

During handling of the above exception, another exception occurred:

Traceback (most recent call last):
  File "D:\DESARROLLO_IA\Proyecto_taxi_carga\Taxi_carga_bot\taxicarga_whatsapp_bot\.venv\Lib\site-packages\django\templ
ate\base.py", line 989, in _resolve_lookup
    raise VariableDoesNotExist(
    ^^^^^^^^^^^^^^^^^^^^^^^^^^^
    ...<2 lines>...
    )  # missing attribute
    ^
django.template.base.VariableDoesNotExist: Failed lookup for key [type] in {'name': 'modelo', 'label': 'Modelo'}
[DEBUG] 2026-08-13 21:15:38,436 base Exception while resolving variable 'type' in template 'campo/generic_list.html'.
Traceback (most recent call last):
  File "D:\DESARROLLO_IA\Proyecto_taxi_carga\Taxi_carga_bot\taxicarga_whatsapp_bot\.venv\Lib\site-packages\django\templ
ate\base.py", line 965, in _resolve_lookup
    current = current[bit]
              ~~~~~~~^^^^^
KeyError: 'type'

During handling of the above exception, another exception occurred:

Traceback (most recent call last):
  File "D:\DESARROLLO_IA\Proyecto_taxi_carga\Taxi_carga_bot\taxicarga_whatsapp_bot\.venv\Lib\site-packages\django\templ
ate\base.py", line 976, in _resolve_lookup
    current = getattr(current, bit)
AttributeError: 'dict' object has no attribute 'type'

During handling of the above exception, another exception occurred:

Traceback (most recent call last):
  File "D:\DESARROLLO_IA\Proyecto_taxi_carga\Taxi_carga_bot\taxicarga_whatsapp_bot\.venv\Lib\site-packages\django\templ
ate\base.py", line 982, in _resolve_lookup
    current = current[int(bit)]
                      ~~~^^^^^
ValueError: invalid literal for int() with base 10: 'type'

During handling of the above exception, another exception occurred:

Traceback (most recent call last):
  File "D:\DESARROLLO_IA\Proyecto_taxi_carga\Taxi_carga_bot\taxicarga_whatsapp_bot\.venv\Lib\site-packages\django\templ
ate\base.py", line 989, in _resolve_lookup
    raise VariableDoesNotExist(
    ^^^^^^^^^^^^^^^^^^^^^^^^^^^
    ...<2 lines>...
    )  # missing attribute
    ^
django.template.base.VariableDoesNotExist: Failed lookup for key [type] in {'name': 'anio', 'label': 'Año'}
[DEBUG] 2026-08-13 21:15:38,437 base Exception while resolving variable 'type' in template 'campo/generic_list.html'.
Traceback (most recent call last):
  File "D:\DESARROLLO_IA\Proyecto_taxi_carga\Taxi_carga_bot\taxicarga_whatsapp_bot\.venv\Lib\site-packages\django\templ
ate\base.py", line 965, in _resolve_lookup
    current = current[bit]
              ~~~~~~~^^^^^
KeyError: 'type'

During handling of the above exception, another exception occurred:

Traceback (most recent call last):
  File "D:\DESARROLLO_IA\Proyecto_taxi_carga\Taxi_carga_bot\taxicarga_whatsapp_bot\.venv\Lib\site-packages\django\templ
ate\base.py", line 976, in _resolve_lookup
    current = getattr(current, bit)
AttributeError: 'dict' object has no attribute 'type'

During handling of the above exception, another exception occurred:

Traceback (most recent call last):
  File "D:\DESARROLLO_IA\Proyecto_taxi_carga\Taxi_carga_bot\taxicarga_whatsapp_bot\.venv\Lib\site-packages\django\templ
ate\base.py", line 982, in _resolve_lookup
    current = current[int(bit)]
                      ~~~^^^^^
ValueError: invalid literal for int() with base 10: 'type'

During handling of the above exception, another exception occurred:

Traceback (most recent call last):
  File "D:\DESARROLLO_IA\Proyecto_taxi_carga\Taxi_carga_bot\taxicarga_whatsapp_bot\.venv\Lib\site-packages\django\templ
ate\base.py", line 989, in _resolve_lookup
    raise VariableDoesNotExist(
    ^^^^^^^^^^^^^^^^^^^^^^^^^^^
    ...<2 lines>...
    )  # missing attribute
    ^
django.template.base.VariableDoesNotExist: Failed lookup for key [type] in {'name': 'anio', 'label': 'Año'}
[DEBUG] 2026-08-13 21:15:38,438 base Exception while resolving variable 'type' in template 'campo/generic_list.html'.
Traceback (most recent call last):
  File "D:\DESARROLLO_IA\Proyecto_taxi_carga\Taxi_carga_bot\taxicarga_whatsapp_bot\.venv\Lib\site-packages\django\templ
ate\base.py", line 965, in _resolve_lookup
    current = current[bit]
              ~~~~~~~^^^^^
KeyError: 'type'

During handling of the above exception, another exception occurred:

Traceback (most recent call last):
  File "D:\DESARROLLO_IA\Proyecto_taxi_carga\Taxi_carga_bot\taxicarga_whatsapp_bot\.venv\Lib\site-packages\django\templ
ate\base.py", line 976, in _resolve_lookup
    current = getattr(current, bit)
AttributeError: 'dict' object has no attribute 'type'

During handling of the above exception, another exception occurred:

Traceback (most recent call last):
  File "D:\DESARROLLO_IA\Proyecto_taxi_carga\Taxi_carga_bot\taxicarga_whatsapp_bot\.venv\Lib\site-packages\django\templ
ate\base.py", line 982, in _resolve_lookup
    current = current[int(bit)]
                      ~~~^^^^^
ValueError: invalid literal for int() with base 10: 'type'

During handling of the above exception, another exception occurred:

Traceback (most recent call last):
  File "D:\DESARROLLO_IA\Proyecto_taxi_carga\Taxi_carga_bot\taxicarga_whatsapp_bot\.venv\Lib\site-packages\django\templ
ate\base.py", line 989, in _resolve_lookup
    raise VariableDoesNotExist(
    ^^^^^^^^^^^^^^^^^^^^^^^^^^^
    ...<2 lines>...
    )  # missing attribute
    ^
django.template.base.VariableDoesNotExist: Failed lookup for key [type] in {'name': 'capacidad_toneladas', 'label': 
'Cap. (t)'}
[DEBUG] 2026-08-13 21:15:38,438 base Exception while resolving variable 'type' in template 'campo/generic_list.html'.
Traceback (most recent call last):
  File "D:\DESARROLLO_IA\Proyecto_taxi_carga\Taxi_carga_bot\taxicarga_whatsapp_bot\.venv\Lib\site-packages\django\templ
ate\base.py", line 965, in _resolve_lookup
    current = current[bit]
              ~~~~~~~^^^^^
KeyError: 'type'

During handling of the above exception, another exception occurred:

Traceback (most recent call last):
  File "D:\DESARROLLO_IA\Proyecto_taxi_carga\Taxi_carga_bot\taxicarga_whatsapp_bot\.venv\Lib\site-packages\django\templ
ate\base.py", line 976, in _resolve_lookup
    current = getattr(current, bit)
AttributeError: 'dict' object has no attribute 'type'

During handling of the above exception, another exception occurred:

Traceback (most recent call last):
  File "D:\DESARROLLO_IA\Proyecto_taxi_carga\Taxi_carga_bot\taxicarga_whatsapp_bot\.venv\Lib\site-packages\django\templ
ate\base.py", line 982, in _resolve_lookup
    current = current[int(bit)]
                      ~~~^^^^^
ValueError: invalid literal for int() with base 10: 'type'

During handling of the above exception, another exception occurred:

Traceback (most recent call last):
  File "D:\DESARROLLO_IA\Proyecto_taxi_carga\Taxi_carga_bot\taxicarga_whatsapp_bot\.venv\Lib\site-packages\django\templ
ate\base.py", line 989, in _resolve_lookup
    raise VariableDoesNotExist(
    ^^^^^^^^^^^^^^^^^^^^^^^^^^^
    ...<2 lines>...
    )  # missing attribute
    ^
django.template.base.VariableDoesNotExist: Failed lookup for key [type] in {'name': 'capacidad_toneladas', 'label': 
'Cap. (t)'}
[DEBUG] 2026-08-13 21:15:38,439 base Exception while resolving variable 'detail_url_name' in template 
'campo/generic_list.html'.
Traceback (most recent call last):
  File "D:\DESARROLLO_IA\Proyecto_taxi_carga\Taxi_carga_bot\taxicarga_whatsapp_bot\.venv\Lib\site-packages\django\templ
ate\base.py", line 965, in _resolve_lookup
    current = current[bit]
              ~~~~~~~^^^^^
  File "D:\DESARROLLO_IA\Proyecto_taxi_carga\Taxi_carga_bot\taxicarga_whatsapp_bot\.venv\Lib\site-packages\django\templ
ate\context.py", line 91, in __getitem__
    raise KeyError(key)
KeyError: 'detail_url_name'

During handling of the above exception, another exception occurred:

Traceback (most recent call last):
  File "D:\DESARROLLO_IA\Proyecto_taxi_carga\Taxi_carga_bot\taxicarga_whatsapp_bot\.venv\Lib\site-packages\django\templ
ate\base.py", line 972, in _resolve_lookup
    if isinstance(current, BaseContext) and getattr(
                                            ~~~~~~~^
        type(current), bit
        ^^^^^^^^^^^^^^^^^^
    ):
    ^
AttributeError: type object 'RequestContext' has no attribute 'detail_url_name'

During handling of the above exception, another exception occurred:

Traceback (most recent call last):
  File "D:\DESARROLLO_IA\Proyecto_taxi_carga\Taxi_carga_bot\taxicarga_whatsapp_bot\.venv\Lib\site-packages\django\templ
ate\base.py", line 982, in _resolve_lookup
    current = current[int(bit)]
                      ~~~^^^^^
ValueError: invalid literal for int() with base 10: 'detail_url_name'

During handling of the above exception, another exception occurred:

Traceback (most recent call last):
  File "D:\DESARROLLO_IA\Proyecto_taxi_carga\Taxi_carga_bot\taxicarga_whatsapp_bot\.venv\Lib\site-packages\django\templ
ate\base.py", line 989, in _resolve_lookup
    raise VariableDoesNotExist(
    ^^^^^^^^^^^^^^^^^^^^^^^^^^^
    ...<2 lines>...
    )  # missing attribute
    ^
django.template.base.VariableDoesNotExist: Failed lookup for key [detail_url_name] in [{'True': True, 'False': False, 
'None': None}, {'csrf_token': <SimpleLazyObject: 'qTgrC5LIueC9vnLxK5vXcvtffmotaTQkdA09BYOgcqc4eB5tVeaVht1JKStDlyB1'>, 
'request': <WSGIRequest: GET '/dashboard/campo/vehiculos/'>, 'user': <SimpleLazyObject: <User: testuser>>, 'perms': 
PermWrapper(<SimpleLazyObject: <User: testuser>>), 'messages': <FallbackStorage: request=<WSGIRequest: GET 
'/dashboard/campo/vehiculos/'>>, 'DEFAULT_MESSAGE_LEVELS': {'DEBUG': 10, 'INFO': 20, 'SUCCESS': 25, 'WARNING': 30, 
'ERROR': 40}, 'is_admin': True, 'is_supervisor': False, 'is_asesor': False, 'is_conductor': False, 'is_ayudante': 
False, 'header_canales': [], 'header_channel_id': None}, {}, {'title': 'Vehículos', 'items': <QuerySet [<Vehiculo: 
BHV-931 - Volvo FH 460>]>, 'field_config': [{'name': 'placa', 'label': 'Placa'}, {'name': 'marca', 'label': 'Marca'}, 
{'name': 'modelo', 'label': 'Modelo'}, {'name': 'anio', 'label': 'Año'}, {'name': 'capacidad_toneladas', 'label': 
'Cap. (t)'}, {'name': 'activo', 'label': 'Activo', 'type': 'boolean'}], 'create_url': 'vehiculo_create', 
'edit_url_name': 'vehiculo_edit', 'toggle_url_name': 'vehiculo_toggle', 'active_section': 'campo'}, {'block': <Block 
Node: content. Contents: [<TextNode: '\n<div id="app">\n  <v-app>'>, <Variable Node: title>, <TextNode: '</span>\n     
     <v-spac'>, <URLNode view_name='create_url' args=[] kwargs={} as=None>, <TextNode: '" class="v-btn v-btn--ele'>, 
<ForNode: for f in field_config, tail_len: 3>, <TextNode: '\n                <th clas'>, <ForNode: for item in items, 
tail_len: 15>, <TextNode: '\n            </tbody>\n   '>]>}, {'forloop': {'parentloop': {}, 'length': 1, 'counter0': 
0, 'counter': 1, 'revcounter': 1, 'revcounter0': 0, 'first': True, 'last': True}, 'item': <Vehiculo: BHV-931 - Volvo 
FH 460>}]
.....[WARNING] 2026-08-13 21:15:45,446 log Bad Request: /dashboard/campo/api/cambiar-estado/
...[DEBUG] 2026-08-13 21:15:53,918 base Exception while resolving variable 'nombre' in template 'campo/pizarra.html'.
Traceback (most recent call last):
  File "D:\DESARROLLO_IA\Proyecto_taxi_carga\Taxi_carga_bot\taxicarga_whatsapp_bot\.venv\Lib\site-packages\django\templ
ate\base.py", line 964, in _resolve_lookup
    raise TypeError
TypeError

During handling of the above exception, another exception occurred:

Traceback (most recent call last):
  File "D:\DESARROLLO_IA\Proyecto_taxi_carga\Taxi_carga_bot\taxicarga_whatsapp_bot\.venv\Lib\site-packages\django\templ
ate\base.py", line 976, in _resolve_lookup
    current = getattr(current, bit)
AttributeError: 'NoneType' object has no attribute 'nombre'

During handling of the above exception, another exception occurred:

Traceback (most recent call last):
  File "D:\DESARROLLO_IA\Proyecto_taxi_carga\Taxi_carga_bot\taxicarga_whatsapp_bot\.venv\Lib\site-packages\django\templ
ate\base.py", line 982, in _resolve_lookup
    current = current[int(bit)]
                      ~~~^^^^^
ValueError: invalid literal for int() with base 10: 'nombre'

During handling of the above exception, another exception occurred:

Traceback (most recent call last):
  File "D:\DESARROLLO_IA\Proyecto_taxi_carga\Taxi_carga_bot\taxicarga_whatsapp_bot\.venv\Lib\site-packages\django\templ
ate\base.py", line 989, in _resolve_lookup
    raise VariableDoesNotExist(
    ^^^^^^^^^^^^^^^^^^^^^^^^^^^
    ...<2 lines>...
    )  # missing attribute
    ^
django.template.base.VariableDoesNotExist: Failed lookup for key [nombre] in None
[DEBUG] 2026-08-13 21:15:53,919 base Exception while resolving variable 'nombre' in template 'campo/pizarra.html'.
Traceback (most recent call last):
  File "D:\DESARROLLO_IA\Proyecto_taxi_carga\Taxi_carga_bot\taxicarga_whatsapp_bot\.venv\Lib\site-packages\django\templ
ate\base.py", line 964, in _resolve_lookup
    raise TypeError
TypeError

During handling of the above exception, another exception occurred:

Traceback (most recent call last):
  File "D:\DESARROLLO_IA\Proyecto_taxi_carga\Taxi_carga_bot\taxicarga_whatsapp_bot\.venv\Lib\site-packages\django\templ
ate\base.py", line 976, in _resolve_lookup
    current = getattr(current, bit)
AttributeError: 'NoneType' object has no attribute 'nombre'

During handling of the above exception, another exception occurred:

Traceback (most recent call last):
  File "D:\DESARROLLO_IA\Proyecto_taxi_carga\Taxi_carga_bot\taxicarga_whatsapp_bot\.venv\Lib\site-packages\django\templ
ate\base.py", line 982, in _resolve_lookup
    current = current[int(bit)]
                      ~~~^^^^^
ValueError: invalid literal for int() with base 10: 'nombre'

During handling of the above exception, another exception occurred:

Traceback (most recent call last):
  File "D:\DESARROLLO_IA\Proyecto_taxi_carga\Taxi_carga_bot\taxicarga_whatsapp_bot\.venv\Lib\site-packages\django\templ
ate\base.py", line 989, in _resolve_lookup
    raise VariableDoesNotExist(
    ^^^^^^^^^^^^^^^^^^^^^^^^^^^
    ...<2 lines>...
    )  # missing attribute
    ^
django.template.base.VariableDoesNotExist: Failed lookup for key [nombre] in None
[DEBUG] 2026-08-13 21:15:53,919 base Exception while resolving variable 'nombre' in template 'campo/pizarra.html'.
Traceback (most recent call last):
  File "D:\DESARROLLO_IA\Proyecto_taxi_carga\Taxi_carga_bot\taxicarga_whatsapp_bot\.venv\Lib\site-packages\django\templ
ate\base.py", line 964, in _resolve_lookup
    raise TypeError
TypeError

During handling of the above exception, another exception occurred:

Traceback (most recent call last):
  File "D:\DESARROLLO_IA\Proyecto_taxi_carga\Taxi_carga_bot\taxicarga_whatsapp_bot\.venv\Lib\site-packages\django\templ
ate\base.py", line 976, in _resolve_lookup
    current = getattr(current, bit)
AttributeError: 'NoneType' object has no attribute 'nombre'

During handling of the above exception, another exception occurred:

Traceback (most recent call last):
  File "D:\DESARROLLO_IA\Proyecto_taxi_carga\Taxi_carga_bot\taxicarga_whatsapp_bot\.venv\Lib\site-packages\django\templ
ate\base.py", line 982, in _resolve_lookup
    current = current[int(bit)]
                      ~~~^^^^^
ValueError: invalid literal for int() with base 10: 'nombre'

During handling of the above exception, another exception occurred:

Traceback (most recent call last):
  File "D:\DESARROLLO_IA\Proyecto_taxi_carga\Taxi_carga_bot\taxicarga_whatsapp_bot\.venv\Lib\site-packages\django\templ
ate\base.py", line 989, in _resolve_lookup
    raise VariableDoesNotExist(
    ^^^^^^^^^^^^^^^^^^^^^^^^^^^
    ...<2 lines>...
    )  # missing attribute
    ^
django.template.base.VariableDoesNotExist: Failed lookup for key [nombre] in None
[DEBUG] 2026-08-13 21:15:53,920 base Exception while resolving variable 'nombre' in template 'campo/pizarra.html'.
Traceback (most recent call last):
  File "D:\DESARROLLO_IA\Proyecto_taxi_carga\Taxi_carga_bot\taxicarga_whatsapp_bot\.venv\Lib\site-packages\django\templ
ate\base.py", line 964, in _resolve_lookup
    raise TypeError
TypeError

During handling of the above exception, another exception occurred:

Traceback (most recent call last):
  File "D:\DESARROLLO_IA\Proyecto_taxi_carga\Taxi_carga_bot\taxicarga_whatsapp_bot\.venv\Lib\site-packages\django\templ
ate\base.py", line 976, in _resolve_lookup
    current = getattr(current, bit)
AttributeError: 'NoneType' object has no attribute 'nombre'

During handling of the above exception, another exception occurred:

Traceback (most recent call last):
  File "D:\DESARROLLO_IA\Proyecto_taxi_carga\Taxi_carga_bot\taxicarga_whatsapp_bot\.venv\Lib\site-packages\django\templ
ate\base.py", line 982, in _resolve_lookup
    current = current[int(bit)]
                      ~~~^^^^^
ValueError: invalid literal for int() with base 10: 'nombre'

During handling of the above exception, another exception occurred:

Traceback (most recent call last):
  File "D:\DESARROLLO_IA\Proyecto_taxi_carga\Taxi_carga_bot\taxicarga_whatsapp_bot\.venv\Lib\site-packages\django\templ
ate\base.py", line 989, in _resolve_lookup
    raise VariableDoesNotExist(
    ^^^^^^^^^^^^^^^^^^^^^^^^^^^
    ...<2 lines>...
    )  # missing attribute
    ^
django.template.base.VariableDoesNotExist: Failed lookup for key [nombre] in None
[DEBUG] 2026-08-13 21:15:53,921 base Exception while resolving variable 'nombre' in template 'campo/pizarra.html'.
Traceback (most recent call last):
  File "D:\DESARROLLO_IA\Proyecto_taxi_carga\Taxi_carga_bot\taxicarga_whatsapp_bot\.venv\Lib\site-packages\django\templ
ate\base.py", line 964, in _resolve_lookup
    raise TypeError
TypeError

During handling of the above exception, another exception occurred:

Traceback (most recent call last):
  File "D:\DESARROLLO_IA\Proyecto_taxi_carga\Taxi_carga_bot\taxicarga_whatsapp_bot\.venv\Lib\site-packages\django\templ
ate\base.py", line 976, in _resolve_lookup
    current = getattr(current, bit)
AttributeError: 'NoneType' object has no attribute 'nombre'

During handling of the above exception, another exception occurred:

Traceback (most recent call last):
  File "D:\DESARROLLO_IA\Proyecto_taxi_carga\Taxi_carga_bot\taxicarga_whatsapp_bot\.venv\Lib\site-packages\django\templ
ate\base.py", line 982, in _resolve_lookup
    current = current[int(bit)]
                      ~~~^^^^^
ValueError: invalid literal for int() with base 10: 'nombre'

During handling of the above exception, another exception occurred:

Traceback (most recent call last):
  File "D:\DESARROLLO_IA\Proyecto_taxi_carga\Taxi_carga_bot\taxicarga_whatsapp_bot\.venv\Lib\site-packages\django\templ
ate\base.py", line 989, in _resolve_lookup
    raise VariableDoesNotExist(
    ^^^^^^^^^^^^^^^^^^^^^^^^^^^
    ...<2 lines>...
    )  # missing attribute
    ^
django.template.base.VariableDoesNotExist: Failed lookup for key [nombre] in None
.[DEBUG] 2026-08-13 21:15:56,875 base Exception while resolving variable 'nombre' in template 'campo/pizarra.html'.
Traceback (most recent call last):
  File "D:\DESARROLLO_IA\Proyecto_taxi_carga\Taxi_carga_bot\taxicarga_whatsapp_bot\.venv\Lib\site-packages\django\templ
ate\base.py", line 964, in _resolve_lookup
    raise TypeError
TypeError

During handling of the above exception, another exception occurred:

Traceback (most recent call last):
  File "D:\DESARROLLO_IA\Proyecto_taxi_carga\Taxi_carga_bot\taxicarga_whatsapp_bot\.venv\Lib\site-packages\django\templ
ate\base.py", line 976, in _resolve_lookup
    current = getattr(current, bit)
AttributeError: 'NoneType' object has no attribute 'nombre'

During handling of the above exception, another exception occurred:

Traceback (most recent call last):
  File "D:\DESARROLLO_IA\Proyecto_taxi_carga\Taxi_carga_bot\taxicarga_whatsapp_bot\.venv\Lib\site-packages\django\templ
ate\base.py", line 982, in _resolve_lookup
    current = current[int(bit)]
                      ~~~^^^^^
ValueError: invalid literal for int() with base 10: 'nombre'

During handling of the above exception, another exception occurred:

Traceback (most recent call last):
  File "D:\DESARROLLO_IA\Proyecto_taxi_carga\Taxi_carga_bot\taxicarga_whatsapp_bot\.venv\Lib\site-packages\django\templ
ate\base.py", line 989, in _resolve_lookup
    raise VariableDoesNotExist(
    ^^^^^^^^^^^^^^^^^^^^^^^^^^^
    ...<2 lines>...
    )  # missing attribute
    ^
django.template.base.VariableDoesNotExist: Failed lookup for key [nombre] in None
[DEBUG] 2026-08-13 21:15:56,876 base Exception while resolving variable 'nombre' in template 'campo/pizarra.html'.
Traceback (most recent call last):
  File "D:\DESARROLLO_IA\Proyecto_taxi_carga\Taxi_carga_bot\taxicarga_whatsapp_bot\.venv\Lib\site-packages\django\templ
ate\base.py", line 964, in _resolve_lookup
    raise TypeError
TypeError

During handling of the above exception, another exception occurred:

Traceback (most recent call last):
  File "D:\DESARROLLO_IA\Proyecto_taxi_carga\Taxi_carga_bot\taxicarga_whatsapp_bot\.venv\Lib\site-packages\django\templ
ate\base.py", line 976, in _resolve_lookup
    current = getattr(current, bit)
AttributeError: 'NoneType' object has no attribute 'nombre'

During handling of the above exception, another exception occurred:

Traceback (most recent call last):
  File "D:\DESARROLLO_IA\Proyecto_taxi_carga\Taxi_carga_bot\taxicarga_whatsapp_bot\.venv\Lib\site-packages\django\templ
ate\base.py", line 982, in _resolve_lookup
    current = current[int(bit)]
                      ~~~^^^^^
ValueError: invalid literal for int() with base 10: 'nombre'

During handling of the above exception, another exception occurred:

Traceback (most recent call last):
  File "D:\DESARROLLO_IA\Proyecto_taxi_carga\Taxi_carga_bot\taxicarga_whatsapp_bot\.venv\Lib\site-packages\django\templ
ate\base.py", line 989, in _resolve_lookup
    raise VariableDoesNotExist(
    ^^^^^^^^^^^^^^^^^^^^^^^^^^^
    ...<2 lines>...
    )  # missing attribute
    ^
django.template.base.VariableDoesNotExist: Failed lookup for key [nombre] in None
[DEBUG] 2026-08-13 21:15:56,877 base Exception while resolving variable 'nombre' in template 'campo/pizarra.html'.
Traceback (most recent call last):
  File "D:\DESARROLLO_IA\Proyecto_taxi_carga\Taxi_carga_bot\taxicarga_whatsapp_bot\.venv\Lib\site-packages\django\templ
ate\base.py", line 964, in _resolve_lookup
    raise TypeError
TypeError

During handling of the above exception, another exception occurred:

Traceback (most recent call last):
  File "D:\DESARROLLO_IA\Proyecto_taxi_carga\Taxi_carga_bot\taxicarga_whatsapp_bot\.venv\Lib\site-packages\django\templ
ate\base.py", line 976, in _resolve_lookup
    current = getattr(current, bit)
AttributeError: 'NoneType' object has no attribute 'nombre'

During handling of the above exception, another exception occurred:

Traceback (most recent call last):
  File "D:\DESARROLLO_IA\Proyecto_taxi_carga\Taxi_carga_bot\taxicarga_whatsapp_bot\.venv\Lib\site-packages\django\templ
ate\base.py", line 982, in _resolve_lookup
    current = current[int(bit)]
                      ~~~^^^^^
ValueError: invalid literal for int() with base 10: 'nombre'

During handling of the above exception, another exception occurred:

Traceback (most recent call last):
  File "D:\DESARROLLO_IA\Proyecto_taxi_carga\Taxi_carga_bot\taxicarga_whatsapp_bot\.venv\Lib\site-packages\django\templ
ate\base.py", line 989, in _resolve_lookup
    raise VariableDoesNotExist(
    ^^^^^^^^^^^^^^^^^^^^^^^^^^^
    ...<2 lines>...
    )  # missing attribute
    ^
django.template.base.VariableDoesNotExist: Failed lookup for key [nombre] in None
[DEBUG] 2026-08-13 21:15:56,878 base Exception while resolving variable 'nombre' in template 'campo/pizarra.html'.
Traceback (most recent call last):
  File "D:\DESARROLLO_IA\Proyecto_taxi_carga\Taxi_carga_bot\taxicarga_whatsapp_bot\.venv\Lib\site-packages\django\templ
ate\base.py", line 964, in _resolve_lookup
    raise TypeError
TypeError

During handling of the above exception, another exception occurred:

Traceback (most recent call last):
  File "D:\DESARROLLO_IA\Proyecto_taxi_carga\Taxi_carga_bot\taxicarga_whatsapp_bot\.venv\Lib\site-packages\django\templ
ate\base.py", line 976, in _resolve_lookup
    current = getattr(current, bit)
AttributeError: 'NoneType' object has no attribute 'nombre'

During handling of the above exception, another exception occurred:

Traceback (most recent call last):
  File "D:\DESARROLLO_IA\Proyecto_taxi_carga\Taxi_carga_bot\taxicarga_whatsapp_bot\.venv\Lib\site-packages\django\templ
ate\base.py", line 982, in _resolve_lookup
    current = current[int(bit)]
                      ~~~^^^^^
ValueError: invalid literal for int() with base 10: 'nombre'

During handling of the above exception, another exception occurred:

Traceback (most recent call last):
  File "D:\DESARROLLO_IA\Proyecto_taxi_carga\Taxi_carga_bot\taxicarga_whatsapp_bot\.venv\Lib\site-packages\django\templ
ate\base.py", line 989, in _resolve_lookup
    raise VariableDoesNotExist(
    ^^^^^^^^^^^^^^^^^^^^^^^^^^^
    ...<2 lines>...
    )  # missing attribute
    ^
django.template.base.VariableDoesNotExist: Failed lookup for key [nombre] in None
[DEBUG] 2026-08-13 21:15:56,879 base Exception while resolving variable 'nombre' in template 'campo/pizarra.html'.
Traceback (most recent call last):
  File "D:\DESARROLLO_IA\Proyecto_taxi_carga\Taxi_carga_bot\taxicarga_whatsapp_bot\.venv\Lib\site-packages\django\templ
ate\base.py", line 964, in _resolve_lookup
    raise TypeError
TypeError

During handling of the above exception, another exception occurred:

Traceback (most recent call last):
  File "D:\DESARROLLO_IA\Proyecto_taxi_carga\Taxi_carga_bot\taxicarga_whatsapp_bot\.venv\Lib\site-packages\django\templ
ate\base.py", line 976, in _resolve_lookup
    current = getattr(current, bit)
AttributeError: 'NoneType' object has no attribute 'nombre'

During handling of the above exception, another exception occurred:

Traceback (most recent call last):
  File "D:\DESARROLLO_IA\Proyecto_taxi_carga\Taxi_carga_bot\taxicarga_whatsapp_bot\.venv\Lib\site-packages\django\templ
ate\base.py", line 982, in _resolve_lookup
    current = current[int(bit)]
                      ~~~^^^^^
ValueError: invalid literal for int() with base 10: 'nombre'

During handling of the above exception, another exception occurred:

Traceback (most recent call last):
  File "D:\DESARROLLO_IA\Proyecto_taxi_carga\Taxi_carga_bot\taxicarga_whatsapp_bot\.venv\Lib\site-packages\django\templ
ate\base.py", line 989, in _resolve_lookup
    raise VariableDoesNotExist(
    ^^^^^^^^^^^^^^^^^^^^^^^^^^^
    ...<2 lines>...
    )  # missing attribute
    ^
django.template.base.VariableDoesNotExist: Failed lookup for key [nombre] in None
.[DEBUG] 2026-08-13 21:15:59,828 base Exception while resolving variable 'nombre' in template 'campo/pizarra.html'.
Traceback (most recent call last):
  File "D:\DESARROLLO_IA\Proyecto_taxi_carga\Taxi_carga_bot\taxicarga_whatsapp_bot\.venv\Lib\site-packages\django\templ
ate\base.py", line 964, in _resolve_lookup
    raise TypeError
TypeError

During handling of the above exception, another exception occurred:

Traceback (most recent call last):
  File "D:\DESARROLLO_IA\Proyecto_taxi_carga\Taxi_carga_bot\taxicarga_whatsapp_bot\.venv\Lib\site-packages\django\templ
ate\base.py", line 976, in _resolve_lookup
    current = getattr(current, bit)
AttributeError: 'NoneType' object has no attribute 'nombre'

During handling of the above exception, another exception occurred:

Traceback (most recent call last):
  File "D:\DESARROLLO_IA\Proyecto_taxi_carga\Taxi_carga_bot\taxicarga_whatsapp_bot\.venv\Lib\site-packages\django\templ
ate\base.py", line 982, in _resolve_lookup
    current = current[int(bit)]
                      ~~~^^^^^
ValueError: invalid literal for int() with base 10: 'nombre'

During handling of the above exception, another exception occurred:

Traceback (most recent call last):
  File "D:\DESARROLLO_IA\Proyecto_taxi_carga\Taxi_carga_bot\taxicarga_whatsapp_bot\.venv\Lib\site-packages\django\templ
ate\base.py", line 989, in _resolve_lookup
    raise VariableDoesNotExist(
    ^^^^^^^^^^^^^^^^^^^^^^^^^^^
    ...<2 lines>...
    )  # missing attribute
    ^
django.template.base.VariableDoesNotExist: Failed lookup for key [nombre] in None
[DEBUG] 2026-08-13 21:15:59,829 base Exception while resolving variable 'nombre' in template 'campo/pizarra.html'.
Traceback (most recent call last):
  File "D:\DESARROLLO_IA\Proyecto_taxi_carga\Taxi_carga_bot\taxicarga_whatsapp_bot\.venv\Lib\site-packages\django\templ
ate\base.py", line 964, in _resolve_lookup
    raise TypeError
TypeError

During handling of the above exception, another exception occurred:

Traceback (most recent call last):
  File "D:\DESARROLLO_IA\Proyecto_taxi_carga\Taxi_carga_bot\taxicarga_whatsapp_bot\.venv\Lib\site-packages\django\templ
ate\base.py", line 976, in _resolve_lookup
    current = getattr(current, bit)
AttributeError: 'NoneType' object has no attribute 'nombre'

During handling of the above exception, another exception occurred:

Traceback (most recent call last):
  File "D:\DESARROLLO_IA\Proyecto_taxi_carga\Taxi_carga_bot\taxicarga_whatsapp_bot\.venv\Lib\site-packages\django\templ
ate\base.py", line 982, in _resolve_lookup
    current = current[int(bit)]
                      ~~~^^^^^
ValueError: invalid literal for int() with base 10: 'nombre'

During handling of the above exception, another exception occurred:

Traceback (most recent call last):
  File "D:\DESARROLLO_IA\Proyecto_taxi_carga\Taxi_carga_bot\taxicarga_whatsapp_bot\.venv\Lib\site-packages\django\templ
ate\base.py", line 989, in _resolve_lookup
    raise VariableDoesNotExist(
    ^^^^^^^^^^^^^^^^^^^^^^^^^^^
    ...<2 lines>...
    )  # missing attribute
    ^
django.template.base.VariableDoesNotExist: Failed lookup for key [nombre] in None
[DEBUG] 2026-08-13 21:15:59,830 base Exception while resolving variable 'nombre' in template 'campo/pizarra.html'.
Traceback (most recent call last):
  File "D:\DESARROLLO_IA\Proyecto_taxi_carga\Taxi_carga_bot\taxicarga_whatsapp_bot\.venv\Lib\site-packages\django\templ
ate\base.py", line 964, in _resolve_lookup
    raise TypeError
TypeError

During handling of the above exception, another exception occurred:

Traceback (most recent call last):
  File "D:\DESARROLLO_IA\Proyecto_taxi_carga\Taxi_carga_bot\taxicarga_whatsapp_bot\.venv\Lib\site-packages\django\templ
ate\base.py", line 976, in _resolve_lookup
    current = getattr(current, bit)
AttributeError: 'NoneType' object has no attribute 'nombre'

During handling of the above exception, another exception occurred:

Traceback (most recent call last):
  File "D:\DESARROLLO_IA\Proyecto_taxi_carga\Taxi_carga_bot\taxicarga_whatsapp_bot\.venv\Lib\site-packages\django\templ
ate\base.py", line 982, in _resolve_lookup
    current = current[int(bit)]
                      ~~~^^^^^
ValueError: invalid literal for int() with base 10: 'nombre'

During handling of the above exception, another exception occurred:

Traceback (most recent call last):
  File "D:\DESARROLLO_IA\Proyecto_taxi_carga\Taxi_carga_bot\taxicarga_whatsapp_bot\.venv\Lib\site-packages\django\templ
ate\base.py", line 989, in _resolve_lookup
    raise VariableDoesNotExist(
    ^^^^^^^^^^^^^^^^^^^^^^^^^^^
    ...<2 lines>...
    )  # missing attribute
    ^
django.template.base.VariableDoesNotExist: Failed lookup for key [nombre] in None
[DEBUG] 2026-08-13 21:15:59,831 base Exception while resolving variable 'nombre' in template 'campo/pizarra.html'.
Traceback (most recent call last):
  File "D:\DESARROLLO_IA\Proyecto_taxi_carga\Taxi_carga_bot\taxicarga_whatsapp_bot\.venv\Lib\site-packages\django\templ
ate\base.py", line 964, in _resolve_lookup
    raise TypeError
TypeError

During handling of the above exception, another exception occurred:

Traceback (most recent call last):
  File "D:\DESARROLLO_IA\Proyecto_taxi_carga\Taxi_carga_bot\taxicarga_whatsapp_bot\.venv\Lib\site-packages\django\templ
ate\base.py", line 976, in _resolve_lookup
    current = getattr(current, bit)
AttributeError: 'NoneType' object has no attribute 'nombre'

During handling of the above exception, another exception occurred:

Traceback (most recent call last):
  File "D:\DESARROLLO_IA\Proyecto_taxi_carga\Taxi_carga_bot\taxicarga_whatsapp_bot\.venv\Lib\site-packages\django\templ
ate\base.py", line 982, in _resolve_lookup
    current = current[int(bit)]
                      ~~~^^^^^
ValueError: invalid literal for int() with base 10: 'nombre'

During handling of the above exception, another exception occurred:

Traceback (most recent call last):
  File "D:\DESARROLLO_IA\Proyecto_taxi_carga\Taxi_carga_bot\taxicarga_whatsapp_bot\.venv\Lib\site-packages\django\templ
ate\base.py", line 989, in _resolve_lookup
    raise VariableDoesNotExist(
    ^^^^^^^^^^^^^^^^^^^^^^^^^^^
    ...<2 lines>...
    )  # missing attribute
    ^
django.template.base.VariableDoesNotExist: Failed lookup for key [nombre] in None
[DEBUG] 2026-08-13 21:15:59,831 base Exception while resolving variable 'nombre' in template 'campo/pizarra.html'.
Traceback (most recent call last):
  File "D:\DESARROLLO_IA\Proyecto_taxi_carga\Taxi_carga_bot\taxicarga_whatsapp_bot\.venv\Lib\site-packages\django\templ
ate\base.py", line 964, in _resolve_lookup
    raise TypeError
TypeError

During handling of the above exception, another exception occurred:

Traceback (most recent call last):
  File "D:\DESARROLLO_IA\Proyecto_taxi_carga\Taxi_carga_bot\taxicarga_whatsapp_bot\.venv\Lib\site-packages\django\templ
ate\base.py", line 976, in _resolve_lookup
    current = getattr(current, bit)
AttributeError: 'NoneType' object has no attribute 'nombre'

During handling of the above exception, another exception occurred:

Traceback (most recent call last):
  File "D:\DESARROLLO_IA\Proyecto_taxi_carga\Taxi_carga_bot\taxicarga_whatsapp_bot\.venv\Lib\site-packages\django\templ
ate\base.py", line 982, in _resolve_lookup
    current = current[int(bit)]
                      ~~~^^^^^
ValueError: invalid literal for int() with base 10: 'nombre'

During handling of the above exception, another exception occurred:

Traceback (most recent call last):
  File "D:\DESARROLLO_IA\Proyecto_taxi_carga\Taxi_carga_bot\taxicarga_whatsapp_bot\.venv\Lib\site-packages\django\templ
ate\base.py", line 989, in _resolve_lookup
    raise VariableDoesNotExist(
    ^^^^^^^^^^^^^^^^^^^^^^^^^^^
    ...<2 lines>...
    )  # missing attribute
    ^
django.template.base.VariableDoesNotExist: Failed lookup for key [nombre] in None
.[DEBUG] 2026-08-13 21:16:02,778 base Exception while resolving variable 'nombre' in template 'campo/pizarra.html'.
Traceback (most recent call last):
  File "D:\DESARROLLO_IA\Proyecto_taxi_carga\Taxi_carga_bot\taxicarga_whatsapp_bot\.venv\Lib\site-packages\django\templ
ate\base.py", line 964, in _resolve_lookup
    raise TypeError
TypeError

During handling of the above exception, another exception occurred:

Traceback (most recent call last):
  File "D:\DESARROLLO_IA\Proyecto_taxi_carga\Taxi_carga_bot\taxicarga_whatsapp_bot\.venv\Lib\site-packages\django\templ
ate\base.py", line 976, in _resolve_lookup
    current = getattr(current, bit)
AttributeError: 'NoneType' object has no attribute 'nombre'

During handling of the above exception, another exception occurred:

Traceback (most recent call last):
  File "D:\DESARROLLO_IA\Proyecto_taxi_carga\Taxi_carga_bot\taxicarga_whatsapp_bot\.venv\Lib\site-packages\django\templ
ate\base.py", line 982, in _resolve_lookup
    current = current[int(bit)]
                      ~~~^^^^^
ValueError: invalid literal for int() with base 10: 'nombre'

During handling of the above exception, another exception occurred:

Traceback (most recent call last):
  File "D:\DESARROLLO_IA\Proyecto_taxi_carga\Taxi_carga_bot\taxicarga_whatsapp_bot\.venv\Lib\site-packages\django\templ
ate\base.py", line 989, in _resolve_lookup
    raise VariableDoesNotExist(
    ^^^^^^^^^^^^^^^^^^^^^^^^^^^
    ...<2 lines>...
    )  # missing attribute
    ^
django.template.base.VariableDoesNotExist: Failed lookup for key [nombre] in None
[DEBUG] 2026-08-13 21:16:02,780 base Exception while resolving variable 'nombre' in template 'campo/pizarra.html'.
Traceback (most recent call last):
  File "D:\DESARROLLO_IA\Proyecto_taxi_carga\Taxi_carga_bot\taxicarga_whatsapp_bot\.venv\Lib\site-packages\django\templ
ate\base.py", line 964, in _resolve_lookup
    raise TypeError
TypeError

During handling of the above exception, another exception occurred:

Traceback (most recent call last):
  File "D:\DESARROLLO_IA\Proyecto_taxi_carga\Taxi_carga_bot\taxicarga_whatsapp_bot\.venv\Lib\site-packages\django\templ
ate\base.py", line 976, in _resolve_lookup
    current = getattr(current, bit)
AttributeError: 'NoneType' object has no attribute 'nombre'

During handling of the above exception, another exception occurred:

Traceback (most recent call last):
  File "D:\DESARROLLO_IA\Proyecto_taxi_carga\Taxi_carga_bot\taxicarga_whatsapp_bot\.venv\Lib\site-packages\django\templ
ate\base.py", line 982, in _resolve_lookup
    current = current[int(bit)]
                      ~~~^^^^^
ValueError: invalid literal for int() with base 10: 'nombre'

During handling of the above exception, another exception occurred:

Traceback (most recent call last):
  File "D:\DESARROLLO_IA\Proyecto_taxi_carga\Taxi_carga_bot\taxicarga_whatsapp_bot\.venv\Lib\site-packages\django\templ
ate\base.py", line 989, in _resolve_lookup
    raise VariableDoesNotExist(
    ^^^^^^^^^^^^^^^^^^^^^^^^^^^
    ...<2 lines>...
    )  # missing attribute
    ^
django.template.base.VariableDoesNotExist: Failed lookup for key [nombre] in None
[DEBUG] 2026-08-13 21:16:02,781 base Exception while resolving variable 'nombre' in template 'campo/pizarra.html'.
Traceback (most recent call last):
  File "D:\DESARROLLO_IA\Proyecto_taxi_carga\Taxi_carga_bot\taxicarga_whatsapp_bot\.venv\Lib\site-packages\django\templ
ate\base.py", line 964, in _resolve_lookup
    raise TypeError
TypeError

During handling of the above exception, another exception occurred:

Traceback (most recent call last):
  File "D:\DESARROLLO_IA\Proyecto_taxi_carga\Taxi_carga_bot\taxicarga_whatsapp_bot\.venv\Lib\site-packages\django\templ
ate\base.py", line 976, in _resolve_lookup
    current = getattr(current, bit)
AttributeError: 'NoneType' object has no attribute 'nombre'

During handling of the above exception, another exception occurred:

Traceback (most recent call last):
  File "D:\DESARROLLO_IA\Proyecto_taxi_carga\Taxi_carga_bot\taxicarga_whatsapp_bot\.venv\Lib\site-packages\django\templ
ate\base.py", line 982, in _resolve_lookup
    current = current[int(bit)]
                      ~~~^^^^^
ValueError: invalid literal for int() with base 10: 'nombre'

During handling of the above exception, another exception occurred:

Traceback (most recent call last):
  File "D:\DESARROLLO_IA\Proyecto_taxi_carga\Taxi_carga_bot\taxicarga_whatsapp_bot\.venv\Lib\site-packages\django\templ
ate\base.py", line 989, in _resolve_lookup
    raise VariableDoesNotExist(
    ^^^^^^^^^^^^^^^^^^^^^^^^^^^
    ...<2 lines>...
    )  # missing attribute
    ^
django.template.base.VariableDoesNotExist: Failed lookup for key [nombre] in None
[DEBUG] 2026-08-13 21:16:02,781 base Exception while resolving variable 'nombre' in template 'campo/pizarra.html'.
Traceback (most recent call last):
  File "D:\DESARROLLO_IA\Proyecto_taxi_carga\Taxi_carga_bot\taxicarga_whatsapp_bot\.venv\Lib\site-packages\django\templ
ate\base.py", line 964, in _resolve_lookup
    raise TypeError
TypeError

During handling of the above exception, another exception occurred:

Traceback (most recent call last):
  File "D:\DESARROLLO_IA\Proyecto_taxi_carga\Taxi_carga_bot\taxicarga_whatsapp_bot\.venv\Lib\site-packages\django\templ
ate\base.py", line 976, in _resolve_lookup
    current = getattr(current, bit)
AttributeError: 'NoneType' object has no attribute 'nombre'

During handling of the above exception, another exception occurred:

Traceback (most recent call last):
  File "D:\DESARROLLO_IA\Proyecto_taxi_carga\Taxi_carga_bot\taxicarga_whatsapp_bot\.venv\Lib\site-packages\django\templ
ate\base.py", line 982, in _resolve_lookup
    current = current[int(bit)]
                      ~~~^^^^^
ValueError: invalid literal for int() with base 10: 'nombre'

During handling of the above exception, another exception occurred:

Traceback (most recent call last):
  File "D:\DESARROLLO_IA\Proyecto_taxi_carga\Taxi_carga_bot\taxicarga_whatsapp_bot\.venv\Lib\site-packages\django\templ
ate\base.py", line 989, in _resolve_lookup
    raise VariableDoesNotExist(
    ^^^^^^^^^^^^^^^^^^^^^^^^^^^
    ...<2 lines>...
    )  # missing attribute
    ^
django.template.base.VariableDoesNotExist: Failed lookup for key [nombre] in None
[DEBUG] 2026-08-13 21:16:02,782 base Exception while resolving variable 'nombre' in template 'campo/pizarra.html'.
Traceback (most recent call last):
  File "D:\DESARROLLO_IA\Proyecto_taxi_carga\Taxi_carga_bot\taxicarga_whatsapp_bot\.venv\Lib\site-packages\django\templ
ate\base.py", line 964, in _resolve_lookup
    raise TypeError
TypeError

During handling of the above exception, another exception occurred:

Traceback (most recent call last):
  File "D:\DESARROLLO_IA\Proyecto_taxi_carga\Taxi_carga_bot\taxicarga_whatsapp_bot\.venv\Lib\site-packages\django\templ
ate\base.py", line 976, in _resolve_lookup
    current = getattr(current, bit)
AttributeError: 'NoneType' object has no attribute 'nombre'

During handling of the above exception, another exception occurred:

Traceback (most recent call last):
  File "D:\DESARROLLO_IA\Proyecto_taxi_carga\Taxi_carga_bot\taxicarga_whatsapp_bot\.venv\Lib\site-packages\django\templ
ate\base.py", line 982, in _resolve_lookup
    current = current[int(bit)]
                      ~~~^^^^^
ValueError: invalid literal for int() with base 10: 'nombre'

During handling of the above exception, another exception occurred:

Traceback (most recent call last):
  File "D:\DESARROLLO_IA\Proyecto_taxi_carga\Taxi_carga_bot\taxicarga_whatsapp_bot\.venv\Lib\site-packages\django\templ
ate\base.py", line 989, in _resolve_lookup
    raise VariableDoesNotExist(
    ^^^^^^^^^^^^^^^^^^^^^^^^^^^
    ...<2 lines>...
    )  # missing attribute
    ^
django.template.base.VariableDoesNotExist: Failed lookup for key [nombre] in None
.[DEBUG] 2026-08-13 21:16:05,717 base Exception while resolving variable 'nombre' in template 'campo/pizarra.html'.
Traceback (most recent call last):
  File "D:\DESARROLLO_IA\Proyecto_taxi_carga\Taxi_carga_bot\taxicarga_whatsapp_bot\.venv\Lib\site-packages\django\templ
ate\base.py", line 964, in _resolve_lookup
    raise TypeError
TypeError

During handling of the above exception, another exception occurred:

Traceback (most recent call last):
  File "D:\DESARROLLO_IA\Proyecto_taxi_carga\Taxi_carga_bot\taxicarga_whatsapp_bot\.venv\Lib\site-packages\django\templ
ate\base.py", line 976, in _resolve_lookup
    current = getattr(current, bit)
AttributeError: 'NoneType' object has no attribute 'nombre'

During handling of the above exception, another exception occurred:

Traceback (most recent call last):
  File "D:\DESARROLLO_IA\Proyecto_taxi_carga\Taxi_carga_bot\taxicarga_whatsapp_bot\.venv\Lib\site-packages\django\templ
ate\base.py", line 982, in _resolve_lookup
    current = current[int(bit)]
                      ~~~^^^^^
ValueError: invalid literal for int() with base 10: 'nombre'

During handling of the above exception, another exception occurred:

Traceback (most recent call last):
  File "D:\DESARROLLO_IA\Proyecto_taxi_carga\Taxi_carga_bot\taxicarga_whatsapp_bot\.venv\Lib\site-packages\django\templ
ate\base.py", line 989, in _resolve_lookup
    raise VariableDoesNotExist(
    ^^^^^^^^^^^^^^^^^^^^^^^^^^^
    ...<2 lines>...
    )  # missing attribute
    ^
django.template.base.VariableDoesNotExist: Failed lookup for key [nombre] in None
[DEBUG] 2026-08-13 21:16:05,718 base Exception while resolving variable 'nombre' in template 'campo/pizarra.html'.
Traceback (most recent call last):
  File "D:\DESARROLLO_IA\Proyecto_taxi_carga\Taxi_carga_bot\taxicarga_whatsapp_bot\.venv\Lib\site-packages\django\templ
ate\base.py", line 964, in _resolve_lookup
    raise TypeError
TypeError

During handling of the above exception, another exception occurred:

Traceback (most recent call last):
  File "D:\DESARROLLO_IA\Proyecto_taxi_carga\Taxi_carga_bot\taxicarga_whatsapp_bot\.venv\Lib\site-packages\django\templ
ate\base.py", line 976, in _resolve_lookup
    current = getattr(current, bit)
AttributeError: 'NoneType' object has no attribute 'nombre'

During handling of the above exception, another exception occurred:

Traceback (most recent call last):
  File "D:\DESARROLLO_IA\Proyecto_taxi_carga\Taxi_carga_bot\taxicarga_whatsapp_bot\.venv\Lib\site-packages\django\templ
ate\base.py", line 982, in _resolve_lookup
    current = current[int(bit)]
                      ~~~^^^^^
ValueError: invalid literal for int() with base 10: 'nombre'

During handling of the above exception, another exception occurred:

Traceback (most recent call last):
  File "D:\DESARROLLO_IA\Proyecto_taxi_carga\Taxi_carga_bot\taxicarga_whatsapp_bot\.venv\Lib\site-packages\django\templ
ate\base.py", line 989, in _resolve_lookup
    raise VariableDoesNotExist(
    ^^^^^^^^^^^^^^^^^^^^^^^^^^^
    ...<2 lines>...
    )  # missing attribute
    ^
django.template.base.VariableDoesNotExist: Failed lookup for key [nombre] in None
[DEBUG] 2026-08-13 21:16:05,719 base Exception while resolving variable 'nombre' in template 'campo/pizarra.html'.
Traceback (most recent call last):
  File "D:\DESARROLLO_IA\Proyecto_taxi_carga\Taxi_carga_bot\taxicarga_whatsapp_bot\.venv\Lib\site-packages\django\templ
ate\base.py", line 964, in _resolve_lookup
    raise TypeError
TypeError

During handling of the above exception, another exception occurred:

Traceback (most recent call last):
  File "D:\DESARROLLO_IA\Proyecto_taxi_carga\Taxi_carga_bot\taxicarga_whatsapp_bot\.venv\Lib\site-packages\django\templ
ate\base.py", line 976, in _resolve_lookup
    current = getattr(current, bit)
AttributeError: 'NoneType' object has no attribute 'nombre'

During handling of the above exception, another exception occurred:

Traceback (most recent call last):
  File "D:\DESARROLLO_IA\Proyecto_taxi_carga\Taxi_carga_bot\taxicarga_whatsapp_bot\.venv\Lib\site-packages\django\templ
ate\base.py", line 982, in _resolve_lookup
    current = current[int(bit)]
                      ~~~^^^^^
ValueError: invalid literal for int() with base 10: 'nombre'

During handling of the above exception, another exception occurred:

Traceback (most recent call last):
  File "D:\DESARROLLO_IA\Proyecto_taxi_carga\Taxi_carga_bot\taxicarga_whatsapp_bot\.venv\Lib\site-packages\django\templ
ate\base.py", line 989, in _resolve_lookup
    raise VariableDoesNotExist(
    ^^^^^^^^^^^^^^^^^^^^^^^^^^^
    ...<2 lines>...
    )  # missing attribute
    ^
django.template.base.VariableDoesNotExist: Failed lookup for key [nombre] in None
[DEBUG] 2026-08-13 21:16:05,719 base Exception while resolving variable 'nombre' in template 'campo/pizarra.html'.
Traceback (most recent call last):
  File "D:\DESARROLLO_IA\Proyecto_taxi_carga\Taxi_carga_bot\taxicarga_whatsapp_bot\.venv\Lib\site-packages\django\templ
ate\base.py", line 964, in _resolve_lookup
    raise TypeError
TypeError

During handling of the above exception, another exception occurred:

Traceback (most recent call last):
  File "D:\DESARROLLO_IA\Proyecto_taxi_carga\Taxi_carga_bot\taxicarga_whatsapp_bot\.venv\Lib\site-packages\django\templ
ate\base.py", line 976, in _resolve_lookup
    current = getattr(current, bit)
AttributeError: 'NoneType' object has no attribute 'nombre'

During handling of the above exception, another exception occurred:

Traceback (most recent call last):
  File "D:\DESARROLLO_IA\Proyecto_taxi_carga\Taxi_carga_bot\taxicarga_whatsapp_bot\.venv\Lib\site-packages\django\templ
ate\base.py", line 982, in _resolve_lookup
    current = current[int(bit)]
                      ~~~^^^^^
ValueError: invalid literal for int() with base 10: 'nombre'

During handling of the above exception, another exception occurred:

Traceback (most recent call last):
  File "D:\DESARROLLO_IA\Proyecto_taxi_carga\Taxi_carga_bot\taxicarga_whatsapp_bot\.venv\Lib\site-packages\django\templ
ate\base.py", line 989, in _resolve_lookup
    raise VariableDoesNotExist(
    ^^^^^^^^^^^^^^^^^^^^^^^^^^^
    ...<2 lines>...
    )  # missing attribute
    ^
django.template.base.VariableDoesNotExist: Failed lookup for key [nombre] in None
[DEBUG] 2026-08-13 21:16:05,720 base Exception while resolving variable 'nombre' in template 'campo/pizarra.html'.
Traceback (most recent call last):
  File "D:\DESARROLLO_IA\Proyecto_taxi_carga\Taxi_carga_bot\taxicarga_whatsapp_bot\.venv\Lib\site-packages\django\templ
ate\base.py", line 964, in _resolve_lookup
    raise TypeError
TypeError

During handling of the above exception, another exception occurred:

Traceback (most recent call last):
  File "D:\DESARROLLO_IA\Proyecto_taxi_carga\Taxi_carga_bot\taxicarga_whatsapp_bot\.venv\Lib\site-packages\django\templ
ate\base.py", line 976, in _resolve_lookup
    current = getattr(current, bit)
AttributeError: 'NoneType' object has no attribute 'nombre'

During handling of the above exception, another exception occurred:

Traceback (most recent call last):
  File "D:\DESARROLLO_IA\Proyecto_taxi_carga\Taxi_carga_bot\taxicarga_whatsapp_bot\.venv\Lib\site-packages\django\templ
ate\base.py", line 982, in _resolve_lookup
    current = current[int(bit)]
                      ~~~^^^^^
ValueError: invalid literal for int() with base 10: 'nombre'

During handling of the above exception, another exception occurred:

Traceback (most recent call last):
  File "D:\DESARROLLO_IA\Proyecto_taxi_carga\Taxi_carga_bot\taxicarga_whatsapp_bot\.venv\Lib\site-packages\django\templ
ate\base.py", line 989, in _resolve_lookup
    raise VariableDoesNotExist(
    ^^^^^^^^^^^^^^^^^^^^^^^^^^^
    ...<2 lines>...
    )  # missing attribute
    ^
django.template.base.VariableDoesNotExist: Failed lookup for key [nombre] in None
.[DEBUG] 2026-08-13 21:16:08,771 base Exception while resolving variable 'nombre' in template 'campo/pizarra.html'.
Traceback (most recent call last):
  File "D:\DESARROLLO_IA\Proyecto_taxi_carga\Taxi_carga_bot\taxicarga_whatsapp_bot\.venv\Lib\site-packages\django\templ
ate\base.py", line 964, in _resolve_lookup
    raise TypeError
TypeError

During handling of the above exception, another exception occurred:

Traceback (most recent call last):
  File "D:\DESARROLLO_IA\Proyecto_taxi_carga\Taxi_carga_bot\taxicarga_whatsapp_bot\.venv\Lib\site-packages\django\templ
ate\base.py", line 976, in _resolve_lookup
    current = getattr(current, bit)
AttributeError: 'NoneType' object has no attribute 'nombre'

During handling of the above exception, another exception occurred:

Traceback (most recent call last):
  File "D:\DESARROLLO_IA\Proyecto_taxi_carga\Taxi_carga_bot\taxicarga_whatsapp_bot\.venv\Lib\site-packages\django\templ
ate\base.py", line 982, in _resolve_lookup
    current = current[int(bit)]
                      ~~~^^^^^
ValueError: invalid literal for int() with base 10: 'nombre'

During handling of the above exception, another exception occurred:

Traceback (most recent call last):
  File "D:\DESARROLLO_IA\Proyecto_taxi_carga\Taxi_carga_bot\taxicarga_whatsapp_bot\.venv\Lib\site-packages\django\templ
ate\base.py", line 989, in _resolve_lookup
    raise VariableDoesNotExist(
    ^^^^^^^^^^^^^^^^^^^^^^^^^^^
    ...<2 lines>...
    )  # missing attribute
    ^
django.template.base.VariableDoesNotExist: Failed lookup for key [nombre] in None
[DEBUG] 2026-08-13 21:16:08,771 base Exception while resolving variable 'nombre' in template 'campo/pizarra.html'.
Traceback (most recent call last):
  File "D:\DESARROLLO_IA\Proyecto_taxi_carga\Taxi_carga_bot\taxicarga_whatsapp_bot\.venv\Lib\site-packages\django\templ
ate\base.py", line 964, in _resolve_lookup
    raise TypeError
TypeError

During handling of the above exception, another exception occurred:

Traceback (most recent call last):
  File "D:\DESARROLLO_IA\Proyecto_taxi_carga\Taxi_carga_bot\taxicarga_whatsapp_bot\.venv\Lib\site-packages\django\templ
ate\base.py", line 976, in _resolve_lookup
    current = getattr(current, bit)
AttributeError: 'NoneType' object has no attribute 'nombre'

During handling of the above exception, another exception occurred:

Traceback (most recent call last):
  File "D:\DESARROLLO_IA\Proyecto_taxi_carga\Taxi_carga_bot\taxicarga_whatsapp_bot\.venv\Lib\site-packages\django\templ
ate\base.py", line 982, in _resolve_lookup
    current = current[int(bit)]
                      ~~~^^^^^
ValueError: invalid literal for int() with base 10: 'nombre'

During handling of the above exception, another exception occurred:

Traceback (most recent call last):
  File "D:\DESARROLLO_IA\Proyecto_taxi_carga\Taxi_carga_bot\taxicarga_whatsapp_bot\.venv\Lib\site-packages\django\templ
ate\base.py", line 989, in _resolve_lookup
    raise VariableDoesNotExist(
    ^^^^^^^^^^^^^^^^^^^^^^^^^^^
    ...<2 lines>...
    )  # missing attribute
    ^
django.template.base.VariableDoesNotExist: Failed lookup for key [nombre] in None
[DEBUG] 2026-08-13 21:16:08,772 base Exception while resolving variable 'nombre' in template 'campo/pizarra.html'.
Traceback (most recent call last):
  File "D:\DESARROLLO_IA\Proyecto_taxi_carga\Taxi_carga_bot\taxicarga_whatsapp_bot\.venv\Lib\site-packages\django\templ
ate\base.py", line 964, in _resolve_lookup
    raise TypeError
TypeError

During handling of the above exception, another exception occurred:

Traceback (most recent call last):
  File "D:\DESARROLLO_IA\Proyecto_taxi_carga\Taxi_carga_bot\taxicarga_whatsapp_bot\.venv\Lib\site-packages\django\templ
ate\base.py", line 976, in _resolve_lookup
    current = getattr(current, bit)
AttributeError: 'NoneType' object has no attribute 'nombre'

During handling of the above exception, another exception occurred:

Traceback (most recent call last):
  File "D:\DESARROLLO_IA\Proyecto_taxi_carga\Taxi_carga_bot\taxicarga_whatsapp_bot\.venv\Lib\site-packages\django\templ
ate\base.py", line 982, in _resolve_lookup
    current = current[int(bit)]
                      ~~~^^^^^
ValueError: invalid literal for int() with base 10: 'nombre'

During handling of the above exception, another exception occurred:

Traceback (most recent call last):
  File "D:\DESARROLLO_IA\Proyecto_taxi_carga\Taxi_carga_bot\taxicarga_whatsapp_bot\.venv\Lib\site-packages\django\templ
ate\base.py", line 989, in _resolve_lookup
    raise VariableDoesNotExist(
    ^^^^^^^^^^^^^^^^^^^^^^^^^^^
    ...<2 lines>...
    )  # missing attribute
    ^
django.template.base.VariableDoesNotExist: Failed lookup for key [nombre] in None
[DEBUG] 2026-08-13 21:16:08,773 base Exception while resolving variable 'nombre' in template 'campo/pizarra.html'.
Traceback (most recent call last):
  File "D:\DESARROLLO_IA\Proyecto_taxi_carga\Taxi_carga_bot\taxicarga_whatsapp_bot\.venv\Lib\site-packages\django\templ
ate\base.py", line 964, in _resolve_lookup
    raise TypeError
TypeError

During handling of the above exception, another exception occurred:

Traceback (most recent call last):
  File "D:\DESARROLLO_IA\Proyecto_taxi_carga\Taxi_carga_bot\taxicarga_whatsapp_bot\.venv\Lib\site-packages\django\templ
ate\base.py", line 976, in _resolve_lookup
    current = getattr(current, bit)
AttributeError: 'NoneType' object has no attribute 'nombre'

During handling of the above exception, another exception occurred:

Traceback (most recent call last):
  File "D:\DESARROLLO_IA\Proyecto_taxi_carga\Taxi_carga_bot\taxicarga_whatsapp_bot\.venv\Lib\site-packages\django\templ
ate\base.py", line 982, in _resolve_lookup
    current = current[int(bit)]
                      ~~~^^^^^
ValueError: invalid literal for int() with base 10: 'nombre'

During handling of the above exception, another exception occurred:

Traceback (most recent call last):
  File "D:\DESARROLLO_IA\Proyecto_taxi_carga\Taxi_carga_bot\taxicarga_whatsapp_bot\.venv\Lib\site-packages\django\templ
ate\base.py", line 989, in _resolve_lookup
    raise VariableDoesNotExist(
    ^^^^^^^^^^^^^^^^^^^^^^^^^^^
    ...<2 lines>...
    )  # missing attribute
    ^
django.template.base.VariableDoesNotExist: Failed lookup for key [nombre] in None
[DEBUG] 2026-08-13 21:16:08,774 base Exception while resolving variable 'nombre' in template 'campo/pizarra.html'.
Traceback (most recent call last):
  File "D:\DESARROLLO_IA\Proyecto_taxi_carga\Taxi_carga_bot\taxicarga_whatsapp_bot\.venv\Lib\site-packages\django\templ
ate\base.py", line 964, in _resolve_lookup
    raise TypeError
TypeError

During handling of the above exception, another exception occurred:

Traceback (most recent call last):
  File "D:\DESARROLLO_IA\Proyecto_taxi_carga\Taxi_carga_bot\taxicarga_whatsapp_bot\.venv\Lib\site-packages\django\templ
ate\base.py", line 976, in _resolve_lookup
    current = getattr(current, bit)
AttributeError: 'NoneType' object has no attribute 'nombre'

During handling of the above exception, another exception occurred:

Traceback (most recent call last):
  File "D:\DESARROLLO_IA\Proyecto_taxi_carga\Taxi_carga_bot\taxicarga_whatsapp_bot\.venv\Lib\site-packages\django\templ
ate\base.py", line 982, in _resolve_lookup
    current = current[int(bit)]
                      ~~~^^^^^
ValueError: invalid literal for int() with base 10: 'nombre'

During handling of the above exception, another exception occurred:

Traceback (most recent call last):
  File "D:\DESARROLLO_IA\Proyecto_taxi_carga\Taxi_carga_bot\taxicarga_whatsapp_bot\.venv\Lib\site-packages\django\templ
ate\base.py", line 989, in _resolve_lookup
    raise VariableDoesNotExist(
    ^^^^^^^^^^^^^^^^^^^^^^^^^^^
    ...<2 lines>...
    )  # missing attribute
    ^
django.template.base.VariableDoesNotExist: Failed lookup for key [nombre] in None
.[DEBUG] 2026-08-13 21:16:11,843 base Exception while resolving variable 'nombre' in template 'campo/pizarra.html'.
Traceback (most recent call last):
  File "D:\DESARROLLO_IA\Proyecto_taxi_carga\Taxi_carga_bot\taxicarga_whatsapp_bot\.venv\Lib\site-packages\django\templ
ate\base.py", line 964, in _resolve_lookup
    raise TypeError
TypeError

During handling of the above exception, another exception occurred:

Traceback (most recent call last):
  File "D:\DESARROLLO_IA\Proyecto_taxi_carga\Taxi_carga_bot\taxicarga_whatsapp_bot\.venv\Lib\site-packages\django\templ
ate\base.py", line 976, in _resolve_lookup
    current = getattr(current, bit)
AttributeError: 'NoneType' object has no attribute 'nombre'

During handling of the above exception, another exception occurred:

Traceback (most recent call last):
  File "D:\DESARROLLO_IA\Proyecto_taxi_carga\Taxi_carga_bot\taxicarga_whatsapp_bot\.venv\Lib\site-packages\django\templ
ate\base.py", line 982, in _resolve_lookup
    current = current[int(bit)]
                      ~~~^^^^^
ValueError: invalid literal for int() with base 10: 'nombre'

During handling of the above exception, another exception occurred:

Traceback (most recent call last):
  File "D:\DESARROLLO_IA\Proyecto_taxi_carga\Taxi_carga_bot\taxicarga_whatsapp_bot\.venv\Lib\site-packages\django\templ
ate\base.py", line 989, in _resolve_lookup
    raise VariableDoesNotExist(
    ^^^^^^^^^^^^^^^^^^^^^^^^^^^
    ...<2 lines>...
    )  # missing attribute
    ^
django.template.base.VariableDoesNotExist: Failed lookup for key [nombre] in None
[DEBUG] 2026-08-13 21:16:11,844 base Exception while resolving variable 'nombre' in template 'campo/pizarra.html'.
Traceback (most recent call last):
  File "D:\DESARROLLO_IA\Proyecto_taxi_carga\Taxi_carga_bot\taxicarga_whatsapp_bot\.venv\Lib\site-packages\django\templ
ate\base.py", line 964, in _resolve_lookup
    raise TypeError
TypeError

During handling of the above exception, another exception occurred:

Traceback (most recent call last):
  File "D:\DESARROLLO_IA\Proyecto_taxi_carga\Taxi_carga_bot\taxicarga_whatsapp_bot\.venv\Lib\site-packages\django\templ
ate\base.py", line 976, in _resolve_lookup
    current = getattr(current, bit)
AttributeError: 'NoneType' object has no attribute 'nombre'

During handling of the above exception, another exception occurred:

Traceback (most recent call last):
  File "D:\DESARROLLO_IA\Proyecto_taxi_carga\Taxi_carga_bot\taxicarga_whatsapp_bot\.venv\Lib\site-packages\django\templ
ate\base.py", line 982, in _resolve_lookup
    current = current[int(bit)]
                      ~~~^^^^^
ValueError: invalid literal for int() with base 10: 'nombre'

During handling of the above exception, another exception occurred:

Traceback (most recent call last):
  File "D:\DESARROLLO_IA\Proyecto_taxi_carga\Taxi_carga_bot\taxicarga_whatsapp_bot\.venv\Lib\site-packages\django\templ
ate\base.py", line 989, in _resolve_lookup
    raise VariableDoesNotExist(
    ^^^^^^^^^^^^^^^^^^^^^^^^^^^
    ...<2 lines>...
    )  # missing attribute
    ^
django.template.base.VariableDoesNotExist: Failed lookup for key [nombre] in None
[DEBUG] 2026-08-13 21:16:11,845 base Exception while resolving variable 'nombre' in template 'campo/pizarra.html'.
Traceback (most recent call last):
  File "D:\DESARROLLO_IA\Proyecto_taxi_carga\Taxi_carga_bot\taxicarga_whatsapp_bot\.venv\Lib\site-packages\django\templ
ate\base.py", line 964, in _resolve_lookup
    raise TypeError
TypeError

During handling of the above exception, another exception occurred:

Traceback (most recent call last):
  File "D:\DESARROLLO_IA\Proyecto_taxi_carga\Taxi_carga_bot\taxicarga_whatsapp_bot\.venv\Lib\site-packages\django\templ
ate\base.py", line 976, in _resolve_lookup
    current = getattr(current, bit)
AttributeError: 'NoneType' object has no attribute 'nombre'

During handling of the above exception, another exception occurred:

Traceback (most recent call last):
  File "D:\DESARROLLO_IA\Proyecto_taxi_carga\Taxi_carga_bot\taxicarga_whatsapp_bot\.venv\Lib\site-packages\django\templ
ate\base.py", line 982, in _resolve_lookup
    current = current[int(bit)]
                      ~~~^^^^^
ValueError: invalid literal for int() with base 10: 'nombre'

During handling of the above exception, another exception occurred:

Traceback (most recent call last):
  File "D:\DESARROLLO_IA\Proyecto_taxi_carga\Taxi_carga_bot\taxicarga_whatsapp_bot\.venv\Lib\site-packages\django\templ
ate\base.py", line 989, in _resolve_lookup
    raise VariableDoesNotExist(
    ^^^^^^^^^^^^^^^^^^^^^^^^^^^
    ...<2 lines>...
    )  # missing attribute
    ^
django.template.base.VariableDoesNotExist: Failed lookup for key [nombre] in None
[DEBUG] 2026-08-13 21:16:11,846 base Exception while resolving variable 'nombre' in template 'campo/pizarra.html'.
Traceback (most recent call last):
  File "D:\DESARROLLO_IA\Proyecto_taxi_carga\Taxi_carga_bot\taxicarga_whatsapp_bot\.venv\Lib\site-packages\django\templ
ate\base.py", line 964, in _resolve_lookup
    raise TypeError
TypeError

During handling of the above exception, another exception occurred:

Traceback (most recent call last):
  File "D:\DESARROLLO_IA\Proyecto_taxi_carga\Taxi_carga_bot\taxicarga_whatsapp_bot\.venv\Lib\site-packages\django\templ
ate\base.py", line 976, in _resolve_lookup
    current = getattr(current, bit)
AttributeError: 'NoneType' object has no attribute 'nombre'

During handling of the above exception, another exception occurred:

Traceback (most recent call last):
  File "D:\DESARROLLO_IA\Proyecto_taxi_carga\Taxi_carga_bot\taxicarga_whatsapp_bot\.venv\Lib\site-packages\django\templ
ate\base.py", line 982, in _resolve_lookup
    current = current[int(bit)]
                      ~~~^^^^^
ValueError: invalid literal for int() with base 10: 'nombre'

During handling of the above exception, another exception occurred:

Traceback (most recent call last):
  File "D:\DESARROLLO_IA\Proyecto_taxi_carga\Taxi_carga_bot\taxicarga_whatsapp_bot\.venv\Lib\site-packages\django\templ
ate\base.py", line 989, in _resolve_lookup
    raise VariableDoesNotExist(
    ^^^^^^^^^^^^^^^^^^^^^^^^^^^
    ...<2 lines>...
    )  # missing attribute
    ^
django.template.base.VariableDoesNotExist: Failed lookup for key [nombre] in None
[DEBUG] 2026-08-13 21:16:11,847 base Exception while resolving variable 'nombre' in template 'campo/pizarra.html'.
Traceback (most recent call last):
  File "D:\DESARROLLO_IA\Proyecto_taxi_carga\Taxi_carga_bot\taxicarga_whatsapp_bot\.venv\Lib\site-packages\django\templ
ate\base.py", line 964, in _resolve_lookup
    raise TypeError
TypeError

During handling of the above exception, another exception occurred:

Traceback (most recent call last):
  File "D:\DESARROLLO_IA\Proyecto_taxi_carga\Taxi_carga_bot\taxicarga_whatsapp_bot\.venv\Lib\site-packages\django\templ
ate\base.py", line 976, in _resolve_lookup
    current = getattr(current, bit)
AttributeError: 'NoneType' object has no attribute 'nombre'

During handling of the above exception, another exception occurred:

Traceback (most recent call last):
  File "D:\DESARROLLO_IA\Proyecto_taxi_carga\Taxi_carga_bot\taxicarga_whatsapp_bot\.venv\Lib\site-packages\django\templ
ate\base.py", line 982, in _resolve_lookup
    current = current[int(bit)]
                      ~~~^^^^^
ValueError: invalid literal for int() with base 10: 'nombre'

During handling of the above exception, another exception occurred:

Traceback (most recent call last):
  File "D:\DESARROLLO_IA\Proyecto_taxi_carga\Taxi_carga_bot\taxicarga_whatsapp_bot\.venv\Lib\site-packages\django\templ
ate\base.py", line 989, in _resolve_lookup
    raise VariableDoesNotExist(
    ^^^^^^^^^^^^^^^^^^^^^^^^^^^
    ...<2 lines>...
    )  # missing attribute
    ^
django.template.base.VariableDoesNotExist: Failed lookup for key [nombre] in None
.[DEBUG] 2026-08-13 21:16:14,806 base Exception while resolving variable 'nombre' in template 'campo/pizarra.html'.
Traceback (most recent call last):
  File "D:\DESARROLLO_IA\Proyecto_taxi_carga\Taxi_carga_bot\taxicarga_whatsapp_bot\.venv\Lib\site-packages\django\templ
ate\base.py", line 964, in _resolve_lookup
    raise TypeError
TypeError

During handling of the above exception, another exception occurred:

Traceback (most recent call last):
  File "D:\DESARROLLO_IA\Proyecto_taxi_carga\Taxi_carga_bot\taxicarga_whatsapp_bot\.venv\Lib\site-packages\django\templ
ate\base.py", line 976, in _resolve_lookup
    current = getattr(current, bit)
AttributeError: 'NoneType' object has no attribute 'nombre'

During handling of the above exception, another exception occurred:

Traceback (most recent call last):
  File "D:\DESARROLLO_IA\Proyecto_taxi_carga\Taxi_carga_bot\taxicarga_whatsapp_bot\.venv\Lib\site-packages\django\templ
ate\base.py", line 982, in _resolve_lookup
    current = current[int(bit)]
                      ~~~^^^^^
ValueError: invalid literal for int() with base 10: 'nombre'

During handling of the above exception, another exception occurred:

Traceback (most recent call last):
  File "D:\DESARROLLO_IA\Proyecto_taxi_carga\Taxi_carga_bot\taxicarga_whatsapp_bot\.venv\Lib\site-packages\django\templ
ate\base.py", line 989, in _resolve_lookup
    raise VariableDoesNotExist(
    ^^^^^^^^^^^^^^^^^^^^^^^^^^^
    ...<2 lines>...
    )  # missing attribute
    ^
django.template.base.VariableDoesNotExist: Failed lookup for key [nombre] in None
[DEBUG] 2026-08-13 21:16:14,807 base Exception while resolving variable 'nombre' in template 'campo/pizarra.html'.
Traceback (most recent call last):
  File "D:\DESARROLLO_IA\Proyecto_taxi_carga\Taxi_carga_bot\taxicarga_whatsapp_bot\.venv\Lib\site-packages\django\templ
ate\base.py", line 964, in _resolve_lookup
    raise TypeError
TypeError

During handling of the above exception, another exception occurred:

Traceback (most recent call last):
  File "D:\DESARROLLO_IA\Proyecto_taxi_carga\Taxi_carga_bot\taxicarga_whatsapp_bot\.venv\Lib\site-packages\django\templ
ate\base.py", line 976, in _resolve_lookup
    current = getattr(current, bit)
AttributeError: 'NoneType' object has no attribute 'nombre'

During handling of the above exception, another exception occurred:

Traceback (most recent call last):
  File "D:\DESARROLLO_IA\Proyecto_taxi_carga\Taxi_carga_bot\taxicarga_whatsapp_bot\.venv\Lib\site-packages\django\templ
ate\base.py", line 982, in _resolve_lookup
    current = current[int(bit)]
                      ~~~^^^^^
ValueError: invalid literal for int() with base 10: 'nombre'

During handling of the above exception, another exception occurred:

Traceback (most recent call last):
  File "D:\DESARROLLO_IA\Proyecto_taxi_carga\Taxi_carga_bot\taxicarga_whatsapp_bot\.venv\Lib\site-packages\django\templ
ate\base.py", line 989, in _resolve_lookup
    raise VariableDoesNotExist(
    ^^^^^^^^^^^^^^^^^^^^^^^^^^^
    ...<2 lines>...
    )  # missing attribute
    ^
django.template.base.VariableDoesNotExist: Failed lookup for key [nombre] in None
[DEBUG] 2026-08-13 21:16:14,808 base Exception while resolving variable 'nombre' in template 'campo/pizarra.html'.
Traceback (most recent call last):
  File "D:\DESARROLLO_IA\Proyecto_taxi_carga\Taxi_carga_bot\taxicarga_whatsapp_bot\.venv\Lib\site-packages\django\templ
ate\base.py", line 964, in _resolve_lookup
    raise TypeError
TypeError

During handling of the above exception, another exception occurred:

Traceback (most recent call last):
  File "D:\DESARROLLO_IA\Proyecto_taxi_carga\Taxi_carga_bot\taxicarga_whatsapp_bot\.venv\Lib\site-packages\django\templ
ate\base.py", line 976, in _resolve_lookup
    current = getattr(current, bit)
AttributeError: 'NoneType' object has no attribute 'nombre'

During handling of the above exception, another exception occurred:

Traceback (most recent call last):
  File "D:\DESARROLLO_IA\Proyecto_taxi_carga\Taxi_carga_bot\taxicarga_whatsapp_bot\.venv\Lib\site-packages\django\templ
ate\base.py", line 982, in _resolve_lookup
    current = current[int(bit)]
                      ~~~^^^^^
ValueError: invalid literal for int() with base 10: 'nombre'

During handling of the above exception, another exception occurred:

Traceback (most recent call last):
  File "D:\DESARROLLO_IA\Proyecto_taxi_carga\Taxi_carga_bot\taxicarga_whatsapp_bot\.venv\Lib\site-packages\django\templ
ate\base.py", line 989, in _resolve_lookup
    raise VariableDoesNotExist(
    ^^^^^^^^^^^^^^^^^^^^^^^^^^^
    ...<2 lines>...
    )  # missing attribute
    ^
django.template.base.VariableDoesNotExist: Failed lookup for key [nombre] in None
[DEBUG] 2026-08-13 21:16:14,809 base Exception while resolving variable 'nombre' in template 'campo/pizarra.html'.
Traceback (most recent call last):
  File "D:\DESARROLLO_IA\Proyecto_taxi_carga\Taxi_carga_bot\taxicarga_whatsapp_bot\.venv\Lib\site-packages\django\templ
ate\base.py", line 964, in _resolve_lookup
    raise TypeError
TypeError

During handling of the above exception, another exception occurred:

Traceback (most recent call last):
  File "D:\DESARROLLO_IA\Proyecto_taxi_carga\Taxi_carga_bot\taxicarga_whatsapp_bot\.venv\Lib\site-packages\django\templ
ate\base.py", line 976, in _resolve_lookup
    current = getattr(current, bit)
AttributeError: 'NoneType' object has no attribute 'nombre'

During handling of the above exception, another exception occurred:

Traceback (most recent call last):
  File "D:\DESARROLLO_IA\Proyecto_taxi_carga\Taxi_carga_bot\taxicarga_whatsapp_bot\.venv\Lib\site-packages\django\templ
ate\base.py", line 982, in _resolve_lookup
    current = current[int(bit)]
                      ~~~^^^^^
ValueError: invalid literal for int() with base 10: 'nombre'

During handling of the above exception, another exception occurred:

Traceback (most recent call last):
  File "D:\DESARROLLO_IA\Proyecto_taxi_carga\Taxi_carga_bot\taxicarga_whatsapp_bot\.venv\Lib\site-packages\django\templ
ate\base.py", line 989, in _resolve_lookup
    raise VariableDoesNotExist(
    ^^^^^^^^^^^^^^^^^^^^^^^^^^^
    ...<2 lines>...
    )  # missing attribute
    ^
django.template.base.VariableDoesNotExist: Failed lookup for key [nombre] in None
[DEBUG] 2026-08-13 21:16:14,810 base Exception while resolving variable 'nombre' in template 'campo/pizarra.html'.
Traceback (most recent call last):
  File "D:\DESARROLLO_IA\Proyecto_taxi_carga\Taxi_carga_bot\taxicarga_whatsapp_bot\.venv\Lib\site-packages\django\templ
ate\base.py", line 964, in _resolve_lookup
    raise TypeError
TypeError

During handling of the above exception, another exception occurred:

Traceback (most recent call last):
  File "D:\DESARROLLO_IA\Proyecto_taxi_carga\Taxi_carga_bot\taxicarga_whatsapp_bot\.venv\Lib\site-packages\django\templ
ate\base.py", line 976, in _resolve_lookup
    current = getattr(current, bit)
AttributeError: 'NoneType' object has no attribute 'nombre'

During handling of the above exception, another exception occurred:

Traceback (most recent call last):
  File "D:\DESARROLLO_IA\Proyecto_taxi_carga\Taxi_carga_bot\taxicarga_whatsapp_bot\.venv\Lib\site-packages\django\templ
ate\base.py", line 982, in _resolve_lookup
    current = current[int(bit)]
                      ~~~^^^^^
ValueError: invalid literal for int() with base 10: 'nombre'

During handling of the above exception, another exception occurred:

Traceback (most recent call last):
  File "D:\DESARROLLO_IA\Proyecto_taxi_carga\Taxi_carga_bot\taxicarga_whatsapp_bot\.venv\Lib\site-packages\django\templ
ate\base.py", line 989, in _resolve_lookup
    raise VariableDoesNotExist(
    ^^^^^^^^^^^^^^^^^^^^^^^^^^^
    ...<2 lines>...
    )  # missing attribute
    ^
django.template.base.VariableDoesNotExist: Failed lookup for key [nombre] in None
.[DEBUG] 2026-08-13 21:16:17,955 base Exception while resolving variable 'nombre' in template 'campo/pizarra.html'.
Traceback (most recent call last):
  File "D:\DESARROLLO_IA\Proyecto_taxi_carga\Taxi_carga_bot\taxicarga_whatsapp_bot\.venv\Lib\site-packages\django\templ
ate\base.py", line 964, in _resolve_lookup
    raise TypeError
TypeError

During handling of the above exception, another exception occurred:

Traceback (most recent call last):
  File "D:\DESARROLLO_IA\Proyecto_taxi_carga\Taxi_carga_bot\taxicarga_whatsapp_bot\.venv\Lib\site-packages\django\templ
ate\base.py", line 976, in _resolve_lookup
    current = getattr(current, bit)
AttributeError: 'NoneType' object has no attribute 'nombre'

During handling of the above exception, another exception occurred:

Traceback (most recent call last):
  File "D:\DESARROLLO_IA\Proyecto_taxi_carga\Taxi_carga_bot\taxicarga_whatsapp_bot\.venv\Lib\site-packages\django\templ
ate\base.py", line 982, in _resolve_lookup
    current = current[int(bit)]
                      ~~~^^^^^
ValueError: invalid literal for int() with base 10: 'nombre'

During handling of the above exception, another exception occurred:

Traceback (most recent call last):
  File "D:\DESARROLLO_IA\Proyecto_taxi_carga\Taxi_carga_bot\taxicarga_whatsapp_bot\.venv\Lib\site-packages\django\templ
ate\base.py", line 989, in _resolve_lookup
    raise VariableDoesNotExist(
    ^^^^^^^^^^^^^^^^^^^^^^^^^^^
    ...<2 lines>...
    )  # missing attribute
    ^
django.template.base.VariableDoesNotExist: Failed lookup for key [nombre] in None
[DEBUG] 2026-08-13 21:16:17,956 base Exception while resolving variable 'nombre' in template 'campo/pizarra.html'.
Traceback (most recent call last):
  File "D:\DESARROLLO_IA\Proyecto_taxi_carga\Taxi_carga_bot\taxicarga_whatsapp_bot\.venv\Lib\site-packages\django\templ
ate\base.py", line 964, in _resolve_lookup
    raise TypeError
TypeError

During handling of the above exception, another exception occurred:

Traceback (most recent call last):
  File "D:\DESARROLLO_IA\Proyecto_taxi_carga\Taxi_carga_bot\taxicarga_whatsapp_bot\.venv\Lib\site-packages\django\templ
ate\base.py", line 976, in _resolve_lookup
    current = getattr(current, bit)
AttributeError: 'NoneType' object has no attribute 'nombre'

During handling of the above exception, another exception occurred:

Traceback (most recent call last):
  File "D:\DESARROLLO_IA\Proyecto_taxi_carga\Taxi_carga_bot\taxicarga_whatsapp_bot\.venv\Lib\site-packages\django\templ
ate\base.py", line 982, in _resolve_lookup
    current = current[int(bit)]
                      ~~~^^^^^
ValueError: invalid literal for int() with base 10: 'nombre'

During handling of the above exception, another exception occurred:

Traceback (most recent call last):
  File "D:\DESARROLLO_IA\Proyecto_taxi_carga\Taxi_carga_bot\taxicarga_whatsapp_bot\.venv\Lib\site-packages\django\templ
ate\base.py", line 989, in _resolve_lookup
    raise VariableDoesNotExist(
    ^^^^^^^^^^^^^^^^^^^^^^^^^^^
    ...<2 lines>...
    )  # missing attribute
    ^
django.template.base.VariableDoesNotExist: Failed lookup for key [nombre] in None
[DEBUG] 2026-08-13 21:16:17,957 base Exception while resolving variable 'nombre' in template 'campo/pizarra.html'.
Traceback (most recent call last):
  File "D:\DESARROLLO_IA\Proyecto_taxi_carga\Taxi_carga_bot\taxicarga_whatsapp_bot\.venv\Lib\site-packages\django\templ
ate\base.py", line 964, in _resolve_lookup
    raise TypeError
TypeError

During handling of the above exception, another exception occurred:

Traceback (most recent call last):
  File "D:\DESARROLLO_IA\Proyecto_taxi_carga\Taxi_carga_bot\taxicarga_whatsapp_bot\.venv\Lib\site-packages\django\templ
ate\base.py", line 976, in _resolve_lookup
    current = getattr(current, bit)
AttributeError: 'NoneType' object has no attribute 'nombre'

During handling of the above exception, another exception occurred:

Traceback (most recent call last):
  File "D:\DESARROLLO_IA\Proyecto_taxi_carga\Taxi_carga_bot\taxicarga_whatsapp_bot\.venv\Lib\site-packages\django\templ
ate\base.py", line 982, in _resolve_lookup
    current = current[int(bit)]
                      ~~~^^^^^
ValueError: invalid literal for int() with base 10: 'nombre'

During handling of the above exception, another exception occurred:

Traceback (most recent call last):
  File "D:\DESARROLLO_IA\Proyecto_taxi_carga\Taxi_carga_bot\taxicarga_whatsapp_bot\.venv\Lib\site-packages\django\templ
ate\base.py", line 989, in _resolve_lookup
    raise VariableDoesNotExist(
    ^^^^^^^^^^^^^^^^^^^^^^^^^^^
    ...<2 lines>...
    )  # missing attribute
    ^
django.template.base.VariableDoesNotExist: Failed lookup for key [nombre] in None
[DEBUG] 2026-08-13 21:16:17,958 base Exception while resolving variable 'nombre' in template 'campo/pizarra.html'.
Traceback (most recent call last):
  File "D:\DESARROLLO_IA\Proyecto_taxi_carga\Taxi_carga_bot\taxicarga_whatsapp_bot\.venv\Lib\site-packages\django\templ
ate\base.py", line 964, in _resolve_lookup
    raise TypeError
TypeError

During handling of the above exception, another exception occurred:

Traceback (most recent call last):
  File "D:\DESARROLLO_IA\Proyecto_taxi_carga\Taxi_carga_bot\taxicarga_whatsapp_bot\.venv\Lib\site-packages\django\templ
ate\base.py", line 976, in _resolve_lookup
    current = getattr(current, bit)
AttributeError: 'NoneType' object has no attribute 'nombre'

During handling of the above exception, another exception occurred:

Traceback (most recent call last):
  File "D:\DESARROLLO_IA\Proyecto_taxi_carga\Taxi_carga_bot\taxicarga_whatsapp_bot\.venv\Lib\site-packages\django\templ
ate\base.py", line 982, in _resolve_lookup
    current = current[int(bit)]
                      ~~~^^^^^
ValueError: invalid literal for int() with base 10: 'nombre'

During handling of the above exception, another exception occurred:

Traceback (most recent call last):
  File "D:\DESARROLLO_IA\Proyecto_taxi_carga\Taxi_carga_bot\taxicarga_whatsapp_bot\.venv\Lib\site-packages\django\templ
ate\base.py", line 989, in _resolve_lookup
    raise VariableDoesNotExist(
    ^^^^^^^^^^^^^^^^^^^^^^^^^^^
    ...<2 lines>...
    )  # missing attribute
    ^
django.template.base.VariableDoesNotExist: Failed lookup for key [nombre] in None
[DEBUG] 2026-08-13 21:16:17,959 base Exception while resolving variable 'nombre' in template 'campo/pizarra.html'.
Traceback (most recent call last):
  File "D:\DESARROLLO_IA\Proyecto_taxi_carga\Taxi_carga_bot\taxicarga_whatsapp_bot\.venv\Lib\site-packages\django\templ
ate\base.py", line 964, in _resolve_lookup
    raise TypeError
TypeError

During handling of the above exception, another exception occurred:

Traceback (most recent call last):
  File "D:\DESARROLLO_IA\Proyecto_taxi_carga\Taxi_carga_bot\taxicarga_whatsapp_bot\.venv\Lib\site-packages\django\templ
ate\base.py", line 976, in _resolve_lookup
    current = getattr(current, bit)
AttributeError: 'NoneType' object has no attribute 'nombre'

During handling of the above exception, another exception occurred:

Traceback (most recent call last):
  File "D:\DESARROLLO_IA\Proyecto_taxi_carga\Taxi_carga_bot\taxicarga_whatsapp_bot\.venv\Lib\site-packages\django\templ
ate\base.py", line 982, in _resolve_lookup
    current = current[int(bit)]
                      ~~~^^^^^
ValueError: invalid literal for int() with base 10: 'nombre'

During handling of the above exception, another exception occurred:

Traceback (most recent call last):
  File "D:\DESARROLLO_IA\Proyecto_taxi_carga\Taxi_carga_bot\taxicarga_whatsapp_bot\.venv\Lib\site-packages\django\templ
ate\base.py", line 989, in _resolve_lookup
    raise VariableDoesNotExist(
    ^^^^^^^^^^^^^^^^^^^^^^^^^^^
    ...<2 lines>...
    )  # missing attribute
    ^
django.template.base.VariableDoesNotExist: Failed lookup for key [nombre] in None
....[DEBUG] 2026-08-13 21:16:30,037 base Exception while resolving variable 'nombre' in template 'campo/pizarra.html'.
Traceback (most recent call last):
  File "D:\DESARROLLO_IA\Proyecto_taxi_carga\Taxi_carga_bot\taxicarga_whatsapp_bot\.venv\Lib\site-packages\django\templ
ate\base.py", line 964, in _resolve_lookup
    raise TypeError
TypeError

During handling of the above exception, another exception occurred:

Traceback (most recent call last):
  File "D:\DESARROLLO_IA\Proyecto_taxi_carga\Taxi_carga_bot\taxicarga_whatsapp_bot\.venv\Lib\site-packages\django\templ
ate\base.py", line 976, in _resolve_lookup
    current = getattr(current, bit)
AttributeError: 'NoneType' object has no attribute 'nombre'

During handling of the above exception, another exception occurred:

Traceback (most recent call last):
  File "D:\DESARROLLO_IA\Proyecto_taxi_carga\Taxi_carga_bot\taxicarga_whatsapp_bot\.venv\Lib\site-packages\django\templ
ate\base.py", line 982, in _resolve_lookup
    current = current[int(bit)]
                      ~~~^^^^^
ValueError: invalid literal for int() with base 10: 'nombre'

During handling of the above exception, another exception occurred:

Traceback (most recent call last):
  File "D:\DESARROLLO_IA\Proyecto_taxi_carga\Taxi_carga_bot\taxicarga_whatsapp_bot\.venv\Lib\site-packages\django\templ
ate\base.py", line 989, in _resolve_lookup
    raise VariableDoesNotExist(
    ^^^^^^^^^^^^^^^^^^^^^^^^^^^
    ...<2 lines>...
    )  # missing attribute
    ^
django.template.base.VariableDoesNotExist: Failed lookup for key [nombre] in None
.[DEBUG] 2026-08-13 21:16:31,125 base Exception while resolving variable 'nombre' in template 'campo/pizarra.html'.
Traceback (most recent call last):
  File "D:\DESARROLLO_IA\Proyecto_taxi_carga\Taxi_carga_bot\taxicarga_whatsapp_bot\.venv\Lib\site-packages\django\templ
ate\base.py", line 964, in _resolve_lookup
    raise TypeError
TypeError

During handling of the above exception, another exception occurred:

Traceback (most recent call last):
  File "D:\DESARROLLO_IA\Proyecto_taxi_carga\Taxi_carga_bot\taxicarga_whatsapp_bot\.venv\Lib\site-packages\django\templ
ate\base.py", line 976, in _resolve_lookup
    current = getattr(current, bit)
AttributeError: 'NoneType' object has no attribute 'nombre'

During handling of the above exception, another exception occurred:

Traceback (most recent call last):
  File "D:\DESARROLLO_IA\Proyecto_taxi_carga\Taxi_carga_bot\taxicarga_whatsapp_bot\.venv\Lib\site-packages\django\templ
ate\base.py", line 982, in _resolve_lookup
    current = current[int(bit)]
                      ~~~^^^^^
ValueError: invalid literal for int() with base 10: 'nombre'

During handling of the above exception, another exception occurred:

Traceback (most recent call last):
  File "D:\DESARROLLO_IA\Proyecto_taxi_carga\Taxi_carga_bot\taxicarga_whatsapp_bot\.venv\Lib\site-packages\django\templ
ate\base.py", line 989, in _resolve_lookup
    raise VariableDoesNotExist(
    ^^^^^^^^^^^^^^^^^^^^^^^^^^^
    ...<2 lines>...
    )  # missing attribute
    ^
django.template.base.VariableDoesNotExist: Failed lookup for key [nombre] in None
[DEBUG] 2026-08-13 21:16:31,126 base Exception while resolving variable 'nombre' in template 'campo/pizarra.html'.
Traceback (most recent call last):
  File "D:\DESARROLLO_IA\Proyecto_taxi_carga\Taxi_carga_bot\taxicarga_whatsapp_bot\.venv\Lib\site-packages\django\templ
ate\base.py", line 964, in _resolve_lookup
    raise TypeError
TypeError

During handling of the above exception, another exception occurred:

Traceback (most recent call last):
  File "D:\DESARROLLO_IA\Proyecto_taxi_carga\Taxi_carga_bot\taxicarga_whatsapp_bot\.venv\Lib\site-packages\django\templ
ate\base.py", line 976, in _resolve_lookup
    current = getattr(current, bit)
AttributeError: 'NoneType' object has no attribute 'nombre'

During handling of the above exception, another exception occurred:

Traceback (most recent call last):
  File "D:\DESARROLLO_IA\Proyecto_taxi_carga\Taxi_carga_bot\taxicarga_whatsapp_bot\.venv\Lib\site-packages\django\templ
ate\base.py", line 982, in _resolve_lookup
    current = current[int(bit)]
                      ~~~^^^^^
ValueError: invalid literal for int() with base 10: 'nombre'

During handling of the above exception, another exception occurred:

Traceback (most recent call last):
  File "D:\DESARROLLO_IA\Proyecto_taxi_carga\Taxi_carga_bot\taxicarga_whatsapp_bot\.venv\Lib\site-packages\django\templ
ate\base.py", line 989, in _resolve_lookup
    raise VariableDoesNotExist(
    ^^^^^^^^^^^^^^^^^^^^^^^^^^^
    ...<2 lines>...
    )  # missing attribute
    ^
django.template.base.VariableDoesNotExist: Failed lookup for key [nombre] in None
.[DEBUG] 2026-08-13 21:16:32,160 base Exception while resolving variable 'nombre' in template 'campo/pizarra.html'.
Traceback (most recent call last):
  File "D:\DESARROLLO_IA\Proyecto_taxi_carga\Taxi_carga_bot\taxicarga_whatsapp_bot\.venv\Lib\site-packages\django\templ
ate\base.py", line 964, in _resolve_lookup
    raise TypeError
TypeError

During handling of the above exception, another exception occurred:

Traceback (most recent call last):
  File "D:\DESARROLLO_IA\Proyecto_taxi_carga\Taxi_carga_bot\taxicarga_whatsapp_bot\.venv\Lib\site-packages\django\templ
ate\base.py", line 976, in _resolve_lookup
    current = getattr(current, bit)
AttributeError: 'NoneType' object has no attribute 'nombre'

During handling of the above exception, another exception occurred:

Traceback (most recent call last):
  File "D:\DESARROLLO_IA\Proyecto_taxi_carga\Taxi_carga_bot\taxicarga_whatsapp_bot\.venv\Lib\site-packages\django\templ
ate\base.py", line 982, in _resolve_lookup
    current = current[int(bit)]
                      ~~~^^^^^
ValueError: invalid literal for int() with base 10: 'nombre'

During handling of the above exception, another exception occurred:

Traceback (most recent call last):
  File "D:\DESARROLLO_IA\Proyecto_taxi_carga\Taxi_carga_bot\taxicarga_whatsapp_bot\.venv\Lib\site-packages\django\templ
ate\base.py", line 989, in _resolve_lookup
    raise VariableDoesNotExist(
    ^^^^^^^^^^^^^^^^^^^^^^^^^^^
    ...<2 lines>...
    )  # missing attribute
    ^
django.template.base.VariableDoesNotExist: Failed lookup for key [nombre] in None
.[WARNING] 2026-08-13 21:16:33,139 log Conflict: /dashboard/campo/pizarra/equipo/crear/
....[WARNING] 2026-08-13 21:16:37,119 log Conflict: /dashboard/campo/equipos/1/editar-ajax/
....[DEBUG] 2026-08-13 21:16:41,206 base Exception while resolving variable 'hora_next' in template 
'campo/pizarra.html'.
Traceback (most recent call last):
  File "D:\DESARROLLO_IA\Proyecto_taxi_carga\Taxi_carga_bot\taxicarga_whatsapp_bot\.venv\Lib\site-packages\django\templ
ate\base.py", line 965, in _resolve_lookup
    current = current[bit]
              ~~~~~~~^^^^^
KeyError: 'hora_next'

During handling of the above exception, another exception occurred:

Traceback (most recent call last):
  File "D:\DESARROLLO_IA\Proyecto_taxi_carga\Taxi_carga_bot\taxicarga_whatsapp_bot\.venv\Lib\site-packages\django\templ
ate\base.py", line 976, in _resolve_lookup
    current = getattr(current, bit)
AttributeError: 'dict' object has no attribute 'hora_next'

During handling of the above exception, another exception occurred:

Traceback (most recent call last):
  File "D:\DESARROLLO_IA\Proyecto_taxi_carga\Taxi_carga_bot\taxicarga_whatsapp_bot\.venv\Lib\site-packages\django\templ
ate\base.py", line 982, in _resolve_lookup
    current = current[int(bit)]
                      ~~~^^^^^
ValueError: invalid literal for int() with base 10: 'hora_next'

During handling of the above exception, another exception occurred:

Traceback (most recent call last):
  File "D:\DESARROLLO_IA\Proyecto_taxi_carga\Taxi_carga_bot\taxicarga_whatsapp_bot\.venv\Lib\site-packages\django\templ
ate\base.py", line 989, in _resolve_lookup
    raise VariableDoesNotExist(
    ^^^^^^^^^^^^^^^^^^^^^^^^^^^
    ...<2 lines>...
    )  # missing attribute
    ^
django.template.base.VariableDoesNotExist: Failed lookup for key [hora_next] in {'tipo': 'empty', 'hora': '00:00', 
'hora_display': '12:00 am', 'equipo_id': 1, 'equipo_fecha': '2026-08-13'}
[DEBUG] 2026-08-13 21:16:41,207 base Exception while resolving variable 'hora_next_display' in template 
'campo/pizarra.html'.
Traceback (most recent call last):
  File "D:\DESARROLLO_IA\Proyecto_taxi_carga\Taxi_carga_bot\taxicarga_whatsapp_bot\.venv\Lib\site-packages\django\templ
ate\base.py", line 965, in _resolve_lookup
    current = current[bit]
              ~~~~~~~^^^^^
KeyError: 'hora_next_display'

During handling of the above exception, another exception occurred:

Traceback (most recent call last):
  File "D:\DESARROLLO_IA\Proyecto_taxi_carga\Taxi_carga_bot\taxicarga_whatsapp_bot\.venv\Lib\site-packages\django\templ
ate\base.py", line 976, in _resolve_lookup
    current = getattr(current, bit)
AttributeError: 'dict' object has no attribute 'hora_next_display'

During handling of the above exception, another exception occurred:

Traceback (most recent call last):
  File "D:\DESARROLLO_IA\Proyecto_taxi_carga\Taxi_carga_bot\taxicarga_whatsapp_bot\.venv\Lib\site-packages\django\templ
ate\base.py", line 982, in _resolve_lookup
    current = current[int(bit)]
                      ~~~^^^^^
ValueError: invalid literal for int() with base 10: 'hora_next_display'

During handling of the above exception, another exception occurred:

Traceback (most recent call last):
  File "D:\DESARROLLO_IA\Proyecto_taxi_carga\Taxi_carga_bot\taxicarga_whatsapp_bot\.venv\Lib\site-packages\django\templ
ate\base.py", line 989, in _resolve_lookup
    raise VariableDoesNotExist(
    ^^^^^^^^^^^^^^^^^^^^^^^^^^^
    ...<2 lines>...
    )  # missing attribute
    ^
django.template.base.VariableDoesNotExist: Failed lookup for key [hora_next_display] in {'tipo': 'empty', 'hora': 
'00:00', 'hora_display': '12:00 am', 'equipo_id': 1, 'equipo_fecha': '2026-08-13'}
[DEBUG] 2026-08-13 21:16:41,208 base Exception while resolving variable 'hora_next' in template 'campo/pizarra.html'.
Traceback (most recent call last):
  File "D:\DESARROLLO_IA\Proyecto_taxi_carga\Taxi_carga_bot\taxicarga_whatsapp_bot\.venv\Lib\site-packages\django\templ
ate\base.py", line 965, in _resolve_lookup
    current = current[bit]
              ~~~~~~~^^^^^
KeyError: 'hora_next'

During handling of the above exception, another exception occurred:

Traceback (most recent call last):
  File "D:\DESARROLLO_IA\Proyecto_taxi_carga\Taxi_carga_bot\taxicarga_whatsapp_bot\.venv\Lib\site-packages\django\templ
ate\base.py", line 976, in _resolve_lookup
    current = getattr(current, bit)
AttributeError: 'dict' object has no attribute 'hora_next'

During handling of the above exception, another exception occurred:

Traceback (most recent call last):
  File "D:\DESARROLLO_IA\Proyecto_taxi_carga\Taxi_carga_bot\taxicarga_whatsapp_bot\.venv\Lib\site-packages\django\templ
ate\base.py", line 982, in _resolve_lookup
    current = current[int(bit)]
                      ~~~^^^^^
ValueError: invalid literal for int() with base 10: 'hora_next'

During handling of the above exception, another exception occurred:

Traceback (most recent call last):
  File "D:\DESARROLLO_IA\Proyecto_taxi_carga\Taxi_carga_bot\taxicarga_whatsapp_bot\.venv\Lib\site-packages\django\templ
ate\base.py", line 989, in _resolve_lookup
    raise VariableDoesNotExist(
    ^^^^^^^^^^^^^^^^^^^^^^^^^^^
    ...<2 lines>...
    )  # missing attribute
    ^
django.template.base.VariableDoesNotExist: Failed lookup for key [hora_next] in {'tipo': 'empty', 'hora': '00:30', 
'hora_display': '12:30 am', 'equipo_id': 1, 'equipo_fecha': '2026-08-13'}
[DEBUG] 2026-08-13 21:16:41,208 base Exception while resolving variable 'hora_next_display' in template 
'campo/pizarra.html'.
Traceback (most recent call last):
  File "D:\DESARROLLO_IA\Proyecto_taxi_carga\Taxi_carga_bot\taxicarga_whatsapp_bot\.venv\Lib\site-packages\django\templ
ate\base.py", line 965, in _resolve_lookup
    current = current[bit]
              ~~~~~~~^^^^^
KeyError: 'hora_next_display'

During handling of the above exception, another exception occurred:

Traceback (most recent call last):
  File "D:\DESARROLLO_IA\Proyecto_taxi_carga\Taxi_carga_bot\taxicarga_whatsapp_bot\.venv\Lib\site-packages\django\templ
ate\base.py", line 976, in _resolve_lookup
    current = getattr(current, bit)
AttributeError: 'dict' object has no attribute 'hora_next_display'

During handling of the above exception, another exception occurred:

Traceback (most recent call last):
  File "D:\DESARROLLO_IA\Proyecto_taxi_carga\Taxi_carga_bot\taxicarga_whatsapp_bot\.venv\Lib\site-packages\django\templ
ate\base.py", line 982, in _resolve_lookup
    current = current[int(bit)]
                      ~~~^^^^^
ValueError: invalid literal for int() with base 10: 'hora_next_display'

During handling of the above exception, another exception occurred:

Traceback (most recent call last):
  File "D:\DESARROLLO_IA\Proyecto_taxi_carga\Taxi_carga_bot\taxicarga_whatsapp_bot\.venv\Lib\site-packages\django\templ
ate\base.py", line 989, in _resolve_lookup
    raise VariableDoesNotExist(
    ^^^^^^^^^^^^^^^^^^^^^^^^^^^
    ...<2 lines>...
    )  # missing attribute
    ^
django.template.base.VariableDoesNotExist: Failed lookup for key [hora_next_display] in {'tipo': 'empty', 'hora': 
'00:30', 'hora_display': '12:30 am', 'equipo_id': 1, 'equipo_fecha': '2026-08-13'}
[DEBUG] 2026-08-13 21:16:41,209 base Exception while resolving variable 'hora_next' in template 'campo/pizarra.html'.
Traceback (most recent call last):
  File "D:\DESARROLLO_IA\Proyecto_taxi_carga\Taxi_carga_bot\taxicarga_whatsapp_bot\.venv\Lib\site-packages\django\templ
ate\base.py", line 965, in _resolve_lookup
    current = current[bit]
              ~~~~~~~^^^^^
KeyError: 'hora_next'

During handling of the above exception, another exception occurred:

Traceback (most recent call last):
  File "D:\DESARROLLO_IA\Proyecto_taxi_carga\Taxi_carga_bot\taxicarga_whatsapp_bot\.venv\Lib\site-packages\django\templ
ate\base.py", line 976, in _resolve_lookup
    current = getattr(current, bit)
AttributeError: 'dict' object has no attribute 'hora_next'

During handling of the above exception, another exception occurred:

Traceback (most recent call last):
  File "D:\DESARROLLO_IA\Proyecto_taxi_carga\Taxi_carga_bot\taxicarga_whatsapp_bot\.venv\Lib\site-packages\django\templ
ate\base.py", line 982, in _resolve_lookup
    current = current[int(bit)]
                      ~~~^^^^^
ValueError: invalid literal for int() with base 10: 'hora_next'

During handling of the above exception, another exception occurred:

Traceback (most recent call last):
  File "D:\DESARROLLO_IA\Proyecto_taxi_carga\Taxi_carga_bot\taxicarga_whatsapp_bot\.venv\Lib\site-packages\django\templ
ate\base.py", line 989, in _resolve_lookup
    raise VariableDoesNotExist(
    ^^^^^^^^^^^^^^^^^^^^^^^^^^^
    ...<2 lines>...
    )  # missing attribute
    ^
django.template.base.VariableDoesNotExist: Failed lookup for key [hora_next] in {'tipo': 'empty', 'hora': '01:00', 
'hora_display': '1:00 am', 'equipo_id': 1, 'equipo_fecha': '2026-08-13'}
[DEBUG] 2026-08-13 21:16:41,210 base Exception while resolving variable 'hora_next_display' in template 
'campo/pizarra.html'.
Traceback (most recent call last):
  File "D:\DESARROLLO_IA\Proyecto_taxi_carga\Taxi_carga_bot\taxicarga_whatsapp_bot\.venv\Lib\site-packages\django\templ
ate\base.py", line 965, in _resolve_lookup
    current = current[bit]
              ~~~~~~~^^^^^
KeyError: 'hora_next_display'

During handling of the above exception, another exception occurred:

Traceback (most recent call last):
  File "D:\DESARROLLO_IA\Proyecto_taxi_carga\Taxi_carga_bot\taxicarga_whatsapp_bot\.venv\Lib\site-packages\django\templ
ate\base.py", line 976, in _resolve_lookup
    current = getattr(current, bit)
AttributeError: 'dict' object has no attribute 'hora_next_display'

During handling of the above exception, another exception occurred:

Traceback (most recent call last):
  File "D:\DESARROLLO_IA\Proyecto_taxi_carga\Taxi_carga_bot\taxicarga_whatsapp_bot\.venv\Lib\site-packages\django\templ
ate\base.py", line 982, in _resolve_lookup
    current = current[int(bit)]
                      ~~~^^^^^
ValueError: invalid literal for int() with base 10: 'hora_next_display'

During handling of the above exception, another exception occurred:

Traceback (most recent call last):
  File "D:\DESARROLLO_IA\Proyecto_taxi_carga\Taxi_carga_bot\taxicarga_whatsapp_bot\.venv\Lib\site-packages\django\templ
ate\base.py", line 989, in _resolve_lookup
    raise VariableDoesNotExist(
    ^^^^^^^^^^^^^^^^^^^^^^^^^^^
    ...<2 lines>...
    )  # missing attribute
    ^
django.template.base.VariableDoesNotExist: Failed lookup for key [hora_next_display] in {'tipo': 'empty', 'hora': 
'01:00', 'hora_display': '1:00 am', 'equipo_id': 1, 'equipo_fecha': '2026-08-13'}
[DEBUG] 2026-08-13 21:16:41,211 base Exception while resolving variable 'hora_next' in template 'campo/pizarra.html'.
Traceback (most recent call last):
  File "D:\DESARROLLO_IA\Proyecto_taxi_carga\Taxi_carga_bot\taxicarga_whatsapp_bot\.venv\Lib\site-packages\django\templ
ate\base.py", line 965, in _resolve_lookup
    current = current[bit]
              ~~~~~~~^^^^^
KeyError: 'hora_next'

During handling of the above exception, another exception occurred:

Traceback (most recent call last):
  File "D:\DESARROLLO_IA\Proyecto_taxi_carga\Taxi_carga_bot\taxicarga_whatsapp_bot\.venv\Lib\site-packages\django\templ
ate\base.py", line 976, in _resolve_lookup
    current = getattr(current, bit)
AttributeError: 'dict' object has no attribute 'hora_next'

During handling of the above exception, another exception occurred:

Traceback (most recent call last):
  File "D:\DESARROLLO_IA\Proyecto_taxi_carga\Taxi_carga_bot\taxicarga_whatsapp_bot\.venv\Lib\site-packages\django\templ
ate\base.py", line 982, in _resolve_lookup
    current = current[int(bit)]
                      ~~~^^^^^
ValueError: invalid literal for int() with base 10: 'hora_next'

During handling of the above exception, another exception occurred:

Traceback (most recent call last):
  File "D:\DESARROLLO_IA\Proyecto_taxi_carga\Taxi_carga_bot\taxicarga_whatsapp_bot\.venv\Lib\site-packages\django\templ
ate\base.py", line 989, in _resolve_lookup
    raise VariableDoesNotExist(
    ^^^^^^^^^^^^^^^^^^^^^^^^^^^
    ...<2 lines>...
    )  # missing attribute
    ^
django.template.base.VariableDoesNotExist: Failed lookup for key [hora_next] in {'tipo': 'empty', 'hora': '01:30', 
'hora_display': '1:30 am', 'equipo_id': 1, 'equipo_fecha': '2026-08-13'}
[DEBUG] 2026-08-13 21:16:41,212 base Exception while resolving variable 'hora_next_display' in template 
'campo/pizarra.html'.
Traceback (most recent call last):
  File "D:\DESARROLLO_IA\Proyecto_taxi_carga\Taxi_carga_bot\taxicarga_whatsapp_bot\.venv\Lib\site-packages\django\templ
ate\base.py", line 965, in _resolve_lookup
    current = current[bit]
              ~~~~~~~^^^^^
KeyError: 'hora_next_display'

During handling of the above exception, another exception occurred:

Traceback (most recent call last):
  File "D:\DESARROLLO_IA\Proyecto_taxi_carga\Taxi_carga_bot\taxicarga_whatsapp_bot\.venv\Lib\site-packages\django\templ
ate\base.py", line 976, in _resolve_lookup
    current = getattr(current, bit)
AttributeError: 'dict' object has no attribute 'hora_next_display'

During handling of the above exception, another exception occurred:

Traceback (most recent call last):
  File "D:\DESARROLLO_IA\Proyecto_taxi_carga\Taxi_carga_bot\taxicarga_whatsapp_bot\.venv\Lib\site-packages\django\templ
ate\base.py", line 982, in _resolve_lookup
    current = current[int(bit)]
                      ~~~^^^^^
ValueError: invalid literal for int() with base 10: 'hora_next_display'

During handling of the above exception, another exception occurred:

Traceback (most recent call last):
  File "D:\DESARROLLO_IA\Proyecto_taxi_carga\Taxi_carga_bot\taxicarga_whatsapp_bot\.venv\Lib\site-packages\django\templ
ate\base.py", line 989, in _resolve_lookup
    raise VariableDoesNotExist(
    ^^^^^^^^^^^^^^^^^^^^^^^^^^^
    ...<2 lines>...
    )  # missing attribute
    ^
django.template.base.VariableDoesNotExist: Failed lookup for key [hora_next_display] in {'tipo': 'empty', 'hora': 
'01:30', 'hora_display': '1:30 am', 'equipo_id': 1, 'equipo_fecha': '2026-08-13'}
[DEBUG] 2026-08-13 21:16:41,214 base Exception while resolving variable 'hora_next' in template 'campo/pizarra.html'.
Traceback (most recent call last):
  File "D:\DESARROLLO_IA\Proyecto_taxi_carga\Taxi_carga_bot\taxicarga_whatsapp_bot\.venv\Lib\site-packages\django\templ
ate\base.py", line 965, in _resolve_lookup
    current = current[bit]
              ~~~~~~~^^^^^
KeyError: 'hora_next'

During handling of the above exception, another exception occurred:

Traceback (most recent call last):
  File "D:\DESARROLLO_IA\Proyecto_taxi_carga\Taxi_carga_bot\taxicarga_whatsapp_bot\.venv\Lib\site-packages\django\templ
ate\base.py", line 976, in _resolve_lookup
    current = getattr(current, bit)
AttributeError: 'dict' object has no attribute 'hora_next'

During handling of the above exception, another exception occurred:

Traceback (most recent call last):
  File "D:\DESARROLLO_IA\Proyecto_taxi_carga\Taxi_carga_bot\taxicarga_whatsapp_bot\.venv\Lib\site-packages\django\templ
ate\base.py", line 982, in _resolve_lookup
    current = current[int(bit)]
                      ~~~^^^^^
ValueError: invalid literal for int() with base 10: 'hora_next'

During handling of the above exception, another exception occurred:

Traceback (most recent call last):
  File "D:\DESARROLLO_IA\Proyecto_taxi_carga\Taxi_carga_bot\taxicarga_whatsapp_bot\.venv\Lib\site-packages\django\templ
ate\base.py", line 989, in _resolve_lookup
    raise VariableDoesNotExist(
    ^^^^^^^^^^^^^^^^^^^^^^^^^^^
    ...<2 lines>...
    )  # missing attribute
    ^
django.template.base.VariableDoesNotExist: Failed lookup for key [hora_next] in {'tipo': 'empty', 'hora': '02:00', 
'hora_display': '2:00 am', 'equipo_id': 1, 'equipo_fecha': '2026-08-13'}
[DEBUG] 2026-08-13 21:16:41,215 base Exception while resolving variable 'hora_next_display' in template 
'campo/pizarra.html'.
Traceback (most recent call last):
  File "D:\DESARROLLO_IA\Proyecto_taxi_carga\Taxi_carga_bot\taxicarga_whatsapp_bot\.venv\Lib\site-packages\django\templ
ate\base.py", line 965, in _resolve_lookup
    current = current[bit]
              ~~~~~~~^^^^^
KeyError: 'hora_next_display'

During handling of the above exception, another exception occurred:

Traceback (most recent call last):
  File "D:\DESARROLLO_IA\Proyecto_taxi_carga\Taxi_carga_bot\taxicarga_whatsapp_bot\.venv\Lib\site-packages\django\templ
ate\base.py", line 976, in _resolve_lookup
    current = getattr(current, bit)
AttributeError: 'dict' object has no attribute 'hora_next_display'

During handling of the above exception, another exception occurred:

Traceback (most recent call last):
  File "D:\DESARROLLO_IA\Proyecto_taxi_carga\Taxi_carga_bot\taxicarga_whatsapp_bot\.venv\Lib\site-packages\django\templ
ate\base.py", line 982, in _resolve_lookup
    current = current[int(bit)]
                      ~~~^^^^^
ValueError: invalid literal for int() with base 10: 'hora_next_display'

During handling of the above exception, another exception occurred:

Traceback (most recent call last):
  File "D:\DESARROLLO_IA\Proyecto_taxi_carga\Taxi_carga_bot\taxicarga_whatsapp_bot\.venv\Lib\site-packages\django\templ
ate\base.py", line 989, in _resolve_lookup
    raise VariableDoesNotExist(
    ^^^^^^^^^^^^^^^^^^^^^^^^^^^
    ...<2 lines>...
    )  # missing attribute
    ^
django.template.base.VariableDoesNotExist: Failed lookup for key [hora_next_display] in {'tipo': 'empty', 'hora': 
'02:00', 'hora_display': '2:00 am', 'equipo_id': 1, 'equipo_fecha': '2026-08-13'}
[DEBUG] 2026-08-13 21:16:41,216 base Exception while resolving variable 'hora_next' in template 'campo/pizarra.html'.
Traceback (most recent call last):
  File "D:\DESARROLLO_IA\Proyecto_taxi_carga\Taxi_carga_bot\taxicarga_whatsapp_bot\.venv\Lib\site-packages\django\templ
ate\base.py", line 965, in _resolve_lookup
    current = current[bit]
              ~~~~~~~^^^^^
KeyError: 'hora_next'

During handling of the above exception, another exception occurred:

Traceback (most recent call last):
  File "D:\DESARROLLO_IA\Proyecto_taxi_carga\Taxi_carga_bot\taxicarga_whatsapp_bot\.venv\Lib\site-packages\django\templ
ate\base.py", line 976, in _resolve_lookup
    current = getattr(current, bit)
AttributeError: 'dict' object has no attribute 'hora_next'

During handling of the above exception, another exception occurred:

Traceback (most recent call last):
  File "D:\DESARROLLO_IA\Proyecto_taxi_carga\Taxi_carga_bot\taxicarga_whatsapp_bot\.venv\Lib\site-packages\django\templ
ate\base.py", line 982, in _resolve_lookup
    current = current[int(bit)]
                      ~~~^^^^^
ValueError: invalid literal for int() with base 10: 'hora_next'

During handling of the above exception, another exception occurred:

Traceback (most recent call last):
  File "D:\DESARROLLO_IA\Proyecto_taxi_carga\Taxi_carga_bot\taxicarga_whatsapp_bot\.venv\Lib\site-packages\django\templ
ate\base.py", line 989, in _resolve_lookup
    raise VariableDoesNotExist(
    ^^^^^^^^^^^^^^^^^^^^^^^^^^^
    ...<2 lines>...
    )  # missing attribute
    ^
django.template.base.VariableDoesNotExist: Failed lookup for key [hora_next] in {'tipo': 'empty', 'hora': '02:30', 
'hora_display': '2:30 am', 'equipo_id': 1, 'equipo_fecha': '2026-08-13'}
[DEBUG] 2026-08-13 21:16:41,217 base Exception while resolving variable 'hora_next_display' in template 
'campo/pizarra.html'.
Traceback (most recent call last):
  File "D:\DESARROLLO_IA\Proyecto_taxi_carga\Taxi_carga_bot\taxicarga_whatsapp_bot\.venv\Lib\site-packages\django\templ
ate\base.py", line 965, in _resolve_lookup
    current = current[bit]
              ~~~~~~~^^^^^
KeyError: 'hora_next_display'

During handling of the above exception, another exception occurred:

Traceback (most recent call last):
  File "D:\DESARROLLO_IA\Proyecto_taxi_carga\Taxi_carga_bot\taxicarga_whatsapp_bot\.venv\Lib\site-packages\django\templ
ate\base.py", line 976, in _resolve_lookup
    current = getattr(current, bit)
AttributeError: 'dict' object has no attribute 'hora_next_display'

During handling of the above exception, another exception occurred:

Traceback (most recent call last):
  File "D:\DESARROLLO_IA\Proyecto_taxi_carga\Taxi_carga_bot\taxicarga_whatsapp_bot\.venv\Lib\site-packages\django\templ
ate\base.py", line 982, in _resolve_lookup
    current = current[int(bit)]
                      ~~~^^^^^
ValueError: invalid literal for int() with base 10: 'hora_next_display'

During handling of the above exception, another exception occurred:

Traceback (most recent call last):
  File "D:\DESARROLLO_IA\Proyecto_taxi_carga\Taxi_carga_bot\taxicarga_whatsapp_bot\.venv\Lib\site-packages\django\templ
ate\base.py", line 989, in _resolve_lookup
    raise VariableDoesNotExist(
    ^^^^^^^^^^^^^^^^^^^^^^^^^^^
    ...<2 lines>...
    )  # missing attribute
    ^
django.template.base.VariableDoesNotExist: Failed lookup for key [hora_next_display] in {'tipo': 'empty', 'hora': 
'02:30', 'hora_display': '2:30 am', 'equipo_id': 1, 'equipo_fecha': '2026-08-13'}
[DEBUG] 2026-08-13 21:16:41,220 base Exception while resolving variable 'hora_next' in template 'campo/pizarra.html'.
Traceback (most recent call last):
  File "D:\DESARROLLO_IA\Proyecto_taxi_carga\Taxi_carga_bot\taxicarga_whatsapp_bot\.venv\Lib\site-packages\django\templ
ate\base.py", line 965, in _resolve_lookup
    current = current[bit]
              ~~~~~~~^^^^^
KeyError: 'hora_next'

During handling of the above exception, another exception occurred:

Traceback (most recent call last):
  File "D:\DESARROLLO_IA\Proyecto_taxi_carga\Taxi_carga_bot\taxicarga_whatsapp_bot\.venv\Lib\site-packages\django\templ
ate\base.py", line 976, in _resolve_lookup
    current = getattr(current, bit)
AttributeError: 'dict' object has no attribute 'hora_next'

During handling of the above exception, another exception occurred:

Traceback (most recent call last):
  File "D:\DESARROLLO_IA\Proyecto_taxi_carga\Taxi_carga_bot\taxicarga_whatsapp_bot\.venv\Lib\site-packages\django\templ
ate\base.py", line 982, in _resolve_lookup
    current = current[int(bit)]
                      ~~~^^^^^
ValueError: invalid literal for int() with base 10: 'hora_next'

During handling of the above exception, another exception occurred:

Traceback (most recent call last):
  File "D:\DESARROLLO_IA\Proyecto_taxi_carga\Taxi_carga_bot\taxicarga_whatsapp_bot\.venv\Lib\site-packages\django\templ
ate\base.py", line 989, in _resolve_lookup
    raise VariableDoesNotExist(
    ^^^^^^^^^^^^^^^^^^^^^^^^^^^
    ...<2 lines>...
    )  # missing attribute
    ^
django.template.base.VariableDoesNotExist: Failed lookup for key [hora_next] in {'tipo': 'empty', 'hora': '03:00', 
'hora_display': '3:00 am', 'equipo_id': 1, 'equipo_fecha': '2026-08-13'}
[DEBUG] 2026-08-13 21:16:41,221 base Exception while resolving variable 'hora_next_display' in template 
'campo/pizarra.html'.
Traceback (most recent call last):
  File "D:\DESARROLLO_IA\Proyecto_taxi_carga\Taxi_carga_bot\taxicarga_whatsapp_bot\.venv\Lib\site-packages\django\templ
ate\base.py", line 965, in _resolve_lookup
    current = current[bit]
              ~~~~~~~^^^^^
KeyError: 'hora_next_display'

During handling of the above exception, another exception occurred:

Traceback (most recent call last):
  File "D:\DESARROLLO_IA\Proyecto_taxi_carga\Taxi_carga_bot\taxicarga_whatsapp_bot\.venv\Lib\site-packages\django\templ
ate\base.py", line 976, in _resolve_lookup
    current = getattr(current, bit)
AttributeError: 'dict' object has no attribute 'hora_next_display'

During handling of the above exception, another exception occurred:

Traceback (most recent call last):
  File "D:\DESARROLLO_IA\Proyecto_taxi_carga\Taxi_carga_bot\taxicarga_whatsapp_bot\.venv\Lib\site-packages\django\templ
ate\base.py", line 982, in _resolve_lookup
    current = current[int(bit)]
                      ~~~^^^^^
ValueError: invalid literal for int() with base 10: 'hora_next_display'

During handling of the above exception, another exception occurred:

Traceback (most recent call last):
  File "D:\DESARROLLO_IA\Proyecto_taxi_carga\Taxi_carga_bot\taxicarga_whatsapp_bot\.venv\Lib\site-packages\django\templ
ate\base.py", line 989, in _resolve_lookup
    raise VariableDoesNotExist(
    ^^^^^^^^^^^^^^^^^^^^^^^^^^^
    ...<2 lines>...
    )  # missing attribute
    ^
django.template.base.VariableDoesNotExist: Failed lookup for key [hora_next_display] in {'tipo': 'empty', 'hora': 
'03:00', 'hora_display': '3:00 am', 'equipo_id': 1, 'equipo_fecha': '2026-08-13'}
[DEBUG] 2026-08-13 21:16:41,224 base Exception while resolving variable 'hora_next' in template 'campo/pizarra.html'.
Traceback (most recent call last):
  File "D:\DESARROLLO_IA\Proyecto_taxi_carga\Taxi_carga_bot\taxicarga_whatsapp_bot\.venv\Lib\site-packages\django\templ
ate\base.py", line 965, in _resolve_lookup
    current = current[bit]
              ~~~~~~~^^^^^
KeyError: 'hora_next'

During handling of the above exception, another exception occurred:

Traceback (most recent call last):
  File "D:\DESARROLLO_IA\Proyecto_taxi_carga\Taxi_carga_bot\taxicarga_whatsapp_bot\.venv\Lib\site-packages\django\templ
ate\base.py", line 976, in _resolve_lookup
    current = getattr(current, bit)
AttributeError: 'dict' object has no attribute 'hora_next'

During handling of the above exception, another exception occurred:

Traceback (most recent call last):
  File "D:\DESARROLLO_IA\Proyecto_taxi_carga\Taxi_carga_bot\taxicarga_whatsapp_bot\.venv\Lib\site-packages\django\templ
ate\base.py", line 982, in _resolve_lookup
    current = current[int(bit)]
                      ~~~^^^^^
ValueError: invalid literal for int() with base 10: 'hora_next'

During handling of the above exception, another exception occurred:

Traceback (most recent call last):
  File "D:\DESARROLLO_IA\Proyecto_taxi_carga\Taxi_carga_bot\taxicarga_whatsapp_bot\.venv\Lib\site-packages\django\templ
ate\base.py", line 989, in _resolve_lookup
    raise VariableDoesNotExist(
    ^^^^^^^^^^^^^^^^^^^^^^^^^^^
    ...<2 lines>...
    )  # missing attribute
    ^
django.template.base.VariableDoesNotExist: Failed lookup for key [hora_next] in {'tipo': 'empty', 'hora': '03:30', 
'hora_display': '3:30 am', 'equipo_id': 1, 'equipo_fecha': '2026-08-13'}
[DEBUG] 2026-08-13 21:16:41,225 base Exception while resolving variable 'hora_next_display' in template 
'campo/pizarra.html'.
Traceback (most recent call last):
  File "D:\DESARROLLO_IA\Proyecto_taxi_carga\Taxi_carga_bot\taxicarga_whatsapp_bot\.venv\Lib\site-packages\django\templ
ate\base.py", line 965, in _resolve_lookup
    current = current[bit]
              ~~~~~~~^^^^^
KeyError: 'hora_next_display'

During handling of the above exception, another exception occurred:

Traceback (most recent call last):
  File "D:\DESARROLLO_IA\Proyecto_taxi_carga\Taxi_carga_bot\taxicarga_whatsapp_bot\.venv\Lib\site-packages\django\templ
ate\base.py", line 976, in _resolve_lookup
    current = getattr(current, bit)
AttributeError: 'dict' object has no attribute 'hora_next_display'

During handling of the above exception, another exception occurred:

Traceback (most recent call last):
  File "D:\DESARROLLO_IA\Proyecto_taxi_carga\Taxi_carga_bot\taxicarga_whatsapp_bot\.venv\Lib\site-packages\django\templ
ate\base.py", line 982, in _resolve_lookup
    current = current[int(bit)]
                      ~~~^^^^^
ValueError: invalid literal for int() with base 10: 'hora_next_display'

During handling of the above exception, another exception occurred:

Traceback (most recent call last):
  File "D:\DESARROLLO_IA\Proyecto_taxi_carga\Taxi_carga_bot\taxicarga_whatsapp_bot\.venv\Lib\site-packages\django\templ
ate\base.py", line 989, in _resolve_lookup
    raise VariableDoesNotExist(
    ^^^^^^^^^^^^^^^^^^^^^^^^^^^
    ...<2 lines>...
    )  # missing attribute
    ^
django.template.base.VariableDoesNotExist: Failed lookup for key [hora_next_display] in {'tipo': 'empty', 'hora': 
'03:30', 'hora_display': '3:30 am', 'equipo_id': 1, 'equipo_fecha': '2026-08-13'}
[DEBUG] 2026-08-13 21:16:41,226 base Exception while resolving variable 'hora_next' in template 'campo/pizarra.html'.
Traceback (most recent call last):
  File "D:\DESARROLLO_IA\Proyecto_taxi_carga\Taxi_carga_bot\taxicarga_whatsapp_bot\.venv\Lib\site-packages\django\templ
ate\base.py", line 965, in _resolve_lookup
    current = current[bit]
              ~~~~~~~^^^^^
KeyError: 'hora_next'

During handling of the above exception, another exception occurred:

Traceback (most recent call last):
  File "D:\DESARROLLO_IA\Proyecto_taxi_carga\Taxi_carga_bot\taxicarga_whatsapp_bot\.venv\Lib\site-packages\django\templ
ate\base.py", line 976, in _resolve_lookup
    current = getattr(current, bit)
AttributeError: 'dict' object has no attribute 'hora_next'

During handling of the above exception, another exception occurred:

Traceback (most recent call last):
  File "D:\DESARROLLO_IA\Proyecto_taxi_carga\Taxi_carga_bot\taxicarga_whatsapp_bot\.venv\Lib\site-packages\django\templ
ate\base.py", line 982, in _resolve_lookup
    current = current[int(bit)]
                      ~~~^^^^^
ValueError: invalid literal for int() with base 10: 'hora_next'

During handling of the above exception, another exception occurred:

Traceback (most recent call last):
  File "D:\DESARROLLO_IA\Proyecto_taxi_carga\Taxi_carga_bot\taxicarga_whatsapp_bot\.venv\Lib\site-packages\django\templ
ate\base.py", line 989, in _resolve_lookup
    raise VariableDoesNotExist(
    ^^^^^^^^^^^^^^^^^^^^^^^^^^^
    ...<2 lines>...
    )  # missing attribute
    ^
django.template.base.VariableDoesNotExist: Failed lookup for key [hora_next] in {'tipo': 'empty', 'hora': '04:00', 
'hora_display': '4:00 am', 'equipo_id': 1, 'equipo_fecha': '2026-08-13'}
[DEBUG] 2026-08-13 21:16:41,232 base Exception while resolving variable 'hora_next_display' in template 
'campo/pizarra.html'.
Traceback (most recent call last):
  File "D:\DESARROLLO_IA\Proyecto_taxi_carga\Taxi_carga_bot\taxicarga_whatsapp_bot\.venv\Lib\site-packages\django\templ
ate\base.py", line 965, in _resolve_lookup
    current = current[bit]
              ~~~~~~~^^^^^
KeyError: 'hora_next_display'

During handling of the above exception, another exception occurred:

Traceback (most recent call last):
  File "D:\DESARROLLO_IA\Proyecto_taxi_carga\Taxi_carga_bot\taxicarga_whatsapp_bot\.venv\Lib\site-packages\django\templ
ate\base.py", line 976, in _resolve_lookup
    current = getattr(current, bit)
AttributeError: 'dict' object has no attribute 'hora_next_display'

During handling of the above exception, another exception occurred:

Traceback (most recent call last):
  File "D:\DESARROLLO_IA\Proyecto_taxi_carga\Taxi_carga_bot\taxicarga_whatsapp_bot\.venv\Lib\site-packages\django\templ
ate\base.py", line 982, in _resolve_lookup
    current = current[int(bit)]
                      ~~~^^^^^
ValueError: invalid literal for int() with base 10: 'hora_next_display'

During handling of the above exception, another exception occurred:

Traceback (most recent call last):
  File "D:\DESARROLLO_IA\Proyecto_taxi_carga\Taxi_carga_bot\taxicarga_whatsapp_bot\.venv\Lib\site-packages\django\templ
ate\base.py", line 989, in _resolve_lookup
    raise VariableDoesNotExist(
    ^^^^^^^^^^^^^^^^^^^^^^^^^^^
    ...<2 lines>...
    )  # missing attribute
    ^
django.template.base.VariableDoesNotExist: Failed lookup for key [hora_next_display] in {'tipo': 'empty', 'hora': 
'04:00', 'hora_display': '4:00 am', 'equipo_id': 1, 'equipo_fecha': '2026-08-13'}
[DEBUG] 2026-08-13 21:16:41,234 base Exception while resolving variable 'hora_next' in template 'campo/pizarra.html'.
Traceback (most recent call last):
  File "D:\DESARROLLO_IA\Proyecto_taxi_carga\Taxi_carga_bot\taxicarga_whatsapp_bot\.venv\Lib\site-packages\django\templ
ate\base.py", line 965, in _resolve_lookup
    current = current[bit]
              ~~~~~~~^^^^^
KeyError: 'hora_next'

During handling of the above exception, another exception occurred:

Traceback (most recent call last):
  File "D:\DESARROLLO_IA\Proyecto_taxi_carga\Taxi_carga_bot\taxicarga_whatsapp_bot\.venv\Lib\site-packages\django\templ
ate\base.py", line 976, in _resolve_lookup
    current = getattr(current, bit)
AttributeError: 'dict' object has no attribute 'hora_next'

During handling of the above exception, another exception occurred:

Traceback (most recent call last):
  File "D:\DESARROLLO_IA\Proyecto_taxi_carga\Taxi_carga_bot\taxicarga_whatsapp_bot\.venv\Lib\site-packages\django\templ
ate\base.py", line 982, in _resolve_lookup
    current = current[int(bit)]
                      ~~~^^^^^
ValueError: invalid literal for int() with base 10: 'hora_next'

During handling of the above exception, another exception occurred:

Traceback (most recent call last):
  File "D:\DESARROLLO_IA\Proyecto_taxi_carga\Taxi_carga_bot\taxicarga_whatsapp_bot\.venv\Lib\site-packages\django\templ
ate\base.py", line 989, in _resolve_lookup
    raise VariableDoesNotExist(
    ^^^^^^^^^^^^^^^^^^^^^^^^^^^
    ...<2 lines>...
    )  # missing attribute
    ^
django.template.base.VariableDoesNotExist: Failed lookup for key [hora_next] in {'tipo': 'empty', 'hora': '04:30', 
'hora_display': '4:30 am', 'equipo_id': 1, 'equipo_fecha': '2026-08-13'}
[DEBUG] 2026-08-13 21:16:41,237 base Exception while resolving variable 'hora_next_display' in template 
'campo/pizarra.html'.
Traceback (most recent call last):
  File "D:\DESARROLLO_IA\Proyecto_taxi_carga\Taxi_carga_bot\taxicarga_whatsapp_bot\.venv\Lib\site-packages\django\templ
ate\base.py", line 965, in _resolve_lookup
    current = current[bit]
              ~~~~~~~^^^^^
KeyError: 'hora_next_display'

During handling of the above exception, another exception occurred:

Traceback (most recent call last):
  File "D:\DESARROLLO_IA\Proyecto_taxi_carga\Taxi_carga_bot\taxicarga_whatsapp_bot\.venv\Lib\site-packages\django\templ
ate\base.py", line 976, in _resolve_lookup
    current = getattr(current, bit)
AttributeError: 'dict' object has no attribute 'hora_next_display'

During handling of the above exception, another exception occurred:

Traceback (most recent call last):
  File "D:\DESARROLLO_IA\Proyecto_taxi_carga\Taxi_carga_bot\taxicarga_whatsapp_bot\.venv\Lib\site-packages\django\templ
ate\base.py", line 982, in _resolve_lookup
    current = current[int(bit)]
                      ~~~^^^^^
ValueError: invalid literal for int() with base 10: 'hora_next_display'

During handling of the above exception, another exception occurred:

Traceback (most recent call last):
  File "D:\DESARROLLO_IA\Proyecto_taxi_carga\Taxi_carga_bot\taxicarga_whatsapp_bot\.venv\Lib\site-packages\django\templ
ate\base.py", line 989, in _resolve_lookup
    raise VariableDoesNotExist(
    ^^^^^^^^^^^^^^^^^^^^^^^^^^^
    ...<2 lines>...
    )  # missing attribute
    ^
django.template.base.VariableDoesNotExist: Failed lookup for key [hora_next_display] in {'tipo': 'empty', 'hora': 
'04:30', 'hora_display': '4:30 am', 'equipo_id': 1, 'equipo_fecha': '2026-08-13'}
[DEBUG] 2026-08-13 21:16:41,238 base Exception while resolving variable 'hora_next' in template 'campo/pizarra.html'.
Traceback (most recent call last):
  File "D:\DESARROLLO_IA\Proyecto_taxi_carga\Taxi_carga_bot\taxicarga_whatsapp_bot\.venv\Lib\site-packages\django\templ
ate\base.py", line 965, in _resolve_lookup
    current = current[bit]
              ~~~~~~~^^^^^
KeyError: 'hora_next'

During handling of the above exception, another exception occurred:

Traceback (most recent call last):
  File "D:\DESARROLLO_IA\Proyecto_taxi_carga\Taxi_carga_bot\taxicarga_whatsapp_bot\.venv\Lib\site-packages\django\templ
ate\base.py", line 976, in _resolve_lookup
    current = getattr(current, bit)
AttributeError: 'dict' object has no attribute 'hora_next'

During handling of the above exception, another exception occurred:

Traceback (most recent call last):
  File "D:\DESARROLLO_IA\Proyecto_taxi_carga\Taxi_carga_bot\taxicarga_whatsapp_bot\.venv\Lib\site-packages\django\templ
ate\base.py", line 982, in _resolve_lookup
    current = current[int(bit)]
                      ~~~^^^^^
ValueError: invalid literal for int() with base 10: 'hora_next'

During handling of the above exception, another exception occurred:

Traceback (most recent call last):
  File "D:\DESARROLLO_IA\Proyecto_taxi_carga\Taxi_carga_bot\taxicarga_whatsapp_bot\.venv\Lib\site-packages\django\templ
ate\base.py", line 989, in _resolve_lookup
    raise VariableDoesNotExist(
    ^^^^^^^^^^^^^^^^^^^^^^^^^^^
    ...<2 lines>...
    )  # missing attribute
    ^
django.template.base.VariableDoesNotExist: Failed lookup for key [hora_next] in {'tipo': 'empty', 'hora': '05:00', 
'hora_display': '5:00 am', 'equipo_id': 1, 'equipo_fecha': '2026-08-13'}
[DEBUG] 2026-08-13 21:16:41,243 base Exception while resolving variable 'hora_next_display' in template 
'campo/pizarra.html'.
Traceback (most recent call last):
  File "D:\DESARROLLO_IA\Proyecto_taxi_carga\Taxi_carga_bot\taxicarga_whatsapp_bot\.venv\Lib\site-packages\django\templ
ate\base.py", line 965, in _resolve_lookup
    current = current[bit]
              ~~~~~~~^^^^^
KeyError: 'hora_next_display'

During handling of the above exception, another exception occurred:

Traceback (most recent call last):
  File "D:\DESARROLLO_IA\Proyecto_taxi_carga\Taxi_carga_bot\taxicarga_whatsapp_bot\.venv\Lib\site-packages\django\templ
ate\base.py", line 976, in _resolve_lookup
    current = getattr(current, bit)
AttributeError: 'dict' object has no attribute 'hora_next_display'

During handling of the above exception, another exception occurred:

Traceback (most recent call last):
  File "D:\DESARROLLO_IA\Proyecto_taxi_carga\Taxi_carga_bot\taxicarga_whatsapp_bot\.venv\Lib\site-packages\django\templ
ate\base.py", line 982, in _resolve_lookup
    current = current[int(bit)]
                      ~~~^^^^^
ValueError: invalid literal for int() with base 10: 'hora_next_display'

During handling of the above exception, another exception occurred:

Traceback (most recent call last):
  File "D:\DESARROLLO_IA\Proyecto_taxi_carga\Taxi_carga_bot\taxicarga_whatsapp_bot\.venv\Lib\site-packages\django\templ
ate\base.py", line 989, in _resolve_lookup
    raise VariableDoesNotExist(
    ^^^^^^^^^^^^^^^^^^^^^^^^^^^
    ...<2 lines>...
    )  # missing attribute
    ^
django.template.base.VariableDoesNotExist: Failed lookup for key [hora_next_display] in {'tipo': 'empty', 'hora': 
'05:00', 'hora_display': '5:00 am', 'equipo_id': 1, 'equipo_fecha': '2026-08-13'}
[DEBUG] 2026-08-13 21:16:41,245 base Exception while resolving variable 'hora_next' in template 'campo/pizarra.html'.
Traceback (most recent call last):
  File "D:\DESARROLLO_IA\Proyecto_taxi_carga\Taxi_carga_bot\taxicarga_whatsapp_bot\.venv\Lib\site-packages\django\templ
ate\base.py", line 965, in _resolve_lookup
    current = current[bit]
              ~~~~~~~^^^^^
KeyError: 'hora_next'

During handling of the above exception, another exception occurred:

Traceback (most recent call last):
  File "D:\DESARROLLO_IA\Proyecto_taxi_carga\Taxi_carga_bot\taxicarga_whatsapp_bot\.venv\Lib\site-packages\django\templ
ate\base.py", line 976, in _resolve_lookup
    current = getattr(current, bit)
AttributeError: 'dict' object has no attribute 'hora_next'

During handling of the above exception, another exception occurred:

Traceback (most recent call last):
  File "D:\DESARROLLO_IA\Proyecto_taxi_carga\Taxi_carga_bot\taxicarga_whatsapp_bot\.venv\Lib\site-packages\django\templ
ate\base.py", line 982, in _resolve_lookup
    current = current[int(bit)]
                      ~~~^^^^^
ValueError: invalid literal for int() with base 10: 'hora_next'

During handling of the above exception, another exception occurred:

Traceback (most recent call last):
  File "D:\DESARROLLO_IA\Proyecto_taxi_carga\Taxi_carga_bot\taxicarga_whatsapp_bot\.venv\Lib\site-packages\django\templ
ate\base.py", line 989, in _resolve_lookup
    raise VariableDoesNotExist(
    ^^^^^^^^^^^^^^^^^^^^^^^^^^^
    ...<2 lines>...
    )  # missing attribute
    ^
django.template.base.VariableDoesNotExist: Failed lookup for key [hora_next] in {'tipo': 'empty', 'hora': '05:30', 
'hora_display': '5:30 am', 'equipo_id': 1, 'equipo_fecha': '2026-08-13'}
[DEBUG] 2026-08-13 21:16:41,246 base Exception while resolving variable 'hora_next_display' in template 
'campo/pizarra.html'.
Traceback (most recent call last):
  File "D:\DESARROLLO_IA\Proyecto_taxi_carga\Taxi_carga_bot\taxicarga_whatsapp_bot\.venv\Lib\site-packages\django\templ
ate\base.py", line 965, in _resolve_lookup
    current = current[bit]
              ~~~~~~~^^^^^
KeyError: 'hora_next_display'

During handling of the above exception, another exception occurred:

Traceback (most recent call last):
  File "D:\DESARROLLO_IA\Proyecto_taxi_carga\Taxi_carga_bot\taxicarga_whatsapp_bot\.venv\Lib\site-packages\django\templ
ate\base.py", line 976, in _resolve_lookup
    current = getattr(current, bit)
AttributeError: 'dict' object has no attribute 'hora_next_display'

During handling of the above exception, another exception occurred:

Traceback (most recent call last):
  File "D:\DESARROLLO_IA\Proyecto_taxi_carga\Taxi_carga_bot\taxicarga_whatsapp_bot\.venv\Lib\site-packages\django\templ
ate\base.py", line 982, in _resolve_lookup
    current = current[int(bit)]
                      ~~~^^^^^
ValueError: invalid literal for int() with base 10: 'hora_next_display'

During handling of the above exception, another exception occurred:

Traceback (most recent call last):
  File "D:\DESARROLLO_IA\Proyecto_taxi_carga\Taxi_carga_bot\taxicarga_whatsapp_bot\.venv\Lib\site-packages\django\templ
ate\base.py", line 989, in _resolve_lookup
    raise VariableDoesNotExist(
    ^^^^^^^^^^^^^^^^^^^^^^^^^^^
    ...<2 lines>...
    )  # missing attribute
    ^
django.template.base.VariableDoesNotExist: Failed lookup for key [hora_next_display] in {'tipo': 'empty', 'hora': 
'05:30', 'hora_display': '5:30 am', 'equipo_id': 1, 'equipo_fecha': '2026-08-13'}
[DEBUG] 2026-08-13 21:16:41,249 base Exception while resolving variable 'hora_next' in template 'campo/pizarra.html'.
Traceback (most recent call last):
  File "D:\DESARROLLO_IA\Proyecto_taxi_carga\Taxi_carga_bot\taxicarga_whatsapp_bot\.venv\Lib\site-packages\django\templ
ate\base.py", line 965, in _resolve_lookup
    current = current[bit]
              ~~~~~~~^^^^^
KeyError: 'hora_next'

During handling of the above exception, another exception occurred:

Traceback (most recent call last):
  File "D:\DESARROLLO_IA\Proyecto_taxi_carga\Taxi_carga_bot\taxicarga_whatsapp_bot\.venv\Lib\site-packages\django\templ
ate\base.py", line 976, in _resolve_lookup
    current = getattr(current, bit)
AttributeError: 'dict' object has no attribute 'hora_next'

During handling of the above exception, another exception occurred:

Traceback (most recent call last):
  File "D:\DESARROLLO_IA\Proyecto_taxi_carga\Taxi_carga_bot\taxicarga_whatsapp_bot\.venv\Lib\site-packages\django\templ
ate\base.py", line 982, in _resolve_lookup
    current = current[int(bit)]
                      ~~~^^^^^
ValueError: invalid literal for int() with base 10: 'hora_next'

During handling of the above exception, another exception occurred:

Traceback (most recent call last):
  File "D:\DESARROLLO_IA\Proyecto_taxi_carga\Taxi_carga_bot\taxicarga_whatsapp_bot\.venv\Lib\site-packages\django\templ
ate\base.py", line 989, in _resolve_lookup
    raise VariableDoesNotExist(
    ^^^^^^^^^^^^^^^^^^^^^^^^^^^
    ...<2 lines>...
    )  # missing attribute
    ^
django.template.base.VariableDoesNotExist: Failed lookup for key [hora_next] in {'tipo': 'empty', 'hora': '06:00', 
'hora_display': '6:00 am', 'equipo_id': 1, 'equipo_fecha': '2026-08-13'}
[DEBUG] 2026-08-13 21:16:41,250 base Exception while resolving variable 'hora_next_display' in template 
'campo/pizarra.html'.
Traceback (most recent call last):
  File "D:\DESARROLLO_IA\Proyecto_taxi_carga\Taxi_carga_bot\taxicarga_whatsapp_bot\.venv\Lib\site-packages\django\templ
ate\base.py", line 965, in _resolve_lookup
    current = current[bit]
              ~~~~~~~^^^^^
KeyError: 'hora_next_display'

During handling of the above exception, another exception occurred:

Traceback (most recent call last):
  File "D:\DESARROLLO_IA\Proyecto_taxi_carga\Taxi_carga_bot\taxicarga_whatsapp_bot\.venv\Lib\site-packages\django\templ
ate\base.py", line 976, in _resolve_lookup
    current = getattr(current, bit)
AttributeError: 'dict' object has no attribute 'hora_next_display'

During handling of the above exception, another exception occurred:

Traceback (most recent call last):
  File "D:\DESARROLLO_IA\Proyecto_taxi_carga\Taxi_carga_bot\taxicarga_whatsapp_bot\.venv\Lib\site-packages\django\templ
ate\base.py", line 982, in _resolve_lookup
    current = current[int(bit)]
                      ~~~^^^^^
ValueError: invalid literal for int() with base 10: 'hora_next_display'

During handling of the above exception, another exception occurred:

Traceback (most recent call last):
  File "D:\DESARROLLO_IA\Proyecto_taxi_carga\Taxi_carga_bot\taxicarga_whatsapp_bot\.venv\Lib\site-packages\django\templ
ate\base.py", line 989, in _resolve_lookup
    raise VariableDoesNotExist(
    ^^^^^^^^^^^^^^^^^^^^^^^^^^^
    ...<2 lines>...
    )  # missing attribute
    ^
django.template.base.VariableDoesNotExist: Failed lookup for key [hora_next_display] in {'tipo': 'empty', 'hora': 
'06:00', 'hora_display': '6:00 am', 'equipo_id': 1, 'equipo_fecha': '2026-08-13'}
[DEBUG] 2026-08-13 21:16:41,253 base Exception while resolving variable 'hora_next' in template 'campo/pizarra.html'.
Traceback (most recent call last):
  File "D:\DESARROLLO_IA\Proyecto_taxi_carga\Taxi_carga_bot\taxicarga_whatsapp_bot\.venv\Lib\site-packages\django\templ
ate\base.py", line 965, in _resolve_lookup
    current = current[bit]
              ~~~~~~~^^^^^
KeyError: 'hora_next'

During handling of the above exception, another exception occurred:

Traceback (most recent call last):
  File "D:\DESARROLLO_IA\Proyecto_taxi_carga\Taxi_carga_bot\taxicarga_whatsapp_bot\.venv\Lib\site-packages\django\templ
ate\base.py", line 976, in _resolve_lookup
    current = getattr(current, bit)
AttributeError: 'dict' object has no attribute 'hora_next'

During handling of the above exception, another exception occurred:

Traceback (most recent call last):
  File "D:\DESARROLLO_IA\Proyecto_taxi_carga\Taxi_carga_bot\taxicarga_whatsapp_bot\.venv\Lib\site-packages\django\templ
ate\base.py", line 982, in _resolve_lookup
    current = current[int(bit)]
                      ~~~^^^^^
ValueError: invalid literal for int() with base 10: 'hora_next'

During handling of the above exception, another exception occurred:

Traceback (most recent call last):
  File "D:\DESARROLLO_IA\Proyecto_taxi_carga\Taxi_carga_bot\taxicarga_whatsapp_bot\.venv\Lib\site-packages\django\templ
ate\base.py", line 989, in _resolve_lookup
    raise VariableDoesNotExist(
    ^^^^^^^^^^^^^^^^^^^^^^^^^^^
    ...<2 lines>...
    )  # missing attribute
    ^
django.template.base.VariableDoesNotExist: Failed lookup for key [hora_next] in {'tipo': 'empty', 'hora': '06:30', 
'hora_display': '6:30 am', 'equipo_id': 1, 'equipo_fecha': '2026-08-13'}
[DEBUG] 2026-08-13 21:16:41,254 base Exception while resolving variable 'hora_next_display' in template 
'campo/pizarra.html'.
Traceback (most recent call last):
  File "D:\DESARROLLO_IA\Proyecto_taxi_carga\Taxi_carga_bot\taxicarga_whatsapp_bot\.venv\Lib\site-packages\django\templ
ate\base.py", line 965, in _resolve_lookup
    current = current[bit]
              ~~~~~~~^^^^^
KeyError: 'hora_next_display'

During handling of the above exception, another exception occurred:

Traceback (most recent call last):
  File "D:\DESARROLLO_IA\Proyecto_taxi_carga\Taxi_carga_bot\taxicarga_whatsapp_bot\.venv\Lib\site-packages\django\templ
ate\base.py", line 976, in _resolve_lookup
    current = getattr(current, bit)
AttributeError: 'dict' object has no attribute 'hora_next_display'

During handling of the above exception, another exception occurred:

Traceback (most recent call last):
  File "D:\DESARROLLO_IA\Proyecto_taxi_carga\Taxi_carga_bot\taxicarga_whatsapp_bot\.venv\Lib\site-packages\django\templ
ate\base.py", line 982, in _resolve_lookup
    current = current[int(bit)]
                      ~~~^^^^^
ValueError: invalid literal for int() with base 10: 'hora_next_display'

During handling of the above exception, another exception occurred:

Traceback (most recent call last):
  File "D:\DESARROLLO_IA\Proyecto_taxi_carga\Taxi_carga_bot\taxicarga_whatsapp_bot\.venv\Lib\site-packages\django\templ
ate\base.py", line 989, in _resolve_lookup
    raise VariableDoesNotExist(
    ^^^^^^^^^^^^^^^^^^^^^^^^^^^
    ...<2 lines>...
    )  # missing attribute
    ^
django.template.base.VariableDoesNotExist: Failed lookup for key [hora_next_display] in {'tipo': 'empty', 'hora': 
'06:30', 'hora_display': '6:30 am', 'equipo_id': 1, 'equipo_fecha': '2026-08-13'}
[DEBUG] 2026-08-13 21:16:41,258 base Exception while resolving variable 'hora_next' in template 'campo/pizarra.html'.
Traceback (most recent call last):
  File "D:\DESARROLLO_IA\Proyecto_taxi_carga\Taxi_carga_bot\taxicarga_whatsapp_bot\.venv\Lib\site-packages\django\templ
ate\base.py", line 965, in _resolve_lookup
    current = current[bit]
              ~~~~~~~^^^^^
KeyError: 'hora_next'

During handling of the above exception, another exception occurred:

Traceback (most recent call last):
  File "D:\DESARROLLO_IA\Proyecto_taxi_carga\Taxi_carga_bot\taxicarga_whatsapp_bot\.venv\Lib\site-packages\django\templ
ate\base.py", line 976, in _resolve_lookup
    current = getattr(current, bit)
AttributeError: 'dict' object has no attribute 'hora_next'

During handling of the above exception, another exception occurred:

Traceback (most recent call last):
  File "D:\DESARROLLO_IA\Proyecto_taxi_carga\Taxi_carga_bot\taxicarga_whatsapp_bot\.venv\Lib\site-packages\django\templ
ate\base.py", line 982, in _resolve_lookup
    current = current[int(bit)]
                      ~~~^^^^^
ValueError: invalid literal for int() with base 10: 'hora_next'

During handling of the above exception, another exception occurred:

Traceback (most recent call last):
  File "D:\DESARROLLO_IA\Proyecto_taxi_carga\Taxi_carga_bot\taxicarga_whatsapp_bot\.venv\Lib\site-packages\django\templ
ate\base.py", line 989, in _resolve_lookup
    raise VariableDoesNotExist(
    ^^^^^^^^^^^^^^^^^^^^^^^^^^^
    ...<2 lines>...
    )  # missing attribute
    ^
django.template.base.VariableDoesNotExist: Failed lookup for key [hora_next] in {'tipo': 'empty', 'hora': '07:00', 
'hora_display': '7:00 am', 'equipo_id': 1, 'equipo_fecha': '2026-08-13'}
[DEBUG] 2026-08-13 21:16:41,258 base Exception while resolving variable 'hora_next_display' in template 
'campo/pizarra.html'.
Traceback (most recent call last):
  File "D:\DESARROLLO_IA\Proyecto_taxi_carga\Taxi_carga_bot\taxicarga_whatsapp_bot\.venv\Lib\site-packages\django\templ
ate\base.py", line 965, in _resolve_lookup
    current = current[bit]
              ~~~~~~~^^^^^
KeyError: 'hora_next_display'

During handling of the above exception, another exception occurred:

Traceback (most recent call last):
  File "D:\DESARROLLO_IA\Proyecto_taxi_carga\Taxi_carga_bot\taxicarga_whatsapp_bot\.venv\Lib\site-packages\django\templ
ate\base.py", line 976, in _resolve_lookup
    current = getattr(current, bit)
AttributeError: 'dict' object has no attribute 'hora_next_display'

During handling of the above exception, another exception occurred:

Traceback (most recent call last):
  File "D:\DESARROLLO_IA\Proyecto_taxi_carga\Taxi_carga_bot\taxicarga_whatsapp_bot\.venv\Lib\site-packages\django\templ
ate\base.py", line 982, in _resolve_lookup
    current = current[int(bit)]
                      ~~~^^^^^
ValueError: invalid literal for int() with base 10: 'hora_next_display'

During handling of the above exception, another exception occurred:

Traceback (most recent call last):
  File "D:\DESARROLLO_IA\Proyecto_taxi_carga\Taxi_carga_bot\taxicarga_whatsapp_bot\.venv\Lib\site-packages\django\templ
ate\base.py", line 989, in _resolve_lookup
    raise VariableDoesNotExist(
    ^^^^^^^^^^^^^^^^^^^^^^^^^^^
    ...<2 lines>...
    )  # missing attribute
    ^
django.template.base.VariableDoesNotExist: Failed lookup for key [hora_next_display] in {'tipo': 'empty', 'hora': 
'07:00', 'hora_display': '7:00 am', 'equipo_id': 1, 'equipo_fecha': '2026-08-13'}
[DEBUG] 2026-08-13 21:16:41,259 base Exception while resolving variable 'hora_next' in template 'campo/pizarra.html'.
Traceback (most recent call last):
  File "D:\DESARROLLO_IA\Proyecto_taxi_carga\Taxi_carga_bot\taxicarga_whatsapp_bot\.venv\Lib\site-packages\django\templ
ate\base.py", line 965, in _resolve_lookup
    current = current[bit]
              ~~~~~~~^^^^^
KeyError: 'hora_next'

During handling of the above exception, another exception occurred:

Traceback (most recent call last):
  File "D:\DESARROLLO_IA\Proyecto_taxi_carga\Taxi_carga_bot\taxicarga_whatsapp_bot\.venv\Lib\site-packages\django\templ
ate\base.py", line 976, in _resolve_lookup
    current = getattr(current, bit)
AttributeError: 'dict' object has no attribute 'hora_next'

During handling of the above exception, another exception occurred:

Traceback (most recent call last):
  File "D:\DESARROLLO_IA\Proyecto_taxi_carga\Taxi_carga_bot\taxicarga_whatsapp_bot\.venv\Lib\site-packages\django\templ
ate\base.py", line 982, in _resolve_lookup
    current = current[int(bit)]
                      ~~~^^^^^
ValueError: invalid literal for int() with base 10: 'hora_next'

During handling of the above exception, another exception occurred:

Traceback (most recent call last):
  File "D:\DESARROLLO_IA\Proyecto_taxi_carga\Taxi_carga_bot\taxicarga_whatsapp_bot\.venv\Lib\site-packages\django\templ
ate\base.py", line 989, in _resolve_lookup
    raise VariableDoesNotExist(
    ^^^^^^^^^^^^^^^^^^^^^^^^^^^
    ...<2 lines>...
    )  # missing attribute
    ^
django.template.base.VariableDoesNotExist: Failed lookup for key [hora_next] in {'tipo': 'empty', 'hora': '07:30', 
'hora_display': '7:30 am', 'equipo_id': 1, 'equipo_fecha': '2026-08-13'}
[DEBUG] 2026-08-13 21:16:41,262 base Exception while resolving variable 'hora_next_display' in template 
'campo/pizarra.html'.
Traceback (most recent call last):
  File "D:\DESARROLLO_IA\Proyecto_taxi_carga\Taxi_carga_bot\taxicarga_whatsapp_bot\.venv\Lib\site-packages\django\templ
ate\base.py", line 965, in _resolve_lookup
    current = current[bit]
              ~~~~~~~^^^^^
KeyError: 'hora_next_display'

During handling of the above exception, another exception occurred:

Traceback (most recent call last):
  File "D:\DESARROLLO_IA\Proyecto_taxi_carga\Taxi_carga_bot\taxicarga_whatsapp_bot\.venv\Lib\site-packages\django\templ
ate\base.py", line 976, in _resolve_lookup
    current = getattr(current, bit)
AttributeError: 'dict' object has no attribute 'hora_next_display'

During handling of the above exception, another exception occurred:

Traceback (most recent call last):
  File "D:\DESARROLLO_IA\Proyecto_taxi_carga\Taxi_carga_bot\taxicarga_whatsapp_bot\.venv\Lib\site-packages\django\templ
ate\base.py", line 982, in _resolve_lookup
    current = current[int(bit)]
                      ~~~^^^^^
ValueError: invalid literal for int() with base 10: 'hora_next_display'

During handling of the above exception, another exception occurred:

Traceback (most recent call last):
  File "D:\DESARROLLO_IA\Proyecto_taxi_carga\Taxi_carga_bot\taxicarga_whatsapp_bot\.venv\Lib\site-packages\django\templ
ate\base.py", line 989, in _resolve_lookup
    raise VariableDoesNotExist(
    ^^^^^^^^^^^^^^^^^^^^^^^^^^^
    ...<2 lines>...
    )  # missing attribute
    ^
django.template.base.VariableDoesNotExist: Failed lookup for key [hora_next_display] in {'tipo': 'empty', 'hora': 
'07:30', 'hora_display': '7:30 am', 'equipo_id': 1, 'equipo_fecha': '2026-08-13'}
[DEBUG] 2026-08-13 21:16:41,263 base Exception while resolving variable 'hora_next' in template 'campo/pizarra.html'.
Traceback (most recent call last):
  File "D:\DESARROLLO_IA\Proyecto_taxi_carga\Taxi_carga_bot\taxicarga_whatsapp_bot\.venv\Lib\site-packages\django\templ
ate\base.py", line 965, in _resolve_lookup
    current = current[bit]
              ~~~~~~~^^^^^
KeyError: 'hora_next'

During handling of the above exception, another exception occurred:

Traceback (most recent call last):
  File "D:\DESARROLLO_IA\Proyecto_taxi_carga\Taxi_carga_bot\taxicarga_whatsapp_bot\.venv\Lib\site-packages\django\templ
ate\base.py", line 976, in _resolve_lookup
    current = getattr(current, bit)
AttributeError: 'dict' object has no attribute 'hora_next'

During handling of the above exception, another exception occurred:

Traceback (most recent call last):
  File "D:\DESARROLLO_IA\Proyecto_taxi_carga\Taxi_carga_bot\taxicarga_whatsapp_bot\.venv\Lib\site-packages\django\templ
ate\base.py", line 982, in _resolve_lookup
    current = current[int(bit)]
                      ~~~^^^^^
ValueError: invalid literal for int() with base 10: 'hora_next'

During handling of the above exception, another exception occurred:

Traceback (most recent call last):
  File "D:\DESARROLLO_IA\Proyecto_taxi_carga\Taxi_carga_bot\taxicarga_whatsapp_bot\.venv\Lib\site-packages\django\templ
ate\base.py", line 989, in _resolve_lookup
    raise VariableDoesNotExist(
    ^^^^^^^^^^^^^^^^^^^^^^^^^^^
    ...<2 lines>...
    )  # missing attribute
    ^
django.template.base.VariableDoesNotExist: Failed lookup for key [hora_next] in {'tipo': 'empty', 'hora': '08:00', 
'hora_display': '8:00 am', 'equipo_id': 1, 'equipo_fecha': '2026-08-13'}
[DEBUG] 2026-08-13 21:16:41,266 base Exception while resolving variable 'hora_next_display' in template 
'campo/pizarra.html'.
Traceback (most recent call last):
  File "D:\DESARROLLO_IA\Proyecto_taxi_carga\Taxi_carga_bot\taxicarga_whatsapp_bot\.venv\Lib\site-packages\django\templ
ate\base.py", line 965, in _resolve_lookup
    current = current[bit]
              ~~~~~~~^^^^^
KeyError: 'hora_next_display'

During handling of the above exception, another exception occurred:

Traceback (most recent call last):
  File "D:\DESARROLLO_IA\Proyecto_taxi_carga\Taxi_carga_bot\taxicarga_whatsapp_bot\.venv\Lib\site-packages\django\templ
ate\base.py", line 976, in _resolve_lookup
    current = getattr(current, bit)
AttributeError: 'dict' object has no attribute 'hora_next_display'

During handling of the above exception, another exception occurred:

Traceback (most recent call last):
  File "D:\DESARROLLO_IA\Proyecto_taxi_carga\Taxi_carga_bot\taxicarga_whatsapp_bot\.venv\Lib\site-packages\django\templ
ate\base.py", line 982, in _resolve_lookup
    current = current[int(bit)]
                      ~~~^^^^^
ValueError: invalid literal for int() with base 10: 'hora_next_display'

During handling of the above exception, another exception occurred:

Traceback (most recent call last):
  File "D:\DESARROLLO_IA\Proyecto_taxi_carga\Taxi_carga_bot\taxicarga_whatsapp_bot\.venv\Lib\site-packages\django\templ
ate\base.py", line 989, in _resolve_lookup
    raise VariableDoesNotExist(
    ^^^^^^^^^^^^^^^^^^^^^^^^^^^
    ...<2 lines>...
    )  # missing attribute
    ^
django.template.base.VariableDoesNotExist: Failed lookup for key [hora_next_display] in {'tipo': 'empty', 'hora': 
'08:00', 'hora_display': '8:00 am', 'equipo_id': 1, 'equipo_fecha': '2026-08-13'}
[DEBUG] 2026-08-13 21:16:41,267 base Exception while resolving variable 'hora_next' in template 'campo/pizarra.html'.
Traceback (most recent call last):
  File "D:\DESARROLLO_IA\Proyecto_taxi_carga\Taxi_carga_bot\taxicarga_whatsapp_bot\.venv\Lib\site-packages\django\templ
ate\base.py", line 965, in _resolve_lookup
    current = current[bit]
              ~~~~~~~^^^^^
KeyError: 'hora_next'

During handling of the above exception, another exception occurred:

Traceback (most recent call last):
  File "D:\DESARROLLO_IA\Proyecto_taxi_carga\Taxi_carga_bot\taxicarga_whatsapp_bot\.venv\Lib\site-packages\django\templ
ate\base.py", line 976, in _resolve_lookup
    current = getattr(current, bit)
AttributeError: 'dict' object has no attribute 'hora_next'

During handling of the above exception, another exception occurred:

Traceback (most recent call last):
  File "D:\DESARROLLO_IA\Proyecto_taxi_carga\Taxi_carga_bot\taxicarga_whatsapp_bot\.venv\Lib\site-packages\django\templ
ate\base.py", line 982, in _resolve_lookup
    current = current[int(bit)]
                      ~~~^^^^^
ValueError: invalid literal for int() with base 10: 'hora_next'

During handling of the above exception, another exception occurred:

Traceback (most recent call last):
  File "D:\DESARROLLO_IA\Proyecto_taxi_carga\Taxi_carga_bot\taxicarga_whatsapp_bot\.venv\Lib\site-packages\django\templ
ate\base.py", line 989, in _resolve_lookup
    raise VariableDoesNotExist(
    ^^^^^^^^^^^^^^^^^^^^^^^^^^^
    ...<2 lines>...
    )  # missing attribute
    ^
django.template.base.VariableDoesNotExist: Failed lookup for key [hora_next] in {'tipo': 'empty', 'hora': '09:30', 
'hora_display': '9:30 am', 'equipo_id': 1, 'equipo_fecha': '2026-08-13'}
[DEBUG] 2026-08-13 21:16:41,272 base Exception while resolving variable 'hora_next_display' in template 
'campo/pizarra.html'.
Traceback (most recent call last):
  File "D:\DESARROLLO_IA\Proyecto_taxi_carga\Taxi_carga_bot\taxicarga_whatsapp_bot\.venv\Lib\site-packages\django\templ
ate\base.py", line 965, in _resolve_lookup
    current = current[bit]
              ~~~~~~~^^^^^
KeyError: 'hora_next_display'

During handling of the above exception, another exception occurred:

Traceback (most recent call last):
  File "D:\DESARROLLO_IA\Proyecto_taxi_carga\Taxi_carga_bot\taxicarga_whatsapp_bot\.venv\Lib\site-packages\django\templ
ate\base.py", line 976, in _resolve_lookup
    current = getattr(current, bit)
AttributeError: 'dict' object has no attribute 'hora_next_display'

During handling of the above exception, another exception occurred:

Traceback (most recent call last):
  File "D:\DESARROLLO_IA\Proyecto_taxi_carga\Taxi_carga_bot\taxicarga_whatsapp_bot\.venv\Lib\site-packages\django\templ
ate\base.py", line 982, in _resolve_lookup
    current = current[int(bit)]
                      ~~~^^^^^
ValueError: invalid literal for int() with base 10: 'hora_next_display'

During handling of the above exception, another exception occurred:

Traceback (most recent call last):
  File "D:\DESARROLLO_IA\Proyecto_taxi_carga\Taxi_carga_bot\taxicarga_whatsapp_bot\.venv\Lib\site-packages\django\templ
ate\base.py", line 989, in _resolve_lookup
    raise VariableDoesNotExist(
    ^^^^^^^^^^^^^^^^^^^^^^^^^^^
    ...<2 lines>...
    )  # missing attribute
    ^
django.template.base.VariableDoesNotExist: Failed lookup for key [hora_next_display] in {'tipo': 'empty', 'hora': 
'09:30', 'hora_display': '9:30 am', 'equipo_id': 1, 'equipo_fecha': '2026-08-13'}
[DEBUG] 2026-08-13 21:16:41,273 base Exception while resolving variable 'hora_next' in template 'campo/pizarra.html'.
Traceback (most recent call last):
  File "D:\DESARROLLO_IA\Proyecto_taxi_carga\Taxi_carga_bot\taxicarga_whatsapp_bot\.venv\Lib\site-packages\django\templ
ate\base.py", line 965, in _resolve_lookup
    current = current[bit]
              ~~~~~~~^^^^^
KeyError: 'hora_next'

During handling of the above exception, another exception occurred:

Traceback (most recent call last):
  File "D:\DESARROLLO_IA\Proyecto_taxi_carga\Taxi_carga_bot\taxicarga_whatsapp_bot\.venv\Lib\site-packages\django\templ
ate\base.py", line 976, in _resolve_lookup
    current = getattr(current, bit)
AttributeError: 'dict' object has no attribute 'hora_next'

During handling of the above exception, another exception occurred:

Traceback (most recent call last):
  File "D:\DESARROLLO_IA\Proyecto_taxi_carga\Taxi_carga_bot\taxicarga_whatsapp_bot\.venv\Lib\site-packages\django\templ
ate\base.py", line 982, in _resolve_lookup
    current = current[int(bit)]
                      ~~~^^^^^
ValueError: invalid literal for int() with base 10: 'hora_next'

During handling of the above exception, another exception occurred:

Traceback (most recent call last):
  File "D:\DESARROLLO_IA\Proyecto_taxi_carga\Taxi_carga_bot\taxicarga_whatsapp_bot\.venv\Lib\site-packages\django\templ
ate\base.py", line 989, in _resolve_lookup
    raise VariableDoesNotExist(
    ^^^^^^^^^^^^^^^^^^^^^^^^^^^
    ...<2 lines>...
    )  # missing attribute
    ^
django.template.base.VariableDoesNotExist: Failed lookup for key [hora_next] in {'tipo': 'empty', 'hora': '10:00', 
'hora_display': '10:00 am', 'equipo_id': 1, 'equipo_fecha': '2026-08-13'}
[DEBUG] 2026-08-13 21:16:41,274 base Exception while resolving variable 'hora_next_display' in template 
'campo/pizarra.html'.
Traceback (most recent call last):
  File "D:\DESARROLLO_IA\Proyecto_taxi_carga\Taxi_carga_bot\taxicarga_whatsapp_bot\.venv\Lib\site-packages\django\templ
ate\base.py", line 965, in _resolve_lookup
    current = current[bit]
              ~~~~~~~^^^^^
KeyError: 'hora_next_display'

During handling of the above exception, another exception occurred:

Traceback (most recent call last):
  File "D:\DESARROLLO_IA\Proyecto_taxi_carga\Taxi_carga_bot\taxicarga_whatsapp_bot\.venv\Lib\site-packages\django\templ
ate\base.py", line 976, in _resolve_lookup
    current = getattr(current, bit)
AttributeError: 'dict' object has no attribute 'hora_next_display'

During handling of the above exception, another exception occurred:

Traceback (most recent call last):
  File "D:\DESARROLLO_IA\Proyecto_taxi_carga\Taxi_carga_bot\taxicarga_whatsapp_bot\.venv\Lib\site-packages\django\templ
ate\base.py", line 982, in _resolve_lookup
    current = current[int(bit)]
                      ~~~^^^^^
ValueError: invalid literal for int() with base 10: 'hora_next_display'

During handling of the above exception, another exception occurred:

Traceback (most recent call last):
  File "D:\DESARROLLO_IA\Proyecto_taxi_carga\Taxi_carga_bot\taxicarga_whatsapp_bot\.venv\Lib\site-packages\django\templ
ate\base.py", line 989, in _resolve_lookup
    raise VariableDoesNotExist(
    ^^^^^^^^^^^^^^^^^^^^^^^^^^^
    ...<2 lines>...
    )  # missing attribute
    ^
django.template.base.VariableDoesNotExist: Failed lookup for key [hora_next_display] in {'tipo': 'empty', 'hora': 
'10:00', 'hora_display': '10:00 am', 'equipo_id': 1, 'equipo_fecha': '2026-08-13'}
[DEBUG] 2026-08-13 21:16:41,278 base Exception while resolving variable 'hora_next' in template 'campo/pizarra.html'.
Traceback (most recent call last):
  File "D:\DESARROLLO_IA\Proyecto_taxi_carga\Taxi_carga_bot\taxicarga_whatsapp_bot\.venv\Lib\site-packages\django\templ
ate\base.py", line 965, in _resolve_lookup
    current = current[bit]
              ~~~~~~~^^^^^
KeyError: 'hora_next'

During handling of the above exception, another exception occurred:

Traceback (most recent call last):
  File "D:\DESARROLLO_IA\Proyecto_taxi_carga\Taxi_carga_bot\taxicarga_whatsapp_bot\.venv\Lib\site-packages\django\templ
ate\base.py", line 976, in _resolve_lookup
    current = getattr(current, bit)
AttributeError: 'dict' object has no attribute 'hora_next'

During handling of the above exception, another exception occurred:

Traceback (most recent call last):
  File "D:\DESARROLLO_IA\Proyecto_taxi_carga\Taxi_carga_bot\taxicarga_whatsapp_bot\.venv\Lib\site-packages\django\templ
ate\base.py", line 982, in _resolve_lookup
    current = current[int(bit)]
                      ~~~^^^^^
ValueError: invalid literal for int() with base 10: 'hora_next'

During handling of the above exception, another exception occurred:

Traceback (most recent call last):
  File "D:\DESARROLLO_IA\Proyecto_taxi_carga\Taxi_carga_bot\taxicarga_whatsapp_bot\.venv\Lib\site-packages\django\templ
ate\base.py", line 989, in _resolve_lookup
    raise VariableDoesNotExist(
    ^^^^^^^^^^^^^^^^^^^^^^^^^^^
    ...<2 lines>...
    )  # missing attribute
    ^
django.template.base.VariableDoesNotExist: Failed lookup for key [hora_next] in {'tipo': 'empty', 'hora': '10:30', 
'hora_display': '10:30 am', 'equipo_id': 1, 'equipo_fecha': '2026-08-13'}
[DEBUG] 2026-08-13 21:16:41,279 base Exception while resolving variable 'hora_next_display' in template 
'campo/pizarra.html'.
Traceback (most recent call last):
  File "D:\DESARROLLO_IA\Proyecto_taxi_carga\Taxi_carga_bot\taxicarga_whatsapp_bot\.venv\Lib\site-packages\django\templ
ate\base.py", line 965, in _resolve_lookup
    current = current[bit]
              ~~~~~~~^^^^^
KeyError: 'hora_next_display'

During handling of the above exception, another exception occurred:

Traceback (most recent call last):
  File "D:\DESARROLLO_IA\Proyecto_taxi_carga\Taxi_carga_bot\taxicarga_whatsapp_bot\.venv\Lib\site-packages\django\templ
ate\base.py", line 976, in _resolve_lookup
    current = getattr(current, bit)
AttributeError: 'dict' object has no attribute 'hora_next_display'

During handling of the above exception, another exception occurred:

Traceback (most recent call last):
  File "D:\DESARROLLO_IA\Proyecto_taxi_carga\Taxi_carga_bot\taxicarga_whatsapp_bot\.venv\Lib\site-packages\django\templ
ate\base.py", line 982, in _resolve_lookup
    current = current[int(bit)]
                      ~~~^^^^^
ValueError: invalid literal for int() with base 10: 'hora_next_display'

During handling of the above exception, another exception occurred:

Traceback (most recent call last):
  File "D:\DESARROLLO_IA\Proyecto_taxi_carga\Taxi_carga_bot\taxicarga_whatsapp_bot\.venv\Lib\site-packages\django\templ
ate\base.py", line 989, in _resolve_lookup
    raise VariableDoesNotExist(
    ^^^^^^^^^^^^^^^^^^^^^^^^^^^
    ...<2 lines>...
    )  # missing attribute
    ^
django.template.base.VariableDoesNotExist: Failed lookup for key [hora_next_display] in {'tipo': 'empty', 'hora': 
'10:30', 'hora_display': '10:30 am', 'equipo_id': 1, 'equipo_fecha': '2026-08-13'}
[DEBUG] 2026-08-13 21:16:41,282 base Exception while resolving variable 'hora_next' in template 'campo/pizarra.html'.
Traceback (most recent call last):
  File "D:\DESARROLLO_IA\Proyecto_taxi_carga\Taxi_carga_bot\taxicarga_whatsapp_bot\.venv\Lib\site-packages\django\templ
ate\base.py", line 965, in _resolve_lookup
    current = current[bit]
              ~~~~~~~^^^^^
KeyError: 'hora_next'

During handling of the above exception, another exception occurred:

Traceback (most recent call last):
  File "D:\DESARROLLO_IA\Proyecto_taxi_carga\Taxi_carga_bot\taxicarga_whatsapp_bot\.venv\Lib\site-packages\django\templ
ate\base.py", line 976, in _resolve_lookup
    current = getattr(current, bit)
AttributeError: 'dict' object has no attribute 'hora_next'

During handling of the above exception, another exception occurred:

Traceback (most recent call last):
  File "D:\DESARROLLO_IA\Proyecto_taxi_carga\Taxi_carga_bot\taxicarga_whatsapp_bot\.venv\Lib\site-packages\django\templ
ate\base.py", line 982, in _resolve_lookup
    current = current[int(bit)]
                      ~~~^^^^^
ValueError: invalid literal for int() with base 10: 'hora_next'

During handling of the above exception, another exception occurred:

Traceback (most recent call last):
  File "D:\DESARROLLO_IA\Proyecto_taxi_carga\Taxi_carga_bot\taxicarga_whatsapp_bot\.venv\Lib\site-packages\django\templ
ate\base.py", line 989, in _resolve_lookup
    raise VariableDoesNotExist(
    ^^^^^^^^^^^^^^^^^^^^^^^^^^^
    ...<2 lines>...
    )  # missing attribute
    ^
django.template.base.VariableDoesNotExist: Failed lookup for key [hora_next] in {'tipo': 'empty', 'hora': '11:00', 
'hora_display': '11:00 am', 'equipo_id': 1, 'equipo_fecha': '2026-08-13'}
[DEBUG] 2026-08-13 21:16:41,283 base Exception while resolving variable 'hora_next_display' in template 
'campo/pizarra.html'.
Traceback (most recent call last):
  File "D:\DESARROLLO_IA\Proyecto_taxi_carga\Taxi_carga_bot\taxicarga_whatsapp_bot\.venv\Lib\site-packages\django\templ
ate\base.py", line 965, in _resolve_lookup
    current = current[bit]
              ~~~~~~~^^^^^
KeyError: 'hora_next_display'

During handling of the above exception, another exception occurred:

Traceback (most recent call last):
  File "D:\DESARROLLO_IA\Proyecto_taxi_carga\Taxi_carga_bot\taxicarga_whatsapp_bot\.venv\Lib\site-packages\django\templ
ate\base.py", line 976, in _resolve_lookup
    current = getattr(current, bit)
AttributeError: 'dict' object has no attribute 'hora_next_display'

During handling of the above exception, another exception occurred:

Traceback (most recent call last):
  File "D:\DESARROLLO_IA\Proyecto_taxi_carga\Taxi_carga_bot\taxicarga_whatsapp_bot\.venv\Lib\site-packages\django\templ
ate\base.py", line 982, in _resolve_lookup
    current = current[int(bit)]
                      ~~~^^^^^
ValueError: invalid literal for int() with base 10: 'hora_next_display'

During handling of the above exception, another exception occurred:

Traceback (most recent call last):
  File "D:\DESARROLLO_IA\Proyecto_taxi_carga\Taxi_carga_bot\taxicarga_whatsapp_bot\.venv\Lib\site-packages\django\templ
ate\base.py", line 989, in _resolve_lookup
    raise VariableDoesNotExist(
    ^^^^^^^^^^^^^^^^^^^^^^^^^^^
    ...<2 lines>...
    )  # missing attribute
    ^
django.template.base.VariableDoesNotExist: Failed lookup for key [hora_next_display] in {'tipo': 'empty', 'hora': 
'11:00', 'hora_display': '11:00 am', 'equipo_id': 1, 'equipo_fecha': '2026-08-13'}
[DEBUG] 2026-08-13 21:16:41,286 base Exception while resolving variable 'hora_next' in template 'campo/pizarra.html'.
Traceback (most recent call last):
  File "D:\DESARROLLO_IA\Proyecto_taxi_carga\Taxi_carga_bot\taxicarga_whatsapp_bot\.venv\Lib\site-packages\django\templ
ate\base.py", line 965, in _resolve_lookup
    current = current[bit]
              ~~~~~~~^^^^^
KeyError: 'hora_next'

During handling of the above exception, another exception occurred:

Traceback (most recent call last):
  File "D:\DESARROLLO_IA\Proyecto_taxi_carga\Taxi_carga_bot\taxicarga_whatsapp_bot\.venv\Lib\site-packages\django\templ
ate\base.py", line 976, in _resolve_lookup
    current = getattr(current, bit)
AttributeError: 'dict' object has no attribute 'hora_next'

During handling of the above exception, another exception occurred:

Traceback (most recent call last):
  File "D:\DESARROLLO_IA\Proyecto_taxi_carga\Taxi_carga_bot\taxicarga_whatsapp_bot\.venv\Lib\site-packages\django\templ
ate\base.py", line 982, in _resolve_lookup
    current = current[int(bit)]
                      ~~~^^^^^
ValueError: invalid literal for int() with base 10: 'hora_next'

During handling of the above exception, another exception occurred:

Traceback (most recent call last):
  File "D:\DESARROLLO_IA\Proyecto_taxi_carga\Taxi_carga_bot\taxicarga_whatsapp_bot\.venv\Lib\site-packages\django\templ
ate\base.py", line 989, in _resolve_lookup
    raise VariableDoesNotExist(
    ^^^^^^^^^^^^^^^^^^^^^^^^^^^
    ...<2 lines>...
    )  # missing attribute
    ^
django.template.base.VariableDoesNotExist: Failed lookup for key [hora_next] in {'tipo': 'empty', 'hora': '11:30', 
'hora_display': '11:30 am', 'equipo_id': 1, 'equipo_fecha': '2026-08-13'}
[DEBUG] 2026-08-13 21:16:41,287 base Exception while resolving variable 'hora_next_display' in template 
'campo/pizarra.html'.
Traceback (most recent call last):
  File "D:\DESARROLLO_IA\Proyecto_taxi_carga\Taxi_carga_bot\taxicarga_whatsapp_bot\.venv\Lib\site-packages\django\templ
ate\base.py", line 965, in _resolve_lookup
    current = current[bit]
              ~~~~~~~^^^^^
KeyError: 'hora_next_display'

During handling of the above exception, another exception occurred:

Traceback (most recent call last):
  File "D:\DESARROLLO_IA\Proyecto_taxi_carga\Taxi_carga_bot\taxicarga_whatsapp_bot\.venv\Lib\site-packages\django\templ
ate\base.py", line 976, in _resolve_lookup
    current = getattr(current, bit)
AttributeError: 'dict' object has no attribute 'hora_next_display'

During handling of the above exception, another exception occurred:

Traceback (most recent call last):
  File "D:\DESARROLLO_IA\Proyecto_taxi_carga\Taxi_carga_bot\taxicarga_whatsapp_bot\.venv\Lib\site-packages\django\templ
ate\base.py", line 982, in _resolve_lookup
    current = current[int(bit)]
                      ~~~^^^^^
ValueError: invalid literal for int() with base 10: 'hora_next_display'

During handling of the above exception, another exception occurred:

Traceback (most recent call last):
  File "D:\DESARROLLO_IA\Proyecto_taxi_carga\Taxi_carga_bot\taxicarga_whatsapp_bot\.venv\Lib\site-packages\django\templ
ate\base.py", line 989, in _resolve_lookup
    raise VariableDoesNotExist(
    ^^^^^^^^^^^^^^^^^^^^^^^^^^^
    ...<2 lines>...
    )  # missing attribute
    ^
django.template.base.VariableDoesNotExist: Failed lookup for key [hora_next_display] in {'tipo': 'empty', 'hora': 
'11:30', 'hora_display': '11:30 am', 'equipo_id': 1, 'equipo_fecha': '2026-08-13'}
[DEBUG] 2026-08-13 21:16:41,291 base Exception while resolving variable 'hora_next' in template 'campo/pizarra.html'.
Traceback (most recent call last):
  File "D:\DESARROLLO_IA\Proyecto_taxi_carga\Taxi_carga_bot\taxicarga_whatsapp_bot\.venv\Lib\site-packages\django\templ
ate\base.py", line 965, in _resolve_lookup
    current = current[bit]
              ~~~~~~~^^^^^
KeyError: 'hora_next'

During handling of the above exception, another exception occurred:

Traceback (most recent call last):
  File "D:\DESARROLLO_IA\Proyecto_taxi_carga\Taxi_carga_bot\taxicarga_whatsapp_bot\.venv\Lib\site-packages\django\templ
ate\base.py", line 976, in _resolve_lookup
    current = getattr(current, bit)
AttributeError: 'dict' object has no attribute 'hora_next'

During handling of the above exception, another exception occurred:

Traceback (most recent call last):
  File "D:\DESARROLLO_IA\Proyecto_taxi_carga\Taxi_carga_bot\taxicarga_whatsapp_bot\.venv\Lib\site-packages\django\templ
ate\base.py", line 982, in _resolve_lookup
    current = current[int(bit)]
                      ~~~^^^^^
ValueError: invalid literal for int() with base 10: 'hora_next'

During handling of the above exception, another exception occurred:

Traceback (most recent call last):
  File "D:\DESARROLLO_IA\Proyecto_taxi_carga\Taxi_carga_bot\taxicarga_whatsapp_bot\.venv\Lib\site-packages\django\templ
ate\base.py", line 989, in _resolve_lookup
    raise VariableDoesNotExist(
    ^^^^^^^^^^^^^^^^^^^^^^^^^^^
    ...<2 lines>...
    )  # missing attribute
    ^
django.template.base.VariableDoesNotExist: Failed lookup for key [hora_next] in {'tipo': 'empty', 'hora': '12:00', 
'hora_display': '12:00 pm', 'equipo_id': 1, 'equipo_fecha': '2026-08-13'}
[DEBUG] 2026-08-13 21:16:41,291 base Exception while resolving variable 'hora_next_display' in template 
'campo/pizarra.html'.
Traceback (most recent call last):
  File "D:\DESARROLLO_IA\Proyecto_taxi_carga\Taxi_carga_bot\taxicarga_whatsapp_bot\.venv\Lib\site-packages\django\templ
ate\base.py", line 965, in _resolve_lookup
    current = current[bit]
              ~~~~~~~^^^^^
KeyError: 'hora_next_display'

During handling of the above exception, another exception occurred:

Traceback (most recent call last):
  File "D:\DESARROLLO_IA\Proyecto_taxi_carga\Taxi_carga_bot\taxicarga_whatsapp_bot\.venv\Lib\site-packages\django\templ
ate\base.py", line 976, in _resolve_lookup
    current = getattr(current, bit)
AttributeError: 'dict' object has no attribute 'hora_next_display'

During handling of the above exception, another exception occurred:

Traceback (most recent call last):
  File "D:\DESARROLLO_IA\Proyecto_taxi_carga\Taxi_carga_bot\taxicarga_whatsapp_bot\.venv\Lib\site-packages\django\templ
ate\base.py", line 982, in _resolve_lookup
    current = current[int(bit)]
                      ~~~^^^^^
ValueError: invalid literal for int() with base 10: 'hora_next_display'

During handling of the above exception, another exception occurred:

Traceback (most recent call last):
  File "D:\DESARROLLO_IA\Proyecto_taxi_carga\Taxi_carga_bot\taxicarga_whatsapp_bot\.venv\Lib\site-packages\django\templ
ate\base.py", line 989, in _resolve_lookup
    raise VariableDoesNotExist(
    ^^^^^^^^^^^^^^^^^^^^^^^^^^^
    ...<2 lines>...
    )  # missing attribute
    ^
django.template.base.VariableDoesNotExist: Failed lookup for key [hora_next_display] in {'tipo': 'empty', 'hora': 
'12:00', 'hora_display': '12:00 pm', 'equipo_id': 1, 'equipo_fecha': '2026-08-13'}
[DEBUG] 2026-08-13 21:16:41,292 base Exception while resolving variable 'hora_next' in template 'campo/pizarra.html'.
Traceback (most recent call last):
  File "D:\DESARROLLO_IA\Proyecto_taxi_carga\Taxi_carga_bot\taxicarga_whatsapp_bot\.venv\Lib\site-packages\django\templ
ate\base.py", line 965, in _resolve_lookup
    current = current[bit]
              ~~~~~~~^^^^^
KeyError: 'hora_next'

During handling of the above exception, another exception occurred:

Traceback (most recent call last):
  File "D:\DESARROLLO_IA\Proyecto_taxi_carga\Taxi_carga_bot\taxicarga_whatsapp_bot\.venv\Lib\site-packages\django\templ
ate\base.py", line 976, in _resolve_lookup
    current = getattr(current, bit)
AttributeError: 'dict' object has no attribute 'hora_next'

During handling of the above exception, another exception occurred:

Traceback (most recent call last):
  File "D:\DESARROLLO_IA\Proyecto_taxi_carga\Taxi_carga_bot\taxicarga_whatsapp_bot\.venv\Lib\site-packages\django\templ
ate\base.py", line 982, in _resolve_lookup
    current = current[int(bit)]
                      ~~~^^^^^
ValueError: invalid literal for int() with base 10: 'hora_next'

During handling of the above exception, another exception occurred:

Traceback (most recent call last):
  File "D:\DESARROLLO_IA\Proyecto_taxi_carga\Taxi_carga_bot\taxicarga_whatsapp_bot\.venv\Lib\site-packages\django\templ
ate\base.py", line 989, in _resolve_lookup
    raise VariableDoesNotExist(
    ^^^^^^^^^^^^^^^^^^^^^^^^^^^
    ...<2 lines>...
    )  # missing attribute
    ^
django.template.base.VariableDoesNotExist: Failed lookup for key [hora_next] in {'tipo': 'empty', 'hora': '12:30', 
'hora_display': '12:30 pm', 'equipo_id': 1, 'equipo_fecha': '2026-08-13'}
[DEBUG] 2026-08-13 21:16:41,296 base Exception while resolving variable 'hora_next_display' in template 
'campo/pizarra.html'.
Traceback (most recent call last):
  File "D:\DESARROLLO_IA\Proyecto_taxi_carga\Taxi_carga_bot\taxicarga_whatsapp_bot\.venv\Lib\site-packages\django\templ
ate\base.py", line 965, in _resolve_lookup
    current = current[bit]
              ~~~~~~~^^^^^
KeyError: 'hora_next_display'

During handling of the above exception, another exception occurred:

Traceback (most recent call last):
  File "D:\DESARROLLO_IA\Proyecto_taxi_carga\Taxi_carga_bot\taxicarga_whatsapp_bot\.venv\Lib\site-packages\django\templ
ate\base.py", line 976, in _resolve_lookup
    current = getattr(current, bit)
AttributeError: 'dict' object has no attribute 'hora_next_display'

During handling of the above exception, another exception occurred:

Traceback (most recent call last):
  File "D:\DESARROLLO_IA\Proyecto_taxi_carga\Taxi_carga_bot\taxicarga_whatsapp_bot\.venv\Lib\site-packages\django\templ
ate\base.py", line 982, in _resolve_lookup
    current = current[int(bit)]
                      ~~~^^^^^
ValueError: invalid literal for int() with base 10: 'hora_next_display'

During handling of the above exception, another exception occurred:

Traceback (most recent call last):
  File "D:\DESARROLLO_IA\Proyecto_taxi_carga\Taxi_carga_bot\taxicarga_whatsapp_bot\.venv\Lib\site-packages\django\templ
ate\base.py", line 989, in _resolve_lookup
    raise VariableDoesNotExist(
    ^^^^^^^^^^^^^^^^^^^^^^^^^^^
    ...<2 lines>...
    )  # missing attribute
    ^
django.template.base.VariableDoesNotExist: Failed lookup for key [hora_next_display] in {'tipo': 'empty', 'hora': 
'12:30', 'hora_display': '12:30 pm', 'equipo_id': 1, 'equipo_fecha': '2026-08-13'}
[DEBUG] 2026-08-13 21:16:41,297 base Exception while resolving variable 'hora_next' in template 'campo/pizarra.html'.
Traceback (most recent call last):
  File "D:\DESARROLLO_IA\Proyecto_taxi_carga\Taxi_carga_bot\taxicarga_whatsapp_bot\.venv\Lib\site-packages\django\templ
ate\base.py", line 965, in _resolve_lookup
    current = current[bit]
              ~~~~~~~^^^^^
KeyError: 'hora_next'

During handling of the above exception, another exception occurred:

Traceback (most recent call last):
  File "D:\DESARROLLO_IA\Proyecto_taxi_carga\Taxi_carga_bot\taxicarga_whatsapp_bot\.venv\Lib\site-packages\django\templ
ate\base.py", line 976, in _resolve_lookup
    current = getattr(current, bit)
AttributeError: 'dict' object has no attribute 'hora_next'

During handling of the above exception, another exception occurred:

Traceback (most recent call last):
  File "D:\DESARROLLO_IA\Proyecto_taxi_carga\Taxi_carga_bot\taxicarga_whatsapp_bot\.venv\Lib\site-packages\django\templ
ate\base.py", line 982, in _resolve_lookup
    current = current[int(bit)]
                      ~~~^^^^^
ValueError: invalid literal for int() with base 10: 'hora_next'

During handling of the above exception, another exception occurred:

Traceback (most recent call last):
  File "D:\DESARROLLO_IA\Proyecto_taxi_carga\Taxi_carga_bot\taxicarga_whatsapp_bot\.venv\Lib\site-packages\django\templ
ate\base.py", line 989, in _resolve_lookup
    raise VariableDoesNotExist(
    ^^^^^^^^^^^^^^^^^^^^^^^^^^^
    ...<2 lines>...
    )  # missing attribute
    ^
django.template.base.VariableDoesNotExist: Failed lookup for key [hora_next] in {'tipo': 'empty', 'hora': '13:00', 
'hora_display': '1:00 pm', 'equipo_id': 1, 'equipo_fecha': '2026-08-13'}
[DEBUG] 2026-08-13 21:16:41,301 base Exception while resolving variable 'hora_next_display' in template 
'campo/pizarra.html'.
Traceback (most recent call last):
  File "D:\DESARROLLO_IA\Proyecto_taxi_carga\Taxi_carga_bot\taxicarga_whatsapp_bot\.venv\Lib\site-packages\django\templ
ate\base.py", line 965, in _resolve_lookup
    current = current[bit]
              ~~~~~~~^^^^^
KeyError: 'hora_next_display'

During handling of the above exception, another exception occurred:

Traceback (most recent call last):
  File "D:\DESARROLLO_IA\Proyecto_taxi_carga\Taxi_carga_bot\taxicarga_whatsapp_bot\.venv\Lib\site-packages\django\templ
ate\base.py", line 976, in _resolve_lookup
    current = getattr(current, bit)
AttributeError: 'dict' object has no attribute 'hora_next_display'

During handling of the above exception, another exception occurred:

Traceback (most recent call last):
  File "D:\DESARROLLO_IA\Proyecto_taxi_carga\Taxi_carga_bot\taxicarga_whatsapp_bot\.venv\Lib\site-packages\django\templ
ate\base.py", line 982, in _resolve_lookup
    current = current[int(bit)]
                      ~~~^^^^^
ValueError: invalid literal for int() with base 10: 'hora_next_display'

During handling of the above exception, another exception occurred:

Traceback (most recent call last):
  File "D:\DESARROLLO_IA\Proyecto_taxi_carga\Taxi_carga_bot\taxicarga_whatsapp_bot\.venv\Lib\site-packages\django\templ
ate\base.py", line 989, in _resolve_lookup
    raise VariableDoesNotExist(
    ^^^^^^^^^^^^^^^^^^^^^^^^^^^
    ...<2 lines>...
    )  # missing attribute
    ^
django.template.base.VariableDoesNotExist: Failed lookup for key [hora_next_display] in {'tipo': 'empty', 'hora': 
'13:00', 'hora_display': '1:00 pm', 'equipo_id': 1, 'equipo_fecha': '2026-08-13'}
[DEBUG] 2026-08-13 21:16:41,302 base Exception while resolving variable 'hora_next' in template 'campo/pizarra.html'.
Traceback (most recent call last):
  File "D:\DESARROLLO_IA\Proyecto_taxi_carga\Taxi_carga_bot\taxicarga_whatsapp_bot\.venv\Lib\site-packages\django\templ
ate\base.py", line 965, in _resolve_lookup
    current = current[bit]
              ~~~~~~~^^^^^
KeyError: 'hora_next'

During handling of the above exception, another exception occurred:

Traceback (most recent call last):
  File "D:\DESARROLLO_IA\Proyecto_taxi_carga\Taxi_carga_bot\taxicarga_whatsapp_bot\.venv\Lib\site-packages\django\templ
ate\base.py", line 976, in _resolve_lookup
    current = getattr(current, bit)
AttributeError: 'dict' object has no attribute 'hora_next'

During handling of the above exception, another exception occurred:

Traceback (most recent call last):
  File "D:\DESARROLLO_IA\Proyecto_taxi_carga\Taxi_carga_bot\taxicarga_whatsapp_bot\.venv\Lib\site-packages\django\templ
ate\base.py", line 982, in _resolve_lookup
    current = current[int(bit)]
                      ~~~^^^^^
ValueError: invalid literal for int() with base 10: 'hora_next'

During handling of the above exception, another exception occurred:

Traceback (most recent call last):
  File "D:\DESARROLLO_IA\Proyecto_taxi_carga\Taxi_carga_bot\taxicarga_whatsapp_bot\.venv\Lib\site-packages\django\templ
ate\base.py", line 989, in _resolve_lookup
    raise VariableDoesNotExist(
    ^^^^^^^^^^^^^^^^^^^^^^^^^^^
    ...<2 lines>...
    )  # missing attribute
    ^
django.template.base.VariableDoesNotExist: Failed lookup for key [hora_next] in {'tipo': 'empty', 'hora': '13:30', 
'hora_display': '1:30 pm', 'equipo_id': 1, 'equipo_fecha': '2026-08-13'}
[DEBUG] 2026-08-13 21:16:41,305 base Exception while resolving variable 'hora_next_display' in template 
'campo/pizarra.html'.
Traceback (most recent call last):
  File "D:\DESARROLLO_IA\Proyecto_taxi_carga\Taxi_carga_bot\taxicarga_whatsapp_bot\.venv\Lib\site-packages\django\templ
ate\base.py", line 965, in _resolve_lookup
    current = current[bit]
              ~~~~~~~^^^^^
KeyError: 'hora_next_display'

During handling of the above exception, another exception occurred:

Traceback (most recent call last):
  File "D:\DESARROLLO_IA\Proyecto_taxi_carga\Taxi_carga_bot\taxicarga_whatsapp_bot\.venv\Lib\site-packages\django\templ
ate\base.py", line 976, in _resolve_lookup
    current = getattr(current, bit)
AttributeError: 'dict' object has no attribute 'hora_next_display'

During handling of the above exception, another exception occurred:

Traceback (most recent call last):
  File "D:\DESARROLLO_IA\Proyecto_taxi_carga\Taxi_carga_bot\taxicarga_whatsapp_bot\.venv\Lib\site-packages\django\templ
ate\base.py", line 982, in _resolve_lookup
    current = current[int(bit)]
                      ~~~^^^^^
ValueError: invalid literal for int() with base 10: 'hora_next_display'

During handling of the above exception, another exception occurred:

Traceback (most recent call last):
  File "D:\DESARROLLO_IA\Proyecto_taxi_carga\Taxi_carga_bot\taxicarga_whatsapp_bot\.venv\Lib\site-packages\django\templ
ate\base.py", line 989, in _resolve_lookup
    raise VariableDoesNotExist(
    ^^^^^^^^^^^^^^^^^^^^^^^^^^^
    ...<2 lines>...
    )  # missing attribute
    ^
django.template.base.VariableDoesNotExist: Failed lookup for key [hora_next_display] in {'tipo': 'empty', 'hora': 
'13:30', 'hora_display': '1:30 pm', 'equipo_id': 1, 'equipo_fecha': '2026-08-13'}
[DEBUG] 2026-08-13 21:16:41,306 base Exception while resolving variable 'hora_next' in template 'campo/pizarra.html'.
Traceback (most recent call last):
  File "D:\DESARROLLO_IA\Proyecto_taxi_carga\Taxi_carga_bot\taxicarga_whatsapp_bot\.venv\Lib\site-packages\django\templ
ate\base.py", line 965, in _resolve_lookup
    current = current[bit]
              ~~~~~~~^^^^^
KeyError: 'hora_next'

During handling of the above exception, another exception occurred:

Traceback (most recent call last):
  File "D:\DESARROLLO_IA\Proyecto_taxi_carga\Taxi_carga_bot\taxicarga_whatsapp_bot\.venv\Lib\site-packages\django\templ
ate\base.py", line 976, in _resolve_lookup
    current = getattr(current, bit)
AttributeError: 'dict' object has no attribute 'hora_next'

During handling of the above exception, another exception occurred:

Traceback (most recent call last):
  File "D:\DESARROLLO_IA\Proyecto_taxi_carga\Taxi_carga_bot\taxicarga_whatsapp_bot\.venv\Lib\site-packages\django\templ
ate\base.py", line 982, in _resolve_lookup
    current = current[int(bit)]
                      ~~~^^^^^
ValueError: invalid literal for int() with base 10: 'hora_next'

During handling of the above exception, another exception occurred:

Traceback (most recent call last):
  File "D:\DESARROLLO_IA\Proyecto_taxi_carga\Taxi_carga_bot\taxicarga_whatsapp_bot\.venv\Lib\site-packages\django\templ
ate\base.py", line 989, in _resolve_lookup
    raise VariableDoesNotExist(
    ^^^^^^^^^^^^^^^^^^^^^^^^^^^
    ...<2 lines>...
    )  # missing attribute
    ^
django.template.base.VariableDoesNotExist: Failed lookup for key [hora_next] in {'tipo': 'empty', 'hora': '14:00', 
'hora_display': '2:00 pm', 'equipo_id': 1, 'equipo_fecha': '2026-08-13'}
[DEBUG] 2026-08-13 21:16:41,306 base Exception while resolving variable 'hora_next_display' in template 
'campo/pizarra.html'.
Traceback (most recent call last):
  File "D:\DESARROLLO_IA\Proyecto_taxi_carga\Taxi_carga_bot\taxicarga_whatsapp_bot\.venv\Lib\site-packages\django\templ
ate\base.py", line 965, in _resolve_lookup
    current = current[bit]
              ~~~~~~~^^^^^
KeyError: 'hora_next_display'

During handling of the above exception, another exception occurred:

Traceback (most recent call last):
  File "D:\DESARROLLO_IA\Proyecto_taxi_carga\Taxi_carga_bot\taxicarga_whatsapp_bot\.venv\Lib\site-packages\django\templ
ate\base.py", line 976, in _resolve_lookup
    current = getattr(current, bit)
AttributeError: 'dict' object has no attribute 'hora_next_display'

During handling of the above exception, another exception occurred:

Traceback (most recent call last):
  File "D:\DESARROLLO_IA\Proyecto_taxi_carga\Taxi_carga_bot\taxicarga_whatsapp_bot\.venv\Lib\site-packages\django\templ
ate\base.py", line 982, in _resolve_lookup
    current = current[int(bit)]
                      ~~~^^^^^
ValueError: invalid literal for int() with base 10: 'hora_next_display'

During handling of the above exception, another exception occurred:

Traceback (most recent call last):
  File "D:\DESARROLLO_IA\Proyecto_taxi_carga\Taxi_carga_bot\taxicarga_whatsapp_bot\.venv\Lib\site-packages\django\templ
ate\base.py", line 989, in _resolve_lookup
    raise VariableDoesNotExist(
    ^^^^^^^^^^^^^^^^^^^^^^^^^^^
    ...<2 lines>...
    )  # missing attribute
    ^
django.template.base.VariableDoesNotExist: Failed lookup for key [hora_next_display] in {'tipo': 'empty', 'hora': 
'14:00', 'hora_display': '2:00 pm', 'equipo_id': 1, 'equipo_fecha': '2026-08-13'}
[DEBUG] 2026-08-13 21:16:41,312 base Exception while resolving variable 'hora_next' in template 'campo/pizarra.html'.
Traceback (most recent call last):
  File "D:\DESARROLLO_IA\Proyecto_taxi_carga\Taxi_carga_bot\taxicarga_whatsapp_bot\.venv\Lib\site-packages\django\templ
ate\base.py", line 965, in _resolve_lookup
    current = current[bit]
              ~~~~~~~^^^^^
KeyError: 'hora_next'

During handling of the above exception, another exception occurred:

Traceback (most recent call last):
  File "D:\DESARROLLO_IA\Proyecto_taxi_carga\Taxi_carga_bot\taxicarga_whatsapp_bot\.venv\Lib\site-packages\django\templ
ate\base.py", line 976, in _resolve_lookup
    current = getattr(current, bit)
AttributeError: 'dict' object has no attribute 'hora_next'

During handling of the above exception, another exception occurred:

Traceback (most recent call last):
  File "D:\DESARROLLO_IA\Proyecto_taxi_carga\Taxi_carga_bot\taxicarga_whatsapp_bot\.venv\Lib\site-packages\django\templ
ate\base.py", line 982, in _resolve_lookup
    current = current[int(bit)]
                      ~~~^^^^^
ValueError: invalid literal for int() with base 10: 'hora_next'

During handling of the above exception, another exception occurred:

Traceback (most recent call last):
  File "D:\DESARROLLO_IA\Proyecto_taxi_carga\Taxi_carga_bot\taxicarga_whatsapp_bot\.venv\Lib\site-packages\django\templ
ate\base.py", line 989, in _resolve_lookup
    raise VariableDoesNotExist(
    ^^^^^^^^^^^^^^^^^^^^^^^^^^^
    ...<2 lines>...
    )  # missing attribute
    ^
django.template.base.VariableDoesNotExist: Failed lookup for key [hora_next] in {'tipo': 'empty', 'hora': '14:30', 
'hora_display': '2:30 pm', 'equipo_id': 1, 'equipo_fecha': '2026-08-13'}
[DEBUG] 2026-08-13 21:16:41,313 base Exception while resolving variable 'hora_next_display' in template 
'campo/pizarra.html'.
Traceback (most recent call last):
  File "D:\DESARROLLO_IA\Proyecto_taxi_carga\Taxi_carga_bot\taxicarga_whatsapp_bot\.venv\Lib\site-packages\django\templ
ate\base.py", line 965, in _resolve_lookup
    current = current[bit]
              ~~~~~~~^^^^^
KeyError: 'hora_next_display'

During handling of the above exception, another exception occurred:

Traceback (most recent call last):
  File "D:\DESARROLLO_IA\Proyecto_taxi_carga\Taxi_carga_bot\taxicarga_whatsapp_bot\.venv\Lib\site-packages\django\templ
ate\base.py", line 976, in _resolve_lookup
    current = getattr(current, bit)
AttributeError: 'dict' object has no attribute 'hora_next_display'

During handling of the above exception, another exception occurred:

Traceback (most recent call last):
  File "D:\DESARROLLO_IA\Proyecto_taxi_carga\Taxi_carga_bot\taxicarga_whatsapp_bot\.venv\Lib\site-packages\django\templ
ate\base.py", line 982, in _resolve_lookup
    current = current[int(bit)]
                      ~~~^^^^^
ValueError: invalid literal for int() with base 10: 'hora_next_display'

During handling of the above exception, another exception occurred:

Traceback (most recent call last):
  File "D:\DESARROLLO_IA\Proyecto_taxi_carga\Taxi_carga_bot\taxicarga_whatsapp_bot\.venv\Lib\site-packages\django\templ
ate\base.py", line 989, in _resolve_lookup
    raise VariableDoesNotExist(
    ^^^^^^^^^^^^^^^^^^^^^^^^^^^
    ...<2 lines>...
    )  # missing attribute
    ^
django.template.base.VariableDoesNotExist: Failed lookup for key [hora_next_display] in {'tipo': 'empty', 'hora': 
'14:30', 'hora_display': '2:30 pm', 'equipo_id': 1, 'equipo_fecha': '2026-08-13'}
[DEBUG] 2026-08-13 21:16:41,316 base Exception while resolving variable 'hora_next' in template 'campo/pizarra.html'.
Traceback (most recent call last):
  File "D:\DESARROLLO_IA\Proyecto_taxi_carga\Taxi_carga_bot\taxicarga_whatsapp_bot\.venv\Lib\site-packages\django\templ
ate\base.py", line 965, in _resolve_lookup
    current = current[bit]
              ~~~~~~~^^^^^
KeyError: 'hora_next'

During handling of the above exception, another exception occurred:

Traceback (most recent call last):
  File "D:\DESARROLLO_IA\Proyecto_taxi_carga\Taxi_carga_bot\taxicarga_whatsapp_bot\.venv\Lib\site-packages\django\templ
ate\base.py", line 976, in _resolve_lookup
    current = getattr(current, bit)
AttributeError: 'dict' object has no attribute 'hora_next'

During handling of the above exception, another exception occurred:

Traceback (most recent call last):
  File "D:\DESARROLLO_IA\Proyecto_taxi_carga\Taxi_carga_bot\taxicarga_whatsapp_bot\.venv\Lib\site-packages\django\templ
ate\base.py", line 982, in _resolve_lookup
    current = current[int(bit)]
                      ~~~^^^^^
ValueError: invalid literal for int() with base 10: 'hora_next'

During handling of the above exception, another exception occurred:

Traceback (most recent call last):
  File "D:\DESARROLLO_IA\Proyecto_taxi_carga\Taxi_carga_bot\taxicarga_whatsapp_bot\.venv\Lib\site-packages\django\templ
ate\base.py", line 989, in _resolve_lookup
    raise VariableDoesNotExist(
    ^^^^^^^^^^^^^^^^^^^^^^^^^^^
    ...<2 lines>...
    )  # missing attribute
    ^
django.template.base.VariableDoesNotExist: Failed lookup for key [hora_next] in {'tipo': 'empty', 'hora': '15:00', 
'hora_display': '3:00 pm', 'equipo_id': 1, 'equipo_fecha': '2026-08-13'}
[DEBUG] 2026-08-13 21:16:41,316 base Exception while resolving variable 'hora_next_display' in template 
'campo/pizarra.html'.
Traceback (most recent call last):
  File "D:\DESARROLLO_IA\Proyecto_taxi_carga\Taxi_carga_bot\taxicarga_whatsapp_bot\.venv\Lib\site-packages\django\templ
ate\base.py", line 965, in _resolve_lookup
    current = current[bit]
              ~~~~~~~^^^^^
KeyError: 'hora_next_display'

During handling of the above exception, another exception occurred:

Traceback (most recent call last):
  File "D:\DESARROLLO_IA\Proyecto_taxi_carga\Taxi_carga_bot\taxicarga_whatsapp_bot\.venv\Lib\site-packages\django\templ
ate\base.py", line 976, in _resolve_lookup
    current = getattr(current, bit)
AttributeError: 'dict' object has no attribute 'hora_next_display'

During handling of the above exception, another exception occurred:

Traceback (most recent call last):
  File "D:\DESARROLLO_IA\Proyecto_taxi_carga\Taxi_carga_bot\taxicarga_whatsapp_bot\.venv\Lib\site-packages\django\templ
ate\base.py", line 982, in _resolve_lookup
    current = current[int(bit)]
                      ~~~^^^^^
ValueError: invalid literal for int() with base 10: 'hora_next_display'

During handling of the above exception, another exception occurred:

Traceback (most recent call last):
  File "D:\DESARROLLO_IA\Proyecto_taxi_carga\Taxi_carga_bot\taxicarga_whatsapp_bot\.venv\Lib\site-packages\django\templ
ate\base.py", line 989, in _resolve_lookup
    raise VariableDoesNotExist(
    ^^^^^^^^^^^^^^^^^^^^^^^^^^^
    ...<2 lines>...
    )  # missing attribute
    ^
django.template.base.VariableDoesNotExist: Failed lookup for key [hora_next_display] in {'tipo': 'empty', 'hora': 
'15:00', 'hora_display': '3:00 pm', 'equipo_id': 1, 'equipo_fecha': '2026-08-13'}
[DEBUG] 2026-08-13 21:16:41,320 base Exception while resolving variable 'hora_next' in template 'campo/pizarra.html'.
Traceback (most recent call last):
  File "D:\DESARROLLO_IA\Proyecto_taxi_carga\Taxi_carga_bot\taxicarga_whatsapp_bot\.venv\Lib\site-packages\django\templ
ate\base.py", line 965, in _resolve_lookup
    current = current[bit]
              ~~~~~~~^^^^^
KeyError: 'hora_next'

During handling of the above exception, another exception occurred:

Traceback (most recent call last):
  File "D:\DESARROLLO_IA\Proyecto_taxi_carga\Taxi_carga_bot\taxicarga_whatsapp_bot\.venv\Lib\site-packages\django\templ
ate\base.py", line 976, in _resolve_lookup
    current = getattr(current, bit)
AttributeError: 'dict' object has no attribute 'hora_next'

During handling of the above exception, another exception occurred:

Traceback (most recent call last):
  File "D:\DESARROLLO_IA\Proyecto_taxi_carga\Taxi_carga_bot\taxicarga_whatsapp_bot\.venv\Lib\site-packages\django\templ
ate\base.py", line 982, in _resolve_lookup
    current = current[int(bit)]
                      ~~~^^^^^
ValueError: invalid literal for int() with base 10: 'hora_next'

During handling of the above exception, another exception occurred:

Traceback (most recent call last):
  File "D:\DESARROLLO_IA\Proyecto_taxi_carga\Taxi_carga_bot\taxicarga_whatsapp_bot\.venv\Lib\site-packages\django\templ
ate\base.py", line 989, in _resolve_lookup
    raise VariableDoesNotExist(
    ^^^^^^^^^^^^^^^^^^^^^^^^^^^
    ...<2 lines>...
    )  # missing attribute
    ^
django.template.base.VariableDoesNotExist: Failed lookup for key [hora_next] in {'tipo': 'empty', 'hora': '15:30', 
'hora_display': '3:30 pm', 'equipo_id': 1, 'equipo_fecha': '2026-08-13'}
[DEBUG] 2026-08-13 21:16:41,320 base Exception while resolving variable 'hora_next_display' in template 
'campo/pizarra.html'.
Traceback (most recent call last):
  File "D:\DESARROLLO_IA\Proyecto_taxi_carga\Taxi_carga_bot\taxicarga_whatsapp_bot\.venv\Lib\site-packages\django\templ
ate\base.py", line 965, in _resolve_lookup
    current = current[bit]
              ~~~~~~~^^^^^
KeyError: 'hora_next_display'

During handling of the above exception, another exception occurred:

Traceback (most recent call last):
  File "D:\DESARROLLO_IA\Proyecto_taxi_carga\Taxi_carga_bot\taxicarga_whatsapp_bot\.venv\Lib\site-packages\django\templ
ate\base.py", line 976, in _resolve_lookup
    current = getattr(current, bit)
AttributeError: 'dict' object has no attribute 'hora_next_display'

During handling of the above exception, another exception occurred:

Traceback (most recent call last):
  File "D:\DESARROLLO_IA\Proyecto_taxi_carga\Taxi_carga_bot\taxicarga_whatsapp_bot\.venv\Lib\site-packages\django\templ
ate\base.py", line 982, in _resolve_lookup
    current = current[int(bit)]
                      ~~~^^^^^
ValueError: invalid literal for int() with base 10: 'hora_next_display'

During handling of the above exception, another exception occurred:

Traceback (most recent call last):
  File "D:\DESARROLLO_IA\Proyecto_taxi_carga\Taxi_carga_bot\taxicarga_whatsapp_bot\.venv\Lib\site-packages\django\templ
ate\base.py", line 989, in _resolve_lookup
    raise VariableDoesNotExist(
    ^^^^^^^^^^^^^^^^^^^^^^^^^^^
    ...<2 lines>...
    )  # missing attribute
    ^
django.template.base.VariableDoesNotExist: Failed lookup for key [hora_next_display] in {'tipo': 'empty', 'hora': 
'15:30', 'hora_display': '3:30 pm', 'equipo_id': 1, 'equipo_fecha': '2026-08-13'}
[DEBUG] 2026-08-13 21:16:41,321 base Exception while resolving variable 'hora_next' in template 'campo/pizarra.html'.
Traceback (most recent call last):
  File "D:\DESARROLLO_IA\Proyecto_taxi_carga\Taxi_carga_bot\taxicarga_whatsapp_bot\.venv\Lib\site-packages\django\templ
ate\base.py", line 965, in _resolve_lookup
    current = current[bit]
              ~~~~~~~^^^^^
KeyError: 'hora_next'

During handling of the above exception, another exception occurred:

Traceback (most recent call last):
  File "D:\DESARROLLO_IA\Proyecto_taxi_carga\Taxi_carga_bot\taxicarga_whatsapp_bot\.venv\Lib\site-packages\django\templ
ate\base.py", line 976, in _resolve_lookup
    current = getattr(current, bit)
AttributeError: 'dict' object has no attribute 'hora_next'

During handling of the above exception, another exception occurred:

Traceback (most recent call last):
  File "D:\DESARROLLO_IA\Proyecto_taxi_carga\Taxi_carga_bot\taxicarga_whatsapp_bot\.venv\Lib\site-packages\django\templ
ate\base.py", line 982, in _resolve_lookup
    current = current[int(bit)]
                      ~~~^^^^^
ValueError: invalid literal for int() with base 10: 'hora_next'

During handling of the above exception, another exception occurred:

Traceback (most recent call last):
  File "D:\DESARROLLO_IA\Proyecto_taxi_carga\Taxi_carga_bot\taxicarga_whatsapp_bot\.venv\Lib\site-packages\django\templ
ate\base.py", line 989, in _resolve_lookup
    raise VariableDoesNotExist(
    ^^^^^^^^^^^^^^^^^^^^^^^^^^^
    ...<2 lines>...
    )  # missing attribute
    ^
django.template.base.VariableDoesNotExist: Failed lookup for key [hora_next] in {'tipo': 'empty', 'hora': '16:00', 
'hora_display': '4:00 pm', 'equipo_id': 1, 'equipo_fecha': '2026-08-13'}
[DEBUG] 2026-08-13 21:16:41,324 base Exception while resolving variable 'hora_next_display' in template 
'campo/pizarra.html'.
Traceback (most recent call last):
  File "D:\DESARROLLO_IA\Proyecto_taxi_carga\Taxi_carga_bot\taxicarga_whatsapp_bot\.venv\Lib\site-packages\django\templ
ate\base.py", line 965, in _resolve_lookup
    current = current[bit]
              ~~~~~~~^^^^^
KeyError: 'hora_next_display'

During handling of the above exception, another exception occurred:

Traceback (most recent call last):
  File "D:\DESARROLLO_IA\Proyecto_taxi_carga\Taxi_carga_bot\taxicarga_whatsapp_bot\.venv\Lib\site-packages\django\templ
ate\base.py", line 976, in _resolve_lookup
    current = getattr(current, bit)
AttributeError: 'dict' object has no attribute 'hora_next_display'

During handling of the above exception, another exception occurred:

Traceback (most recent call last):
  File "D:\DESARROLLO_IA\Proyecto_taxi_carga\Taxi_carga_bot\taxicarga_whatsapp_bot\.venv\Lib\site-packages\django\templ
ate\base.py", line 982, in _resolve_lookup
    current = current[int(bit)]
                      ~~~^^^^^
ValueError: invalid literal for int() with base 10: 'hora_next_display'

During handling of the above exception, another exception occurred:

Traceback (most recent call last):
  File "D:\DESARROLLO_IA\Proyecto_taxi_carga\Taxi_carga_bot\taxicarga_whatsapp_bot\.venv\Lib\site-packages\django\templ
ate\base.py", line 989, in _resolve_lookup
    raise VariableDoesNotExist(
    ^^^^^^^^^^^^^^^^^^^^^^^^^^^
    ...<2 lines>...
    )  # missing attribute
    ^
django.template.base.VariableDoesNotExist: Failed lookup for key [hora_next_display] in {'tipo': 'empty', 'hora': 
'16:00', 'hora_display': '4:00 pm', 'equipo_id': 1, 'equipo_fecha': '2026-08-13'}
[DEBUG] 2026-08-13 21:16:41,325 base Exception while resolving variable 'hora_next' in template 'campo/pizarra.html'.
Traceback (most recent call last):
  File "D:\DESARROLLO_IA\Proyecto_taxi_carga\Taxi_carga_bot\taxicarga_whatsapp_bot\.venv\Lib\site-packages\django\templ
ate\base.py", line 965, in _resolve_lookup
    current = current[bit]
              ~~~~~~~^^^^^
KeyError: 'hora_next'

During handling of the above exception, another exception occurred:

Traceback (most recent call last):
  File "D:\DESARROLLO_IA\Proyecto_taxi_carga\Taxi_carga_bot\taxicarga_whatsapp_bot\.venv\Lib\site-packages\django\templ
ate\base.py", line 976, in _resolve_lookup
    current = getattr(current, bit)
AttributeError: 'dict' object has no attribute 'hora_next'

During handling of the above exception, another exception occurred:

Traceback (most recent call last):
  File "D:\DESARROLLO_IA\Proyecto_taxi_carga\Taxi_carga_bot\taxicarga_whatsapp_bot\.venv\Lib\site-packages\django\templ
ate\base.py", line 982, in _resolve_lookup
    current = current[int(bit)]
                      ~~~^^^^^
ValueError: invalid literal for int() with base 10: 'hora_next'

During handling of the above exception, another exception occurred:

Traceback (most recent call last):
  File "D:\DESARROLLO_IA\Proyecto_taxi_carga\Taxi_carga_bot\taxicarga_whatsapp_bot\.venv\Lib\site-packages\django\templ
ate\base.py", line 989, in _resolve_lookup
    raise VariableDoesNotExist(
    ^^^^^^^^^^^^^^^^^^^^^^^^^^^
    ...<2 lines>...
    )  # missing attribute
    ^
django.template.base.VariableDoesNotExist: Failed lookup for key [hora_next] in {'tipo': 'empty', 'hora': '16:30', 
'hora_display': '4:30 pm', 'equipo_id': 1, 'equipo_fecha': '2026-08-13'}
[DEBUG] 2026-08-13 21:16:41,329 base Exception while resolving variable 'hora_next_display' in template 
'campo/pizarra.html'.
Traceback (most recent call last):
  File "D:\DESARROLLO_IA\Proyecto_taxi_carga\Taxi_carga_bot\taxicarga_whatsapp_bot\.venv\Lib\site-packages\django\templ
ate\base.py", line 965, in _resolve_lookup
    current = current[bit]
              ~~~~~~~^^^^^
KeyError: 'hora_next_display'

During handling of the above exception, another exception occurred:

Traceback (most recent call last):
  File "D:\DESARROLLO_IA\Proyecto_taxi_carga\Taxi_carga_bot\taxicarga_whatsapp_bot\.venv\Lib\site-packages\django\templ
ate\base.py", line 976, in _resolve_lookup
    current = getattr(current, bit)
AttributeError: 'dict' object has no attribute 'hora_next_display'

During handling of the above exception, another exception occurred:

Traceback (most recent call last):
  File "D:\DESARROLLO_IA\Proyecto_taxi_carga\Taxi_carga_bot\taxicarga_whatsapp_bot\.venv\Lib\site-packages\django\templ
ate\base.py", line 982, in _resolve_lookup
    current = current[int(bit)]
                      ~~~^^^^^
ValueError: invalid literal for int() with base 10: 'hora_next_display'

During handling of the above exception, another exception occurred:

Traceback (most recent call last):
  File "D:\DESARROLLO_IA\Proyecto_taxi_carga\Taxi_carga_bot\taxicarga_whatsapp_bot\.venv\Lib\site-packages\django\templ
ate\base.py", line 989, in _resolve_lookup
    raise VariableDoesNotExist(
    ^^^^^^^^^^^^^^^^^^^^^^^^^^^
    ...<2 lines>...
    )  # missing attribute
    ^
django.template.base.VariableDoesNotExist: Failed lookup for key [hora_next_display] in {'tipo': 'empty', 'hora': 
'16:30', 'hora_display': '4:30 pm', 'equipo_id': 1, 'equipo_fecha': '2026-08-13'}
[DEBUG] 2026-08-13 21:16:41,330 base Exception while resolving variable 'hora_next' in template 'campo/pizarra.html'.
Traceback (most recent call last):
  File "D:\DESARROLLO_IA\Proyecto_taxi_carga\Taxi_carga_bot\taxicarga_whatsapp_bot\.venv\Lib\site-packages\django\templ
ate\base.py", line 965, in _resolve_lookup
    current = current[bit]
              ~~~~~~~^^^^^
KeyError: 'hora_next'

During handling of the above exception, another exception occurred:

Traceback (most recent call last):
  File "D:\DESARROLLO_IA\Proyecto_taxi_carga\Taxi_carga_bot\taxicarga_whatsapp_bot\.venv\Lib\site-packages\django\templ
ate\base.py", line 976, in _resolve_lookup
    current = getattr(current, bit)
AttributeError: 'dict' object has no attribute 'hora_next'

During handling of the above exception, another exception occurred:

Traceback (most recent call last):
  File "D:\DESARROLLO_IA\Proyecto_taxi_carga\Taxi_carga_bot\taxicarga_whatsapp_bot\.venv\Lib\site-packages\django\templ
ate\base.py", line 982, in _resolve_lookup
    current = current[int(bit)]
                      ~~~^^^^^
ValueError: invalid literal for int() with base 10: 'hora_next'

During handling of the above exception, another exception occurred:

Traceback (most recent call last):
  File "D:\DESARROLLO_IA\Proyecto_taxi_carga\Taxi_carga_bot\taxicarga_whatsapp_bot\.venv\Lib\site-packages\django\templ
ate\base.py", line 989, in _resolve_lookup
    raise VariableDoesNotExist(
    ^^^^^^^^^^^^^^^^^^^^^^^^^^^
    ...<2 lines>...
    )  # missing attribute
    ^
django.template.base.VariableDoesNotExist: Failed lookup for key [hora_next] in {'tipo': 'empty', 'hora': '17:00', 
'hora_display': '5:00 pm', 'equipo_id': 1, 'equipo_fecha': '2026-08-13'}
[DEBUG] 2026-08-13 21:16:41,334 base Exception while resolving variable 'hora_next_display' in template 
'campo/pizarra.html'.
Traceback (most recent call last):
  File "D:\DESARROLLO_IA\Proyecto_taxi_carga\Taxi_carga_bot\taxicarga_whatsapp_bot\.venv\Lib\site-packages\django\templ
ate\base.py", line 965, in _resolve_lookup
    current = current[bit]
              ~~~~~~~^^^^^
KeyError: 'hora_next_display'

During handling of the above exception, another exception occurred:

Traceback (most recent call last):
  File "D:\DESARROLLO_IA\Proyecto_taxi_carga\Taxi_carga_bot\taxicarga_whatsapp_bot\.venv\Lib\site-packages\django\templ
ate\base.py", line 976, in _resolve_lookup
    current = getattr(current, bit)
AttributeError: 'dict' object has no attribute 'hora_next_display'

During handling of the above exception, another exception occurred:

Traceback (most recent call last):
  File "D:\DESARROLLO_IA\Proyecto_taxi_carga\Taxi_carga_bot\taxicarga_whatsapp_bot\.venv\Lib\site-packages\django\templ
ate\base.py", line 982, in _resolve_lookup
    current = current[int(bit)]
                      ~~~^^^^^
ValueError: invalid literal for int() with base 10: 'hora_next_display'

During handling of the above exception, another exception occurred:

Traceback (most recent call last):
  File "D:\DESARROLLO_IA\Proyecto_taxi_carga\Taxi_carga_bot\taxicarga_whatsapp_bot\.venv\Lib\site-packages\django\templ
ate\base.py", line 989, in _resolve_lookup
    raise VariableDoesNotExist(
    ^^^^^^^^^^^^^^^^^^^^^^^^^^^
    ...<2 lines>...
    )  # missing attribute
    ^
django.template.base.VariableDoesNotExist: Failed lookup for key [hora_next_display] in {'tipo': 'empty', 'hora': 
'17:00', 'hora_display': '5:00 pm', 'equipo_id': 1, 'equipo_fecha': '2026-08-13'}
[DEBUG] 2026-08-13 21:16:41,334 base Exception while resolving variable 'hora_next' in template 'campo/pizarra.html'.
Traceback (most recent call last):
  File "D:\DESARROLLO_IA\Proyecto_taxi_carga\Taxi_carga_bot\taxicarga_whatsapp_bot\.venv\Lib\site-packages\django\templ
ate\base.py", line 965, in _resolve_lookup
    current = current[bit]
              ~~~~~~~^^^^^
KeyError: 'hora_next'

During handling of the above exception, another exception occurred:

Traceback (most recent call last):
  File "D:\DESARROLLO_IA\Proyecto_taxi_carga\Taxi_carga_bot\taxicarga_whatsapp_bot\.venv\Lib\site-packages\django\templ
ate\base.py", line 976, in _resolve_lookup
    current = getattr(current, bit)
AttributeError: 'dict' object has no attribute 'hora_next'

During handling of the above exception, another exception occurred:

Traceback (most recent call last):
  File "D:\DESARROLLO_IA\Proyecto_taxi_carga\Taxi_carga_bot\taxicarga_whatsapp_bot\.venv\Lib\site-packages\django\templ
ate\base.py", line 982, in _resolve_lookup
    current = current[int(bit)]
                      ~~~^^^^^
ValueError: invalid literal for int() with base 10: 'hora_next'

During handling of the above exception, another exception occurred:

Traceback (most recent call last):
  File "D:\DESARROLLO_IA\Proyecto_taxi_carga\Taxi_carga_bot\taxicarga_whatsapp_bot\.venv\Lib\site-packages\django\templ
ate\base.py", line 989, in _resolve_lookup
    raise VariableDoesNotExist(
    ^^^^^^^^^^^^^^^^^^^^^^^^^^^
    ...<2 lines>...
    )  # missing attribute
    ^
django.template.base.VariableDoesNotExist: Failed lookup for key [hora_next] in {'tipo': 'empty', 'hora': '17:30', 
'hora_display': '5:30 pm', 'equipo_id': 1, 'equipo_fecha': '2026-08-13'}
[DEBUG] 2026-08-13 21:16:41,335 base Exception while resolving variable 'hora_next_display' in template 
'campo/pizarra.html'.
Traceback (most recent call last):
  File "D:\DESARROLLO_IA\Proyecto_taxi_carga\Taxi_carga_bot\taxicarga_whatsapp_bot\.venv\Lib\site-packages\django\templ
ate\base.py", line 965, in _resolve_lookup
    current = current[bit]
              ~~~~~~~^^^^^
KeyError: 'hora_next_display'

During handling of the above exception, another exception occurred:

Traceback (most recent call last):
  File "D:\DESARROLLO_IA\Proyecto_taxi_carga\Taxi_carga_bot\taxicarga_whatsapp_bot\.venv\Lib\site-packages\django\templ
ate\base.py", line 976, in _resolve_lookup
    current = getattr(current, bit)
AttributeError: 'dict' object has no attribute 'hora_next_display'

During handling of the above exception, another exception occurred:

Traceback (most recent call last):
  File "D:\DESARROLLO_IA\Proyecto_taxi_carga\Taxi_carga_bot\taxicarga_whatsapp_bot\.venv\Lib\site-packages\django\templ
ate\base.py", line 982, in _resolve_lookup
    current = current[int(bit)]
                      ~~~^^^^^
ValueError: invalid literal for int() with base 10: 'hora_next_display'

During handling of the above exception, another exception occurred:

Traceback (most recent call last):
  File "D:\DESARROLLO_IA\Proyecto_taxi_carga\Taxi_carga_bot\taxicarga_whatsapp_bot\.venv\Lib\site-packages\django\templ
ate\base.py", line 989, in _resolve_lookup
    raise VariableDoesNotExist(
    ^^^^^^^^^^^^^^^^^^^^^^^^^^^
    ...<2 lines>...
    )  # missing attribute
    ^
django.template.base.VariableDoesNotExist: Failed lookup for key [hora_next_display] in {'tipo': 'empty', 'hora': 
'17:30', 'hora_display': '5:30 pm', 'equipo_id': 1, 'equipo_fecha': '2026-08-13'}
[DEBUG] 2026-08-13 21:16:41,340 base Exception while resolving variable 'hora_next' in template 'campo/pizarra.html'.
Traceback (most recent call last):
  File "D:\DESARROLLO_IA\Proyecto_taxi_carga\Taxi_carga_bot\taxicarga_whatsapp_bot\.venv\Lib\site-packages\django\templ
ate\base.py", line 965, in _resolve_lookup
    current = current[bit]
              ~~~~~~~^^^^^
KeyError: 'hora_next'

During handling of the above exception, another exception occurred:

Traceback (most recent call last):
  File "D:\DESARROLLO_IA\Proyecto_taxi_carga\Taxi_carga_bot\taxicarga_whatsapp_bot\.venv\Lib\site-packages\django\templ
ate\base.py", line 976, in _resolve_lookup
    current = getattr(current, bit)
AttributeError: 'dict' object has no attribute 'hora_next'

During handling of the above exception, another exception occurred:

Traceback (most recent call last):
  File "D:\DESARROLLO_IA\Proyecto_taxi_carga\Taxi_carga_bot\taxicarga_whatsapp_bot\.venv\Lib\site-packages\django\templ
ate\base.py", line 982, in _resolve_lookup
    current = current[int(bit)]
                      ~~~^^^^^
ValueError: invalid literal for int() with base 10: 'hora_next'

During handling of the above exception, another exception occurred:

Traceback (most recent call last):
  File "D:\DESARROLLO_IA\Proyecto_taxi_carga\Taxi_carga_bot\taxicarga_whatsapp_bot\.venv\Lib\site-packages\django\templ
ate\base.py", line 989, in _resolve_lookup
    raise VariableDoesNotExist(
    ^^^^^^^^^^^^^^^^^^^^^^^^^^^
    ...<2 lines>...
    )  # missing attribute
    ^
django.template.base.VariableDoesNotExist: Failed lookup for key [hora_next] in {'tipo': 'empty', 'hora': '18:00', 
'hora_display': '6:00 pm', 'equipo_id': 1, 'equipo_fecha': '2026-08-13'}
[DEBUG] 2026-08-13 21:16:41,340 base Exception while resolving variable 'hora_next_display' in template 
'campo/pizarra.html'.
Traceback (most recent call last):
  File "D:\DESARROLLO_IA\Proyecto_taxi_carga\Taxi_carga_bot\taxicarga_whatsapp_bot\.venv\Lib\site-packages\django\templ
ate\base.py", line 965, in _resolve_lookup
    current = current[bit]
              ~~~~~~~^^^^^
KeyError: 'hora_next_display'

During handling of the above exception, another exception occurred:

Traceback (most recent call last):
  File "D:\DESARROLLO_IA\Proyecto_taxi_carga\Taxi_carga_bot\taxicarga_whatsapp_bot\.venv\Lib\site-packages\django\templ
ate\base.py", line 976, in _resolve_lookup
    current = getattr(current, bit)
AttributeError: 'dict' object has no attribute 'hora_next_display'

During handling of the above exception, another exception occurred:

Traceback (most recent call last):
  File "D:\DESARROLLO_IA\Proyecto_taxi_carga\Taxi_carga_bot\taxicarga_whatsapp_bot\.venv\Lib\site-packages\django\templ
ate\base.py", line 982, in _resolve_lookup
    current = current[int(bit)]
                      ~~~^^^^^
ValueError: invalid literal for int() with base 10: 'hora_next_display'

During handling of the above exception, another exception occurred:

Traceback (most recent call last):
  File "D:\DESARROLLO_IA\Proyecto_taxi_carga\Taxi_carga_bot\taxicarga_whatsapp_bot\.venv\Lib\site-packages\django\templ
ate\base.py", line 989, in _resolve_lookup
    raise VariableDoesNotExist(
    ^^^^^^^^^^^^^^^^^^^^^^^^^^^
    ...<2 lines>...
    )  # missing attribute
    ^
django.template.base.VariableDoesNotExist: Failed lookup for key [hora_next_display] in {'tipo': 'empty', 'hora': 
'18:00', 'hora_display': '6:00 pm', 'equipo_id': 1, 'equipo_fecha': '2026-08-13'}
[DEBUG] 2026-08-13 21:16:41,345 base Exception while resolving variable 'hora_next' in template 'campo/pizarra.html'.
Traceback (most recent call last):
  File "D:\DESARROLLO_IA\Proyecto_taxi_carga\Taxi_carga_bot\taxicarga_whatsapp_bot\.venv\Lib\site-packages\django\templ
ate\base.py", line 965, in _resolve_lookup
    current = current[bit]
              ~~~~~~~^^^^^
KeyError: 'hora_next'

During handling of the above exception, another exception occurred:

Traceback (most recent call last):
  File "D:\DESARROLLO_IA\Proyecto_taxi_carga\Taxi_carga_bot\taxicarga_whatsapp_bot\.venv\Lib\site-packages\django\templ
ate\base.py", line 976, in _resolve_lookup
    current = getattr(current, bit)
AttributeError: 'dict' object has no attribute 'hora_next'

During handling of the above exception, another exception occurred:

Traceback (most recent call last):
  File "D:\DESARROLLO_IA\Proyecto_taxi_carga\Taxi_carga_bot\taxicarga_whatsapp_bot\.venv\Lib\site-packages\django\templ
ate\base.py", line 982, in _resolve_lookup
    current = current[int(bit)]
                      ~~~^^^^^
ValueError: invalid literal for int() with base 10: 'hora_next'

During handling of the above exception, another exception occurred:

Traceback (most recent call last):
  File "D:\DESARROLLO_IA\Proyecto_taxi_carga\Taxi_carga_bot\taxicarga_whatsapp_bot\.venv\Lib\site-packages\django\templ
ate\base.py", line 989, in _resolve_lookup
    raise VariableDoesNotExist(
    ^^^^^^^^^^^^^^^^^^^^^^^^^^^
    ...<2 lines>...
    )  # missing attribute
    ^
django.template.base.VariableDoesNotExist: Failed lookup for key [hora_next] in {'tipo': 'empty', 'hora': '18:30', 
'hora_display': '6:30 pm', 'equipo_id': 1, 'equipo_fecha': '2026-08-13'}
[DEBUG] 2026-08-13 21:16:41,346 base Exception while resolving variable 'hora_next_display' in template 
'campo/pizarra.html'.
Traceback (most recent call last):
  File "D:\DESARROLLO_IA\Proyecto_taxi_carga\Taxi_carga_bot\taxicarga_whatsapp_bot\.venv\Lib\site-packages\django\templ
ate\base.py", line 965, in _resolve_lookup
    current = current[bit]
              ~~~~~~~^^^^^
KeyError: 'hora_next_display'

During handling of the above exception, another exception occurred:

Traceback (most recent call last):
  File "D:\DESARROLLO_IA\Proyecto_taxi_carga\Taxi_carga_bot\taxicarga_whatsapp_bot\.venv\Lib\site-packages\django\templ
ate\base.py", line 976, in _resolve_lookup
    current = getattr(current, bit)
AttributeError: 'dict' object has no attribute 'hora_next_display'

During handling of the above exception, another exception occurred:

Traceback (most recent call last):
  File "D:\DESARROLLO_IA\Proyecto_taxi_carga\Taxi_carga_bot\taxicarga_whatsapp_bot\.venv\Lib\site-packages\django\templ
ate\base.py", line 982, in _resolve_lookup
    current = current[int(bit)]
                      ~~~^^^^^
ValueError: invalid literal for int() with base 10: 'hora_next_display'

During handling of the above exception, another exception occurred:

Traceback (most recent call last):
  File "D:\DESARROLLO_IA\Proyecto_taxi_carga\Taxi_carga_bot\taxicarga_whatsapp_bot\.venv\Lib\site-packages\django\templ
ate\base.py", line 989, in _resolve_lookup
    raise VariableDoesNotExist(
    ^^^^^^^^^^^^^^^^^^^^^^^^^^^
    ...<2 lines>...
    )  # missing attribute
    ^
django.template.base.VariableDoesNotExist: Failed lookup for key [hora_next_display] in {'tipo': 'empty', 'hora': 
'18:30', 'hora_display': '6:30 pm', 'equipo_id': 1, 'equipo_fecha': '2026-08-13'}
[DEBUG] 2026-08-13 21:16:41,349 base Exception while resolving variable 'hora_next' in template 'campo/pizarra.html'.
Traceback (most recent call last):
  File "D:\DESARROLLO_IA\Proyecto_taxi_carga\Taxi_carga_bot\taxicarga_whatsapp_bot\.venv\Lib\site-packages\django\templ
ate\base.py", line 965, in _resolve_lookup
    current = current[bit]
              ~~~~~~~^^^^^
KeyError: 'hora_next'

During handling of the above exception, another exception occurred:

Traceback (most recent call last):
  File "D:\DESARROLLO_IA\Proyecto_taxi_carga\Taxi_carga_bot\taxicarga_whatsapp_bot\.venv\Lib\site-packages\django\templ
ate\base.py", line 976, in _resolve_lookup
    current = getattr(current, bit)
AttributeError: 'dict' object has no attribute 'hora_next'

During handling of the above exception, another exception occurred:

Traceback (most recent call last):
  File "D:\DESARROLLO_IA\Proyecto_taxi_carga\Taxi_carga_bot\taxicarga_whatsapp_bot\.venv\Lib\site-packages\django\templ
ate\base.py", line 982, in _resolve_lookup
    current = current[int(bit)]
                      ~~~^^^^^
ValueError: invalid literal for int() with base 10: 'hora_next'

During handling of the above exception, another exception occurred:

Traceback (most recent call last):
  File "D:\DESARROLLO_IA\Proyecto_taxi_carga\Taxi_carga_bot\taxicarga_whatsapp_bot\.venv\Lib\site-packages\django\templ
ate\base.py", line 989, in _resolve_lookup
    raise VariableDoesNotExist(
    ^^^^^^^^^^^^^^^^^^^^^^^^^^^
    ...<2 lines>...
    )  # missing attribute
    ^
django.template.base.VariableDoesNotExist: Failed lookup for key [hora_next] in {'tipo': 'empty', 'hora': '19:00', 
'hora_display': '7:00 pm', 'equipo_id': 1, 'equipo_fecha': '2026-08-13'}
[DEBUG] 2026-08-13 21:16:41,350 base Exception while resolving variable 'hora_next_display' in template 
'campo/pizarra.html'.
Traceback (most recent call last):
  File "D:\DESARROLLO_IA\Proyecto_taxi_carga\Taxi_carga_bot\taxicarga_whatsapp_bot\.venv\Lib\site-packages\django\templ
ate\base.py", line 965, in _resolve_lookup
    current = current[bit]
              ~~~~~~~^^^^^
KeyError: 'hora_next_display'

During handling of the above exception, another exception occurred:

Traceback (most recent call last):
  File "D:\DESARROLLO_IA\Proyecto_taxi_carga\Taxi_carga_bot\taxicarga_whatsapp_bot\.venv\Lib\site-packages\django\templ
ate\base.py", line 976, in _resolve_lookup
    current = getattr(current, bit)
AttributeError: 'dict' object has no attribute 'hora_next_display'

During handling of the above exception, another exception occurred:

Traceback (most recent call last):
  File "D:\DESARROLLO_IA\Proyecto_taxi_carga\Taxi_carga_bot\taxicarga_whatsapp_bot\.venv\Lib\site-packages\django\templ
ate\base.py", line 982, in _resolve_lookup
    current = current[int(bit)]
                      ~~~^^^^^
ValueError: invalid literal for int() with base 10: 'hora_next_display'

During handling of the above exception, another exception occurred:

Traceback (most recent call last):
  File "D:\DESARROLLO_IA\Proyecto_taxi_carga\Taxi_carga_bot\taxicarga_whatsapp_bot\.venv\Lib\site-packages\django\templ
ate\base.py", line 989, in _resolve_lookup
    raise VariableDoesNotExist(
    ^^^^^^^^^^^^^^^^^^^^^^^^^^^
    ...<2 lines>...
    )  # missing attribute
    ^
django.template.base.VariableDoesNotExist: Failed lookup for key [hora_next_display] in {'tipo': 'empty', 'hora': 
'19:00', 'hora_display': '7:00 pm', 'equipo_id': 1, 'equipo_fecha': '2026-08-13'}
[DEBUG] 2026-08-13 21:16:41,351 base Exception while resolving variable 'hora_next' in template 'campo/pizarra.html'.
Traceback (most recent call last):
  File "D:\DESARROLLO_IA\Proyecto_taxi_carga\Taxi_carga_bot\taxicarga_whatsapp_bot\.venv\Lib\site-packages\django\templ
ate\base.py", line 965, in _resolve_lookup
    current = current[bit]
              ~~~~~~~^^^^^
KeyError: 'hora_next'

During handling of the above exception, another exception occurred:

Traceback (most recent call last):
  File "D:\DESARROLLO_IA\Proyecto_taxi_carga\Taxi_carga_bot\taxicarga_whatsapp_bot\.venv\Lib\site-packages\django\templ
ate\base.py", line 976, in _resolve_lookup
    current = getattr(current, bit)
AttributeError: 'dict' object has no attribute 'hora_next'

During handling of the above exception, another exception occurred:

Traceback (most recent call last):
  File "D:\DESARROLLO_IA\Proyecto_taxi_carga\Taxi_carga_bot\taxicarga_whatsapp_bot\.venv\Lib\site-packages\django\templ
ate\base.py", line 982, in _resolve_lookup
    current = current[int(bit)]
                      ~~~^^^^^
ValueError: invalid literal for int() with base 10: 'hora_next'

During handling of the above exception, another exception occurred:

Traceback (most recent call last):
  File "D:\DESARROLLO_IA\Proyecto_taxi_carga\Taxi_carga_bot\taxicarga_whatsapp_bot\.venv\Lib\site-packages\django\templ
ate\base.py", line 989, in _resolve_lookup
    raise VariableDoesNotExist(
    ^^^^^^^^^^^^^^^^^^^^^^^^^^^
    ...<2 lines>...
    )  # missing attribute
    ^
django.template.base.VariableDoesNotExist: Failed lookup for key [hora_next] in {'tipo': 'empty', 'hora': '19:30', 
'hora_display': '7:30 pm', 'equipo_id': 1, 'equipo_fecha': '2026-08-13'}
[DEBUG] 2026-08-13 21:16:41,353 base Exception while resolving variable 'hora_next_display' in template 
'campo/pizarra.html'.
Traceback (most recent call last):
  File "D:\DESARROLLO_IA\Proyecto_taxi_carga\Taxi_carga_bot\taxicarga_whatsapp_bot\.venv\Lib\site-packages\django\templ
ate\base.py", line 965, in _resolve_lookup
    current = current[bit]
              ~~~~~~~^^^^^
KeyError: 'hora_next_display'

During handling of the above exception, another exception occurred:

Traceback (most recent call last):
  File "D:\DESARROLLO_IA\Proyecto_taxi_carga\Taxi_carga_bot\taxicarga_whatsapp_bot\.venv\Lib\site-packages\django\templ
ate\base.py", line 976, in _resolve_lookup
    current = getattr(current, bit)
AttributeError: 'dict' object has no attribute 'hora_next_display'

During handling of the above exception, another exception occurred:

Traceback (most recent call last):
  File "D:\DESARROLLO_IA\Proyecto_taxi_carga\Taxi_carga_bot\taxicarga_whatsapp_bot\.venv\Lib\site-packages\django\templ
ate\base.py", line 982, in _resolve_lookup
    current = current[int(bit)]
                      ~~~^^^^^
ValueError: invalid literal for int() with base 10: 'hora_next_display'

During handling of the above exception, another exception occurred:

Traceback (most recent call last):
  File "D:\DESARROLLO_IA\Proyecto_taxi_carga\Taxi_carga_bot\taxicarga_whatsapp_bot\.venv\Lib\site-packages\django\templ
ate\base.py", line 989, in _resolve_lookup
    raise VariableDoesNotExist(
    ^^^^^^^^^^^^^^^^^^^^^^^^^^^
    ...<2 lines>...
    )  # missing attribute
    ^
django.template.base.VariableDoesNotExist: Failed lookup for key [hora_next_display] in {'tipo': 'empty', 'hora': 
'19:30', 'hora_display': '7:30 pm', 'equipo_id': 1, 'equipo_fecha': '2026-08-13'}
[DEBUG] 2026-08-13 21:16:41,354 base Exception while resolving variable 'hora_next' in template 'campo/pizarra.html'.
Traceback (most recent call last):
  File "D:\DESARROLLO_IA\Proyecto_taxi_carga\Taxi_carga_bot\taxicarga_whatsapp_bot\.venv\Lib\site-packages\django\templ
ate\base.py", line 965, in _resolve_lookup
    current = current[bit]
              ~~~~~~~^^^^^
KeyError: 'hora_next'

During handling of the above exception, another exception occurred:

Traceback (most recent call last):
  File "D:\DESARROLLO_IA\Proyecto_taxi_carga\Taxi_carga_bot\taxicarga_whatsapp_bot\.venv\Lib\site-packages\django\templ
ate\base.py", line 976, in _resolve_lookup
    current = getattr(current, bit)
AttributeError: 'dict' object has no attribute 'hora_next'

During handling of the above exception, another exception occurred:

Traceback (most recent call last):
  File "D:\DESARROLLO_IA\Proyecto_taxi_carga\Taxi_carga_bot\taxicarga_whatsapp_bot\.venv\Lib\site-packages\django\templ
ate\base.py", line 982, in _resolve_lookup
    current = current[int(bit)]
                      ~~~^^^^^
ValueError: invalid literal for int() with base 10: 'hora_next'

During handling of the above exception, another exception occurred:

Traceback (most recent call last):
  File "D:\DESARROLLO_IA\Proyecto_taxi_carga\Taxi_carga_bot\taxicarga_whatsapp_bot\.venv\Lib\site-packages\django\templ
ate\base.py", line 989, in _resolve_lookup
    raise VariableDoesNotExist(
    ^^^^^^^^^^^^^^^^^^^^^^^^^^^
    ...<2 lines>...
    )  # missing attribute
    ^
django.template.base.VariableDoesNotExist: Failed lookup for key [hora_next] in {'tipo': 'empty', 'hora': '20:00', 
'hora_display': '8:00 pm', 'equipo_id': 1, 'equipo_fecha': '2026-08-13'}
[DEBUG] 2026-08-13 21:16:41,357 base Exception while resolving variable 'hora_next_display' in template 
'campo/pizarra.html'.
Traceback (most recent call last):
  File "D:\DESARROLLO_IA\Proyecto_taxi_carga\Taxi_carga_bot\taxicarga_whatsapp_bot\.venv\Lib\site-packages\django\templ
ate\base.py", line 965, in _resolve_lookup
    current = current[bit]
              ~~~~~~~^^^^^
KeyError: 'hora_next_display'

During handling of the above exception, another exception occurred:

Traceback (most recent call last):
  File "D:\DESARROLLO_IA\Proyecto_taxi_carga\Taxi_carga_bot\taxicarga_whatsapp_bot\.venv\Lib\site-packages\django\templ
ate\base.py", line 976, in _resolve_lookup
    current = getattr(current, bit)
AttributeError: 'dict' object has no attribute 'hora_next_display'

During handling of the above exception, another exception occurred:

Traceback (most recent call last):
  File "D:\DESARROLLO_IA\Proyecto_taxi_carga\Taxi_carga_bot\taxicarga_whatsapp_bot\.venv\Lib\site-packages\django\templ
ate\base.py", line 982, in _resolve_lookup
    current = current[int(bit)]
                      ~~~^^^^^
ValueError: invalid literal for int() with base 10: 'hora_next_display'

During handling of the above exception, another exception occurred:

Traceback (most recent call last):
  File "D:\DESARROLLO_IA\Proyecto_taxi_carga\Taxi_carga_bot\taxicarga_whatsapp_bot\.venv\Lib\site-packages\django\templ
ate\base.py", line 989, in _resolve_lookup
    raise VariableDoesNotExist(
    ^^^^^^^^^^^^^^^^^^^^^^^^^^^
    ...<2 lines>...
    )  # missing attribute
    ^
django.template.base.VariableDoesNotExist: Failed lookup for key [hora_next_display] in {'tipo': 'empty', 'hora': 
'20:00', 'hora_display': '8:00 pm', 'equipo_id': 1, 'equipo_fecha': '2026-08-13'}
[DEBUG] 2026-08-13 21:16:41,358 base Exception while resolving variable 'hora_next' in template 'campo/pizarra.html'.
Traceback (most recent call last):
  File "D:\DESARROLLO_IA\Proyecto_taxi_carga\Taxi_carga_bot\taxicarga_whatsapp_bot\.venv\Lib\site-packages\django\templ
ate\base.py", line 965, in _resolve_lookup
    current = current[bit]
              ~~~~~~~^^^^^
KeyError: 'hora_next'

During handling of the above exception, another exception occurred:

Traceback (most recent call last):
  File "D:\DESARROLLO_IA\Proyecto_taxi_carga\Taxi_carga_bot\taxicarga_whatsapp_bot\.venv\Lib\site-packages\django\templ
ate\base.py", line 976, in _resolve_lookup
    current = getattr(current, bit)
AttributeError: 'dict' object has no attribute 'hora_next'

During handling of the above exception, another exception occurred:

Traceback (most recent call last):
  File "D:\DESARROLLO_IA\Proyecto_taxi_carga\Taxi_carga_bot\taxicarga_whatsapp_bot\.venv\Lib\site-packages\django\templ
ate\base.py", line 982, in _resolve_lookup
    current = current[int(bit)]
                      ~~~^^^^^
ValueError: invalid literal for int() with base 10: 'hora_next'

During handling of the above exception, another exception occurred:

Traceback (most recent call last):
  File "D:\DESARROLLO_IA\Proyecto_taxi_carga\Taxi_carga_bot\taxicarga_whatsapp_bot\.venv\Lib\site-packages\django\templ
ate\base.py", line 989, in _resolve_lookup
    raise VariableDoesNotExist(
    ^^^^^^^^^^^^^^^^^^^^^^^^^^^
    ...<2 lines>...
    )  # missing attribute
    ^
django.template.base.VariableDoesNotExist: Failed lookup for key [hora_next] in {'tipo': 'empty', 'hora': '20:30', 
'hora_display': '8:30 pm', 'equipo_id': 1, 'equipo_fecha': '2026-08-13'}
[DEBUG] 2026-08-13 21:16:41,362 base Exception while resolving variable 'hora_next_display' in template 
'campo/pizarra.html'.
Traceback (most recent call last):
  File "D:\DESARROLLO_IA\Proyecto_taxi_carga\Taxi_carga_bot\taxicarga_whatsapp_bot\.venv\Lib\site-packages\django\templ
ate\base.py", line 965, in _resolve_lookup
    current = current[bit]
              ~~~~~~~^^^^^
KeyError: 'hora_next_display'

During handling of the above exception, another exception occurred:

Traceback (most recent call last):
  File "D:\DESARROLLO_IA\Proyecto_taxi_carga\Taxi_carga_bot\taxicarga_whatsapp_bot\.venv\Lib\site-packages\django\templ
ate\base.py", line 976, in _resolve_lookup
    current = getattr(current, bit)
AttributeError: 'dict' object has no attribute 'hora_next_display'

During handling of the above exception, another exception occurred:

Traceback (most recent call last):
  File "D:\DESARROLLO_IA\Proyecto_taxi_carga\Taxi_carga_bot\taxicarga_whatsapp_bot\.venv\Lib\site-packages\django\templ
ate\base.py", line 982, in _resolve_lookup
    current = current[int(bit)]
                      ~~~^^^^^
ValueError: invalid literal for int() with base 10: 'hora_next_display'

During handling of the above exception, another exception occurred:

Traceback (most recent call last):
  File "D:\DESARROLLO_IA\Proyecto_taxi_carga\Taxi_carga_bot\taxicarga_whatsapp_bot\.venv\Lib\site-packages\django\templ
ate\base.py", line 989, in _resolve_lookup
    raise VariableDoesNotExist(
    ^^^^^^^^^^^^^^^^^^^^^^^^^^^
    ...<2 lines>...
    )  # missing attribute
    ^
django.template.base.VariableDoesNotExist: Failed lookup for key [hora_next_display] in {'tipo': 'empty', 'hora': 
'20:30', 'hora_display': '8:30 pm', 'equipo_id': 1, 'equipo_fecha': '2026-08-13'}
[DEBUG] 2026-08-13 21:16:41,363 base Exception while resolving variable 'hora_next' in template 'campo/pizarra.html'.
Traceback (most recent call last):
  File "D:\DESARROLLO_IA\Proyecto_taxi_carga\Taxi_carga_bot\taxicarga_whatsapp_bot\.venv\Lib\site-packages\django\templ
ate\base.py", line 965, in _resolve_lookup
    current = current[bit]
              ~~~~~~~^^^^^
KeyError: 'hora_next'

During handling of the above exception, another exception occurred:

Traceback (most recent call last):
  File "D:\DESARROLLO_IA\Proyecto_taxi_carga\Taxi_carga_bot\taxicarga_whatsapp_bot\.venv\Lib\site-packages\django\templ
ate\base.py", line 976, in _resolve_lookup
    current = getattr(current, bit)
AttributeError: 'dict' object has no attribute 'hora_next'

During handling of the above exception, another exception occurred:

Traceback (most recent call last):
  File "D:\DESARROLLO_IA\Proyecto_taxi_carga\Taxi_carga_bot\taxicarga_whatsapp_bot\.venv\Lib\site-packages\django\templ
ate\base.py", line 982, in _resolve_lookup
    current = current[int(bit)]
                      ~~~^^^^^
ValueError: invalid literal for int() with base 10: 'hora_next'

During handling of the above exception, another exception occurred:

Traceback (most recent call last):
  File "D:\DESARROLLO_IA\Proyecto_taxi_carga\Taxi_carga_bot\taxicarga_whatsapp_bot\.venv\Lib\site-packages\django\templ
ate\base.py", line 989, in _resolve_lookup
    raise VariableDoesNotExist(
    ^^^^^^^^^^^^^^^^^^^^^^^^^^^
    ...<2 lines>...
    )  # missing attribute
    ^
django.template.base.VariableDoesNotExist: Failed lookup for key [hora_next] in {'tipo': 'empty', 'hora': '21:00', 
'hora_display': '9:00 pm', 'equipo_id': 1, 'equipo_fecha': '2026-08-13'}
[DEBUG] 2026-08-13 21:16:41,364 base Exception while resolving variable 'hora_next_display' in template 
'campo/pizarra.html'.
Traceback (most recent call last):
  File "D:\DESARROLLO_IA\Proyecto_taxi_carga\Taxi_carga_bot\taxicarga_whatsapp_bot\.venv\Lib\site-packages\django\templ
ate\base.py", line 965, in _resolve_lookup
    current = current[bit]
              ~~~~~~~^^^^^
KeyError: 'hora_next_display'

During handling of the above exception, another exception occurred:

Traceback (most recent call last):
  File "D:\DESARROLLO_IA\Proyecto_taxi_carga\Taxi_carga_bot\taxicarga_whatsapp_bot\.venv\Lib\site-packages\django\templ
ate\base.py", line 976, in _resolve_lookup
    current = getattr(current, bit)
AttributeError: 'dict' object has no attribute 'hora_next_display'

During handling of the above exception, another exception occurred:

Traceback (most recent call last):
  File "D:\DESARROLLO_IA\Proyecto_taxi_carga\Taxi_carga_bot\taxicarga_whatsapp_bot\.venv\Lib\site-packages\django\templ
ate\base.py", line 982, in _resolve_lookup
    current = current[int(bit)]
                      ~~~^^^^^
ValueError: invalid literal for int() with base 10: 'hora_next_display'

During handling of the above exception, another exception occurred:

Traceback (most recent call last):
  File "D:\DESARROLLO_IA\Proyecto_taxi_carga\Taxi_carga_bot\taxicarga_whatsapp_bot\.venv\Lib\site-packages\django\templ
ate\base.py", line 989, in _resolve_lookup
    raise VariableDoesNotExist(
    ^^^^^^^^^^^^^^^^^^^^^^^^^^^
    ...<2 lines>...
    )  # missing attribute
    ^
django.template.base.VariableDoesNotExist: Failed lookup for key [hora_next_display] in {'tipo': 'empty', 'hora': 
'21:00', 'hora_display': '9:00 pm', 'equipo_id': 1, 'equipo_fecha': '2026-08-13'}
[DEBUG] 2026-08-13 21:16:41,366 base Exception while resolving variable 'hora_next' in template 'campo/pizarra.html'.
Traceback (most recent call last):
  File "D:\DESARROLLO_IA\Proyecto_taxi_carga\Taxi_carga_bot\taxicarga_whatsapp_bot\.venv\Lib\site-packages\django\templ
ate\base.py", line 965, in _resolve_lookup
    current = current[bit]
              ~~~~~~~^^^^^
KeyError: 'hora_next'

During handling of the above exception, another exception occurred:

Traceback (most recent call last):
  File "D:\DESARROLLO_IA\Proyecto_taxi_carga\Taxi_carga_bot\taxicarga_whatsapp_bot\.venv\Lib\site-packages\django\templ
ate\base.py", line 976, in _resolve_lookup
    current = getattr(current, bit)
AttributeError: 'dict' object has no attribute 'hora_next'

During handling of the above exception, another exception occurred:

Traceback (most recent call last):
  File "D:\DESARROLLO_IA\Proyecto_taxi_carga\Taxi_carga_bot\taxicarga_whatsapp_bot\.venv\Lib\site-packages\django\templ
ate\base.py", line 982, in _resolve_lookup
    current = current[int(bit)]
                      ~~~^^^^^
ValueError: invalid literal for int() with base 10: 'hora_next'

During handling of the above exception, another exception occurred:

Traceback (most recent call last):
  File "D:\DESARROLLO_IA\Proyecto_taxi_carga\Taxi_carga_bot\taxicarga_whatsapp_bot\.venv\Lib\site-packages\django\templ
ate\base.py", line 989, in _resolve_lookup
    raise VariableDoesNotExist(
    ^^^^^^^^^^^^^^^^^^^^^^^^^^^
    ...<2 lines>...
    )  # missing attribute
    ^
django.template.base.VariableDoesNotExist: Failed lookup for key [hora_next] in {'tipo': 'empty', 'hora': '21:30', 
'hora_display': '9:30 pm', 'equipo_id': 1, 'equipo_fecha': '2026-08-13'}
[DEBUG] 2026-08-13 21:16:41,367 base Exception while resolving variable 'hora_next_display' in template 
'campo/pizarra.html'.
Traceback (most recent call last):
  File "D:\DESARROLLO_IA\Proyecto_taxi_carga\Taxi_carga_bot\taxicarga_whatsapp_bot\.venv\Lib\site-packages\django\templ
ate\base.py", line 965, in _resolve_lookup
    current = current[bit]
              ~~~~~~~^^^^^
KeyError: 'hora_next_display'

During handling of the above exception, another exception occurred:

Traceback (most recent call last):
  File "D:\DESARROLLO_IA\Proyecto_taxi_carga\Taxi_carga_bot\taxicarga_whatsapp_bot\.venv\Lib\site-packages\django\templ
ate\base.py", line 976, in _resolve_lookup
    current = getattr(current, bit)
AttributeError: 'dict' object has no attribute 'hora_next_display'

During handling of the above exception, another exception occurred:

Traceback (most recent call last):
  File "D:\DESARROLLO_IA\Proyecto_taxi_carga\Taxi_carga_bot\taxicarga_whatsapp_bot\.venv\Lib\site-packages\django\templ
ate\base.py", line 982, in _resolve_lookup
    current = current[int(bit)]
                      ~~~^^^^^
ValueError: invalid literal for int() with base 10: 'hora_next_display'

During handling of the above exception, another exception occurred:

Traceback (most recent call last):
  File "D:\DESARROLLO_IA\Proyecto_taxi_carga\Taxi_carga_bot\taxicarga_whatsapp_bot\.venv\Lib\site-packages\django\templ
ate\base.py", line 989, in _resolve_lookup
    raise VariableDoesNotExist(
    ^^^^^^^^^^^^^^^^^^^^^^^^^^^
    ...<2 lines>...
    )  # missing attribute
    ^
django.template.base.VariableDoesNotExist: Failed lookup for key [hora_next_display] in {'tipo': 'empty', 'hora': 
'21:30', 'hora_display': '9:30 pm', 'equipo_id': 1, 'equipo_fecha': '2026-08-13'}
[DEBUG] 2026-08-13 21:16:41,370 base Exception while resolving variable 'hora_next' in template 'campo/pizarra.html'.
Traceback (most recent call last):
  File "D:\DESARROLLO_IA\Proyecto_taxi_carga\Taxi_carga_bot\taxicarga_whatsapp_bot\.venv\Lib\site-packages\django\templ
ate\base.py", line 965, in _resolve_lookup
    current = current[bit]
              ~~~~~~~^^^^^
KeyError: 'hora_next'

During handling of the above exception, another exception occurred:

Traceback (most recent call last):
  File "D:\DESARROLLO_IA\Proyecto_taxi_carga\Taxi_carga_bot\taxicarga_whatsapp_bot\.venv\Lib\site-packages\django\templ
ate\base.py", line 976, in _resolve_lookup
    current = getattr(current, bit)
AttributeError: 'dict' object has no attribute 'hora_next'

During handling of the above exception, another exception occurred:

Traceback (most recent call last):
  File "D:\DESARROLLO_IA\Proyecto_taxi_carga\Taxi_carga_bot\taxicarga_whatsapp_bot\.venv\Lib\site-packages\django\templ
ate\base.py", line 982, in _resolve_lookup
    current = current[int(bit)]
                      ~~~^^^^^
ValueError: invalid literal for int() with base 10: 'hora_next'

During handling of the above exception, another exception occurred:

Traceback (most recent call last):
  File "D:\DESARROLLO_IA\Proyecto_taxi_carga\Taxi_carga_bot\taxicarga_whatsapp_bot\.venv\Lib\site-packages\django\templ
ate\base.py", line 989, in _resolve_lookup
    raise VariableDoesNotExist(
    ^^^^^^^^^^^^^^^^^^^^^^^^^^^
    ...<2 lines>...
    )  # missing attribute
    ^
django.template.base.VariableDoesNotExist: Failed lookup for key [hora_next] in {'tipo': 'empty', 'hora': '22:00', 
'hora_display': '10:00 pm', 'equipo_id': 1, 'equipo_fecha': '2026-08-13'}
[DEBUG] 2026-08-13 21:16:41,371 base Exception while resolving variable 'hora_next_display' in template 
'campo/pizarra.html'.
Traceback (most recent call last):
  File "D:\DESARROLLO_IA\Proyecto_taxi_carga\Taxi_carga_bot\taxicarga_whatsapp_bot\.venv\Lib\site-packages\django\templ
ate\base.py", line 965, in _resolve_lookup
    current = current[bit]
              ~~~~~~~^^^^^
KeyError: 'hora_next_display'

During handling of the above exception, another exception occurred:

Traceback (most recent call last):
  File "D:\DESARROLLO_IA\Proyecto_taxi_carga\Taxi_carga_bot\taxicarga_whatsapp_bot\.venv\Lib\site-packages\django\templ
ate\base.py", line 976, in _resolve_lookup
    current = getattr(current, bit)
AttributeError: 'dict' object has no attribute 'hora_next_display'

During handling of the above exception, another exception occurred:

Traceback (most recent call last):
  File "D:\DESARROLLO_IA\Proyecto_taxi_carga\Taxi_carga_bot\taxicarga_whatsapp_bot\.venv\Lib\site-packages\django\templ
ate\base.py", line 982, in _resolve_lookup
    current = current[int(bit)]
                      ~~~^^^^^
ValueError: invalid literal for int() with base 10: 'hora_next_display'

During handling of the above exception, another exception occurred:

Traceback (most recent call last):
  File "D:\DESARROLLO_IA\Proyecto_taxi_carga\Taxi_carga_bot\taxicarga_whatsapp_bot\.venv\Lib\site-packages\django\templ
ate\base.py", line 989, in _resolve_lookup
    raise VariableDoesNotExist(
    ^^^^^^^^^^^^^^^^^^^^^^^^^^^
    ...<2 lines>...
    )  # missing attribute
    ^
django.template.base.VariableDoesNotExist: Failed lookup for key [hora_next_display] in {'tipo': 'empty', 'hora': 
'22:00', 'hora_display': '10:00 pm', 'equipo_id': 1, 'equipo_fecha': '2026-08-13'}
[DEBUG] 2026-08-13 21:16:41,375 base Exception while resolving variable 'hora_next' in template 'campo/pizarra.html'.
Traceback (most recent call last):
  File "D:\DESARROLLO_IA\Proyecto_taxi_carga\Taxi_carga_bot\taxicarga_whatsapp_bot\.venv\Lib\site-packages\django\templ
ate\base.py", line 965, in _resolve_lookup
    current = current[bit]
              ~~~~~~~^^^^^
KeyError: 'hora_next'

During handling of the above exception, another exception occurred:

Traceback (most recent call last):
  File "D:\DESARROLLO_IA\Proyecto_taxi_carga\Taxi_carga_bot\taxicarga_whatsapp_bot\.venv\Lib\site-packages\django\templ
ate\base.py", line 976, in _resolve_lookup
    current = getattr(current, bit)
AttributeError: 'dict' object has no attribute 'hora_next'

During handling of the above exception, another exception occurred:

Traceback (most recent call last):
  File "D:\DESARROLLO_IA\Proyecto_taxi_carga\Taxi_carga_bot\taxicarga_whatsapp_bot\.venv\Lib\site-packages\django\templ
ate\base.py", line 982, in _resolve_lookup
    current = current[int(bit)]
                      ~~~^^^^^
ValueError: invalid literal for int() with base 10: 'hora_next'

During handling of the above exception, another exception occurred:

Traceback (most recent call last):
  File "D:\DESARROLLO_IA\Proyecto_taxi_carga\Taxi_carga_bot\taxicarga_whatsapp_bot\.venv\Lib\site-packages\django\templ
ate\base.py", line 989, in _resolve_lookup
    raise VariableDoesNotExist(
    ^^^^^^^^^^^^^^^^^^^^^^^^^^^
    ...<2 lines>...
    )  # missing attribute
    ^
django.template.base.VariableDoesNotExist: Failed lookup for key [hora_next] in {'tipo': 'empty', 'hora': '22:30', 
'hora_display': '10:30 pm', 'equipo_id': 1, 'equipo_fecha': '2026-08-13'}
[DEBUG] 2026-08-13 21:16:41,376 base Exception while resolving variable 'hora_next_display' in template 
'campo/pizarra.html'.
Traceback (most recent call last):
  File "D:\DESARROLLO_IA\Proyecto_taxi_carga\Taxi_carga_bot\taxicarga_whatsapp_bot\.venv\Lib\site-packages\django\templ
ate\base.py", line 965, in _resolve_lookup
    current = current[bit]
              ~~~~~~~^^^^^
KeyError: 'hora_next_display'

During handling of the above exception, another exception occurred:

Traceback (most recent call last):
  File "D:\DESARROLLO_IA\Proyecto_taxi_carga\Taxi_carga_bot\taxicarga_whatsapp_bot\.venv\Lib\site-packages\django\templ
ate\base.py", line 976, in _resolve_lookup
    current = getattr(current, bit)
AttributeError: 'dict' object has no attribute 'hora_next_display'

During handling of the above exception, another exception occurred:

Traceback (most recent call last):
  File "D:\DESARROLLO_IA\Proyecto_taxi_carga\Taxi_carga_bot\taxicarga_whatsapp_bot\.venv\Lib\site-packages\django\templ
ate\base.py", line 982, in _resolve_lookup
    current = current[int(bit)]
                      ~~~^^^^^
ValueError: invalid literal for int() with base 10: 'hora_next_display'

During handling of the above exception, another exception occurred:

Traceback (most recent call last):
  File "D:\DESARROLLO_IA\Proyecto_taxi_carga\Taxi_carga_bot\taxicarga_whatsapp_bot\.venv\Lib\site-packages\django\templ
ate\base.py", line 989, in _resolve_lookup
    raise VariableDoesNotExist(
    ^^^^^^^^^^^^^^^^^^^^^^^^^^^
    ...<2 lines>...
    )  # missing attribute
    ^
django.template.base.VariableDoesNotExist: Failed lookup for key [hora_next_display] in {'tipo': 'empty', 'hora': 
'22:30', 'hora_display': '10:30 pm', 'equipo_id': 1, 'equipo_fecha': '2026-08-13'}
[DEBUG] 2026-08-13 21:16:41,383 base Exception while resolving variable 'hora_next' in template 'campo/pizarra.html'.
Traceback (most recent call last):
  File "D:\DESARROLLO_IA\Proyecto_taxi_carga\Taxi_carga_bot\taxicarga_whatsapp_bot\.venv\Lib\site-packages\django\templ
ate\base.py", line 965, in _resolve_lookup
    current = current[bit]
              ~~~~~~~^^^^^
KeyError: 'hora_next'

During handling of the above exception, another exception occurred:

Traceback (most recent call last):
  File "D:\DESARROLLO_IA\Proyecto_taxi_carga\Taxi_carga_bot\taxicarga_whatsapp_bot\.venv\Lib\site-packages\django\templ
ate\base.py", line 976, in _resolve_lookup
    current = getattr(current, bit)
AttributeError: 'dict' object has no attribute 'hora_next'

During handling of the above exception, another exception occurred:

Traceback (most recent call last):
  File "D:\DESARROLLO_IA\Proyecto_taxi_carga\Taxi_carga_bot\taxicarga_whatsapp_bot\.venv\Lib\site-packages\django\templ
ate\base.py", line 982, in _resolve_lookup
    current = current[int(bit)]
                      ~~~^^^^^
ValueError: invalid literal for int() with base 10: 'hora_next'

During handling of the above exception, another exception occurred:

Traceback (most recent call last):
  File "D:\DESARROLLO_IA\Proyecto_taxi_carga\Taxi_carga_bot\taxicarga_whatsapp_bot\.venv\Lib\site-packages\django\templ
ate\base.py", line 989, in _resolve_lookup
    raise VariableDoesNotExist(
    ^^^^^^^^^^^^^^^^^^^^^^^^^^^
    ...<2 lines>...
    )  # missing attribute
    ^
django.template.base.VariableDoesNotExist: Failed lookup for key [hora_next] in {'tipo': 'empty', 'hora': '23:00', 
'hora_display': '11:00 pm', 'equipo_id': 1, 'equipo_fecha': '2026-08-13'}
[DEBUG] 2026-08-13 21:16:41,384 base Exception while resolving variable 'hora_next_display' in template 
'campo/pizarra.html'.
Traceback (most recent call last):
  File "D:\DESARROLLO_IA\Proyecto_taxi_carga\Taxi_carga_bot\taxicarga_whatsapp_bot\.venv\Lib\site-packages\django\templ
ate\base.py", line 965, in _resolve_lookup
    current = current[bit]
              ~~~~~~~^^^^^
KeyError: 'hora_next_display'

During handling of the above exception, another exception occurred:

Traceback (most recent call last):
  File "D:\DESARROLLO_IA\Proyecto_taxi_carga\Taxi_carga_bot\taxicarga_whatsapp_bot\.venv\Lib\site-packages\django\templ
ate\base.py", line 976, in _resolve_lookup
    current = getattr(current, bit)
AttributeError: 'dict' object has no attribute 'hora_next_display'

During handling of the above exception, another exception occurred:

Traceback (most recent call last):
  File "D:\DESARROLLO_IA\Proyecto_taxi_carga\Taxi_carga_bot\taxicarga_whatsapp_bot\.venv\Lib\site-packages\django\templ
ate\base.py", line 982, in _resolve_lookup
    current = current[int(bit)]
                      ~~~^^^^^
ValueError: invalid literal for int() with base 10: 'hora_next_display'

During handling of the above exception, another exception occurred:

Traceback (most recent call last):
  File "D:\DESARROLLO_IA\Proyecto_taxi_carga\Taxi_carga_bot\taxicarga_whatsapp_bot\.venv\Lib\site-packages\django\templ
ate\base.py", line 989, in _resolve_lookup
    raise VariableDoesNotExist(
    ^^^^^^^^^^^^^^^^^^^^^^^^^^^
    ...<2 lines>...
    )  # missing attribute
    ^
django.template.base.VariableDoesNotExist: Failed lookup for key [hora_next_display] in {'tipo': 'empty', 'hora': 
'23:00', 'hora_display': '11:00 pm', 'equipo_id': 1, 'equipo_fecha': '2026-08-13'}
[DEBUG] 2026-08-13 21:16:41,384 base Exception while resolving variable 'hora_next' in template 'campo/pizarra.html'.
Traceback (most recent call last):
  File "D:\DESARROLLO_IA\Proyecto_taxi_carga\Taxi_carga_bot\taxicarga_whatsapp_bot\.venv\Lib\site-packages\django\templ
ate\base.py", line 965, in _resolve_lookup
    current = current[bit]
              ~~~~~~~^^^^^
KeyError: 'hora_next'

During handling of the above exception, another exception occurred:

Traceback (most recent call last):
  File "D:\DESARROLLO_IA\Proyecto_taxi_carga\Taxi_carga_bot\taxicarga_whatsapp_bot\.venv\Lib\site-packages\django\templ
ate\base.py", line 976, in _resolve_lookup
    current = getattr(current, bit)
AttributeError: 'dict' object has no attribute 'hora_next'

During handling of the above exception, another exception occurred:

Traceback (most recent call last):
  File "D:\DESARROLLO_IA\Proyecto_taxi_carga\Taxi_carga_bot\taxicarga_whatsapp_bot\.venv\Lib\site-packages\django\templ
ate\base.py", line 982, in _resolve_lookup
    current = current[int(bit)]
                      ~~~^^^^^
ValueError: invalid literal for int() with base 10: 'hora_next'

During handling of the above exception, another exception occurred:

Traceback (most recent call last):
  File "D:\DESARROLLO_IA\Proyecto_taxi_carga\Taxi_carga_bot\taxicarga_whatsapp_bot\.venv\Lib\site-packages\django\templ
ate\base.py", line 989, in _resolve_lookup
    raise VariableDoesNotExist(
    ^^^^^^^^^^^^^^^^^^^^^^^^^^^
    ...<2 lines>...
    )  # missing attribute
    ^
django.template.base.VariableDoesNotExist: Failed lookup for key [hora_next] in {'tipo': 'empty', 'hora': '23:30', 
'hora_display': '11:30 pm', 'equipo_id': 1, 'equipo_fecha': '2026-08-13'}
[DEBUG] 2026-08-13 21:16:41,387 base Exception while resolving variable 'hora_next_display' in template 
'campo/pizarra.html'.
Traceback (most recent call last):
  File "D:\DESARROLLO_IA\Proyecto_taxi_carga\Taxi_carga_bot\taxicarga_whatsapp_bot\.venv\Lib\site-packages\django\templ
ate\base.py", line 965, in _resolve_lookup
    current = current[bit]
              ~~~~~~~^^^^^
KeyError: 'hora_next_display'

During handling of the above exception, another exception occurred:

Traceback (most recent call last):
  File "D:\DESARROLLO_IA\Proyecto_taxi_carga\Taxi_carga_bot\taxicarga_whatsapp_bot\.venv\Lib\site-packages\django\templ
ate\base.py", line 976, in _resolve_lookup
    current = getattr(current, bit)
AttributeError: 'dict' object has no attribute 'hora_next_display'

During handling of the above exception, another exception occurred:

Traceback (most recent call last):
  File "D:\DESARROLLO_IA\Proyecto_taxi_carga\Taxi_carga_bot\taxicarga_whatsapp_bot\.venv\Lib\site-packages\django\templ
ate\base.py", line 982, in _resolve_lookup
    current = current[int(bit)]
                      ~~~^^^^^
ValueError: invalid literal for int() with base 10: 'hora_next_display'

During handling of the above exception, another exception occurred:

Traceback (most recent call last):
  File "D:\DESARROLLO_IA\Proyecto_taxi_carga\Taxi_carga_bot\taxicarga_whatsapp_bot\.venv\Lib\site-packages\django\templ
ate\base.py", line 989, in _resolve_lookup
    raise VariableDoesNotExist(
    ^^^^^^^^^^^^^^^^^^^^^^^^^^^
    ...<2 lines>...
    )  # missing attribute
    ^
django.template.base.VariableDoesNotExist: Failed lookup for key [hora_next_display] in {'tipo': 'empty', 'hora': 
'23:30', 'hora_display': '11:30 pm', 'equipo_id': 1, 'equipo_fecha': '2026-08-13'}
..[DEBUG] 2026-08-13 21:16:43,418 base Exception while resolving variable 'hora_next' in template 'campo/pizarra.html'.
Traceback (most recent call last):
  File "D:\DESARROLLO_IA\Proyecto_taxi_carga\Taxi_carga_bot\taxicarga_whatsapp_bot\.venv\Lib\site-packages\django\templ
ate\base.py", line 965, in _resolve_lookup
    current = current[bit]
              ~~~~~~~^^^^^
KeyError: 'hora_next'

During handling of the above exception, another exception occurred:

Traceback (most recent call last):
  File "D:\DESARROLLO_IA\Proyecto_taxi_carga\Taxi_carga_bot\taxicarga_whatsapp_bot\.venv\Lib\site-packages\django\templ
ate\base.py", line 976, in _resolve_lookup
    current = getattr(current, bit)
AttributeError: 'dict' object has no attribute 'hora_next'

During handling of the above exception, another exception occurred:

Traceback (most recent call last):
  File "D:\DESARROLLO_IA\Proyecto_taxi_carga\Taxi_carga_bot\taxicarga_whatsapp_bot\.venv\Lib\site-packages\django\templ
ate\base.py", line 982, in _resolve_lookup
    current = current[int(bit)]
                      ~~~^^^^^
ValueError: invalid literal for int() with base 10: 'hora_next'

During handling of the above exception, another exception occurred:

Traceback (most recent call last):
  File "D:\DESARROLLO_IA\Proyecto_taxi_carga\Taxi_carga_bot\taxicarga_whatsapp_bot\.venv\Lib\site-packages\django\templ
ate\base.py", line 989, in _resolve_lookup
    raise VariableDoesNotExist(
    ^^^^^^^^^^^^^^^^^^^^^^^^^^^
    ...<2 lines>...
    )  # missing attribute
    ^
django.template.base.VariableDoesNotExist: Failed lookup for key [hora_next] in {'tipo': 'empty', 'hora': '00:00', 
'hora_display': '12:00 am', 'equipo_id': 1, 'equipo_fecha': '2026-06-14'}
[DEBUG] 2026-08-13 21:16:43,419 base Exception while resolving variable 'hora_next_display' in template 
'campo/pizarra.html'.
Traceback (most recent call last):
  File "D:\DESARROLLO_IA\Proyecto_taxi_carga\Taxi_carga_bot\taxicarga_whatsapp_bot\.venv\Lib\site-packages\django\templ
ate\base.py", line 965, in _resolve_lookup
    current = current[bit]
              ~~~~~~~^^^^^
KeyError: 'hora_next_display'

During handling of the above exception, another exception occurred:

Traceback (most recent call last):
  File "D:\DESARROLLO_IA\Proyecto_taxi_carga\Taxi_carga_bot\taxicarga_whatsapp_bot\.venv\Lib\site-packages\django\templ
ate\base.py", line 976, in _resolve_lookup
    current = getattr(current, bit)
AttributeError: 'dict' object has no attribute 'hora_next_display'

During handling of the above exception, another exception occurred:

Traceback (most recent call last):
  File "D:\DESARROLLO_IA\Proyecto_taxi_carga\Taxi_carga_bot\taxicarga_whatsapp_bot\.venv\Lib\site-packages\django\templ
ate\base.py", line 982, in _resolve_lookup
    current = current[int(bit)]
                      ~~~^^^^^
ValueError: invalid literal for int() with base 10: 'hora_next_display'

During handling of the above exception, another exception occurred:

Traceback (most recent call last):
  File "D:\DESARROLLO_IA\Proyecto_taxi_carga\Taxi_carga_bot\taxicarga_whatsapp_bot\.venv\Lib\site-packages\django\templ
ate\base.py", line 989, in _resolve_lookup
    raise VariableDoesNotExist(
    ^^^^^^^^^^^^^^^^^^^^^^^^^^^
    ...<2 lines>...
    )  # missing attribute
    ^
django.template.base.VariableDoesNotExist: Failed lookup for key [hora_next_display] in {'tipo': 'empty', 'hora': 
'00:00', 'hora_display': '12:00 am', 'equipo_id': 1, 'equipo_fecha': '2026-06-14'}
[DEBUG] 2026-08-13 21:16:43,420 base Exception while resolving variable 'hora_next' in template 'campo/pizarra.html'.
Traceback (most recent call last):
  File "D:\DESARROLLO_IA\Proyecto_taxi_carga\Taxi_carga_bot\taxicarga_whatsapp_bot\.venv\Lib\site-packages\django\templ
ate\base.py", line 965, in _resolve_lookup
    current = current[bit]
              ~~~~~~~^^^^^
KeyError: 'hora_next'

During handling of the above exception, another exception occurred:

Traceback (most recent call last):
  File "D:\DESARROLLO_IA\Proyecto_taxi_carga\Taxi_carga_bot\taxicarga_whatsapp_bot\.venv\Lib\site-packages\django\templ
ate\base.py", line 976, in _resolve_lookup
    current = getattr(current, bit)
AttributeError: 'dict' object has no attribute 'hora_next'

During handling of the above exception, another exception occurred:

Traceback (most recent call last):
  File "D:\DESARROLLO_IA\Proyecto_taxi_carga\Taxi_carga_bot\taxicarga_whatsapp_bot\.venv\Lib\site-packages\django\templ
ate\base.py", line 982, in _resolve_lookup
    current = current[int(bit)]
                      ~~~^^^^^
ValueError: invalid literal for int() with base 10: 'hora_next'

During handling of the above exception, another exception occurred:

Traceback (most recent call last):
  File "D:\DESARROLLO_IA\Proyecto_taxi_carga\Taxi_carga_bot\taxicarga_whatsapp_bot\.venv\Lib\site-packages\django\templ
ate\base.py", line 989, in _resolve_lookup
    raise VariableDoesNotExist(
    ^^^^^^^^^^^^^^^^^^^^^^^^^^^
    ...<2 lines>...
    )  # missing attribute
    ^
django.template.base.VariableDoesNotExist: Failed lookup for key [hora_next] in {'tipo': 'empty', 'hora': '00:30', 
'hora_display': '12:30 am', 'equipo_id': 1, 'equipo_fecha': '2026-06-14'}
[DEBUG] 2026-08-13 21:16:43,421 base Exception while resolving variable 'hora_next_display' in template 
'campo/pizarra.html'.
Traceback (most recent call last):
  File "D:\DESARROLLO_IA\Proyecto_taxi_carga\Taxi_carga_bot\taxicarga_whatsapp_bot\.venv\Lib\site-packages\django\templ
ate\base.py", line 965, in _resolve_lookup
    current = current[bit]
              ~~~~~~~^^^^^
KeyError: 'hora_next_display'

During handling of the above exception, another exception occurred:

Traceback (most recent call last):
  File "D:\DESARROLLO_IA\Proyecto_taxi_carga\Taxi_carga_bot\taxicarga_whatsapp_bot\.venv\Lib\site-packages\django\templ
ate\base.py", line 976, in _resolve_lookup
    current = getattr(current, bit)
AttributeError: 'dict' object has no attribute 'hora_next_display'

During handling of the above exception, another exception occurred:

Traceback (most recent call last):
  File "D:\DESARROLLO_IA\Proyecto_taxi_carga\Taxi_carga_bot\taxicarga_whatsapp_bot\.venv\Lib\site-packages\django\templ
ate\base.py", line 982, in _resolve_lookup
    current = current[int(bit)]
                      ~~~^^^^^
ValueError: invalid literal for int() with base 10: 'hora_next_display'

During handling of the above exception, another exception occurred:

Traceback (most recent call last):
  File "D:\DESARROLLO_IA\Proyecto_taxi_carga\Taxi_carga_bot\taxicarga_whatsapp_bot\.venv\Lib\site-packages\django\templ
ate\base.py", line 989, in _resolve_lookup
    raise VariableDoesNotExist(
    ^^^^^^^^^^^^^^^^^^^^^^^^^^^
    ...<2 lines>...
    )  # missing attribute
    ^
django.template.base.VariableDoesNotExist: Failed lookup for key [hora_next_display] in {'tipo': 'empty', 'hora': 
'00:30', 'hora_display': '12:30 am', 'equipo_id': 1, 'equipo_fecha': '2026-06-14'}
[DEBUG] 2026-08-13 21:16:43,422 base Exception while resolving variable 'hora_next' in template 'campo/pizarra.html'.
Traceback (most recent call last):
  File "D:\DESARROLLO_IA\Proyecto_taxi_carga\Taxi_carga_bot\taxicarga_whatsapp_bot\.venv\Lib\site-packages\django\templ
ate\base.py", line 965, in _resolve_lookup
    current = current[bit]
              ~~~~~~~^^^^^
KeyError: 'hora_next'

During handling of the above exception, another exception occurred:

Traceback (most recent call last):
  File "D:\DESARROLLO_IA\Proyecto_taxi_carga\Taxi_carga_bot\taxicarga_whatsapp_bot\.venv\Lib\site-packages\django\templ
ate\base.py", line 976, in _resolve_lookup
    current = getattr(current, bit)
AttributeError: 'dict' object has no attribute 'hora_next'

During handling of the above exception, another exception occurred:

Traceback (most recent call last):
  File "D:\DESARROLLO_IA\Proyecto_taxi_carga\Taxi_carga_bot\taxicarga_whatsapp_bot\.venv\Lib\site-packages\django\templ
ate\base.py", line 982, in _resolve_lookup
    current = current[int(bit)]
                      ~~~^^^^^
ValueError: invalid literal for int() with base 10: 'hora_next'

During handling of the above exception, another exception occurred:

Traceback (most recent call last):
  File "D:\DESARROLLO_IA\Proyecto_taxi_carga\Taxi_carga_bot\taxicarga_whatsapp_bot\.venv\Lib\site-packages\django\templ
ate\base.py", line 989, in _resolve_lookup
    raise VariableDoesNotExist(
    ^^^^^^^^^^^^^^^^^^^^^^^^^^^
    ...<2 lines>...
    )  # missing attribute
    ^
django.template.base.VariableDoesNotExist: Failed lookup for key [hora_next] in {'tipo': 'empty', 'hora': '01:00', 
'hora_display': '1:00 am', 'equipo_id': 1, 'equipo_fecha': '2026-06-14'}
[DEBUG] 2026-08-13 21:16:43,423 base Exception while resolving variable 'hora_next_display' in template 
'campo/pizarra.html'.
Traceback (most recent call last):
  File "D:\DESARROLLO_IA\Proyecto_taxi_carga\Taxi_carga_bot\taxicarga_whatsapp_bot\.venv\Lib\site-packages\django\templ
ate\base.py", line 965, in _resolve_lookup
    current = current[bit]
              ~~~~~~~^^^^^
KeyError: 'hora_next_display'

During handling of the above exception, another exception occurred:

Traceback (most recent call last):
  File "D:\DESARROLLO_IA\Proyecto_taxi_carga\Taxi_carga_bot\taxicarga_whatsapp_bot\.venv\Lib\site-packages\django\templ
ate\base.py", line 976, in _resolve_lookup
    current = getattr(current, bit)
AttributeError: 'dict' object has no attribute 'hora_next_display'

During handling of the above exception, another exception occurred:

Traceback (most recent call last):
  File "D:\DESARROLLO_IA\Proyecto_taxi_carga\Taxi_carga_bot\taxicarga_whatsapp_bot\.venv\Lib\site-packages\django\templ
ate\base.py", line 982, in _resolve_lookup
    current = current[int(bit)]
                      ~~~^^^^^
ValueError: invalid literal for int() with base 10: 'hora_next_display'

During handling of the above exception, another exception occurred:

Traceback (most recent call last):
  File "D:\DESARROLLO_IA\Proyecto_taxi_carga\Taxi_carga_bot\taxicarga_whatsapp_bot\.venv\Lib\site-packages\django\templ
ate\base.py", line 989, in _resolve_lookup
    raise VariableDoesNotExist(
    ^^^^^^^^^^^^^^^^^^^^^^^^^^^
    ...<2 lines>...
    )  # missing attribute
    ^
django.template.base.VariableDoesNotExist: Failed lookup for key [hora_next_display] in {'tipo': 'empty', 'hora': 
'01:00', 'hora_display': '1:00 am', 'equipo_id': 1, 'equipo_fecha': '2026-06-14'}
[DEBUG] 2026-08-13 21:16:43,424 base Exception while resolving variable 'hora_next' in template 'campo/pizarra.html'.
Traceback (most recent call last):
  File "D:\DESARROLLO_IA\Proyecto_taxi_carga\Taxi_carga_bot\taxicarga_whatsapp_bot\.venv\Lib\site-packages\django\templ
ate\base.py", line 965, in _resolve_lookup
    current = current[bit]
              ~~~~~~~^^^^^
KeyError: 'hora_next'

During handling of the above exception, another exception occurred:

Traceback (most recent call last):
  File "D:\DESARROLLO_IA\Proyecto_taxi_carga\Taxi_carga_bot\taxicarga_whatsapp_bot\.venv\Lib\site-packages\django\templ
ate\base.py", line 976, in _resolve_lookup
    current = getattr(current, bit)
AttributeError: 'dict' object has no attribute 'hora_next'

During handling of the above exception, another exception occurred:

Traceback (most recent call last):
  File "D:\DESARROLLO_IA\Proyecto_taxi_carga\Taxi_carga_bot\taxicarga_whatsapp_bot\.venv\Lib\site-packages\django\templ
ate\base.py", line 982, in _resolve_lookup
    current = current[int(bit)]
                      ~~~^^^^^
ValueError: invalid literal for int() with base 10: 'hora_next'

During handling of the above exception, another exception occurred:

Traceback (most recent call last):
  File "D:\DESARROLLO_IA\Proyecto_taxi_carga\Taxi_carga_bot\taxicarga_whatsapp_bot\.venv\Lib\site-packages\django\templ
ate\base.py", line 989, in _resolve_lookup
    raise VariableDoesNotExist(
    ^^^^^^^^^^^^^^^^^^^^^^^^^^^
    ...<2 lines>...
    )  # missing attribute
    ^
django.template.base.VariableDoesNotExist: Failed lookup for key [hora_next] in {'tipo': 'empty', 'hora': '01:30', 
'hora_display': '1:30 am', 'equipo_id': 1, 'equipo_fecha': '2026-06-14'}
[DEBUG] 2026-08-13 21:16:43,425 base Exception while resolving variable 'hora_next_display' in template 
'campo/pizarra.html'.
Traceback (most recent call last):
  File "D:\DESARROLLO_IA\Proyecto_taxi_carga\Taxi_carga_bot\taxicarga_whatsapp_bot\.venv\Lib\site-packages\django\templ
ate\base.py", line 965, in _resolve_lookup
    current = current[bit]
              ~~~~~~~^^^^^
KeyError: 'hora_next_display'

During handling of the above exception, another exception occurred:

Traceback (most recent call last):
  File "D:\DESARROLLO_IA\Proyecto_taxi_carga\Taxi_carga_bot\taxicarga_whatsapp_bot\.venv\Lib\site-packages\django\templ
ate\base.py", line 976, in _resolve_lookup
    current = getattr(current, bit)
AttributeError: 'dict' object has no attribute 'hora_next_display'

During handling of the above exception, another exception occurred:

Traceback (most recent call last):
  File "D:\DESARROLLO_IA\Proyecto_taxi_carga\Taxi_carga_bot\taxicarga_whatsapp_bot\.venv\Lib\site-packages\django\templ
ate\base.py", line 982, in _resolve_lookup
    current = current[int(bit)]
                      ~~~^^^^^
ValueError: invalid literal for int() with base 10: 'hora_next_display'

During handling of the above exception, another exception occurred:

Traceback (most recent call last):
  File "D:\DESARROLLO_IA\Proyecto_taxi_carga\Taxi_carga_bot\taxicarga_whatsapp_bot\.venv\Lib\site-packages\django\templ
ate\base.py", line 989, in _resolve_lookup
    raise VariableDoesNotExist(
    ^^^^^^^^^^^^^^^^^^^^^^^^^^^
    ...<2 lines>...
    )  # missing attribute
    ^
django.template.base.VariableDoesNotExist: Failed lookup for key [hora_next_display] in {'tipo': 'empty', 'hora': 
'01:30', 'hora_display': '1:30 am', 'equipo_id': 1, 'equipo_fecha': '2026-06-14'}
[DEBUG] 2026-08-13 21:16:43,427 base Exception while resolving variable 'hora_next' in template 'campo/pizarra.html'.
Traceback (most recent call last):
  File "D:\DESARROLLO_IA\Proyecto_taxi_carga\Taxi_carga_bot\taxicarga_whatsapp_bot\.venv\Lib\site-packages\django\templ
ate\base.py", line 965, in _resolve_lookup
    current = current[bit]
              ~~~~~~~^^^^^
KeyError: 'hora_next'

During handling of the above exception, another exception occurred:

Traceback (most recent call last):
  File "D:\DESARROLLO_IA\Proyecto_taxi_carga\Taxi_carga_bot\taxicarga_whatsapp_bot\.venv\Lib\site-packages\django\templ
ate\base.py", line 976, in _resolve_lookup
    current = getattr(current, bit)
AttributeError: 'dict' object has no attribute 'hora_next'

During handling of the above exception, another exception occurred:

Traceback (most recent call last):
  File "D:\DESARROLLO_IA\Proyecto_taxi_carga\Taxi_carga_bot\taxicarga_whatsapp_bot\.venv\Lib\site-packages\django\templ
ate\base.py", line 982, in _resolve_lookup
    current = current[int(bit)]
                      ~~~^^^^^
ValueError: invalid literal for int() with base 10: 'hora_next'

During handling of the above exception, another exception occurred:

Traceback (most recent call last):
  File "D:\DESARROLLO_IA\Proyecto_taxi_carga\Taxi_carga_bot\taxicarga_whatsapp_bot\.venv\Lib\site-packages\django\templ
ate\base.py", line 989, in _resolve_lookup
    raise VariableDoesNotExist(
    ^^^^^^^^^^^^^^^^^^^^^^^^^^^
    ...<2 lines>...
    )  # missing attribute
    ^
django.template.base.VariableDoesNotExist: Failed lookup for key [hora_next] in {'tipo': 'empty', 'hora': '02:00', 
'hora_display': '2:00 am', 'equipo_id': 1, 'equipo_fecha': '2026-06-14'}
[DEBUG] 2026-08-13 21:16:43,428 base Exception while resolving variable 'hora_next_display' in template 
'campo/pizarra.html'.
Traceback (most recent call last):
  File "D:\DESARROLLO_IA\Proyecto_taxi_carga\Taxi_carga_bot\taxicarga_whatsapp_bot\.venv\Lib\site-packages\django\templ
ate\base.py", line 965, in _resolve_lookup
    current = current[bit]
              ~~~~~~~^^^^^
KeyError: 'hora_next_display'

During handling of the above exception, another exception occurred:

Traceback (most recent call last):
  File "D:\DESARROLLO_IA\Proyecto_taxi_carga\Taxi_carga_bot\taxicarga_whatsapp_bot\.venv\Lib\site-packages\django\templ
ate\base.py", line 976, in _resolve_lookup
    current = getattr(current, bit)
AttributeError: 'dict' object has no attribute 'hora_next_display'

During handling of the above exception, another exception occurred:

Traceback (most recent call last):
  File "D:\DESARROLLO_IA\Proyecto_taxi_carga\Taxi_carga_bot\taxicarga_whatsapp_bot\.venv\Lib\site-packages\django\templ
ate\base.py", line 982, in _resolve_lookup
    current = current[int(bit)]
                      ~~~^^^^^
ValueError: invalid literal for int() with base 10: 'hora_next_display'

During handling of the above exception, another exception occurred:

Traceback (most recent call last):
  File "D:\DESARROLLO_IA\Proyecto_taxi_carga\Taxi_carga_bot\taxicarga_whatsapp_bot\.venv\Lib\site-packages\django\templ
ate\base.py", line 989, in _resolve_lookup
    raise VariableDoesNotExist(
    ^^^^^^^^^^^^^^^^^^^^^^^^^^^
    ...<2 lines>...
    )  # missing attribute
    ^
django.template.base.VariableDoesNotExist: Failed lookup for key [hora_next_display] in {'tipo': 'empty', 'hora': 
'02:00', 'hora_display': '2:00 am', 'equipo_id': 1, 'equipo_fecha': '2026-06-14'}
[DEBUG] 2026-08-13 21:16:43,429 base Exception while resolving variable 'hora_next' in template 'campo/pizarra.html'.
Traceback (most recent call last):
  File "D:\DESARROLLO_IA\Proyecto_taxi_carga\Taxi_carga_bot\taxicarga_whatsapp_bot\.venv\Lib\site-packages\django\templ
ate\base.py", line 965, in _resolve_lookup
    current = current[bit]
              ~~~~~~~^^^^^
KeyError: 'hora_next'

During handling of the above exception, another exception occurred:

Traceback (most recent call last):
  File "D:\DESARROLLO_IA\Proyecto_taxi_carga\Taxi_carga_bot\taxicarga_whatsapp_bot\.venv\Lib\site-packages\django\templ
ate\base.py", line 976, in _resolve_lookup
    current = getattr(current, bit)
AttributeError: 'dict' object has no attribute 'hora_next'

During handling of the above exception, another exception occurred:

Traceback (most recent call last):
  File "D:\DESARROLLO_IA\Proyecto_taxi_carga\Taxi_carga_bot\taxicarga_whatsapp_bot\.venv\Lib\site-packages\django\templ
ate\base.py", line 982, in _resolve_lookup
    current = current[int(bit)]
                      ~~~^^^^^
ValueError: invalid literal for int() with base 10: 'hora_next'

During handling of the above exception, another exception occurred:

Traceback (most recent call last):
  File "D:\DESARROLLO_IA\Proyecto_taxi_carga\Taxi_carga_bot\taxicarga_whatsapp_bot\.venv\Lib\site-packages\django\templ
ate\base.py", line 989, in _resolve_lookup
    raise VariableDoesNotExist(
    ^^^^^^^^^^^^^^^^^^^^^^^^^^^
    ...<2 lines>...
    )  # missing attribute
    ^
django.template.base.VariableDoesNotExist: Failed lookup for key [hora_next] in {'tipo': 'empty', 'hora': '02:30', 
'hora_display': '2:30 am', 'equipo_id': 1, 'equipo_fecha': '2026-06-14'}
[DEBUG] 2026-08-13 21:16:43,434 base Exception while resolving variable 'hora_next_display' in template 
'campo/pizarra.html'.
Traceback (most recent call last):
  File "D:\DESARROLLO_IA\Proyecto_taxi_carga\Taxi_carga_bot\taxicarga_whatsapp_bot\.venv\Lib\site-packages\django\templ
ate\base.py", line 965, in _resolve_lookup
    current = current[bit]
              ~~~~~~~^^^^^
KeyError: 'hora_next_display'

During handling of the above exception, another exception occurred:

Traceback (most recent call last):
  File "D:\DESARROLLO_IA\Proyecto_taxi_carga\Taxi_carga_bot\taxicarga_whatsapp_bot\.venv\Lib\site-packages\django\templ
ate\base.py", line 976, in _resolve_lookup
    current = getattr(current, bit)
AttributeError: 'dict' object has no attribute 'hora_next_display'

During handling of the above exception, another exception occurred:

Traceback (most recent call last):
  File "D:\DESARROLLO_IA\Proyecto_taxi_carga\Taxi_carga_bot\taxicarga_whatsapp_bot\.venv\Lib\site-packages\django\templ
ate\base.py", line 982, in _resolve_lookup
    current = current[int(bit)]
                      ~~~^^^^^
ValueError: invalid literal for int() with base 10: 'hora_next_display'

During handling of the above exception, another exception occurred:

Traceback (most recent call last):
  File "D:\DESARROLLO_IA\Proyecto_taxi_carga\Taxi_carga_bot\taxicarga_whatsapp_bot\.venv\Lib\site-packages\django\templ
ate\base.py", line 989, in _resolve_lookup
    raise VariableDoesNotExist(
    ^^^^^^^^^^^^^^^^^^^^^^^^^^^
    ...<2 lines>...
    )  # missing attribute
    ^
django.template.base.VariableDoesNotExist: Failed lookup for key [hora_next_display] in {'tipo': 'empty', 'hora': 
'02:30', 'hora_display': '2:30 am', 'equipo_id': 1, 'equipo_fecha': '2026-06-14'}
[DEBUG] 2026-08-13 21:16:43,435 base Exception while resolving variable 'hora_next' in template 'campo/pizarra.html'.
Traceback (most recent call last):
  File "D:\DESARROLLO_IA\Proyecto_taxi_carga\Taxi_carga_bot\taxicarga_whatsapp_bot\.venv\Lib\site-packages\django\templ
ate\base.py", line 965, in _resolve_lookup
    current = current[bit]
              ~~~~~~~^^^^^
KeyError: 'hora_next'

During handling of the above exception, another exception occurred:

Traceback (most recent call last):
  File "D:\DESARROLLO_IA\Proyecto_taxi_carga\Taxi_carga_bot\taxicarga_whatsapp_bot\.venv\Lib\site-packages\django\templ
ate\base.py", line 976, in _resolve_lookup
    current = getattr(current, bit)
AttributeError: 'dict' object has no attribute 'hora_next'

During handling of the above exception, another exception occurred:

Traceback (most recent call last):
  File "D:\DESARROLLO_IA\Proyecto_taxi_carga\Taxi_carga_bot\taxicarga_whatsapp_bot\.venv\Lib\site-packages\django\templ
ate\base.py", line 982, in _resolve_lookup
    current = current[int(bit)]
                      ~~~^^^^^
ValueError: invalid literal for int() with base 10: 'hora_next'

During handling of the above exception, another exception occurred:

Traceback (most recent call last):
  File "D:\DESARROLLO_IA\Proyecto_taxi_carga\Taxi_carga_bot\taxicarga_whatsapp_bot\.venv\Lib\site-packages\django\templ
ate\base.py", line 989, in _resolve_lookup
    raise VariableDoesNotExist(
    ^^^^^^^^^^^^^^^^^^^^^^^^^^^
    ...<2 lines>...
    )  # missing attribute
    ^
django.template.base.VariableDoesNotExist: Failed lookup for key [hora_next] in {'tipo': 'empty', 'hora': '03:00', 
'hora_display': '3:00 am', 'equipo_id': 1, 'equipo_fecha': '2026-06-14'}
[DEBUG] 2026-08-13 21:16:43,436 base Exception while resolving variable 'hora_next_display' in template 
'campo/pizarra.html'.
Traceback (most recent call last):
  File "D:\DESARROLLO_IA\Proyecto_taxi_carga\Taxi_carga_bot\taxicarga_whatsapp_bot\.venv\Lib\site-packages\django\templ
ate\base.py", line 965, in _resolve_lookup
    current = current[bit]
              ~~~~~~~^^^^^
KeyError: 'hora_next_display'

During handling of the above exception, another exception occurred:

Traceback (most recent call last):
  File "D:\DESARROLLO_IA\Proyecto_taxi_carga\Taxi_carga_bot\taxicarga_whatsapp_bot\.venv\Lib\site-packages\django\templ
ate\base.py", line 976, in _resolve_lookup
    current = getattr(current, bit)
AttributeError: 'dict' object has no attribute 'hora_next_display'

During handling of the above exception, another exception occurred:

Traceback (most recent call last):
  File "D:\DESARROLLO_IA\Proyecto_taxi_carga\Taxi_carga_bot\taxicarga_whatsapp_bot\.venv\Lib\site-packages\django\templ
ate\base.py", line 982, in _resolve_lookup
    current = current[int(bit)]
                      ~~~^^^^^
ValueError: invalid literal for int() with base 10: 'hora_next_display'

During handling of the above exception, another exception occurred:

Traceback (most recent call last):
  File "D:\DESARROLLO_IA\Proyecto_taxi_carga\Taxi_carga_bot\taxicarga_whatsapp_bot\.venv\Lib\site-packages\django\templ
ate\base.py", line 989, in _resolve_lookup
    raise VariableDoesNotExist(
    ^^^^^^^^^^^^^^^^^^^^^^^^^^^
    ...<2 lines>...
    )  # missing attribute
    ^
django.template.base.VariableDoesNotExist: Failed lookup for key [hora_next_display] in {'tipo': 'empty', 'hora': 
'03:00', 'hora_display': '3:00 am', 'equipo_id': 1, 'equipo_fecha': '2026-06-14'}
[DEBUG] 2026-08-13 21:16:43,438 base Exception while resolving variable 'hora_next' in template 'campo/pizarra.html'.
Traceback (most recent call last):
  File "D:\DESARROLLO_IA\Proyecto_taxi_carga\Taxi_carga_bot\taxicarga_whatsapp_bot\.venv\Lib\site-packages\django\templ
ate\base.py", line 965, in _resolve_lookup
    current = current[bit]
              ~~~~~~~^^^^^
KeyError: 'hora_next'

During handling of the above exception, another exception occurred:

Traceback (most recent call last):
  File "D:\DESARROLLO_IA\Proyecto_taxi_carga\Taxi_carga_bot\taxicarga_whatsapp_bot\.venv\Lib\site-packages\django\templ
ate\base.py", line 976, in _resolve_lookup
    current = getattr(current, bit)
AttributeError: 'dict' object has no attribute 'hora_next'

During handling of the above exception, another exception occurred:

Traceback (most recent call last):
  File "D:\DESARROLLO_IA\Proyecto_taxi_carga\Taxi_carga_bot\taxicarga_whatsapp_bot\.venv\Lib\site-packages\django\templ
ate\base.py", line 982, in _resolve_lookup
    current = current[int(bit)]
                      ~~~^^^^^
ValueError: invalid literal for int() with base 10: 'hora_next'

During handling of the above exception, another exception occurred:

Traceback (most recent call last):
  File "D:\DESARROLLO_IA\Proyecto_taxi_carga\Taxi_carga_bot\taxicarga_whatsapp_bot\.venv\Lib\site-packages\django\templ
ate\base.py", line 989, in _resolve_lookup
    raise VariableDoesNotExist(
    ^^^^^^^^^^^^^^^^^^^^^^^^^^^
    ...<2 lines>...
    )  # missing attribute
    ^
django.template.base.VariableDoesNotExist: Failed lookup for key [hora_next] in {'tipo': 'empty', 'hora': '03:30', 
'hora_display': '3:30 am', 'equipo_id': 1, 'equipo_fecha': '2026-06-14'}
[DEBUG] 2026-08-13 21:16:43,439 base Exception while resolving variable 'hora_next_display' in template 
'campo/pizarra.html'.
Traceback (most recent call last):
  File "D:\DESARROLLO_IA\Proyecto_taxi_carga\Taxi_carga_bot\taxicarga_whatsapp_bot\.venv\Lib\site-packages\django\templ
ate\base.py", line 965, in _resolve_lookup
    current = current[bit]
              ~~~~~~~^^^^^
KeyError: 'hora_next_display'

During handling of the above exception, another exception occurred:

Traceback (most recent call last):
  File "D:\DESARROLLO_IA\Proyecto_taxi_carga\Taxi_carga_bot\taxicarga_whatsapp_bot\.venv\Lib\site-packages\django\templ
ate\base.py", line 976, in _resolve_lookup
    current = getattr(current, bit)
AttributeError: 'dict' object has no attribute 'hora_next_display'

During handling of the above exception, another exception occurred:

Traceback (most recent call last):
  File "D:\DESARROLLO_IA\Proyecto_taxi_carga\Taxi_carga_bot\taxicarga_whatsapp_bot\.venv\Lib\site-packages\django\templ
ate\base.py", line 982, in _resolve_lookup
    current = current[int(bit)]
                      ~~~^^^^^
ValueError: invalid literal for int() with base 10: 'hora_next_display'

During handling of the above exception, another exception occurred:

Traceback (most recent call last):
  File "D:\DESARROLLO_IA\Proyecto_taxi_carga\Taxi_carga_bot\taxicarga_whatsapp_bot\.venv\Lib\site-packages\django\templ
ate\base.py", line 989, in _resolve_lookup
    raise VariableDoesNotExist(
    ^^^^^^^^^^^^^^^^^^^^^^^^^^^
    ...<2 lines>...
    )  # missing attribute
    ^
django.template.base.VariableDoesNotExist: Failed lookup for key [hora_next_display] in {'tipo': 'empty', 'hora': 
'03:30', 'hora_display': '3:30 am', 'equipo_id': 1, 'equipo_fecha': '2026-06-14'}
[DEBUG] 2026-08-13 21:16:43,443 base Exception while resolving variable 'hora_next' in template 'campo/pizarra.html'.
Traceback (most recent call last):
  File "D:\DESARROLLO_IA\Proyecto_taxi_carga\Taxi_carga_bot\taxicarga_whatsapp_bot\.venv\Lib\site-packages\django\templ
ate\base.py", line 965, in _resolve_lookup
    current = current[bit]
              ~~~~~~~^^^^^
KeyError: 'hora_next'

During handling of the above exception, another exception occurred:

Traceback (most recent call last):
  File "D:\DESARROLLO_IA\Proyecto_taxi_carga\Taxi_carga_bot\taxicarga_whatsapp_bot\.venv\Lib\site-packages\django\templ
ate\base.py", line 976, in _resolve_lookup
    current = getattr(current, bit)
AttributeError: 'dict' object has no attribute 'hora_next'

During handling of the above exception, another exception occurred:

Traceback (most recent call last):
  File "D:\DESARROLLO_IA\Proyecto_taxi_carga\Taxi_carga_bot\taxicarga_whatsapp_bot\.venv\Lib\site-packages\django\templ
ate\base.py", line 982, in _resolve_lookup
    current = current[int(bit)]
                      ~~~^^^^^
ValueError: invalid literal for int() with base 10: 'hora_next'

During handling of the above exception, another exception occurred:

Traceback (most recent call last):
  File "D:\DESARROLLO_IA\Proyecto_taxi_carga\Taxi_carga_bot\taxicarga_whatsapp_bot\.venv\Lib\site-packages\django\templ
ate\base.py", line 989, in _resolve_lookup
    raise VariableDoesNotExist(
    ^^^^^^^^^^^^^^^^^^^^^^^^^^^
    ...<2 lines>...
    )  # missing attribute
    ^
django.template.base.VariableDoesNotExist: Failed lookup for key [hora_next] in {'tipo': 'empty', 'hora': '04:00', 
'hora_display': '4:00 am', 'equipo_id': 1, 'equipo_fecha': '2026-06-14'}
[DEBUG] 2026-08-13 21:16:43,445 base Exception while resolving variable 'hora_next_display' in template 
'campo/pizarra.html'.
Traceback (most recent call last):
  File "D:\DESARROLLO_IA\Proyecto_taxi_carga\Taxi_carga_bot\taxicarga_whatsapp_bot\.venv\Lib\site-packages\django\templ
ate\base.py", line 965, in _resolve_lookup
    current = current[bit]
              ~~~~~~~^^^^^
KeyError: 'hora_next_display'

During handling of the above exception, another exception occurred:

Traceback (most recent call last):
  File "D:\DESARROLLO_IA\Proyecto_taxi_carga\Taxi_carga_bot\taxicarga_whatsapp_bot\.venv\Lib\site-packages\django\templ
ate\base.py", line 976, in _resolve_lookup
    current = getattr(current, bit)
AttributeError: 'dict' object has no attribute 'hora_next_display'

During handling of the above exception, another exception occurred:

Traceback (most recent call last):
  File "D:\DESARROLLO_IA\Proyecto_taxi_carga\Taxi_carga_bot\taxicarga_whatsapp_bot\.venv\Lib\site-packages\django\templ
ate\base.py", line 982, in _resolve_lookup
    current = current[int(bit)]
                      ~~~^^^^^
ValueError: invalid literal for int() with base 10: 'hora_next_display'

During handling of the above exception, another exception occurred:

Traceback (most recent call last):
  File "D:\DESARROLLO_IA\Proyecto_taxi_carga\Taxi_carga_bot\taxicarga_whatsapp_bot\.venv\Lib\site-packages\django\templ
ate\base.py", line 989, in _resolve_lookup
    raise VariableDoesNotExist(
    ^^^^^^^^^^^^^^^^^^^^^^^^^^^
    ...<2 lines>...
    )  # missing attribute
    ^
django.template.base.VariableDoesNotExist: Failed lookup for key [hora_next_display] in {'tipo': 'empty', 'hora': 
'04:00', 'hora_display': '4:00 am', 'equipo_id': 1, 'equipo_fecha': '2026-06-14'}
[DEBUG] 2026-08-13 21:16:43,448 base Exception while resolving variable 'hora_next' in template 'campo/pizarra.html'.
Traceback (most recent call last):
  File "D:\DESARROLLO_IA\Proyecto_taxi_carga\Taxi_carga_bot\taxicarga_whatsapp_bot\.venv\Lib\site-packages\django\templ
ate\base.py", line 965, in _resolve_lookup
    current = current[bit]
              ~~~~~~~^^^^^
KeyError: 'hora_next'

During handling of the above exception, another exception occurred:

Traceback (most recent call last):
  File "D:\DESARROLLO_IA\Proyecto_taxi_carga\Taxi_carga_bot\taxicarga_whatsapp_bot\.venv\Lib\site-packages\django\templ
ate\base.py", line 976, in _resolve_lookup
    current = getattr(current, bit)
AttributeError: 'dict' object has no attribute 'hora_next'

During handling of the above exception, another exception occurred:

Traceback (most recent call last):
  File "D:\DESARROLLO_IA\Proyecto_taxi_carga\Taxi_carga_bot\taxicarga_whatsapp_bot\.venv\Lib\site-packages\django\templ
ate\base.py", line 982, in _resolve_lookup
    current = current[int(bit)]
                      ~~~^^^^^
ValueError: invalid literal for int() with base 10: 'hora_next'

During handling of the above exception, another exception occurred:

Traceback (most recent call last):
  File "D:\DESARROLLO_IA\Proyecto_taxi_carga\Taxi_carga_bot\taxicarga_whatsapp_bot\.venv\Lib\site-packages\django\templ
ate\base.py", line 989, in _resolve_lookup
    raise VariableDoesNotExist(
    ^^^^^^^^^^^^^^^^^^^^^^^^^^^
    ...<2 lines>...
    )  # missing attribute
    ^
django.template.base.VariableDoesNotExist: Failed lookup for key [hora_next] in {'tipo': 'empty', 'hora': '04:30', 
'hora_display': '4:30 am', 'equipo_id': 1, 'equipo_fecha': '2026-06-14'}
[DEBUG] 2026-08-13 21:16:43,449 base Exception while resolving variable 'hora_next_display' in template 
'campo/pizarra.html'.
Traceback (most recent call last):
  File "D:\DESARROLLO_IA\Proyecto_taxi_carga\Taxi_carga_bot\taxicarga_whatsapp_bot\.venv\Lib\site-packages\django\templ
ate\base.py", line 965, in _resolve_lookup
    current = current[bit]
              ~~~~~~~^^^^^
KeyError: 'hora_next_display'

During handling of the above exception, another exception occurred:

Traceback (most recent call last):
  File "D:\DESARROLLO_IA\Proyecto_taxi_carga\Taxi_carga_bot\taxicarga_whatsapp_bot\.venv\Lib\site-packages\django\templ
ate\base.py", line 976, in _resolve_lookup
    current = getattr(current, bit)
AttributeError: 'dict' object has no attribute 'hora_next_display'

During handling of the above exception, another exception occurred:

Traceback (most recent call last):
  File "D:\DESARROLLO_IA\Proyecto_taxi_carga\Taxi_carga_bot\taxicarga_whatsapp_bot\.venv\Lib\site-packages\django\templ
ate\base.py", line 982, in _resolve_lookup
    current = current[int(bit)]
                      ~~~^^^^^
ValueError: invalid literal for int() with base 10: 'hora_next_display'

During handling of the above exception, another exception occurred:

Traceback (most recent call last):
  File "D:\DESARROLLO_IA\Proyecto_taxi_carga\Taxi_carga_bot\taxicarga_whatsapp_bot\.venv\Lib\site-packages\django\templ
ate\base.py", line 989, in _resolve_lookup
    raise VariableDoesNotExist(
    ^^^^^^^^^^^^^^^^^^^^^^^^^^^
    ...<2 lines>...
    )  # missing attribute
    ^
django.template.base.VariableDoesNotExist: Failed lookup for key [hora_next_display] in {'tipo': 'empty', 'hora': 
'04:30', 'hora_display': '4:30 am', 'equipo_id': 1, 'equipo_fecha': '2026-06-14'}
[DEBUG] 2026-08-13 21:16:43,450 base Exception while resolving variable 'hora_next' in template 'campo/pizarra.html'.
Traceback (most recent call last):
  File "D:\DESARROLLO_IA\Proyecto_taxi_carga\Taxi_carga_bot\taxicarga_whatsapp_bot\.venv\Lib\site-packages\django\templ
ate\base.py", line 965, in _resolve_lookup
    current = current[bit]
              ~~~~~~~^^^^^
KeyError: 'hora_next'

During handling of the above exception, another exception occurred:

Traceback (most recent call last):
  File "D:\DESARROLLO_IA\Proyecto_taxi_carga\Taxi_carga_bot\taxicarga_whatsapp_bot\.venv\Lib\site-packages\django\templ
ate\base.py", line 976, in _resolve_lookup
    current = getattr(current, bit)
AttributeError: 'dict' object has no attribute 'hora_next'

During handling of the above exception, another exception occurred:

Traceback (most recent call last):
  File "D:\DESARROLLO_IA\Proyecto_taxi_carga\Taxi_carga_bot\taxicarga_whatsapp_bot\.venv\Lib\site-packages\django\templ
ate\base.py", line 982, in _resolve_lookup
    current = current[int(bit)]
                      ~~~^^^^^
ValueError: invalid literal for int() with base 10: 'hora_next'

During handling of the above exception, another exception occurred:

Traceback (most recent call last):
  File "D:\DESARROLLO_IA\Proyecto_taxi_carga\Taxi_carga_bot\taxicarga_whatsapp_bot\.venv\Lib\site-packages\django\templ
ate\base.py", line 989, in _resolve_lookup
    raise VariableDoesNotExist(
    ^^^^^^^^^^^^^^^^^^^^^^^^^^^
    ...<2 lines>...
    )  # missing attribute
    ^
django.template.base.VariableDoesNotExist: Failed lookup for key [hora_next] in {'tipo': 'empty', 'hora': '05:00', 
'hora_display': '5:00 am', 'equipo_id': 1, 'equipo_fecha': '2026-06-14'}
[DEBUG] 2026-08-13 21:16:43,453 base Exception while resolving variable 'hora_next_display' in template 
'campo/pizarra.html'.
Traceback (most recent call last):
  File "D:\DESARROLLO_IA\Proyecto_taxi_carga\Taxi_carga_bot\taxicarga_whatsapp_bot\.venv\Lib\site-packages\django\templ
ate\base.py", line 965, in _resolve_lookup
    current = current[bit]
              ~~~~~~~^^^^^
KeyError: 'hora_next_display'

During handling of the above exception, another exception occurred:

Traceback (most recent call last):
  File "D:\DESARROLLO_IA\Proyecto_taxi_carga\Taxi_carga_bot\taxicarga_whatsapp_bot\.venv\Lib\site-packages\django\templ
ate\base.py", line 976, in _resolve_lookup
    current = getattr(current, bit)
AttributeError: 'dict' object has no attribute 'hora_next_display'

During handling of the above exception, another exception occurred:

Traceback (most recent call last):
  File "D:\DESARROLLO_IA\Proyecto_taxi_carga\Taxi_carga_bot\taxicarga_whatsapp_bot\.venv\Lib\site-packages\django\templ
ate\base.py", line 982, in _resolve_lookup
    current = current[int(bit)]
                      ~~~^^^^^
ValueError: invalid literal for int() with base 10: 'hora_next_display'

During handling of the above exception, another exception occurred:

Traceback (most recent call last):
  File "D:\DESARROLLO_IA\Proyecto_taxi_carga\Taxi_carga_bot\taxicarga_whatsapp_bot\.venv\Lib\site-packages\django\templ
ate\base.py", line 989, in _resolve_lookup
    raise VariableDoesNotExist(
    ^^^^^^^^^^^^^^^^^^^^^^^^^^^
    ...<2 lines>...
    )  # missing attribute
    ^
django.template.base.VariableDoesNotExist: Failed lookup for key [hora_next_display] in {'tipo': 'empty', 'hora': 
'05:00', 'hora_display': '5:00 am', 'equipo_id': 1, 'equipo_fecha': '2026-06-14'}
[DEBUG] 2026-08-13 21:16:43,456 base Exception while resolving variable 'hora_next' in template 'campo/pizarra.html'.
Traceback (most recent call last):
  File "D:\DESARROLLO_IA\Proyecto_taxi_carga\Taxi_carga_bot\taxicarga_whatsapp_bot\.venv\Lib\site-packages\django\templ
ate\base.py", line 965, in _resolve_lookup
    current = current[bit]
              ~~~~~~~^^^^^
KeyError: 'hora_next'

During handling of the above exception, another exception occurred:

Traceback (most recent call last):
  File "D:\DESARROLLO_IA\Proyecto_taxi_carga\Taxi_carga_bot\taxicarga_whatsapp_bot\.venv\Lib\site-packages\django\templ
ate\base.py", line 976, in _resolve_lookup
    current = getattr(current, bit)
AttributeError: 'dict' object has no attribute 'hora_next'

During handling of the above exception, another exception occurred:

Traceback (most recent call last):
  File "D:\DESARROLLO_IA\Proyecto_taxi_carga\Taxi_carga_bot\taxicarga_whatsapp_bot\.venv\Lib\site-packages\django\templ
ate\base.py", line 982, in _resolve_lookup
    current = current[int(bit)]
                      ~~~^^^^^
ValueError: invalid literal for int() with base 10: 'hora_next'

During handling of the above exception, another exception occurred:

Traceback (most recent call last):
  File "D:\DESARROLLO_IA\Proyecto_taxi_carga\Taxi_carga_bot\taxicarga_whatsapp_bot\.venv\Lib\site-packages\django\templ
ate\base.py", line 989, in _resolve_lookup
    raise VariableDoesNotExist(
    ^^^^^^^^^^^^^^^^^^^^^^^^^^^
    ...<2 lines>...
    )  # missing attribute
    ^
django.template.base.VariableDoesNotExist: Failed lookup for key [hora_next] in {'tipo': 'empty', 'hora': '05:30', 
'hora_display': '5:30 am', 'equipo_id': 1, 'equipo_fecha': '2026-06-14'}
[DEBUG] 2026-08-13 21:16:43,458 base Exception while resolving variable 'hora_next_display' in template 
'campo/pizarra.html'.
Traceback (most recent call last):
  File "D:\DESARROLLO_IA\Proyecto_taxi_carga\Taxi_carga_bot\taxicarga_whatsapp_bot\.venv\Lib\site-packages\django\templ
ate\base.py", line 965, in _resolve_lookup
    current = current[bit]
              ~~~~~~~^^^^^
KeyError: 'hora_next_display'

During handling of the above exception, another exception occurred:

Traceback (most recent call last):
  File "D:\DESARROLLO_IA\Proyecto_taxi_carga\Taxi_carga_bot\taxicarga_whatsapp_bot\.venv\Lib\site-packages\django\templ
ate\base.py", line 976, in _resolve_lookup
    current = getattr(current, bit)
AttributeError: 'dict' object has no attribute 'hora_next_display'

During handling of the above exception, another exception occurred:

Traceback (most recent call last):
  File "D:\DESARROLLO_IA\Proyecto_taxi_carga\Taxi_carga_bot\taxicarga_whatsapp_bot\.venv\Lib\site-packages\django\templ
ate\base.py", line 982, in _resolve_lookup
    current = current[int(bit)]
                      ~~~^^^^^
ValueError: invalid literal for int() with base 10: 'hora_next_display'

During handling of the above exception, another exception occurred:

Traceback (most recent call last):
  File "D:\DESARROLLO_IA\Proyecto_taxi_carga\Taxi_carga_bot\taxicarga_whatsapp_bot\.venv\Lib\site-packages\django\templ
ate\base.py", line 989, in _resolve_lookup
    raise VariableDoesNotExist(
    ^^^^^^^^^^^^^^^^^^^^^^^^^^^
    ...<2 lines>...
    )  # missing attribute
    ^
django.template.base.VariableDoesNotExist: Failed lookup for key [hora_next_display] in {'tipo': 'empty', 'hora': 
'05:30', 'hora_display': '5:30 am', 'equipo_id': 1, 'equipo_fecha': '2026-06-14'}
[DEBUG] 2026-08-13 21:16:43,459 base Exception while resolving variable 'hora_next' in template 'campo/pizarra.html'.
Traceback (most recent call last):
  File "D:\DESARROLLO_IA\Proyecto_taxi_carga\Taxi_carga_bot\taxicarga_whatsapp_bot\.venv\Lib\site-packages\django\templ
ate\base.py", line 965, in _resolve_lookup
    current = current[bit]
              ~~~~~~~^^^^^
KeyError: 'hora_next'

During handling of the above exception, another exception occurred:

Traceback (most recent call last):
  File "D:\DESARROLLO_IA\Proyecto_taxi_carga\Taxi_carga_bot\taxicarga_whatsapp_bot\.venv\Lib\site-packages\django\templ
ate\base.py", line 976, in _resolve_lookup
    current = getattr(current, bit)
AttributeError: 'dict' object has no attribute 'hora_next'

During handling of the above exception, another exception occurred:

Traceback (most recent call last):
  File "D:\DESARROLLO_IA\Proyecto_taxi_carga\Taxi_carga_bot\taxicarga_whatsapp_bot\.venv\Lib\site-packages\django\templ
ate\base.py", line 982, in _resolve_lookup
    current = current[int(bit)]
                      ~~~^^^^^
ValueError: invalid literal for int() with base 10: 'hora_next'

During handling of the above exception, another exception occurred:

Traceback (most recent call last):
  File "D:\DESARROLLO_IA\Proyecto_taxi_carga\Taxi_carga_bot\taxicarga_whatsapp_bot\.venv\Lib\site-packages\django\templ
ate\base.py", line 989, in _resolve_lookup
    raise VariableDoesNotExist(
    ^^^^^^^^^^^^^^^^^^^^^^^^^^^
    ...<2 lines>...
    )  # missing attribute
    ^
django.template.base.VariableDoesNotExist: Failed lookup for key [hora_next] in {'tipo': 'empty', 'hora': '06:00', 
'hora_display': '6:00 am', 'equipo_id': 1, 'equipo_fecha': '2026-06-14'}
[DEBUG] 2026-08-13 21:16:43,469 base Exception while resolving variable 'hora_next_display' in template 
'campo/pizarra.html'.
Traceback (most recent call last):
  File "D:\DESARROLLO_IA\Proyecto_taxi_carga\Taxi_carga_bot\taxicarga_whatsapp_bot\.venv\Lib\site-packages\django\templ
ate\base.py", line 965, in _resolve_lookup
    current = current[bit]
              ~~~~~~~^^^^^
KeyError: 'hora_next_display'

During handling of the above exception, another exception occurred:

Traceback (most recent call last):
  File "D:\DESARROLLO_IA\Proyecto_taxi_carga\Taxi_carga_bot\taxicarga_whatsapp_bot\.venv\Lib\site-packages\django\templ
ate\base.py", line 976, in _resolve_lookup
    current = getattr(current, bit)
AttributeError: 'dict' object has no attribute 'hora_next_display'

During handling of the above exception, another exception occurred:

Traceback (most recent call last):
  File "D:\DESARROLLO_IA\Proyecto_taxi_carga\Taxi_carga_bot\taxicarga_whatsapp_bot\.venv\Lib\site-packages\django\templ
ate\base.py", line 982, in _resolve_lookup
    current = current[int(bit)]
                      ~~~^^^^^
ValueError: invalid literal for int() with base 10: 'hora_next_display'

During handling of the above exception, another exception occurred:

Traceback (most recent call last):
  File "D:\DESARROLLO_IA\Proyecto_taxi_carga\Taxi_carga_bot\taxicarga_whatsapp_bot\.venv\Lib\site-packages\django\templ
ate\base.py", line 989, in _resolve_lookup
    raise VariableDoesNotExist(
    ^^^^^^^^^^^^^^^^^^^^^^^^^^^
    ...<2 lines>...
    )  # missing attribute
    ^
django.template.base.VariableDoesNotExist: Failed lookup for key [hora_next_display] in {'tipo': 'empty', 'hora': 
'06:00', 'hora_display': '6:00 am', 'equipo_id': 1, 'equipo_fecha': '2026-06-14'}
[DEBUG] 2026-08-13 21:16:43,471 base Exception while resolving variable 'hora_next' in template 'campo/pizarra.html'.
Traceback (most recent call last):
  File "D:\DESARROLLO_IA\Proyecto_taxi_carga\Taxi_carga_bot\taxicarga_whatsapp_bot\.venv\Lib\site-packages\django\templ
ate\base.py", line 965, in _resolve_lookup
    current = current[bit]
              ~~~~~~~^^^^^
KeyError: 'hora_next'

During handling of the above exception, another exception occurred:

Traceback (most recent call last):
  File "D:\DESARROLLO_IA\Proyecto_taxi_carga\Taxi_carga_bot\taxicarga_whatsapp_bot\.venv\Lib\site-packages\django\templ
ate\base.py", line 976, in _resolve_lookup
    current = getattr(current, bit)
AttributeError: 'dict' object has no attribute 'hora_next'

During handling of the above exception, another exception occurred:

Traceback (most recent call last):
  File "D:\DESARROLLO_IA\Proyecto_taxi_carga\Taxi_carga_bot\taxicarga_whatsapp_bot\.venv\Lib\site-packages\django\templ
ate\base.py", line 982, in _resolve_lookup
    current = current[int(bit)]
                      ~~~^^^^^
ValueError: invalid literal for int() with base 10: 'hora_next'

During handling of the above exception, another exception occurred:

Traceback (most recent call last):
  File "D:\DESARROLLO_IA\Proyecto_taxi_carga\Taxi_carga_bot\taxicarga_whatsapp_bot\.venv\Lib\site-packages\django\templ
ate\base.py", line 989, in _resolve_lookup
    raise VariableDoesNotExist(
    ^^^^^^^^^^^^^^^^^^^^^^^^^^^
    ...<2 lines>...
    )  # missing attribute
    ^
django.template.base.VariableDoesNotExist: Failed lookup for key [hora_next] in {'tipo': 'empty', 'hora': '06:30', 
'hora_display': '6:30 am', 'equipo_id': 1, 'equipo_fecha': '2026-06-14'}
[DEBUG] 2026-08-13 21:16:43,472 base Exception while resolving variable 'hora_next_display' in template 
'campo/pizarra.html'.
Traceback (most recent call last):
  File "D:\DESARROLLO_IA\Proyecto_taxi_carga\Taxi_carga_bot\taxicarga_whatsapp_bot\.venv\Lib\site-packages\django\templ
ate\base.py", line 965, in _resolve_lookup
    current = current[bit]
              ~~~~~~~^^^^^
KeyError: 'hora_next_display'

During handling of the above exception, another exception occurred:

Traceback (most recent call last):
  File "D:\DESARROLLO_IA\Proyecto_taxi_carga\Taxi_carga_bot\taxicarga_whatsapp_bot\.venv\Lib\site-packages\django\templ
ate\base.py", line 976, in _resolve_lookup
    current = getattr(current, bit)
AttributeError: 'dict' object has no attribute 'hora_next_display'

During handling of the above exception, another exception occurred:

Traceback (most recent call last):
  File "D:\DESARROLLO_IA\Proyecto_taxi_carga\Taxi_carga_bot\taxicarga_whatsapp_bot\.venv\Lib\site-packages\django\templ
ate\base.py", line 982, in _resolve_lookup
    current = current[int(bit)]
                      ~~~^^^^^
ValueError: invalid literal for int() with base 10: 'hora_next_display'

During handling of the above exception, another exception occurred:

Traceback (most recent call last):
  File "D:\DESARROLLO_IA\Proyecto_taxi_carga\Taxi_carga_bot\taxicarga_whatsapp_bot\.venv\Lib\site-packages\django\templ
ate\base.py", line 989, in _resolve_lookup
    raise VariableDoesNotExist(
    ^^^^^^^^^^^^^^^^^^^^^^^^^^^
    ...<2 lines>...
    )  # missing attribute
    ^
django.template.base.VariableDoesNotExist: Failed lookup for key [hora_next_display] in {'tipo': 'empty', 'hora': 
'06:30', 'hora_display': '6:30 am', 'equipo_id': 1, 'equipo_fecha': '2026-06-14'}
[DEBUG] 2026-08-13 21:16:43,474 base Exception while resolving variable 'hora_next' in template 'campo/pizarra.html'.
Traceback (most recent call last):
  File "D:\DESARROLLO_IA\Proyecto_taxi_carga\Taxi_carga_bot\taxicarga_whatsapp_bot\.venv\Lib\site-packages\django\templ
ate\base.py", line 965, in _resolve_lookup
    current = current[bit]
              ~~~~~~~^^^^^
KeyError: 'hora_next'

During handling of the above exception, another exception occurred:

Traceback (most recent call last):
  File "D:\DESARROLLO_IA\Proyecto_taxi_carga\Taxi_carga_bot\taxicarga_whatsapp_bot\.venv\Lib\site-packages\django\templ
ate\base.py", line 976, in _resolve_lookup
    current = getattr(current, bit)
AttributeError: 'dict' object has no attribute 'hora_next'

During handling of the above exception, another exception occurred:

Traceback (most recent call last):
  File "D:\DESARROLLO_IA\Proyecto_taxi_carga\Taxi_carga_bot\taxicarga_whatsapp_bot\.venv\Lib\site-packages\django\templ
ate\base.py", line 982, in _resolve_lookup
    current = current[int(bit)]
                      ~~~^^^^^
ValueError: invalid literal for int() with base 10: 'hora_next'

During handling of the above exception, another exception occurred:

Traceback (most recent call last):
  File "D:\DESARROLLO_IA\Proyecto_taxi_carga\Taxi_carga_bot\taxicarga_whatsapp_bot\.venv\Lib\site-packages\django\templ
ate\base.py", line 989, in _resolve_lookup
    raise VariableDoesNotExist(
    ^^^^^^^^^^^^^^^^^^^^^^^^^^^
    ...<2 lines>...
    )  # missing attribute
    ^
django.template.base.VariableDoesNotExist: Failed lookup for key [hora_next] in {'tipo': 'empty', 'hora': '07:00', 
'hora_display': '7:00 am', 'equipo_id': 1, 'equipo_fecha': '2026-06-14'}
[DEBUG] 2026-08-13 21:16:43,475 base Exception while resolving variable 'hora_next_display' in template 
'campo/pizarra.html'.
Traceback (most recent call last):
  File "D:\DESARROLLO_IA\Proyecto_taxi_carga\Taxi_carga_bot\taxicarga_whatsapp_bot\.venv\Lib\site-packages\django\templ
ate\base.py", line 965, in _resolve_lookup
    current = current[bit]
              ~~~~~~~^^^^^
KeyError: 'hora_next_display'

During handling of the above exception, another exception occurred:

Traceback (most recent call last):
  File "D:\DESARROLLO_IA\Proyecto_taxi_carga\Taxi_carga_bot\taxicarga_whatsapp_bot\.venv\Lib\site-packages\django\templ
ate\base.py", line 976, in _resolve_lookup
    current = getattr(current, bit)
AttributeError: 'dict' object has no attribute 'hora_next_display'

During handling of the above exception, another exception occurred:

Traceback (most recent call last):
  File "D:\DESARROLLO_IA\Proyecto_taxi_carga\Taxi_carga_bot\taxicarga_whatsapp_bot\.venv\Lib\site-packages\django\templ
ate\base.py", line 982, in _resolve_lookup
    current = current[int(bit)]
                      ~~~^^^^^
ValueError: invalid literal for int() with base 10: 'hora_next_display'

During handling of the above exception, another exception occurred:

Traceback (most recent call last):
  File "D:\DESARROLLO_IA\Proyecto_taxi_carga\Taxi_carga_bot\taxicarga_whatsapp_bot\.venv\Lib\site-packages\django\templ
ate\base.py", line 989, in _resolve_lookup
    raise VariableDoesNotExist(
    ^^^^^^^^^^^^^^^^^^^^^^^^^^^
    ...<2 lines>...
    )  # missing attribute
    ^
django.template.base.VariableDoesNotExist: Failed lookup for key [hora_next_display] in {'tipo': 'empty', 'hora': 
'07:00', 'hora_display': '7:00 am', 'equipo_id': 1, 'equipo_fecha': '2026-06-14'}
[DEBUG] 2026-08-13 21:16:43,479 base Exception while resolving variable 'hora_next' in template 'campo/pizarra.html'.
Traceback (most recent call last):
  File "D:\DESARROLLO_IA\Proyecto_taxi_carga\Taxi_carga_bot\taxicarga_whatsapp_bot\.venv\Lib\site-packages\django\templ
ate\base.py", line 965, in _resolve_lookup
    current = current[bit]
              ~~~~~~~^^^^^
KeyError: 'hora_next'

During handling of the above exception, another exception occurred:

Traceback (most recent call last):
  File "D:\DESARROLLO_IA\Proyecto_taxi_carga\Taxi_carga_bot\taxicarga_whatsapp_bot\.venv\Lib\site-packages\django\templ
ate\base.py", line 976, in _resolve_lookup
    current = getattr(current, bit)
AttributeError: 'dict' object has no attribute 'hora_next'

During handling of the above exception, another exception occurred:

Traceback (most recent call last):
  File "D:\DESARROLLO_IA\Proyecto_taxi_carga\Taxi_carga_bot\taxicarga_whatsapp_bot\.venv\Lib\site-packages\django\templ
ate\base.py", line 982, in _resolve_lookup
    current = current[int(bit)]
                      ~~~^^^^^
ValueError: invalid literal for int() with base 10: 'hora_next'

During handling of the above exception, another exception occurred:

Traceback (most recent call last):
  File "D:\DESARROLLO_IA\Proyecto_taxi_carga\Taxi_carga_bot\taxicarga_whatsapp_bot\.venv\Lib\site-packages\django\templ
ate\base.py", line 989, in _resolve_lookup
    raise VariableDoesNotExist(
    ^^^^^^^^^^^^^^^^^^^^^^^^^^^
    ...<2 lines>...
    )  # missing attribute
    ^
django.template.base.VariableDoesNotExist: Failed lookup for key [hora_next] in {'tipo': 'empty', 'hora': '07:30', 
'hora_display': '7:30 am', 'equipo_id': 1, 'equipo_fecha': '2026-06-14'}
[DEBUG] 2026-08-13 21:16:43,480 base Exception while resolving variable 'hora_next_display' in template 
'campo/pizarra.html'.
Traceback (most recent call last):
  File "D:\DESARROLLO_IA\Proyecto_taxi_carga\Taxi_carga_bot\taxicarga_whatsapp_bot\.venv\Lib\site-packages\django\templ
ate\base.py", line 965, in _resolve_lookup
    current = current[bit]
              ~~~~~~~^^^^^
KeyError: 'hora_next_display'

During handling of the above exception, another exception occurred:

Traceback (most recent call last):
  File "D:\DESARROLLO_IA\Proyecto_taxi_carga\Taxi_carga_bot\taxicarga_whatsapp_bot\.venv\Lib\site-packages\django\templ
ate\base.py", line 976, in _resolve_lookup
    current = getattr(current, bit)
AttributeError: 'dict' object has no attribute 'hora_next_display'

During handling of the above exception, another exception occurred:

Traceback (most recent call last):
  File "D:\DESARROLLO_IA\Proyecto_taxi_carga\Taxi_carga_bot\taxicarga_whatsapp_bot\.venv\Lib\site-packages\django\templ
ate\base.py", line 982, in _resolve_lookup
    current = current[int(bit)]
                      ~~~^^^^^
ValueError: invalid literal for int() with base 10: 'hora_next_display'

During handling of the above exception, another exception occurred:

Traceback (most recent call last):
  File "D:\DESARROLLO_IA\Proyecto_taxi_carga\Taxi_carga_bot\taxicarga_whatsapp_bot\.venv\Lib\site-packages\django\templ
ate\base.py", line 989, in _resolve_lookup
    raise VariableDoesNotExist(
    ^^^^^^^^^^^^^^^^^^^^^^^^^^^
    ...<2 lines>...
    )  # missing attribute
    ^
django.template.base.VariableDoesNotExist: Failed lookup for key [hora_next_display] in {'tipo': 'empty', 'hora': 
'07:30', 'hora_display': '7:30 am', 'equipo_id': 1, 'equipo_fecha': '2026-06-14'}
[DEBUG] 2026-08-13 21:16:43,484 base Exception while resolving variable 'hora_next' in template 'campo/pizarra.html'.
Traceback (most recent call last):
  File "D:\DESARROLLO_IA\Proyecto_taxi_carga\Taxi_carga_bot\taxicarga_whatsapp_bot\.venv\Lib\site-packages\django\templ
ate\base.py", line 965, in _resolve_lookup
    current = current[bit]
              ~~~~~~~^^^^^
KeyError: 'hora_next'

During handling of the above exception, another exception occurred:

Traceback (most recent call last):
  File "D:\DESARROLLO_IA\Proyecto_taxi_carga\Taxi_carga_bot\taxicarga_whatsapp_bot\.venv\Lib\site-packages\django\templ
ate\base.py", line 976, in _resolve_lookup
    current = getattr(current, bit)
AttributeError: 'dict' object has no attribute 'hora_next'

During handling of the above exception, another exception occurred:

Traceback (most recent call last):
  File "D:\DESARROLLO_IA\Proyecto_taxi_carga\Taxi_carga_bot\taxicarga_whatsapp_bot\.venv\Lib\site-packages\django\templ
ate\base.py", line 982, in _resolve_lookup
    current = current[int(bit)]
                      ~~~^^^^^
ValueError: invalid literal for int() with base 10: 'hora_next'

During handling of the above exception, another exception occurred:

Traceback (most recent call last):
  File "D:\DESARROLLO_IA\Proyecto_taxi_carga\Taxi_carga_bot\taxicarga_whatsapp_bot\.venv\Lib\site-packages\django\templ
ate\base.py", line 989, in _resolve_lookup
    raise VariableDoesNotExist(
    ^^^^^^^^^^^^^^^^^^^^^^^^^^^
    ...<2 lines>...
    )  # missing attribute
    ^
django.template.base.VariableDoesNotExist: Failed lookup for key [hora_next] in {'tipo': 'empty', 'hora': '08:00', 
'hora_display': '8:00 am', 'equipo_id': 1, 'equipo_fecha': '2026-06-14'}
[DEBUG] 2026-08-13 21:16:43,485 base Exception while resolving variable 'hora_next_display' in template 
'campo/pizarra.html'.
Traceback (most recent call last):
  File "D:\DESARROLLO_IA\Proyecto_taxi_carga\Taxi_carga_bot\taxicarga_whatsapp_bot\.venv\Lib\site-packages\django\templ
ate\base.py", line 965, in _resolve_lookup
    current = current[bit]
              ~~~~~~~^^^^^
KeyError: 'hora_next_display'

During handling of the above exception, another exception occurred:

Traceback (most recent call last):
  File "D:\DESARROLLO_IA\Proyecto_taxi_carga\Taxi_carga_bot\taxicarga_whatsapp_bot\.venv\Lib\site-packages\django\templ
ate\base.py", line 976, in _resolve_lookup
    current = getattr(current, bit)
AttributeError: 'dict' object has no attribute 'hora_next_display'

During handling of the above exception, another exception occurred:

Traceback (most recent call last):
  File "D:\DESARROLLO_IA\Proyecto_taxi_carga\Taxi_carga_bot\taxicarga_whatsapp_bot\.venv\Lib\site-packages\django\templ
ate\base.py", line 982, in _resolve_lookup
    current = current[int(bit)]
                      ~~~^^^^^
ValueError: invalid literal for int() with base 10: 'hora_next_display'

During handling of the above exception, another exception occurred:

Traceback (most recent call last):
  File "D:\DESARROLLO_IA\Proyecto_taxi_carga\Taxi_carga_bot\taxicarga_whatsapp_bot\.venv\Lib\site-packages\django\templ
ate\base.py", line 989, in _resolve_lookup
    raise VariableDoesNotExist(
    ^^^^^^^^^^^^^^^^^^^^^^^^^^^
    ...<2 lines>...
    )  # missing attribute
    ^
django.template.base.VariableDoesNotExist: Failed lookup for key [hora_next_display] in {'tipo': 'empty', 'hora': 
'08:00', 'hora_display': '8:00 am', 'equipo_id': 1, 'equipo_fecha': '2026-06-14'}
[DEBUG] 2026-08-13 21:16:43,486 base Exception while resolving variable 'hora_next' in template 'campo/pizarra.html'.
Traceback (most recent call last):
  File "D:\DESARROLLO_IA\Proyecto_taxi_carga\Taxi_carga_bot\taxicarga_whatsapp_bot\.venv\Lib\site-packages\django\templ
ate\base.py", line 965, in _resolve_lookup
    current = current[bit]
              ~~~~~~~^^^^^
KeyError: 'hora_next'

During handling of the above exception, another exception occurred:

Traceback (most recent call last):
  File "D:\DESARROLLO_IA\Proyecto_taxi_carga\Taxi_carga_bot\taxicarga_whatsapp_bot\.venv\Lib\site-packages\django\templ
ate\base.py", line 976, in _resolve_lookup
    current = getattr(current, bit)
AttributeError: 'dict' object has no attribute 'hora_next'

During handling of the above exception, another exception occurred:

Traceback (most recent call last):
  File "D:\DESARROLLO_IA\Proyecto_taxi_carga\Taxi_carga_bot\taxicarga_whatsapp_bot\.venv\Lib\site-packages\django\templ
ate\base.py", line 982, in _resolve_lookup
    current = current[int(bit)]
                      ~~~^^^^^
ValueError: invalid literal for int() with base 10: 'hora_next'

During handling of the above exception, another exception occurred:

Traceback (most recent call last):
  File "D:\DESARROLLO_IA\Proyecto_taxi_carga\Taxi_carga_bot\taxicarga_whatsapp_bot\.venv\Lib\site-packages\django\templ
ate\base.py", line 989, in _resolve_lookup
    raise VariableDoesNotExist(
    ^^^^^^^^^^^^^^^^^^^^^^^^^^^
    ...<2 lines>...
    )  # missing attribute
    ^
django.template.base.VariableDoesNotExist: Failed lookup for key [hora_next] in {'tipo': 'empty', 'hora': '08:30', 
'hora_display': '8:30 am', 'equipo_id': 1, 'equipo_fecha': '2026-06-14'}
[DEBUG] 2026-08-13 21:16:43,488 base Exception while resolving variable 'hora_next_display' in template 
'campo/pizarra.html'.
Traceback (most recent call last):
  File "D:\DESARROLLO_IA\Proyecto_taxi_carga\Taxi_carga_bot\taxicarga_whatsapp_bot\.venv\Lib\site-packages\django\templ
ate\base.py", line 965, in _resolve_lookup
    current = current[bit]
              ~~~~~~~^^^^^
KeyError: 'hora_next_display'

During handling of the above exception, another exception occurred:

Traceback (most recent call last):
  File "D:\DESARROLLO_IA\Proyecto_taxi_carga\Taxi_carga_bot\taxicarga_whatsapp_bot\.venv\Lib\site-packages\django\templ
ate\base.py", line 976, in _resolve_lookup
    current = getattr(current, bit)
AttributeError: 'dict' object has no attribute 'hora_next_display'

During handling of the above exception, another exception occurred:

Traceback (most recent call last):
  File "D:\DESARROLLO_IA\Proyecto_taxi_carga\Taxi_carga_bot\taxicarga_whatsapp_bot\.venv\Lib\site-packages\django\templ
ate\base.py", line 982, in _resolve_lookup
    current = current[int(bit)]
                      ~~~^^^^^
ValueError: invalid literal for int() with base 10: 'hora_next_display'

During handling of the above exception, another exception occurred:

Traceback (most recent call last):
  File "D:\DESARROLLO_IA\Proyecto_taxi_carga\Taxi_carga_bot\taxicarga_whatsapp_bot\.venv\Lib\site-packages\django\templ
ate\base.py", line 989, in _resolve_lookup
    raise VariableDoesNotExist(
    ^^^^^^^^^^^^^^^^^^^^^^^^^^^
    ...<2 lines>...
    )  # missing attribute
    ^
django.template.base.VariableDoesNotExist: Failed lookup for key [hora_next_display] in {'tipo': 'empty', 'hora': 
'08:30', 'hora_display': '8:30 am', 'equipo_id': 1, 'equipo_fecha': '2026-06-14'}
[DEBUG] 2026-08-13 21:16:43,489 base Exception while resolving variable 'hora_next' in template 'campo/pizarra.html'.
Traceback (most recent call last):
  File "D:\DESARROLLO_IA\Proyecto_taxi_carga\Taxi_carga_bot\taxicarga_whatsapp_bot\.venv\Lib\site-packages\django\templ
ate\base.py", line 965, in _resolve_lookup
    current = current[bit]
              ~~~~~~~^^^^^
KeyError: 'hora_next'

During handling of the above exception, another exception occurred:

Traceback (most recent call last):
  File "D:\DESARROLLO_IA\Proyecto_taxi_carga\Taxi_carga_bot\taxicarga_whatsapp_bot\.venv\Lib\site-packages\django\templ
ate\base.py", line 976, in _resolve_lookup
    current = getattr(current, bit)
AttributeError: 'dict' object has no attribute 'hora_next'

During handling of the above exception, another exception occurred:

Traceback (most recent call last):
  File "D:\DESARROLLO_IA\Proyecto_taxi_carga\Taxi_carga_bot\taxicarga_whatsapp_bot\.venv\Lib\site-packages\django\templ
ate\base.py", line 982, in _resolve_lookup
    current = current[int(bit)]
                      ~~~^^^^^
ValueError: invalid literal for int() with base 10: 'hora_next'

During handling of the above exception, another exception occurred:

Traceback (most recent call last):
  File "D:\DESARROLLO_IA\Proyecto_taxi_carga\Taxi_carga_bot\taxicarga_whatsapp_bot\.venv\Lib\site-packages\django\templ
ate\base.py", line 989, in _resolve_lookup
    raise VariableDoesNotExist(
    ^^^^^^^^^^^^^^^^^^^^^^^^^^^
    ...<2 lines>...
    )  # missing attribute
    ^
django.template.base.VariableDoesNotExist: Failed lookup for key [hora_next] in {'tipo': 'empty', 'hora': '09:00', 
'hora_display': '9:00 am', 'equipo_id': 1, 'equipo_fecha': '2026-06-14'}
[DEBUG] 2026-08-13 21:16:43,495 base Exception while resolving variable 'hora_next_display' in template 
'campo/pizarra.html'.
Traceback (most recent call last):
  File "D:\DESARROLLO_IA\Proyecto_taxi_carga\Taxi_carga_bot\taxicarga_whatsapp_bot\.venv\Lib\site-packages\django\templ
ate\base.py", line 965, in _resolve_lookup
    current = current[bit]
              ~~~~~~~^^^^^
KeyError: 'hora_next_display'

During handling of the above exception, another exception occurred:

Traceback (most recent call last):
  File "D:\DESARROLLO_IA\Proyecto_taxi_carga\Taxi_carga_bot\taxicarga_whatsapp_bot\.venv\Lib\site-packages\django\templ
ate\base.py", line 976, in _resolve_lookup
    current = getattr(current, bit)
AttributeError: 'dict' object has no attribute 'hora_next_display'

During handling of the above exception, another exception occurred:

Traceback (most recent call last):
  File "D:\DESARROLLO_IA\Proyecto_taxi_carga\Taxi_carga_bot\taxicarga_whatsapp_bot\.venv\Lib\site-packages\django\templ
ate\base.py", line 982, in _resolve_lookup
    current = current[int(bit)]
                      ~~~^^^^^
ValueError: invalid literal for int() with base 10: 'hora_next_display'

During handling of the above exception, another exception occurred:

Traceback (most recent call last):
  File "D:\DESARROLLO_IA\Proyecto_taxi_carga\Taxi_carga_bot\taxicarga_whatsapp_bot\.venv\Lib\site-packages\django\templ
ate\base.py", line 989, in _resolve_lookup
    raise VariableDoesNotExist(
    ^^^^^^^^^^^^^^^^^^^^^^^^^^^
    ...<2 lines>...
    )  # missing attribute
    ^
django.template.base.VariableDoesNotExist: Failed lookup for key [hora_next_display] in {'tipo': 'empty', 'hora': 
'09:00', 'hora_display': '9:00 am', 'equipo_id': 1, 'equipo_fecha': '2026-06-14'}
[DEBUG] 2026-08-13 21:16:43,496 base Exception while resolving variable 'hora_next' in template 'campo/pizarra.html'.
Traceback (most recent call last):
  File "D:\DESARROLLO_IA\Proyecto_taxi_carga\Taxi_carga_bot\taxicarga_whatsapp_bot\.venv\Lib\site-packages\django\templ
ate\base.py", line 965, in _resolve_lookup
    current = current[bit]
              ~~~~~~~^^^^^
KeyError: 'hora_next'

During handling of the above exception, another exception occurred:

Traceback (most recent call last):
  File "D:\DESARROLLO_IA\Proyecto_taxi_carga\Taxi_carga_bot\taxicarga_whatsapp_bot\.venv\Lib\site-packages\django\templ
ate\base.py", line 976, in _resolve_lookup
    current = getattr(current, bit)
AttributeError: 'dict' object has no attribute 'hora_next'

During handling of the above exception, another exception occurred:

Traceback (most recent call last):
  File "D:\DESARROLLO_IA\Proyecto_taxi_carga\Taxi_carga_bot\taxicarga_whatsapp_bot\.venv\Lib\site-packages\django\templ
ate\base.py", line 982, in _resolve_lookup
    current = current[int(bit)]
                      ~~~^^^^^
ValueError: invalid literal for int() with base 10: 'hora_next'

During handling of the above exception, another exception occurred:

Traceback (most recent call last):
  File "D:\DESARROLLO_IA\Proyecto_taxi_carga\Taxi_carga_bot\taxicarga_whatsapp_bot\.venv\Lib\site-packages\django\templ
ate\base.py", line 989, in _resolve_lookup
    raise VariableDoesNotExist(
    ^^^^^^^^^^^^^^^^^^^^^^^^^^^
    ...<2 lines>...
    )  # missing attribute
    ^
django.template.base.VariableDoesNotExist: Failed lookup for key [hora_next] in {'tipo': 'empty', 'hora': '09:30', 
'hora_display': '9:30 am', 'equipo_id': 1, 'equipo_fecha': '2026-06-14'}
[DEBUG] 2026-08-13 21:16:43,500 base Exception while resolving variable 'hora_next_display' in template 
'campo/pizarra.html'.
Traceback (most recent call last):
  File "D:\DESARROLLO_IA\Proyecto_taxi_carga\Taxi_carga_bot\taxicarga_whatsapp_bot\.venv\Lib\site-packages\django\templ
ate\base.py", line 965, in _resolve_lookup
    current = current[bit]
              ~~~~~~~^^^^^
KeyError: 'hora_next_display'

During handling of the above exception, another exception occurred:

Traceback (most recent call last):
  File "D:\DESARROLLO_IA\Proyecto_taxi_carga\Taxi_carga_bot\taxicarga_whatsapp_bot\.venv\Lib\site-packages\django\templ
ate\base.py", line 976, in _resolve_lookup
    current = getattr(current, bit)
AttributeError: 'dict' object has no attribute 'hora_next_display'

During handling of the above exception, another exception occurred:

Traceback (most recent call last):
  File "D:\DESARROLLO_IA\Proyecto_taxi_carga\Taxi_carga_bot\taxicarga_whatsapp_bot\.venv\Lib\site-packages\django\templ
ate\base.py", line 982, in _resolve_lookup
    current = current[int(bit)]
                      ~~~^^^^^
ValueError: invalid literal for int() with base 10: 'hora_next_display'

During handling of the above exception, another exception occurred:

Traceback (most recent call last):
  File "D:\DESARROLLO_IA\Proyecto_taxi_carga\Taxi_carga_bot\taxicarga_whatsapp_bot\.venv\Lib\site-packages\django\templ
ate\base.py", line 989, in _resolve_lookup
    raise VariableDoesNotExist(
    ^^^^^^^^^^^^^^^^^^^^^^^^^^^
    ...<2 lines>...
    )  # missing attribute
    ^
django.template.base.VariableDoesNotExist: Failed lookup for key [hora_next_display] in {'tipo': 'empty', 'hora': 
'09:30', 'hora_display': '9:30 am', 'equipo_id': 1, 'equipo_fecha': '2026-06-14'}
[DEBUG] 2026-08-13 21:16:43,501 base Exception while resolving variable 'hora_next' in template 'campo/pizarra.html'.
Traceback (most recent call last):
  File "D:\DESARROLLO_IA\Proyecto_taxi_carga\Taxi_carga_bot\taxicarga_whatsapp_bot\.venv\Lib\site-packages\django\templ
ate\base.py", line 965, in _resolve_lookup
    current = current[bit]
              ~~~~~~~^^^^^
KeyError: 'hora_next'

During handling of the above exception, another exception occurred:

Traceback (most recent call last):
  File "D:\DESARROLLO_IA\Proyecto_taxi_carga\Taxi_carga_bot\taxicarga_whatsapp_bot\.venv\Lib\site-packages\django\templ
ate\base.py", line 976, in _resolve_lookup
    current = getattr(current, bit)
AttributeError: 'dict' object has no attribute 'hora_next'

During handling of the above exception, another exception occurred:

Traceback (most recent call last):
  File "D:\DESARROLLO_IA\Proyecto_taxi_carga\Taxi_carga_bot\taxicarga_whatsapp_bot\.venv\Lib\site-packages\django\templ
ate\base.py", line 982, in _resolve_lookup
    current = current[int(bit)]
                      ~~~^^^^^
ValueError: invalid literal for int() with base 10: 'hora_next'

During handling of the above exception, another exception occurred:

Traceback (most recent call last):
  File "D:\DESARROLLO_IA\Proyecto_taxi_carga\Taxi_carga_bot\taxicarga_whatsapp_bot\.venv\Lib\site-packages\django\templ
ate\base.py", line 989, in _resolve_lookup
    raise VariableDoesNotExist(
    ^^^^^^^^^^^^^^^^^^^^^^^^^^^
    ...<2 lines>...
    )  # missing attribute
    ^
django.template.base.VariableDoesNotExist: Failed lookup for key [hora_next] in {'tipo': 'empty', 'hora': '10:00', 
'hora_display': '10:00 am', 'equipo_id': 1, 'equipo_fecha': '2026-06-14'}
[DEBUG] 2026-08-13 21:16:43,501 base Exception while resolving variable 'hora_next_display' in template 
'campo/pizarra.html'.
Traceback (most recent call last):
  File "D:\DESARROLLO_IA\Proyecto_taxi_carga\Taxi_carga_bot\taxicarga_whatsapp_bot\.venv\Lib\site-packages\django\templ
ate\base.py", line 965, in _resolve_lookup
    current = current[bit]
              ~~~~~~~^^^^^
KeyError: 'hora_next_display'

During handling of the above exception, another exception occurred:

Traceback (most recent call last):
  File "D:\DESARROLLO_IA\Proyecto_taxi_carga\Taxi_carga_bot\taxicarga_whatsapp_bot\.venv\Lib\site-packages\django\templ
ate\base.py", line 976, in _resolve_lookup
    current = getattr(current, bit)
AttributeError: 'dict' object has no attribute 'hora_next_display'

During handling of the above exception, another exception occurred:

Traceback (most recent call last):
  File "D:\DESARROLLO_IA\Proyecto_taxi_carga\Taxi_carga_bot\taxicarga_whatsapp_bot\.venv\Lib\site-packages\django\templ
ate\base.py", line 982, in _resolve_lookup
    current = current[int(bit)]
                      ~~~^^^^^
ValueError: invalid literal for int() with base 10: 'hora_next_display'

During handling of the above exception, another exception occurred:

Traceback (most recent call last):
  File "D:\DESARROLLO_IA\Proyecto_taxi_carga\Taxi_carga_bot\taxicarga_whatsapp_bot\.venv\Lib\site-packages\django\templ
ate\base.py", line 989, in _resolve_lookup
    raise VariableDoesNotExist(
    ^^^^^^^^^^^^^^^^^^^^^^^^^^^
    ...<2 lines>...
    )  # missing attribute
    ^
django.template.base.VariableDoesNotExist: Failed lookup for key [hora_next_display] in {'tipo': 'empty', 'hora': 
'10:00', 'hora_display': '10:00 am', 'equipo_id': 1, 'equipo_fecha': '2026-06-14'}
[DEBUG] 2026-08-13 21:16:43,504 base Exception while resolving variable 'hora_next' in template 'campo/pizarra.html'.
Traceback (most recent call last):
  File "D:\DESARROLLO_IA\Proyecto_taxi_carga\Taxi_carga_bot\taxicarga_whatsapp_bot\.venv\Lib\site-packages\django\templ
ate\base.py", line 965, in _resolve_lookup
    current = current[bit]
              ~~~~~~~^^^^^
KeyError: 'hora_next'

During handling of the above exception, another exception occurred:

Traceback (most recent call last):
  File "D:\DESARROLLO_IA\Proyecto_taxi_carga\Taxi_carga_bot\taxicarga_whatsapp_bot\.venv\Lib\site-packages\django\templ
ate\base.py", line 976, in _resolve_lookup
    current = getattr(current, bit)
AttributeError: 'dict' object has no attribute 'hora_next'

During handling of the above exception, another exception occurred:

Traceback (most recent call last):
  File "D:\DESARROLLO_IA\Proyecto_taxi_carga\Taxi_carga_bot\taxicarga_whatsapp_bot\.venv\Lib\site-packages\django\templ
ate\base.py", line 982, in _resolve_lookup
    current = current[int(bit)]
                      ~~~^^^^^
ValueError: invalid literal for int() with base 10: 'hora_next'

During handling of the above exception, another exception occurred:

Traceback (most recent call last):
  File "D:\DESARROLLO_IA\Proyecto_taxi_carga\Taxi_carga_bot\taxicarga_whatsapp_bot\.venv\Lib\site-packages\django\templ
ate\base.py", line 989, in _resolve_lookup
    raise VariableDoesNotExist(
    ^^^^^^^^^^^^^^^^^^^^^^^^^^^
    ...<2 lines>...
    )  # missing attribute
    ^
django.template.base.VariableDoesNotExist: Failed lookup for key [hora_next] in {'tipo': 'empty', 'hora': '10:30', 
'hora_display': '10:30 am', 'equipo_id': 1, 'equipo_fecha': '2026-06-14'}
[DEBUG] 2026-08-13 21:16:43,505 base Exception while resolving variable 'hora_next_display' in template 
'campo/pizarra.html'.
Traceback (most recent call last):
  File "D:\DESARROLLO_IA\Proyecto_taxi_carga\Taxi_carga_bot\taxicarga_whatsapp_bot\.venv\Lib\site-packages\django\templ
ate\base.py", line 965, in _resolve_lookup
    current = current[bit]
              ~~~~~~~^^^^^
KeyError: 'hora_next_display'

During handling of the above exception, another exception occurred:

Traceback (most recent call last):
  File "D:\DESARROLLO_IA\Proyecto_taxi_carga\Taxi_carga_bot\taxicarga_whatsapp_bot\.venv\Lib\site-packages\django\templ
ate\base.py", line 976, in _resolve_lookup
    current = getattr(current, bit)
AttributeError: 'dict' object has no attribute 'hora_next_display'

During handling of the above exception, another exception occurred:

Traceback (most recent call last):
  File "D:\DESARROLLO_IA\Proyecto_taxi_carga\Taxi_carga_bot\taxicarga_whatsapp_bot\.venv\Lib\site-packages\django\templ
ate\base.py", line 982, in _resolve_lookup
    current = current[int(bit)]
                      ~~~^^^^^
ValueError: invalid literal for int() with base 10: 'hora_next_display'

During handling of the above exception, another exception occurred:

Traceback (most recent call last):
  File "D:\DESARROLLO_IA\Proyecto_taxi_carga\Taxi_carga_bot\taxicarga_whatsapp_bot\.venv\Lib\site-packages\django\templ
ate\base.py", line 989, in _resolve_lookup
    raise VariableDoesNotExist(
    ^^^^^^^^^^^^^^^^^^^^^^^^^^^
    ...<2 lines>...
    )  # missing attribute
    ^
django.template.base.VariableDoesNotExist: Failed lookup for key [hora_next_display] in {'tipo': 'empty', 'hora': 
'10:30', 'hora_display': '10:30 am', 'equipo_id': 1, 'equipo_fecha': '2026-06-14'}
[DEBUG] 2026-08-13 21:16:43,508 base Exception while resolving variable 'hora_next' in template 'campo/pizarra.html'.
Traceback (most recent call last):
  File "D:\DESARROLLO_IA\Proyecto_taxi_carga\Taxi_carga_bot\taxicarga_whatsapp_bot\.venv\Lib\site-packages\django\templ
ate\base.py", line 965, in _resolve_lookup
    current = current[bit]
              ~~~~~~~^^^^^
KeyError: 'hora_next'

During handling of the above exception, another exception occurred:

Traceback (most recent call last):
  File "D:\DESARROLLO_IA\Proyecto_taxi_carga\Taxi_carga_bot\taxicarga_whatsapp_bot\.venv\Lib\site-packages\django\templ
ate\base.py", line 976, in _resolve_lookup
    current = getattr(current, bit)
AttributeError: 'dict' object has no attribute 'hora_next'

During handling of the above exception, another exception occurred:

Traceback (most recent call last):
  File "D:\DESARROLLO_IA\Proyecto_taxi_carga\Taxi_carga_bot\taxicarga_whatsapp_bot\.venv\Lib\site-packages\django\templ
ate\base.py", line 982, in _resolve_lookup
    current = current[int(bit)]
                      ~~~^^^^^
ValueError: invalid literal for int() with base 10: 'hora_next'

During handling of the above exception, another exception occurred:

Traceback (most recent call last):
  File "D:\DESARROLLO_IA\Proyecto_taxi_carga\Taxi_carga_bot\taxicarga_whatsapp_bot\.venv\Lib\site-packages\django\templ
ate\base.py", line 989, in _resolve_lookup
    raise VariableDoesNotExist(
    ^^^^^^^^^^^^^^^^^^^^^^^^^^^
    ...<2 lines>...
    )  # missing attribute
    ^
django.template.base.VariableDoesNotExist: Failed lookup for key [hora_next] in {'tipo': 'empty', 'hora': '11:00', 
'hora_display': '11:00 am', 'equipo_id': 1, 'equipo_fecha': '2026-06-14'}
[DEBUG] 2026-08-13 21:16:43,509 base Exception while resolving variable 'hora_next_display' in template 
'campo/pizarra.html'.
Traceback (most recent call last):
  File "D:\DESARROLLO_IA\Proyecto_taxi_carga\Taxi_carga_bot\taxicarga_whatsapp_bot\.venv\Lib\site-packages\django\templ
ate\base.py", line 965, in _resolve_lookup
    current = current[bit]
              ~~~~~~~^^^^^
KeyError: 'hora_next_display'

During handling of the above exception, another exception occurred:

Traceback (most recent call last):
  File "D:\DESARROLLO_IA\Proyecto_taxi_carga\Taxi_carga_bot\taxicarga_whatsapp_bot\.venv\Lib\site-packages\django\templ
ate\base.py", line 976, in _resolve_lookup
    current = getattr(current, bit)
AttributeError: 'dict' object has no attribute 'hora_next_display'

During handling of the above exception, another exception occurred:

Traceback (most recent call last):
  File "D:\DESARROLLO_IA\Proyecto_taxi_carga\Taxi_carga_bot\taxicarga_whatsapp_bot\.venv\Lib\site-packages\django\templ
ate\base.py", line 982, in _resolve_lookup
    current = current[int(bit)]
                      ~~~^^^^^
ValueError: invalid literal for int() with base 10: 'hora_next_display'

During handling of the above exception, another exception occurred:

Traceback (most recent call last):
  File "D:\DESARROLLO_IA\Proyecto_taxi_carga\Taxi_carga_bot\taxicarga_whatsapp_bot\.venv\Lib\site-packages\django\templ
ate\base.py", line 989, in _resolve_lookup
    raise VariableDoesNotExist(
    ^^^^^^^^^^^^^^^^^^^^^^^^^^^
    ...<2 lines>...
    )  # missing attribute
    ^
django.template.base.VariableDoesNotExist: Failed lookup for key [hora_next_display] in {'tipo': 'empty', 'hora': 
'11:00', 'hora_display': '11:00 am', 'equipo_id': 1, 'equipo_fecha': '2026-06-14'}
[DEBUG] 2026-08-13 21:16:43,513 base Exception while resolving variable 'hora_next' in template 'campo/pizarra.html'.
Traceback (most recent call last):
  File "D:\DESARROLLO_IA\Proyecto_taxi_carga\Taxi_carga_bot\taxicarga_whatsapp_bot\.venv\Lib\site-packages\django\templ
ate\base.py", line 965, in _resolve_lookup
    current = current[bit]
              ~~~~~~~^^^^^
KeyError: 'hora_next'

During handling of the above exception, another exception occurred:

Traceback (most recent call last):
  File "D:\DESARROLLO_IA\Proyecto_taxi_carga\Taxi_carga_bot\taxicarga_whatsapp_bot\.venv\Lib\site-packages\django\templ
ate\base.py", line 976, in _resolve_lookup
    current = getattr(current, bit)
AttributeError: 'dict' object has no attribute 'hora_next'

During handling of the above exception, another exception occurred:

Traceback (most recent call last):
  File "D:\DESARROLLO_IA\Proyecto_taxi_carga\Taxi_carga_bot\taxicarga_whatsapp_bot\.venv\Lib\site-packages\django\templ
ate\base.py", line 982, in _resolve_lookup
    current = current[int(bit)]
                      ~~~^^^^^
ValueError: invalid literal for int() with base 10: 'hora_next'

During handling of the above exception, another exception occurred:

Traceback (most recent call last):
  File "D:\DESARROLLO_IA\Proyecto_taxi_carga\Taxi_carga_bot\taxicarga_whatsapp_bot\.venv\Lib\site-packages\django\templ
ate\base.py", line 989, in _resolve_lookup
    raise VariableDoesNotExist(
    ^^^^^^^^^^^^^^^^^^^^^^^^^^^
    ...<2 lines>...
    )  # missing attribute
    ^
django.template.base.VariableDoesNotExist: Failed lookup for key [hora_next] in {'tipo': 'empty', 'hora': '11:30', 
'hora_display': '11:30 am', 'equipo_id': 1, 'equipo_fecha': '2026-06-14'}
[DEBUG] 2026-08-13 21:16:43,514 base Exception while resolving variable 'hora_next_display' in template 
'campo/pizarra.html'.
Traceback (most recent call last):
  File "D:\DESARROLLO_IA\Proyecto_taxi_carga\Taxi_carga_bot\taxicarga_whatsapp_bot\.venv\Lib\site-packages\django\templ
ate\base.py", line 965, in _resolve_lookup
    current = current[bit]
              ~~~~~~~^^^^^
KeyError: 'hora_next_display'

During handling of the above exception, another exception occurred:

Traceback (most recent call last):
  File "D:\DESARROLLO_IA\Proyecto_taxi_carga\Taxi_carga_bot\taxicarga_whatsapp_bot\.venv\Lib\site-packages\django\templ
ate\base.py", line 976, in _resolve_lookup
    current = getattr(current, bit)
AttributeError: 'dict' object has no attribute 'hora_next_display'

During handling of the above exception, another exception occurred:

Traceback (most recent call last):
  File "D:\DESARROLLO_IA\Proyecto_taxi_carga\Taxi_carga_bot\taxicarga_whatsapp_bot\.venv\Lib\site-packages\django\templ
ate\base.py", line 982, in _resolve_lookup
    current = current[int(bit)]
                      ~~~^^^^^
ValueError: invalid literal for int() with base 10: 'hora_next_display'

During handling of the above exception, another exception occurred:

Traceback (most recent call last):
  File "D:\DESARROLLO_IA\Proyecto_taxi_carga\Taxi_carga_bot\taxicarga_whatsapp_bot\.venv\Lib\site-packages\django\templ
ate\base.py", line 989, in _resolve_lookup
    raise VariableDoesNotExist(
    ^^^^^^^^^^^^^^^^^^^^^^^^^^^
    ...<2 lines>...
    )  # missing attribute
    ^
django.template.base.VariableDoesNotExist: Failed lookup for key [hora_next_display] in {'tipo': 'empty', 'hora': 
'11:30', 'hora_display': '11:30 am', 'equipo_id': 1, 'equipo_fecha': '2026-06-14'}
[DEBUG] 2026-08-13 21:16:43,517 base Exception while resolving variable 'hora_next' in template 'campo/pizarra.html'.
Traceback (most recent call last):
  File "D:\DESARROLLO_IA\Proyecto_taxi_carga\Taxi_carga_bot\taxicarga_whatsapp_bot\.venv\Lib\site-packages\django\templ
ate\base.py", line 965, in _resolve_lookup
    current = current[bit]
              ~~~~~~~^^^^^
KeyError: 'hora_next'

During handling of the above exception, another exception occurred:

Traceback (most recent call last):
  File "D:\DESARROLLO_IA\Proyecto_taxi_carga\Taxi_carga_bot\taxicarga_whatsapp_bot\.venv\Lib\site-packages\django\templ
ate\base.py", line 976, in _resolve_lookup
    current = getattr(current, bit)
AttributeError: 'dict' object has no attribute 'hora_next'

During handling of the above exception, another exception occurred:

Traceback (most recent call last):
  File "D:\DESARROLLO_IA\Proyecto_taxi_carga\Taxi_carga_bot\taxicarga_whatsapp_bot\.venv\Lib\site-packages\django\templ
ate\base.py", line 982, in _resolve_lookup
    current = current[int(bit)]
                      ~~~^^^^^
ValueError: invalid literal for int() with base 10: 'hora_next'

During handling of the above exception, another exception occurred:

Traceback (most recent call last):
  File "D:\DESARROLLO_IA\Proyecto_taxi_carga\Taxi_carga_bot\taxicarga_whatsapp_bot\.venv\Lib\site-packages\django\templ
ate\base.py", line 989, in _resolve_lookup
    raise VariableDoesNotExist(
    ^^^^^^^^^^^^^^^^^^^^^^^^^^^
    ...<2 lines>...
    )  # missing attribute
    ^
django.template.base.VariableDoesNotExist: Failed lookup for key [hora_next] in {'tipo': 'empty', 'hora': '12:00', 
'hora_display': '12:00 pm', 'equipo_id': 1, 'equipo_fecha': '2026-06-14'}
[DEBUG] 2026-08-13 21:16:43,518 base Exception while resolving variable 'hora_next_display' in template 
'campo/pizarra.html'.
Traceback (most recent call last):
  File "D:\DESARROLLO_IA\Proyecto_taxi_carga\Taxi_carga_bot\taxicarga_whatsapp_bot\.venv\Lib\site-packages\django\templ
ate\base.py", line 965, in _resolve_lookup
    current = current[bit]
              ~~~~~~~^^^^^
KeyError: 'hora_next_display'

During handling of the above exception, another exception occurred:

Traceback (most recent call last):
  File "D:\DESARROLLO_IA\Proyecto_taxi_carga\Taxi_carga_bot\taxicarga_whatsapp_bot\.venv\Lib\site-packages\django\templ
ate\base.py", line 976, in _resolve_lookup
    current = getattr(current, bit)
AttributeError: 'dict' object has no attribute 'hora_next_display'

During handling of the above exception, another exception occurred:

Traceback (most recent call last):
  File "D:\DESARROLLO_IA\Proyecto_taxi_carga\Taxi_carga_bot\taxicarga_whatsapp_bot\.venv\Lib\site-packages\django\templ
ate\base.py", line 982, in _resolve_lookup
    current = current[int(bit)]
                      ~~~^^^^^
ValueError: invalid literal for int() with base 10: 'hora_next_display'

During handling of the above exception, another exception occurred:

Traceback (most recent call last):
  File "D:\DESARROLLO_IA\Proyecto_taxi_carga\Taxi_carga_bot\taxicarga_whatsapp_bot\.venv\Lib\site-packages\django\templ
ate\base.py", line 989, in _resolve_lookup
    raise VariableDoesNotExist(
    ^^^^^^^^^^^^^^^^^^^^^^^^^^^
    ...<2 lines>...
    )  # missing attribute
    ^
django.template.base.VariableDoesNotExist: Failed lookup for key [hora_next_display] in {'tipo': 'empty', 'hora': 
'12:00', 'hora_display': '12:00 pm', 'equipo_id': 1, 'equipo_fecha': '2026-06-14'}
[DEBUG] 2026-08-13 21:16:43,519 base Exception while resolving variable 'hora_next' in template 'campo/pizarra.html'.
Traceback (most recent call last):
  File "D:\DESARROLLO_IA\Proyecto_taxi_carga\Taxi_carga_bot\taxicarga_whatsapp_bot\.venv\Lib\site-packages\django\templ
ate\base.py", line 965, in _resolve_lookup
    current = current[bit]
              ~~~~~~~^^^^^
KeyError: 'hora_next'

During handling of the above exception, another exception occurred:

Traceback (most recent call last):
  File "D:\DESARROLLO_IA\Proyecto_taxi_carga\Taxi_carga_bot\taxicarga_whatsapp_bot\.venv\Lib\site-packages\django\templ
ate\base.py", line 976, in _resolve_lookup
    current = getattr(current, bit)
AttributeError: 'dict' object has no attribute 'hora_next'

During handling of the above exception, another exception occurred:

Traceback (most recent call last):
  File "D:\DESARROLLO_IA\Proyecto_taxi_carga\Taxi_carga_bot\taxicarga_whatsapp_bot\.venv\Lib\site-packages\django\templ
ate\base.py", line 982, in _resolve_lookup
    current = current[int(bit)]
                      ~~~^^^^^
ValueError: invalid literal for int() with base 10: 'hora_next'

During handling of the above exception, another exception occurred:

Traceback (most recent call last):
  File "D:\DESARROLLO_IA\Proyecto_taxi_carga\Taxi_carga_bot\taxicarga_whatsapp_bot\.venv\Lib\site-packages\django\templ
ate\base.py", line 989, in _resolve_lookup
    raise VariableDoesNotExist(
    ^^^^^^^^^^^^^^^^^^^^^^^^^^^
    ...<2 lines>...
    )  # missing attribute
    ^
django.template.base.VariableDoesNotExist: Failed lookup for key [hora_next] in {'tipo': 'empty', 'hora': '12:30', 
'hora_display': '12:30 pm', 'equipo_id': 1, 'equipo_fecha': '2026-06-14'}
[DEBUG] 2026-08-13 21:16:43,521 base Exception while resolving variable 'hora_next_display' in template 
'campo/pizarra.html'.
Traceback (most recent call last):
  File "D:\DESARROLLO_IA\Proyecto_taxi_carga\Taxi_carga_bot\taxicarga_whatsapp_bot\.venv\Lib\site-packages\django\templ
ate\base.py", line 965, in _resolve_lookup
    current = current[bit]
              ~~~~~~~^^^^^
KeyError: 'hora_next_display'

During handling of the above exception, another exception occurred:

Traceback (most recent call last):
  File "D:\DESARROLLO_IA\Proyecto_taxi_carga\Taxi_carga_bot\taxicarga_whatsapp_bot\.venv\Lib\site-packages\django\templ
ate\base.py", line 976, in _resolve_lookup
    current = getattr(current, bit)
AttributeError: 'dict' object has no attribute 'hora_next_display'

During handling of the above exception, another exception occurred:

Traceback (most recent call last):
  File "D:\DESARROLLO_IA\Proyecto_taxi_carga\Taxi_carga_bot\taxicarga_whatsapp_bot\.venv\Lib\site-packages\django\templ
ate\base.py", line 982, in _resolve_lookup
    current = current[int(bit)]
                      ~~~^^^^^
ValueError: invalid literal for int() with base 10: 'hora_next_display'

During handling of the above exception, another exception occurred:

Traceback (most recent call last):
  File "D:\DESARROLLO_IA\Proyecto_taxi_carga\Taxi_carga_bot\taxicarga_whatsapp_bot\.venv\Lib\site-packages\django\templ
ate\base.py", line 989, in _resolve_lookup
    raise VariableDoesNotExist(
    ^^^^^^^^^^^^^^^^^^^^^^^^^^^
    ...<2 lines>...
    )  # missing attribute
    ^
django.template.base.VariableDoesNotExist: Failed lookup for key [hora_next_display] in {'tipo': 'empty', 'hora': 
'12:30', 'hora_display': '12:30 pm', 'equipo_id': 1, 'equipo_fecha': '2026-06-14'}
[DEBUG] 2026-08-13 21:16:43,523 base Exception while resolving variable 'hora_next' in template 'campo/pizarra.html'.
Traceback (most recent call last):
  File "D:\DESARROLLO_IA\Proyecto_taxi_carga\Taxi_carga_bot\taxicarga_whatsapp_bot\.venv\Lib\site-packages\django\templ
ate\base.py", line 965, in _resolve_lookup
    current = current[bit]
              ~~~~~~~^^^^^
KeyError: 'hora_next'

During handling of the above exception, another exception occurred:

Traceback (most recent call last):
  File "D:\DESARROLLO_IA\Proyecto_taxi_carga\Taxi_carga_bot\taxicarga_whatsapp_bot\.venv\Lib\site-packages\django\templ
ate\base.py", line 976, in _resolve_lookup
    current = getattr(current, bit)
AttributeError: 'dict' object has no attribute 'hora_next'

During handling of the above exception, another exception occurred:

Traceback (most recent call last):
  File "D:\DESARROLLO_IA\Proyecto_taxi_carga\Taxi_carga_bot\taxicarga_whatsapp_bot\.venv\Lib\site-packages\django\templ
ate\base.py", line 982, in _resolve_lookup
    current = current[int(bit)]
                      ~~~^^^^^
ValueError: invalid literal for int() with base 10: 'hora_next'

During handling of the above exception, another exception occurred:

Traceback (most recent call last):
  File "D:\DESARROLLO_IA\Proyecto_taxi_carga\Taxi_carga_bot\taxicarga_whatsapp_bot\.venv\Lib\site-packages\django\templ
ate\base.py", line 989, in _resolve_lookup
    raise VariableDoesNotExist(
    ^^^^^^^^^^^^^^^^^^^^^^^^^^^
    ...<2 lines>...
    )  # missing attribute
    ^
django.template.base.VariableDoesNotExist: Failed lookup for key [hora_next] in {'tipo': 'empty', 'hora': '13:00', 
'hora_display': '1:00 pm', 'equipo_id': 1, 'equipo_fecha': '2026-06-14'}
[DEBUG] 2026-08-13 21:16:43,526 base Exception while resolving variable 'hora_next_display' in template 
'campo/pizarra.html'.
Traceback (most recent call last):
  File "D:\DESARROLLO_IA\Proyecto_taxi_carga\Taxi_carga_bot\taxicarga_whatsapp_bot\.venv\Lib\site-packages\django\templ
ate\base.py", line 965, in _resolve_lookup
    current = current[bit]
              ~~~~~~~^^^^^
KeyError: 'hora_next_display'

During handling of the above exception, another exception occurred:

Traceback (most recent call last):
  File "D:\DESARROLLO_IA\Proyecto_taxi_carga\Taxi_carga_bot\taxicarga_whatsapp_bot\.venv\Lib\site-packages\django\templ
ate\base.py", line 976, in _resolve_lookup
    current = getattr(current, bit)
AttributeError: 'dict' object has no attribute 'hora_next_display'

During handling of the above exception, another exception occurred:

Traceback (most recent call last):
  File "D:\DESARROLLO_IA\Proyecto_taxi_carga\Taxi_carga_bot\taxicarga_whatsapp_bot\.venv\Lib\site-packages\django\templ
ate\base.py", line 982, in _resolve_lookup
    current = current[int(bit)]
                      ~~~^^^^^
ValueError: invalid literal for int() with base 10: 'hora_next_display'

During handling of the above exception, another exception occurred:

Traceback (most recent call last):
  File "D:\DESARROLLO_IA\Proyecto_taxi_carga\Taxi_carga_bot\taxicarga_whatsapp_bot\.venv\Lib\site-packages\django\templ
ate\base.py", line 989, in _resolve_lookup
    raise VariableDoesNotExist(
    ^^^^^^^^^^^^^^^^^^^^^^^^^^^
    ...<2 lines>...
    )  # missing attribute
    ^
django.template.base.VariableDoesNotExist: Failed lookup for key [hora_next_display] in {'tipo': 'empty', 'hora': 
'13:00', 'hora_display': '1:00 pm', 'equipo_id': 1, 'equipo_fecha': '2026-06-14'}
[DEBUG] 2026-08-13 21:16:43,527 base Exception while resolving variable 'hora_next' in template 'campo/pizarra.html'.
Traceback (most recent call last):
  File "D:\DESARROLLO_IA\Proyecto_taxi_carga\Taxi_carga_bot\taxicarga_whatsapp_bot\.venv\Lib\site-packages\django\templ
ate\base.py", line 965, in _resolve_lookup
    current = current[bit]
              ~~~~~~~^^^^^
KeyError: 'hora_next'

During handling of the above exception, another exception occurred:

Traceback (most recent call last):
  File "D:\DESARROLLO_IA\Proyecto_taxi_carga\Taxi_carga_bot\taxicarga_whatsapp_bot\.venv\Lib\site-packages\django\templ
ate\base.py", line 976, in _resolve_lookup
    current = getattr(current, bit)
AttributeError: 'dict' object has no attribute 'hora_next'

During handling of the above exception, another exception occurred:

Traceback (most recent call last):
  File "D:\DESARROLLO_IA\Proyecto_taxi_carga\Taxi_carga_bot\taxicarga_whatsapp_bot\.venv\Lib\site-packages\django\templ
ate\base.py", line 982, in _resolve_lookup
    current = current[int(bit)]
                      ~~~^^^^^
ValueError: invalid literal for int() with base 10: 'hora_next'

During handling of the above exception, another exception occurred:

Traceback (most recent call last):
  File "D:\DESARROLLO_IA\Proyecto_taxi_carga\Taxi_carga_bot\taxicarga_whatsapp_bot\.venv\Lib\site-packages\django\templ
ate\base.py", line 989, in _resolve_lookup
    raise VariableDoesNotExist(
    ^^^^^^^^^^^^^^^^^^^^^^^^^^^
    ...<2 lines>...
    )  # missing attribute
    ^
django.template.base.VariableDoesNotExist: Failed lookup for key [hora_next] in {'tipo': 'empty', 'hora': '13:30', 
'hora_display': '1:30 pm', 'equipo_id': 1, 'equipo_fecha': '2026-06-14'}
[DEBUG] 2026-08-13 21:16:43,534 base Exception while resolving variable 'hora_next_display' in template 
'campo/pizarra.html'.
Traceback (most recent call last):
  File "D:\DESARROLLO_IA\Proyecto_taxi_carga\Taxi_carga_bot\taxicarga_whatsapp_bot\.venv\Lib\site-packages\django\templ
ate\base.py", line 965, in _resolve_lookup
    current = current[bit]
              ~~~~~~~^^^^^
KeyError: 'hora_next_display'

During handling of the above exception, another exception occurred:

Traceback (most recent call last):
  File "D:\DESARROLLO_IA\Proyecto_taxi_carga\Taxi_carga_bot\taxicarga_whatsapp_bot\.venv\Lib\site-packages\django\templ
ate\base.py", line 976, in _resolve_lookup
    current = getattr(current, bit)
AttributeError: 'dict' object has no attribute 'hora_next_display'

During handling of the above exception, another exception occurred:

Traceback (most recent call last):
  File "D:\DESARROLLO_IA\Proyecto_taxi_carga\Taxi_carga_bot\taxicarga_whatsapp_bot\.venv\Lib\site-packages\django\templ
ate\base.py", line 982, in _resolve_lookup
    current = current[int(bit)]
                      ~~~^^^^^
ValueError: invalid literal for int() with base 10: 'hora_next_display'

During handling of the above exception, another exception occurred:

Traceback (most recent call last):
  File "D:\DESARROLLO_IA\Proyecto_taxi_carga\Taxi_carga_bot\taxicarga_whatsapp_bot\.venv\Lib\site-packages\django\templ
ate\base.py", line 989, in _resolve_lookup
    raise VariableDoesNotExist(
    ^^^^^^^^^^^^^^^^^^^^^^^^^^^
    ...<2 lines>...
    )  # missing attribute
    ^
django.template.base.VariableDoesNotExist: Failed lookup for key [hora_next_display] in {'tipo': 'empty', 'hora': 
'13:30', 'hora_display': '1:30 pm', 'equipo_id': 1, 'equipo_fecha': '2026-06-14'}
[DEBUG] 2026-08-13 21:16:43,535 base Exception while resolving variable 'hora_next' in template 'campo/pizarra.html'.
Traceback (most recent call last):
  File "D:\DESARROLLO_IA\Proyecto_taxi_carga\Taxi_carga_bot\taxicarga_whatsapp_bot\.venv\Lib\site-packages\django\templ
ate\base.py", line 965, in _resolve_lookup
    current = current[bit]
              ~~~~~~~^^^^^
KeyError: 'hora_next'

During handling of the above exception, another exception occurred:

Traceback (most recent call last):
  File "D:\DESARROLLO_IA\Proyecto_taxi_carga\Taxi_carga_bot\taxicarga_whatsapp_bot\.venv\Lib\site-packages\django\templ
ate\base.py", line 976, in _resolve_lookup
    current = getattr(current, bit)
AttributeError: 'dict' object has no attribute 'hora_next'

During handling of the above exception, another exception occurred:

Traceback (most recent call last):
  File "D:\DESARROLLO_IA\Proyecto_taxi_carga\Taxi_carga_bot\taxicarga_whatsapp_bot\.venv\Lib\site-packages\django\templ
ate\base.py", line 982, in _resolve_lookup
    current = current[int(bit)]
                      ~~~^^^^^
ValueError: invalid literal for int() with base 10: 'hora_next'

During handling of the above exception, another exception occurred:

Traceback (most recent call last):
  File "D:\DESARROLLO_IA\Proyecto_taxi_carga\Taxi_carga_bot\taxicarga_whatsapp_bot\.venv\Lib\site-packages\django\templ
ate\base.py", line 989, in _resolve_lookup
    raise VariableDoesNotExist(
    ^^^^^^^^^^^^^^^^^^^^^^^^^^^
    ...<2 lines>...
    )  # missing attribute
    ^
django.template.base.VariableDoesNotExist: Failed lookup for key [hora_next] in {'tipo': 'empty', 'hora': '14:00', 
'hora_display': '2:00 pm', 'equipo_id': 1, 'equipo_fecha': '2026-06-14'}
[DEBUG] 2026-08-13 21:16:43,536 base Exception while resolving variable 'hora_next_display' in template 
'campo/pizarra.html'.
Traceback (most recent call last):
  File "D:\DESARROLLO_IA\Proyecto_taxi_carga\Taxi_carga_bot\taxicarga_whatsapp_bot\.venv\Lib\site-packages\django\templ
ate\base.py", line 965, in _resolve_lookup
    current = current[bit]
              ~~~~~~~^^^^^
KeyError: 'hora_next_display'

During handling of the above exception, another exception occurred:

Traceback (most recent call last):
  File "D:\DESARROLLO_IA\Proyecto_taxi_carga\Taxi_carga_bot\taxicarga_whatsapp_bot\.venv\Lib\site-packages\django\templ
ate\base.py", line 976, in _resolve_lookup
    current = getattr(current, bit)
AttributeError: 'dict' object has no attribute 'hora_next_display'

During handling of the above exception, another exception occurred:

Traceback (most recent call last):
  File "D:\DESARROLLO_IA\Proyecto_taxi_carga\Taxi_carga_bot\taxicarga_whatsapp_bot\.venv\Lib\site-packages\django\templ
ate\base.py", line 982, in _resolve_lookup
    current = current[int(bit)]
                      ~~~^^^^^
ValueError: invalid literal for int() with base 10: 'hora_next_display'

During handling of the above exception, another exception occurred:

Traceback (most recent call last):
  File "D:\DESARROLLO_IA\Proyecto_taxi_carga\Taxi_carga_bot\taxicarga_whatsapp_bot\.venv\Lib\site-packages\django\templ
ate\base.py", line 989, in _resolve_lookup
    raise VariableDoesNotExist(
    ^^^^^^^^^^^^^^^^^^^^^^^^^^^
    ...<2 lines>...
    )  # missing attribute
    ^
django.template.base.VariableDoesNotExist: Failed lookup for key [hora_next_display] in {'tipo': 'empty', 'hora': 
'14:00', 'hora_display': '2:00 pm', 'equipo_id': 1, 'equipo_fecha': '2026-06-14'}
[DEBUG] 2026-08-13 21:16:43,538 base Exception while resolving variable 'hora_next' in template 'campo/pizarra.html'.
Traceback (most recent call last):
  File "D:\DESARROLLO_IA\Proyecto_taxi_carga\Taxi_carga_bot\taxicarga_whatsapp_bot\.venv\Lib\site-packages\django\templ
ate\base.py", line 965, in _resolve_lookup
    current = current[bit]
              ~~~~~~~^^^^^
KeyError: 'hora_next'

During handling of the above exception, another exception occurred:

Traceback (most recent call last):
  File "D:\DESARROLLO_IA\Proyecto_taxi_carga\Taxi_carga_bot\taxicarga_whatsapp_bot\.venv\Lib\site-packages\django\templ
ate\base.py", line 976, in _resolve_lookup
    current = getattr(current, bit)
AttributeError: 'dict' object has no attribute 'hora_next'

During handling of the above exception, another exception occurred:

Traceback (most recent call last):
  File "D:\DESARROLLO_IA\Proyecto_taxi_carga\Taxi_carga_bot\taxicarga_whatsapp_bot\.venv\Lib\site-packages\django\templ
ate\base.py", line 982, in _resolve_lookup
    current = current[int(bit)]
                      ~~~^^^^^
ValueError: invalid literal for int() with base 10: 'hora_next'

During handling of the above exception, another exception occurred:

Traceback (most recent call last):
  File "D:\DESARROLLO_IA\Proyecto_taxi_carga\Taxi_carga_bot\taxicarga_whatsapp_bot\.venv\Lib\site-packages\django\templ
ate\base.py", line 989, in _resolve_lookup
    raise VariableDoesNotExist(
    ^^^^^^^^^^^^^^^^^^^^^^^^^^^
    ...<2 lines>...
    )  # missing attribute
    ^
django.template.base.VariableDoesNotExist: Failed lookup for key [hora_next] in {'tipo': 'empty', 'hora': '14:30', 
'hora_display': '2:30 pm', 'equipo_id': 1, 'equipo_fecha': '2026-06-14'}
[DEBUG] 2026-08-13 21:16:43,539 base Exception while resolving variable 'hora_next_display' in template 
'campo/pizarra.html'.
Traceback (most recent call last):
  File "D:\DESARROLLO_IA\Proyecto_taxi_carga\Taxi_carga_bot\taxicarga_whatsapp_bot\.venv\Lib\site-packages\django\templ
ate\base.py", line 965, in _resolve_lookup
    current = current[bit]
              ~~~~~~~^^^^^
KeyError: 'hora_next_display'

During handling of the above exception, another exception occurred:

Traceback (most recent call last):
  File "D:\DESARROLLO_IA\Proyecto_taxi_carga\Taxi_carga_bot\taxicarga_whatsapp_bot\.venv\Lib\site-packages\django\templ
ate\base.py", line 976, in _resolve_lookup
    current = getattr(current, bit)
AttributeError: 'dict' object has no attribute 'hora_next_display'

During handling of the above exception, another exception occurred:

Traceback (most recent call last):
  File "D:\DESARROLLO_IA\Proyecto_taxi_carga\Taxi_carga_bot\taxicarga_whatsapp_bot\.venv\Lib\site-packages\django\templ
ate\base.py", line 982, in _resolve_lookup
    current = current[int(bit)]
                      ~~~^^^^^
ValueError: invalid literal for int() with base 10: 'hora_next_display'

During handling of the above exception, another exception occurred:

Traceback (most recent call last):
  File "D:\DESARROLLO_IA\Proyecto_taxi_carga\Taxi_carga_bot\taxicarga_whatsapp_bot\.venv\Lib\site-packages\django\templ
ate\base.py", line 989, in _resolve_lookup
    raise VariableDoesNotExist(
    ^^^^^^^^^^^^^^^^^^^^^^^^^^^
    ...<2 lines>...
    )  # missing attribute
    ^
django.template.base.VariableDoesNotExist: Failed lookup for key [hora_next_display] in {'tipo': 'empty', 'hora': 
'14:30', 'hora_display': '2:30 pm', 'equipo_id': 1, 'equipo_fecha': '2026-06-14'}
[DEBUG] 2026-08-13 21:16:43,542 base Exception while resolving variable 'hora_next' in template 'campo/pizarra.html'.
Traceback (most recent call last):
  File "D:\DESARROLLO_IA\Proyecto_taxi_carga\Taxi_carga_bot\taxicarga_whatsapp_bot\.venv\Lib\site-packages\django\templ
ate\base.py", line 965, in _resolve_lookup
    current = current[bit]
              ~~~~~~~^^^^^
KeyError: 'hora_next'

During handling of the above exception, another exception occurred:

Traceback (most recent call last):
  File "D:\DESARROLLO_IA\Proyecto_taxi_carga\Taxi_carga_bot\taxicarga_whatsapp_bot\.venv\Lib\site-packages\django\templ
ate\base.py", line 976, in _resolve_lookup
    current = getattr(current, bit)
AttributeError: 'dict' object has no attribute 'hora_next'

During handling of the above exception, another exception occurred:

Traceback (most recent call last):
  File "D:\DESARROLLO_IA\Proyecto_taxi_carga\Taxi_carga_bot\taxicarga_whatsapp_bot\.venv\Lib\site-packages\django\templ
ate\base.py", line 982, in _resolve_lookup
    current = current[int(bit)]
                      ~~~^^^^^
ValueError: invalid literal for int() with base 10: 'hora_next'

During handling of the above exception, another exception occurred:

Traceback (most recent call last):
  File "D:\DESARROLLO_IA\Proyecto_taxi_carga\Taxi_carga_bot\taxicarga_whatsapp_bot\.venv\Lib\site-packages\django\templ
ate\base.py", line 989, in _resolve_lookup
    raise VariableDoesNotExist(
    ^^^^^^^^^^^^^^^^^^^^^^^^^^^
    ...<2 lines>...
    )  # missing attribute
    ^
django.template.base.VariableDoesNotExist: Failed lookup for key [hora_next] in {'tipo': 'empty', 'hora': '15:00', 
'hora_display': '3:00 pm', 'equipo_id': 1, 'equipo_fecha': '2026-06-14'}
[DEBUG] 2026-08-13 21:16:43,544 base Exception while resolving variable 'hora_next_display' in template 
'campo/pizarra.html'.
Traceback (most recent call last):
  File "D:\DESARROLLO_IA\Proyecto_taxi_carga\Taxi_carga_bot\taxicarga_whatsapp_bot\.venv\Lib\site-packages\django\templ
ate\base.py", line 965, in _resolve_lookup
    current = current[bit]
              ~~~~~~~^^^^^
KeyError: 'hora_next_display'

During handling of the above exception, another exception occurred:

Traceback (most recent call last):
  File "D:\DESARROLLO_IA\Proyecto_taxi_carga\Taxi_carga_bot\taxicarga_whatsapp_bot\.venv\Lib\site-packages\django\templ
ate\base.py", line 976, in _resolve_lookup
    current = getattr(current, bit)
AttributeError: 'dict' object has no attribute 'hora_next_display'

During handling of the above exception, another exception occurred:

Traceback (most recent call last):
  File "D:\DESARROLLO_IA\Proyecto_taxi_carga\Taxi_carga_bot\taxicarga_whatsapp_bot\.venv\Lib\site-packages\django\templ
ate\base.py", line 982, in _resolve_lookup
    current = current[int(bit)]
                      ~~~^^^^^
ValueError: invalid literal for int() with base 10: 'hora_next_display'

During handling of the above exception, another exception occurred:

Traceback (most recent call last):
  File "D:\DESARROLLO_IA\Proyecto_taxi_carga\Taxi_carga_bot\taxicarga_whatsapp_bot\.venv\Lib\site-packages\django\templ
ate\base.py", line 989, in _resolve_lookup
    raise VariableDoesNotExist(
    ^^^^^^^^^^^^^^^^^^^^^^^^^^^
    ...<2 lines>...
    )  # missing attribute
    ^
django.template.base.VariableDoesNotExist: Failed lookup for key [hora_next_display] in {'tipo': 'empty', 'hora': 
'15:00', 'hora_display': '3:00 pm', 'equipo_id': 1, 'equipo_fecha': '2026-06-14'}
[DEBUG] 2026-08-13 21:16:43,548 base Exception while resolving variable 'hora_next' in template 'campo/pizarra.html'.
Traceback (most recent call last):
  File "D:\DESARROLLO_IA\Proyecto_taxi_carga\Taxi_carga_bot\taxicarga_whatsapp_bot\.venv\Lib\site-packages\django\templ
ate\base.py", line 965, in _resolve_lookup
    current = current[bit]
              ~~~~~~~^^^^^
KeyError: 'hora_next'

During handling of the above exception, another exception occurred:

Traceback (most recent call last):
  File "D:\DESARROLLO_IA\Proyecto_taxi_carga\Taxi_carga_bot\taxicarga_whatsapp_bot\.venv\Lib\site-packages\django\templ
ate\base.py", line 976, in _resolve_lookup
    current = getattr(current, bit)
AttributeError: 'dict' object has no attribute 'hora_next'

During handling of the above exception, another exception occurred:

Traceback (most recent call last):
  File "D:\DESARROLLO_IA\Proyecto_taxi_carga\Taxi_carga_bot\taxicarga_whatsapp_bot\.venv\Lib\site-packages\django\templ
ate\base.py", line 982, in _resolve_lookup
    current = current[int(bit)]
                      ~~~^^^^^
ValueError: invalid literal for int() with base 10: 'hora_next'

During handling of the above exception, another exception occurred:

Traceback (most recent call last):
  File "D:\DESARROLLO_IA\Proyecto_taxi_carga\Taxi_carga_bot\taxicarga_whatsapp_bot\.venv\Lib\site-packages\django\templ
ate\base.py", line 989, in _resolve_lookup
    raise VariableDoesNotExist(
    ^^^^^^^^^^^^^^^^^^^^^^^^^^^
    ...<2 lines>...
    )  # missing attribute
    ^
django.template.base.VariableDoesNotExist: Failed lookup for key [hora_next] in {'tipo': 'empty', 'hora': '15:30', 
'hora_display': '3:30 pm', 'equipo_id': 1, 'equipo_fecha': '2026-06-14'}
[DEBUG] 2026-08-13 21:16:43,549 base Exception while resolving variable 'hora_next_display' in template 
'campo/pizarra.html'.
Traceback (most recent call last):
  File "D:\DESARROLLO_IA\Proyecto_taxi_carga\Taxi_carga_bot\taxicarga_whatsapp_bot\.venv\Lib\site-packages\django\templ
ate\base.py", line 965, in _resolve_lookup
    current = current[bit]
              ~~~~~~~^^^^^
KeyError: 'hora_next_display'

During handling of the above exception, another exception occurred:

Traceback (most recent call last):
  File "D:\DESARROLLO_IA\Proyecto_taxi_carga\Taxi_carga_bot\taxicarga_whatsapp_bot\.venv\Lib\site-packages\django\templ
ate\base.py", line 976, in _resolve_lookup
    current = getattr(current, bit)
AttributeError: 'dict' object has no attribute 'hora_next_display'

During handling of the above exception, another exception occurred:

Traceback (most recent call last):
  File "D:\DESARROLLO_IA\Proyecto_taxi_carga\Taxi_carga_bot\taxicarga_whatsapp_bot\.venv\Lib\site-packages\django\templ
ate\base.py", line 982, in _resolve_lookup
    current = current[int(bit)]
                      ~~~^^^^^
ValueError: invalid literal for int() with base 10: 'hora_next_display'

During handling of the above exception, another exception occurred:

Traceback (most recent call last):
  File "D:\DESARROLLO_IA\Proyecto_taxi_carga\Taxi_carga_bot\taxicarga_whatsapp_bot\.venv\Lib\site-packages\django\templ
ate\base.py", line 989, in _resolve_lookup
    raise VariableDoesNotExist(
    ^^^^^^^^^^^^^^^^^^^^^^^^^^^
    ...<2 lines>...
    )  # missing attribute
    ^
django.template.base.VariableDoesNotExist: Failed lookup for key [hora_next_display] in {'tipo': 'empty', 'hora': 
'15:30', 'hora_display': '3:30 pm', 'equipo_id': 1, 'equipo_fecha': '2026-06-14'}
[DEBUG] 2026-08-13 21:16:43,550 base Exception while resolving variable 'hora_next' in template 'campo/pizarra.html'.
Traceback (most recent call last):
  File "D:\DESARROLLO_IA\Proyecto_taxi_carga\Taxi_carga_bot\taxicarga_whatsapp_bot\.venv\Lib\site-packages\django\templ
ate\base.py", line 965, in _resolve_lookup
    current = current[bit]
              ~~~~~~~^^^^^
KeyError: 'hora_next'

During handling of the above exception, another exception occurred:

Traceback (most recent call last):
  File "D:\DESARROLLO_IA\Proyecto_taxi_carga\Taxi_carga_bot\taxicarga_whatsapp_bot\.venv\Lib\site-packages\django\templ
ate\base.py", line 976, in _resolve_lookup
    current = getattr(current, bit)
AttributeError: 'dict' object has no attribute 'hora_next'

During handling of the above exception, another exception occurred:

Traceback (most recent call last):
  File "D:\DESARROLLO_IA\Proyecto_taxi_carga\Taxi_carga_bot\taxicarga_whatsapp_bot\.venv\Lib\site-packages\django\templ
ate\base.py", line 982, in _resolve_lookup
    current = current[int(bit)]
                      ~~~^^^^^
ValueError: invalid literal for int() with base 10: 'hora_next'

During handling of the above exception, another exception occurred:

Traceback (most recent call last):
  File "D:\DESARROLLO_IA\Proyecto_taxi_carga\Taxi_carga_bot\taxicarga_whatsapp_bot\.venv\Lib\site-packages\django\templ
ate\base.py", line 989, in _resolve_lookup
    raise VariableDoesNotExist(
    ^^^^^^^^^^^^^^^^^^^^^^^^^^^
    ...<2 lines>...
    )  # missing attribute
    ^
django.template.base.VariableDoesNotExist: Failed lookup for key [hora_next] in {'tipo': 'empty', 'hora': '16:00', 
'hora_display': '4:00 pm', 'equipo_id': 1, 'equipo_fecha': '2026-06-14'}
[DEBUG] 2026-08-13 21:16:43,552 base Exception while resolving variable 'hora_next_display' in template 
'campo/pizarra.html'.
Traceback (most recent call last):
  File "D:\DESARROLLO_IA\Proyecto_taxi_carga\Taxi_carga_bot\taxicarga_whatsapp_bot\.venv\Lib\site-packages\django\templ
ate\base.py", line 965, in _resolve_lookup
    current = current[bit]
              ~~~~~~~^^^^^
KeyError: 'hora_next_display'

During handling of the above exception, another exception occurred:

Traceback (most recent call last):
  File "D:\DESARROLLO_IA\Proyecto_taxi_carga\Taxi_carga_bot\taxicarga_whatsapp_bot\.venv\Lib\site-packages\django\templ
ate\base.py", line 976, in _resolve_lookup
    current = getattr(current, bit)
AttributeError: 'dict' object has no attribute 'hora_next_display'

During handling of the above exception, another exception occurred:

Traceback (most recent call last):
  File "D:\DESARROLLO_IA\Proyecto_taxi_carga\Taxi_carga_bot\taxicarga_whatsapp_bot\.venv\Lib\site-packages\django\templ
ate\base.py", line 982, in _resolve_lookup
    current = current[int(bit)]
                      ~~~^^^^^
ValueError: invalid literal for int() with base 10: 'hora_next_display'

During handling of the above exception, another exception occurred:

Traceback (most recent call last):
  File "D:\DESARROLLO_IA\Proyecto_taxi_carga\Taxi_carga_bot\taxicarga_whatsapp_bot\.venv\Lib\site-packages\django\templ
ate\base.py", line 989, in _resolve_lookup
    raise VariableDoesNotExist(
    ^^^^^^^^^^^^^^^^^^^^^^^^^^^
    ...<2 lines>...
    )  # missing attribute
    ^
django.template.base.VariableDoesNotExist: Failed lookup for key [hora_next_display] in {'tipo': 'empty', 'hora': 
'16:00', 'hora_display': '4:00 pm', 'equipo_id': 1, 'equipo_fecha': '2026-06-14'}
[DEBUG] 2026-08-13 21:16:43,553 base Exception while resolving variable 'hora_next' in template 'campo/pizarra.html'.
Traceback (most recent call last):
  File "D:\DESARROLLO_IA\Proyecto_taxi_carga\Taxi_carga_bot\taxicarga_whatsapp_bot\.venv\Lib\site-packages\django\templ
ate\base.py", line 965, in _resolve_lookup
    current = current[bit]
              ~~~~~~~^^^^^
KeyError: 'hora_next'

During handling of the above exception, another exception occurred:

Traceback (most recent call last):
  File "D:\DESARROLLO_IA\Proyecto_taxi_carga\Taxi_carga_bot\taxicarga_whatsapp_bot\.venv\Lib\site-packages\django\templ
ate\base.py", line 976, in _resolve_lookup
    current = getattr(current, bit)
AttributeError: 'dict' object has no attribute 'hora_next'

During handling of the above exception, another exception occurred:

Traceback (most recent call last):
  File "D:\DESARROLLO_IA\Proyecto_taxi_carga\Taxi_carga_bot\taxicarga_whatsapp_bot\.venv\Lib\site-packages\django\templ
ate\base.py", line 982, in _resolve_lookup
    current = current[int(bit)]
                      ~~~^^^^^
ValueError: invalid literal for int() with base 10: 'hora_next'

During handling of the above exception, another exception occurred:

Traceback (most recent call last):
  File "D:\DESARROLLO_IA\Proyecto_taxi_carga\Taxi_carga_bot\taxicarga_whatsapp_bot\.venv\Lib\site-packages\django\templ
ate\base.py", line 989, in _resolve_lookup
    raise VariableDoesNotExist(
    ^^^^^^^^^^^^^^^^^^^^^^^^^^^
    ...<2 lines>...
    )  # missing attribute
    ^
django.template.base.VariableDoesNotExist: Failed lookup for key [hora_next] in {'tipo': 'empty', 'hora': '16:30', 
'hora_display': '4:30 pm', 'equipo_id': 1, 'equipo_fecha': '2026-06-14'}
[DEBUG] 2026-08-13 21:16:43,556 base Exception while resolving variable 'hora_next_display' in template 
'campo/pizarra.html'.
Traceback (most recent call last):
  File "D:\DESARROLLO_IA\Proyecto_taxi_carga\Taxi_carga_bot\taxicarga_whatsapp_bot\.venv\Lib\site-packages\django\templ
ate\base.py", line 965, in _resolve_lookup
    current = current[bit]
              ~~~~~~~^^^^^
KeyError: 'hora_next_display'

During handling of the above exception, another exception occurred:

Traceback (most recent call last):
  File "D:\DESARROLLO_IA\Proyecto_taxi_carga\Taxi_carga_bot\taxicarga_whatsapp_bot\.venv\Lib\site-packages\django\templ
ate\base.py", line 976, in _resolve_lookup
    current = getattr(current, bit)
AttributeError: 'dict' object has no attribute 'hora_next_display'

During handling of the above exception, another exception occurred:

Traceback (most recent call last):
  File "D:\DESARROLLO_IA\Proyecto_taxi_carga\Taxi_carga_bot\taxicarga_whatsapp_bot\.venv\Lib\site-packages\django\templ
ate\base.py", line 982, in _resolve_lookup
    current = current[int(bit)]
                      ~~~^^^^^
ValueError: invalid literal for int() with base 10: 'hora_next_display'

During handling of the above exception, another exception occurred:

Traceback (most recent call last):
  File "D:\DESARROLLO_IA\Proyecto_taxi_carga\Taxi_carga_bot\taxicarga_whatsapp_bot\.venv\Lib\site-packages\django\templ
ate\base.py", line 989, in _resolve_lookup
    raise VariableDoesNotExist(
    ^^^^^^^^^^^^^^^^^^^^^^^^^^^
    ...<2 lines>...
    )  # missing attribute
    ^
django.template.base.VariableDoesNotExist: Failed lookup for key [hora_next_display] in {'tipo': 'empty', 'hora': 
'16:30', 'hora_display': '4:30 pm', 'equipo_id': 1, 'equipo_fecha': '2026-06-14'}
[DEBUG] 2026-08-13 21:16:43,557 base Exception while resolving variable 'hora_next' in template 'campo/pizarra.html'.
Traceback (most recent call last):
  File "D:\DESARROLLO_IA\Proyecto_taxi_carga\Taxi_carga_bot\taxicarga_whatsapp_bot\.venv\Lib\site-packages\django\templ
ate\base.py", line 965, in _resolve_lookup
    current = current[bit]
              ~~~~~~~^^^^^
KeyError: 'hora_next'

During handling of the above exception, another exception occurred:

Traceback (most recent call last):
  File "D:\DESARROLLO_IA\Proyecto_taxi_carga\Taxi_carga_bot\taxicarga_whatsapp_bot\.venv\Lib\site-packages\django\templ
ate\base.py", line 976, in _resolve_lookup
    current = getattr(current, bit)
AttributeError: 'dict' object has no attribute 'hora_next'

During handling of the above exception, another exception occurred:

Traceback (most recent call last):
  File "D:\DESARROLLO_IA\Proyecto_taxi_carga\Taxi_carga_bot\taxicarga_whatsapp_bot\.venv\Lib\site-packages\django\templ
ate\base.py", line 982, in _resolve_lookup
    current = current[int(bit)]
                      ~~~^^^^^
ValueError: invalid literal for int() with base 10: 'hora_next'

During handling of the above exception, another exception occurred:

Traceback (most recent call last):
  File "D:\DESARROLLO_IA\Proyecto_taxi_carga\Taxi_carga_bot\taxicarga_whatsapp_bot\.venv\Lib\site-packages\django\templ
ate\base.py", line 989, in _resolve_lookup
    raise VariableDoesNotExist(
    ^^^^^^^^^^^^^^^^^^^^^^^^^^^
    ...<2 lines>...
    )  # missing attribute
    ^
django.template.base.VariableDoesNotExist: Failed lookup for key [hora_next] in {'tipo': 'empty', 'hora': '17:00', 
'hora_display': '5:00 pm', 'equipo_id': 1, 'equipo_fecha': '2026-06-14'}
[DEBUG] 2026-08-13 21:16:43,561 base Exception while resolving variable 'hora_next_display' in template 
'campo/pizarra.html'.
Traceback (most recent call last):
  File "D:\DESARROLLO_IA\Proyecto_taxi_carga\Taxi_carga_bot\taxicarga_whatsapp_bot\.venv\Lib\site-packages\django\templ
ate\base.py", line 965, in _resolve_lookup
    current = current[bit]
              ~~~~~~~^^^^^
KeyError: 'hora_next_display'

During handling of the above exception, another exception occurred:

Traceback (most recent call last):
  File "D:\DESARROLLO_IA\Proyecto_taxi_carga\Taxi_carga_bot\taxicarga_whatsapp_bot\.venv\Lib\site-packages\django\templ
ate\base.py", line 976, in _resolve_lookup
    current = getattr(current, bit)
AttributeError: 'dict' object has no attribute 'hora_next_display'

During handling of the above exception, another exception occurred:

Traceback (most recent call last):
  File "D:\DESARROLLO_IA\Proyecto_taxi_carga\Taxi_carga_bot\taxicarga_whatsapp_bot\.venv\Lib\site-packages\django\templ
ate\base.py", line 982, in _resolve_lookup
    current = current[int(bit)]
                      ~~~^^^^^
ValueError: invalid literal for int() with base 10: 'hora_next_display'

During handling of the above exception, another exception occurred:

Traceback (most recent call last):
  File "D:\DESARROLLO_IA\Proyecto_taxi_carga\Taxi_carga_bot\taxicarga_whatsapp_bot\.venv\Lib\site-packages\django\templ
ate\base.py", line 989, in _resolve_lookup
    raise VariableDoesNotExist(
    ^^^^^^^^^^^^^^^^^^^^^^^^^^^
    ...<2 lines>...
    )  # missing attribute
    ^
django.template.base.VariableDoesNotExist: Failed lookup for key [hora_next_display] in {'tipo': 'empty', 'hora': 
'17:00', 'hora_display': '5:00 pm', 'equipo_id': 1, 'equipo_fecha': '2026-06-14'}
[DEBUG] 2026-08-13 21:16:43,562 base Exception while resolving variable 'hora_next' in template 'campo/pizarra.html'.
Traceback (most recent call last):
  File "D:\DESARROLLO_IA\Proyecto_taxi_carga\Taxi_carga_bot\taxicarga_whatsapp_bot\.venv\Lib\site-packages\django\templ
ate\base.py", line 965, in _resolve_lookup
    current = current[bit]
              ~~~~~~~^^^^^
KeyError: 'hora_next'

During handling of the above exception, another exception occurred:

Traceback (most recent call last):
  File "D:\DESARROLLO_IA\Proyecto_taxi_carga\Taxi_carga_bot\taxicarga_whatsapp_bot\.venv\Lib\site-packages\django\templ
ate\base.py", line 976, in _resolve_lookup
    current = getattr(current, bit)
AttributeError: 'dict' object has no attribute 'hora_next'

During handling of the above exception, another exception occurred:

Traceback (most recent call last):
  File "D:\DESARROLLO_IA\Proyecto_taxi_carga\Taxi_carga_bot\taxicarga_whatsapp_bot\.venv\Lib\site-packages\django\templ
ate\base.py", line 982, in _resolve_lookup
    current = current[int(bit)]
                      ~~~^^^^^
ValueError: invalid literal for int() with base 10: 'hora_next'

During handling of the above exception, another exception occurred:

Traceback (most recent call last):
  File "D:\DESARROLLO_IA\Proyecto_taxi_carga\Taxi_carga_bot\taxicarga_whatsapp_bot\.venv\Lib\site-packages\django\templ
ate\base.py", line 989, in _resolve_lookup
    raise VariableDoesNotExist(
    ^^^^^^^^^^^^^^^^^^^^^^^^^^^
    ...<2 lines>...
    )  # missing attribute
    ^
django.template.base.VariableDoesNotExist: Failed lookup for key [hora_next] in {'tipo': 'empty', 'hora': '17:30', 
'hora_display': '5:30 pm', 'equipo_id': 1, 'equipo_fecha': '2026-06-14'}
[DEBUG] 2026-08-13 21:16:43,563 base Exception while resolving variable 'hora_next_display' in template 
'campo/pizarra.html'.
Traceback (most recent call last):
  File "D:\DESARROLLO_IA\Proyecto_taxi_carga\Taxi_carga_bot\taxicarga_whatsapp_bot\.venv\Lib\site-packages\django\templ
ate\base.py", line 965, in _resolve_lookup
    current = current[bit]
              ~~~~~~~^^^^^
KeyError: 'hora_next_display'

During handling of the above exception, another exception occurred:

Traceback (most recent call last):
  File "D:\DESARROLLO_IA\Proyecto_taxi_carga\Taxi_carga_bot\taxicarga_whatsapp_bot\.venv\Lib\site-packages\django\templ
ate\base.py", line 976, in _resolve_lookup
    current = getattr(current, bit)
AttributeError: 'dict' object has no attribute 'hora_next_display'

During handling of the above exception, another exception occurred:

Traceback (most recent call last):
  File "D:\DESARROLLO_IA\Proyecto_taxi_carga\Taxi_carga_bot\taxicarga_whatsapp_bot\.venv\Lib\site-packages\django\templ
ate\base.py", line 982, in _resolve_lookup
    current = current[int(bit)]
                      ~~~^^^^^
ValueError: invalid literal for int() with base 10: 'hora_next_display'

During handling of the above exception, another exception occurred:

Traceback (most recent call last):
  File "D:\DESARROLLO_IA\Proyecto_taxi_carga\Taxi_carga_bot\taxicarga_whatsapp_bot\.venv\Lib\site-packages\django\templ
ate\base.py", line 989, in _resolve_lookup
    raise VariableDoesNotExist(
    ^^^^^^^^^^^^^^^^^^^^^^^^^^^
    ...<2 lines>...
    )  # missing attribute
    ^
django.template.base.VariableDoesNotExist: Failed lookup for key [hora_next_display] in {'tipo': 'empty', 'hora': 
'17:30', 'hora_display': '5:30 pm', 'equipo_id': 1, 'equipo_fecha': '2026-06-14'}
[DEBUG] 2026-08-13 21:16:43,567 base Exception while resolving variable 'hora_next' in template 'campo/pizarra.html'.
Traceback (most recent call last):
  File "D:\DESARROLLO_IA\Proyecto_taxi_carga\Taxi_carga_bot\taxicarga_whatsapp_bot\.venv\Lib\site-packages\django\templ
ate\base.py", line 965, in _resolve_lookup
    current = current[bit]
              ~~~~~~~^^^^^
KeyError: 'hora_next'

During handling of the above exception, another exception occurred:

Traceback (most recent call last):
  File "D:\DESARROLLO_IA\Proyecto_taxi_carga\Taxi_carga_bot\taxicarga_whatsapp_bot\.venv\Lib\site-packages\django\templ
ate\base.py", line 976, in _resolve_lookup
    current = getattr(current, bit)
AttributeError: 'dict' object has no attribute 'hora_next'

During handling of the above exception, another exception occurred:

Traceback (most recent call last):
  File "D:\DESARROLLO_IA\Proyecto_taxi_carga\Taxi_carga_bot\taxicarga_whatsapp_bot\.venv\Lib\site-packages\django\templ
ate\base.py", line 982, in _resolve_lookup
    current = current[int(bit)]
                      ~~~^^^^^
ValueError: invalid literal for int() with base 10: 'hora_next'

During handling of the above exception, another exception occurred:

Traceback (most recent call last):
  File "D:\DESARROLLO_IA\Proyecto_taxi_carga\Taxi_carga_bot\taxicarga_whatsapp_bot\.venv\Lib\site-packages\django\templ
ate\base.py", line 989, in _resolve_lookup
    raise VariableDoesNotExist(
    ^^^^^^^^^^^^^^^^^^^^^^^^^^^
    ...<2 lines>...
    )  # missing attribute
    ^
django.template.base.VariableDoesNotExist: Failed lookup for key [hora_next] in {'tipo': 'empty', 'hora': '18:00', 
'hora_display': '6:00 pm', 'equipo_id': 1, 'equipo_fecha': '2026-06-14'}
[DEBUG] 2026-08-13 21:16:43,568 base Exception while resolving variable 'hora_next_display' in template 
'campo/pizarra.html'.
Traceback (most recent call last):
  File "D:\DESARROLLO_IA\Proyecto_taxi_carga\Taxi_carga_bot\taxicarga_whatsapp_bot\.venv\Lib\site-packages\django\templ
ate\base.py", line 965, in _resolve_lookup
    current = current[bit]
              ~~~~~~~^^^^^
KeyError: 'hora_next_display'

During handling of the above exception, another exception occurred:

Traceback (most recent call last):
  File "D:\DESARROLLO_IA\Proyecto_taxi_carga\Taxi_carga_bot\taxicarga_whatsapp_bot\.venv\Lib\site-packages\django\templ
ate\base.py", line 976, in _resolve_lookup
    current = getattr(current, bit)
AttributeError: 'dict' object has no attribute 'hora_next_display'

During handling of the above exception, another exception occurred:

Traceback (most recent call last):
  File "D:\DESARROLLO_IA\Proyecto_taxi_carga\Taxi_carga_bot\taxicarga_whatsapp_bot\.venv\Lib\site-packages\django\templ
ate\base.py", line 982, in _resolve_lookup
    current = current[int(bit)]
                      ~~~^^^^^
ValueError: invalid literal for int() with base 10: 'hora_next_display'

During handling of the above exception, another exception occurred:

Traceback (most recent call last):
  File "D:\DESARROLLO_IA\Proyecto_taxi_carga\Taxi_carga_bot\taxicarga_whatsapp_bot\.venv\Lib\site-packages\django\templ
ate\base.py", line 989, in _resolve_lookup
    raise VariableDoesNotExist(
    ^^^^^^^^^^^^^^^^^^^^^^^^^^^
    ...<2 lines>...
    )  # missing attribute
    ^
django.template.base.VariableDoesNotExist: Failed lookup for key [hora_next_display] in {'tipo': 'empty', 'hora': 
'18:00', 'hora_display': '6:00 pm', 'equipo_id': 1, 'equipo_fecha': '2026-06-14'}
[DEBUG] 2026-08-13 21:16:43,573 base Exception while resolving variable 'hora_next' in template 'campo/pizarra.html'.
Traceback (most recent call last):
  File "D:\DESARROLLO_IA\Proyecto_taxi_carga\Taxi_carga_bot\taxicarga_whatsapp_bot\.venv\Lib\site-packages\django\templ
ate\base.py", line 965, in _resolve_lookup
    current = current[bit]
              ~~~~~~~^^^^^
KeyError: 'hora_next'

During handling of the above exception, another exception occurred:

Traceback (most recent call last):
  File "D:\DESARROLLO_IA\Proyecto_taxi_carga\Taxi_carga_bot\taxicarga_whatsapp_bot\.venv\Lib\site-packages\django\templ
ate\base.py", line 976, in _resolve_lookup
    current = getattr(current, bit)
AttributeError: 'dict' object has no attribute 'hora_next'

During handling of the above exception, another exception occurred:

Traceback (most recent call last):
  File "D:\DESARROLLO_IA\Proyecto_taxi_carga\Taxi_carga_bot\taxicarga_whatsapp_bot\.venv\Lib\site-packages\django\templ
ate\base.py", line 982, in _resolve_lookup
    current = current[int(bit)]
                      ~~~^^^^^
ValueError: invalid literal for int() with base 10: 'hora_next'

During handling of the above exception, another exception occurred:

Traceback (most recent call last):
  File "D:\DESARROLLO_IA\Proyecto_taxi_carga\Taxi_carga_bot\taxicarga_whatsapp_bot\.venv\Lib\site-packages\django\templ
ate\base.py", line 989, in _resolve_lookup
    raise VariableDoesNotExist(
    ^^^^^^^^^^^^^^^^^^^^^^^^^^^
    ...<2 lines>...
    )  # missing attribute
    ^
django.template.base.VariableDoesNotExist: Failed lookup for key [hora_next] in {'tipo': 'empty', 'hora': '18:30', 
'hora_display': '6:30 pm', 'equipo_id': 1, 'equipo_fecha': '2026-06-14'}
[DEBUG] 2026-08-13 21:16:43,574 base Exception while resolving variable 'hora_next_display' in template 
'campo/pizarra.html'.
Traceback (most recent call last):
  File "D:\DESARROLLO_IA\Proyecto_taxi_carga\Taxi_carga_bot\taxicarga_whatsapp_bot\.venv\Lib\site-packages\django\templ
ate\base.py", line 965, in _resolve_lookup
    current = current[bit]
              ~~~~~~~^^^^^
KeyError: 'hora_next_display'

During handling of the above exception, another exception occurred:

Traceback (most recent call last):
  File "D:\DESARROLLO_IA\Proyecto_taxi_carga\Taxi_carga_bot\taxicarga_whatsapp_bot\.venv\Lib\site-packages\django\templ
ate\base.py", line 976, in _resolve_lookup
    current = getattr(current, bit)
AttributeError: 'dict' object has no attribute 'hora_next_display'

During handling of the above exception, another exception occurred:

Traceback (most recent call last):
  File "D:\DESARROLLO_IA\Proyecto_taxi_carga\Taxi_carga_bot\taxicarga_whatsapp_bot\.venv\Lib\site-packages\django\templ
ate\base.py", line 982, in _resolve_lookup
    current = current[int(bit)]
                      ~~~^^^^^
ValueError: invalid literal for int() with base 10: 'hora_next_display'

During handling of the above exception, another exception occurred:

Traceback (most recent call last):
  File "D:\DESARROLLO_IA\Proyecto_taxi_carga\Taxi_carga_bot\taxicarga_whatsapp_bot\.venv\Lib\site-packages\django\templ
ate\base.py", line 989, in _resolve_lookup
    raise VariableDoesNotExist(
    ^^^^^^^^^^^^^^^^^^^^^^^^^^^
    ...<2 lines>...
    )  # missing attribute
    ^
django.template.base.VariableDoesNotExist: Failed lookup for key [hora_next_display] in {'tipo': 'empty', 'hora': 
'18:30', 'hora_display': '6:30 pm', 'equipo_id': 1, 'equipo_fecha': '2026-06-14'}
[DEBUG] 2026-08-13 21:16:43,577 base Exception while resolving variable 'hora_next' in template 'campo/pizarra.html'.
Traceback (most recent call last):
  File "D:\DESARROLLO_IA\Proyecto_taxi_carga\Taxi_carga_bot\taxicarga_whatsapp_bot\.venv\Lib\site-packages\django\templ
ate\base.py", line 965, in _resolve_lookup
    current = current[bit]
              ~~~~~~~^^^^^
KeyError: 'hora_next'

During handling of the above exception, another exception occurred:

Traceback (most recent call last):
  File "D:\DESARROLLO_IA\Proyecto_taxi_carga\Taxi_carga_bot\taxicarga_whatsapp_bot\.venv\Lib\site-packages\django\templ
ate\base.py", line 976, in _resolve_lookup
    current = getattr(current, bit)
AttributeError: 'dict' object has no attribute 'hora_next'

During handling of the above exception, another exception occurred:

Traceback (most recent call last):
  File "D:\DESARROLLO_IA\Proyecto_taxi_carga\Taxi_carga_bot\taxicarga_whatsapp_bot\.venv\Lib\site-packages\django\templ
ate\base.py", line 982, in _resolve_lookup
    current = current[int(bit)]
                      ~~~^^^^^
ValueError: invalid literal for int() with base 10: 'hora_next'

During handling of the above exception, another exception occurred:

Traceback (most recent call last):
  File "D:\DESARROLLO_IA\Proyecto_taxi_carga\Taxi_carga_bot\taxicarga_whatsapp_bot\.venv\Lib\site-packages\django\templ
ate\base.py", line 989, in _resolve_lookup
    raise VariableDoesNotExist(
    ^^^^^^^^^^^^^^^^^^^^^^^^^^^
    ...<2 lines>...
    )  # missing attribute
    ^
django.template.base.VariableDoesNotExist: Failed lookup for key [hora_next] in {'tipo': 'empty', 'hora': '19:00', 
'hora_display': '7:00 pm', 'equipo_id': 1, 'equipo_fecha': '2026-06-14'}
[DEBUG] 2026-08-13 21:16:43,579 base Exception while resolving variable 'hora_next_display' in template 
'campo/pizarra.html'.
Traceback (most recent call last):
  File "D:\DESARROLLO_IA\Proyecto_taxi_carga\Taxi_carga_bot\taxicarga_whatsapp_bot\.venv\Lib\site-packages\django\templ
ate\base.py", line 965, in _resolve_lookup
    current = current[bit]
              ~~~~~~~^^^^^
KeyError: 'hora_next_display'

During handling of the above exception, another exception occurred:

Traceback (most recent call last):
  File "D:\DESARROLLO_IA\Proyecto_taxi_carga\Taxi_carga_bot\taxicarga_whatsapp_bot\.venv\Lib\site-packages\django\templ
ate\base.py", line 976, in _resolve_lookup
    current = getattr(current, bit)
AttributeError: 'dict' object has no attribute 'hora_next_display'

During handling of the above exception, another exception occurred:

Traceback (most recent call last):
  File "D:\DESARROLLO_IA\Proyecto_taxi_carga\Taxi_carga_bot\taxicarga_whatsapp_bot\.venv\Lib\site-packages\django\templ
ate\base.py", line 982, in _resolve_lookup
    current = current[int(bit)]
                      ~~~^^^^^
ValueError: invalid literal for int() with base 10: 'hora_next_display'

During handling of the above exception, another exception occurred:

Traceback (most recent call last):
  File "D:\DESARROLLO_IA\Proyecto_taxi_carga\Taxi_carga_bot\taxicarga_whatsapp_bot\.venv\Lib\site-packages\django\templ
ate\base.py", line 989, in _resolve_lookup
    raise VariableDoesNotExist(
    ^^^^^^^^^^^^^^^^^^^^^^^^^^^
    ...<2 lines>...
    )  # missing attribute
    ^
django.template.base.VariableDoesNotExist: Failed lookup for key [hora_next_display] in {'tipo': 'empty', 'hora': 
'19:00', 'hora_display': '7:00 pm', 'equipo_id': 1, 'equipo_fecha': '2026-06-14'}
[DEBUG] 2026-08-13 21:16:43,580 base Exception while resolving variable 'hora_next' in template 'campo/pizarra.html'.
Traceback (most recent call last):
  File "D:\DESARROLLO_IA\Proyecto_taxi_carga\Taxi_carga_bot\taxicarga_whatsapp_bot\.venv\Lib\site-packages\django\templ
ate\base.py", line 965, in _resolve_lookup
    current = current[bit]
              ~~~~~~~^^^^^
KeyError: 'hora_next'

During handling of the above exception, another exception occurred:

Traceback (most recent call last):
  File "D:\DESARROLLO_IA\Proyecto_taxi_carga\Taxi_carga_bot\taxicarga_whatsapp_bot\.venv\Lib\site-packages\django\templ
ate\base.py", line 976, in _resolve_lookup
    current = getattr(current, bit)
AttributeError: 'dict' object has no attribute 'hora_next'

During handling of the above exception, another exception occurred:

Traceback (most recent call last):
  File "D:\DESARROLLO_IA\Proyecto_taxi_carga\Taxi_carga_bot\taxicarga_whatsapp_bot\.venv\Lib\site-packages\django\templ
ate\base.py", line 982, in _resolve_lookup
    current = current[int(bit)]
                      ~~~^^^^^
ValueError: invalid literal for int() with base 10: 'hora_next'

During handling of the above exception, another exception occurred:

Traceback (most recent call last):
  File "D:\DESARROLLO_IA\Proyecto_taxi_carga\Taxi_carga_bot\taxicarga_whatsapp_bot\.venv\Lib\site-packages\django\templ
ate\base.py", line 989, in _resolve_lookup
    raise VariableDoesNotExist(
    ^^^^^^^^^^^^^^^^^^^^^^^^^^^
    ...<2 lines>...
    )  # missing attribute
    ^
django.template.base.VariableDoesNotExist: Failed lookup for key [hora_next] in {'tipo': 'empty', 'hora': '19:30', 
'hora_display': '7:30 pm', 'equipo_id': 1, 'equipo_fecha': '2026-06-14'}
[DEBUG] 2026-08-13 21:16:43,583 base Exception while resolving variable 'hora_next_display' in template 
'campo/pizarra.html'.
Traceback (most recent call last):
  File "D:\DESARROLLO_IA\Proyecto_taxi_carga\Taxi_carga_bot\taxicarga_whatsapp_bot\.venv\Lib\site-packages\django\templ
ate\base.py", line 965, in _resolve_lookup
    current = current[bit]
              ~~~~~~~^^^^^
KeyError: 'hora_next_display'

During handling of the above exception, another exception occurred:

Traceback (most recent call last):
  File "D:\DESARROLLO_IA\Proyecto_taxi_carga\Taxi_carga_bot\taxicarga_whatsapp_bot\.venv\Lib\site-packages\django\templ
ate\base.py", line 976, in _resolve_lookup
    current = getattr(current, bit)
AttributeError: 'dict' object has no attribute 'hora_next_display'

During handling of the above exception, another exception occurred:

Traceback (most recent call last):
  File "D:\DESARROLLO_IA\Proyecto_taxi_carga\Taxi_carga_bot\taxicarga_whatsapp_bot\.venv\Lib\site-packages\django\templ
ate\base.py", line 982, in _resolve_lookup
    current = current[int(bit)]
                      ~~~^^^^^
ValueError: invalid literal for int() with base 10: 'hora_next_display'

During handling of the above exception, another exception occurred:

Traceback (most recent call last):
  File "D:\DESARROLLO_IA\Proyecto_taxi_carga\Taxi_carga_bot\taxicarga_whatsapp_bot\.venv\Lib\site-packages\django\templ
ate\base.py", line 989, in _resolve_lookup
    raise VariableDoesNotExist(
    ^^^^^^^^^^^^^^^^^^^^^^^^^^^
    ...<2 lines>...
    )  # missing attribute
    ^
django.template.base.VariableDoesNotExist: Failed lookup for key [hora_next_display] in {'tipo': 'empty', 'hora': 
'19:30', 'hora_display': '7:30 pm', 'equipo_id': 1, 'equipo_fecha': '2026-06-14'}
[DEBUG] 2026-08-13 21:16:43,584 base Exception while resolving variable 'hora_next' in template 'campo/pizarra.html'.
Traceback (most recent call last):
  File "D:\DESARROLLO_IA\Proyecto_taxi_carga\Taxi_carga_bot\taxicarga_whatsapp_bot\.venv\Lib\site-packages\django\templ
ate\base.py", line 965, in _resolve_lookup
    current = current[bit]
              ~~~~~~~^^^^^
KeyError: 'hora_next'

During handling of the above exception, another exception occurred:

Traceback (most recent call last):
  File "D:\DESARROLLO_IA\Proyecto_taxi_carga\Taxi_carga_bot\taxicarga_whatsapp_bot\.venv\Lib\site-packages\django\templ
ate\base.py", line 976, in _resolve_lookup
    current = getattr(current, bit)
AttributeError: 'dict' object has no attribute 'hora_next'

During handling of the above exception, another exception occurred:

Traceback (most recent call last):
  File "D:\DESARROLLO_IA\Proyecto_taxi_carga\Taxi_carga_bot\taxicarga_whatsapp_bot\.venv\Lib\site-packages\django\templ
ate\base.py", line 982, in _resolve_lookup
    current = current[int(bit)]
                      ~~~^^^^^
ValueError: invalid literal for int() with base 10: 'hora_next'

During handling of the above exception, another exception occurred:

Traceback (most recent call last):
  File "D:\DESARROLLO_IA\Proyecto_taxi_carga\Taxi_carga_bot\taxicarga_whatsapp_bot\.venv\Lib\site-packages\django\templ
ate\base.py", line 989, in _resolve_lookup
    raise VariableDoesNotExist(
    ^^^^^^^^^^^^^^^^^^^^^^^^^^^
    ...<2 lines>...
    )  # missing attribute
    ^
django.template.base.VariableDoesNotExist: Failed lookup for key [hora_next] in {'tipo': 'empty', 'hora': '20:00', 
'hora_display': '8:00 pm', 'equipo_id': 1, 'equipo_fecha': '2026-06-14'}
[DEBUG] 2026-08-13 21:16:43,588 base Exception while resolving variable 'hora_next_display' in template 
'campo/pizarra.html'.
Traceback (most recent call last):
  File "D:\DESARROLLO_IA\Proyecto_taxi_carga\Taxi_carga_bot\taxicarga_whatsapp_bot\.venv\Lib\site-packages\django\templ
ate\base.py", line 965, in _resolve_lookup
    current = current[bit]
              ~~~~~~~^^^^^
KeyError: 'hora_next_display'

During handling of the above exception, another exception occurred:

Traceback (most recent call last):
  File "D:\DESARROLLO_IA\Proyecto_taxi_carga\Taxi_carga_bot\taxicarga_whatsapp_bot\.venv\Lib\site-packages\django\templ
ate\base.py", line 976, in _resolve_lookup
    current = getattr(current, bit)
AttributeError: 'dict' object has no attribute 'hora_next_display'

During handling of the above exception, another exception occurred:

Traceback (most recent call last):
  File "D:\DESARROLLO_IA\Proyecto_taxi_carga\Taxi_carga_bot\taxicarga_whatsapp_bot\.venv\Lib\site-packages\django\templ
ate\base.py", line 982, in _resolve_lookup
    current = current[int(bit)]
                      ~~~^^^^^
ValueError: invalid literal for int() with base 10: 'hora_next_display'

During handling of the above exception, another exception occurred:

Traceback (most recent call last):
  File "D:\DESARROLLO_IA\Proyecto_taxi_carga\Taxi_carga_bot\taxicarga_whatsapp_bot\.venv\Lib\site-packages\django\templ
ate\base.py", line 989, in _resolve_lookup
    raise VariableDoesNotExist(
    ^^^^^^^^^^^^^^^^^^^^^^^^^^^
    ...<2 lines>...
    )  # missing attribute
    ^
django.template.base.VariableDoesNotExist: Failed lookup for key [hora_next_display] in {'tipo': 'empty', 'hora': 
'20:00', 'hora_display': '8:00 pm', 'equipo_id': 1, 'equipo_fecha': '2026-06-14'}
[DEBUG] 2026-08-13 21:16:43,589 base Exception while resolving variable 'hora_next' in template 'campo/pizarra.html'.
Traceback (most recent call last):
  File "D:\DESARROLLO_IA\Proyecto_taxi_carga\Taxi_carga_bot\taxicarga_whatsapp_bot\.venv\Lib\site-packages\django\templ
ate\base.py", line 965, in _resolve_lookup
    current = current[bit]
              ~~~~~~~^^^^^
KeyError: 'hora_next'

During handling of the above exception, another exception occurred:

Traceback (most recent call last):
  File "D:\DESARROLLO_IA\Proyecto_taxi_carga\Taxi_carga_bot\taxicarga_whatsapp_bot\.venv\Lib\site-packages\django\templ
ate\base.py", line 976, in _resolve_lookup
    current = getattr(current, bit)
AttributeError: 'dict' object has no attribute 'hora_next'

During handling of the above exception, another exception occurred:

Traceback (most recent call last):
  File "D:\DESARROLLO_IA\Proyecto_taxi_carga\Taxi_carga_bot\taxicarga_whatsapp_bot\.venv\Lib\site-packages\django\templ
ate\base.py", line 982, in _resolve_lookup
    current = current[int(bit)]
                      ~~~^^^^^
ValueError: invalid literal for int() with base 10: 'hora_next'

During handling of the above exception, another exception occurred:

Traceback (most recent call last):
  File "D:\DESARROLLO_IA\Proyecto_taxi_carga\Taxi_carga_bot\taxicarga_whatsapp_bot\.venv\Lib\site-packages\django\templ
ate\base.py", line 989, in _resolve_lookup
    raise VariableDoesNotExist(
    ^^^^^^^^^^^^^^^^^^^^^^^^^^^
    ...<2 lines>...
    )  # missing attribute
    ^
django.template.base.VariableDoesNotExist: Failed lookup for key [hora_next] in {'tipo': 'empty', 'hora': '20:30', 
'hora_display': '8:30 pm', 'equipo_id': 1, 'equipo_fecha': '2026-06-14'}
[DEBUG] 2026-08-13 21:16:43,592 base Exception while resolving variable 'hora_next_display' in template 
'campo/pizarra.html'.
Traceback (most recent call last):
  File "D:\DESARROLLO_IA\Proyecto_taxi_carga\Taxi_carga_bot\taxicarga_whatsapp_bot\.venv\Lib\site-packages\django\templ
ate\base.py", line 965, in _resolve_lookup
    current = current[bit]
              ~~~~~~~^^^^^
KeyError: 'hora_next_display'

During handling of the above exception, another exception occurred:

Traceback (most recent call last):
  File "D:\DESARROLLO_IA\Proyecto_taxi_carga\Taxi_carga_bot\taxicarga_whatsapp_bot\.venv\Lib\site-packages\django\templ
ate\base.py", line 976, in _resolve_lookup
    current = getattr(current, bit)
AttributeError: 'dict' object has no attribute 'hora_next_display'

During handling of the above exception, another exception occurred:

Traceback (most recent call last):
  File "D:\DESARROLLO_IA\Proyecto_taxi_carga\Taxi_carga_bot\taxicarga_whatsapp_bot\.venv\Lib\site-packages\django\templ
ate\base.py", line 982, in _resolve_lookup
    current = current[int(bit)]
                      ~~~^^^^^
ValueError: invalid literal for int() with base 10: 'hora_next_display'

During handling of the above exception, another exception occurred:

Traceback (most recent call last):
  File "D:\DESARROLLO_IA\Proyecto_taxi_carga\Taxi_carga_bot\taxicarga_whatsapp_bot\.venv\Lib\site-packages\django\templ
ate\base.py", line 989, in _resolve_lookup
    raise VariableDoesNotExist(
    ^^^^^^^^^^^^^^^^^^^^^^^^^^^
    ...<2 lines>...
    )  # missing attribute
    ^
django.template.base.VariableDoesNotExist: Failed lookup for key [hora_next_display] in {'tipo': 'empty', 'hora': 
'20:30', 'hora_display': '8:30 pm', 'equipo_id': 1, 'equipo_fecha': '2026-06-14'}
[DEBUG] 2026-08-13 21:16:43,593 base Exception while resolving variable 'hora_next' in template 'campo/pizarra.html'.
Traceback (most recent call last):
  File "D:\DESARROLLO_IA\Proyecto_taxi_carga\Taxi_carga_bot\taxicarga_whatsapp_bot\.venv\Lib\site-packages\django\templ
ate\base.py", line 965, in _resolve_lookup
    current = current[bit]
              ~~~~~~~^^^^^
KeyError: 'hora_next'

During handling of the above exception, another exception occurred:

Traceback (most recent call last):
  File "D:\DESARROLLO_IA\Proyecto_taxi_carga\Taxi_carga_bot\taxicarga_whatsapp_bot\.venv\Lib\site-packages\django\templ
ate\base.py", line 976, in _resolve_lookup
    current = getattr(current, bit)
AttributeError: 'dict' object has no attribute 'hora_next'

During handling of the above exception, another exception occurred:

Traceback (most recent call last):
  File "D:\DESARROLLO_IA\Proyecto_taxi_carga\Taxi_carga_bot\taxicarga_whatsapp_bot\.venv\Lib\site-packages\django\templ
ate\base.py", line 982, in _resolve_lookup
    current = current[int(bit)]
                      ~~~^^^^^
ValueError: invalid literal for int() with base 10: 'hora_next'

During handling of the above exception, another exception occurred:

Traceback (most recent call last):
  File "D:\DESARROLLO_IA\Proyecto_taxi_carga\Taxi_carga_bot\taxicarga_whatsapp_bot\.venv\Lib\site-packages\django\templ
ate\base.py", line 989, in _resolve_lookup
    raise VariableDoesNotExist(
    ^^^^^^^^^^^^^^^^^^^^^^^^^^^
    ...<2 lines>...
    )  # missing attribute
    ^
django.template.base.VariableDoesNotExist: Failed lookup for key [hora_next] in {'tipo': 'empty', 'hora': '21:00', 
'hora_display': '9:00 pm', 'equipo_id': 1, 'equipo_fecha': '2026-06-14'}
[DEBUG] 2026-08-13 21:16:43,597 base Exception while resolving variable 'hora_next_display' in template 
'campo/pizarra.html'.
Traceback (most recent call last):
  File "D:\DESARROLLO_IA\Proyecto_taxi_carga\Taxi_carga_bot\taxicarga_whatsapp_bot\.venv\Lib\site-packages\django\templ
ate\base.py", line 965, in _resolve_lookup
    current = current[bit]
              ~~~~~~~^^^^^
KeyError: 'hora_next_display'

During handling of the above exception, another exception occurred:

Traceback (most recent call last):
  File "D:\DESARROLLO_IA\Proyecto_taxi_carga\Taxi_carga_bot\taxicarga_whatsapp_bot\.venv\Lib\site-packages\django\templ
ate\base.py", line 976, in _resolve_lookup
    current = getattr(current, bit)
AttributeError: 'dict' object has no attribute 'hora_next_display'

During handling of the above exception, another exception occurred:

Traceback (most recent call last):
  File "D:\DESARROLLO_IA\Proyecto_taxi_carga\Taxi_carga_bot\taxicarga_whatsapp_bot\.venv\Lib\site-packages\django\templ
ate\base.py", line 982, in _resolve_lookup
    current = current[int(bit)]
                      ~~~^^^^^
ValueError: invalid literal for int() with base 10: 'hora_next_display'

During handling of the above exception, another exception occurred:

Traceback (most recent call last):
  File "D:\DESARROLLO_IA\Proyecto_taxi_carga\Taxi_carga_bot\taxicarga_whatsapp_bot\.venv\Lib\site-packages\django\templ
ate\base.py", line 989, in _resolve_lookup
    raise VariableDoesNotExist(
    ^^^^^^^^^^^^^^^^^^^^^^^^^^^
    ...<2 lines>...
    )  # missing attribute
    ^
django.template.base.VariableDoesNotExist: Failed lookup for key [hora_next_display] in {'tipo': 'empty', 'hora': 
'21:00', 'hora_display': '9:00 pm', 'equipo_id': 1, 'equipo_fecha': '2026-06-14'}
[DEBUG] 2026-08-13 21:16:43,598 base Exception while resolving variable 'hora_next' in template 'campo/pizarra.html'.
Traceback (most recent call last):
  File "D:\DESARROLLO_IA\Proyecto_taxi_carga\Taxi_carga_bot\taxicarga_whatsapp_bot\.venv\Lib\site-packages\django\templ
ate\base.py", line 965, in _resolve_lookup
    current = current[bit]
              ~~~~~~~^^^^^
KeyError: 'hora_next'

During handling of the above exception, another exception occurred:

Traceback (most recent call last):
  File "D:\DESARROLLO_IA\Proyecto_taxi_carga\Taxi_carga_bot\taxicarga_whatsapp_bot\.venv\Lib\site-packages\django\templ
ate\base.py", line 976, in _resolve_lookup
    current = getattr(current, bit)
AttributeError: 'dict' object has no attribute 'hora_next'

During handling of the above exception, another exception occurred:

Traceback (most recent call last):
  File "D:\DESARROLLO_IA\Proyecto_taxi_carga\Taxi_carga_bot\taxicarga_whatsapp_bot\.venv\Lib\site-packages\django\templ
ate\base.py", line 982, in _resolve_lookup
    current = current[int(bit)]
                      ~~~^^^^^
ValueError: invalid literal for int() with base 10: 'hora_next'

During handling of the above exception, another exception occurred:

Traceback (most recent call last):
  File "D:\DESARROLLO_IA\Proyecto_taxi_carga\Taxi_carga_bot\taxicarga_whatsapp_bot\.venv\Lib\site-packages\django\templ
ate\base.py", line 989, in _resolve_lookup
    raise VariableDoesNotExist(
    ^^^^^^^^^^^^^^^^^^^^^^^^^^^
    ...<2 lines>...
    )  # missing attribute
    ^
django.template.base.VariableDoesNotExist: Failed lookup for key [hora_next] in {'tipo': 'empty', 'hora': '21:30', 
'hora_display': '9:30 pm', 'equipo_id': 1, 'equipo_fecha': '2026-06-14'}
[DEBUG] 2026-08-13 21:16:43,599 base Exception while resolving variable 'hora_next_display' in template 
'campo/pizarra.html'.
Traceback (most recent call last):
  File "D:\DESARROLLO_IA\Proyecto_taxi_carga\Taxi_carga_bot\taxicarga_whatsapp_bot\.venv\Lib\site-packages\django\templ
ate\base.py", line 965, in _resolve_lookup
    current = current[bit]
              ~~~~~~~^^^^^
KeyError: 'hora_next_display'

During handling of the above exception, another exception occurred:

Traceback (most recent call last):
  File "D:\DESARROLLO_IA\Proyecto_taxi_carga\Taxi_carga_bot\taxicarga_whatsapp_bot\.venv\Lib\site-packages\django\templ
ate\base.py", line 976, in _resolve_lookup
    current = getattr(current, bit)
AttributeError: 'dict' object has no attribute 'hora_next_display'

During handling of the above exception, another exception occurred:

Traceback (most recent call last):
  File "D:\DESARROLLO_IA\Proyecto_taxi_carga\Taxi_carga_bot\taxicarga_whatsapp_bot\.venv\Lib\site-packages\django\templ
ate\base.py", line 982, in _resolve_lookup
    current = current[int(bit)]
                      ~~~^^^^^
ValueError: invalid literal for int() with base 10: 'hora_next_display'

During handling of the above exception, another exception occurred:

Traceback (most recent call last):
  File "D:\DESARROLLO_IA\Proyecto_taxi_carga\Taxi_carga_bot\taxicarga_whatsapp_bot\.venv\Lib\site-packages\django\templ
ate\base.py", line 989, in _resolve_lookup
    raise VariableDoesNotExist(
    ^^^^^^^^^^^^^^^^^^^^^^^^^^^
    ...<2 lines>...
    )  # missing attribute
    ^
django.template.base.VariableDoesNotExist: Failed lookup for key [hora_next_display] in {'tipo': 'empty', 'hora': 
'21:30', 'hora_display': '9:30 pm', 'equipo_id': 1, 'equipo_fecha': '2026-06-14'}
[DEBUG] 2026-08-13 21:16:43,603 base Exception while resolving variable 'hora_next' in template 'campo/pizarra.html'.
Traceback (most recent call last):
  File "D:\DESARROLLO_IA\Proyecto_taxi_carga\Taxi_carga_bot\taxicarga_whatsapp_bot\.venv\Lib\site-packages\django\templ
ate\base.py", line 965, in _resolve_lookup
    current = current[bit]
              ~~~~~~~^^^^^
KeyError: 'hora_next'

During handling of the above exception, another exception occurred:

Traceback (most recent call last):
  File "D:\DESARROLLO_IA\Proyecto_taxi_carga\Taxi_carga_bot\taxicarga_whatsapp_bot\.venv\Lib\site-packages\django\templ
ate\base.py", line 976, in _resolve_lookup
    current = getattr(current, bit)
AttributeError: 'dict' object has no attribute 'hora_next'

During handling of the above exception, another exception occurred:

Traceback (most recent call last):
  File "D:\DESARROLLO_IA\Proyecto_taxi_carga\Taxi_carga_bot\taxicarga_whatsapp_bot\.venv\Lib\site-packages\django\templ
ate\base.py", line 982, in _resolve_lookup
    current = current[int(bit)]
                      ~~~^^^^^
ValueError: invalid literal for int() with base 10: 'hora_next'

During handling of the above exception, another exception occurred:

Traceback (most recent call last):
  File "D:\DESARROLLO_IA\Proyecto_taxi_carga\Taxi_carga_bot\taxicarga_whatsapp_bot\.venv\Lib\site-packages\django\templ
ate\base.py", line 989, in _resolve_lookup
    raise VariableDoesNotExist(
    ^^^^^^^^^^^^^^^^^^^^^^^^^^^
    ...<2 lines>...
    )  # missing attribute
    ^
django.template.base.VariableDoesNotExist: Failed lookup for key [hora_next] in {'tipo': 'empty', 'hora': '22:00', 
'hora_display': '10:00 pm', 'equipo_id': 1, 'equipo_fecha': '2026-06-14'}
[DEBUG] 2026-08-13 21:16:43,604 base Exception while resolving variable 'hora_next_display' in template 
'campo/pizarra.html'.
Traceback (most recent call last):
  File "D:\DESARROLLO_IA\Proyecto_taxi_carga\Taxi_carga_bot\taxicarga_whatsapp_bot\.venv\Lib\site-packages\django\templ
ate\base.py", line 965, in _resolve_lookup
    current = current[bit]
              ~~~~~~~^^^^^
KeyError: 'hora_next_display'

During handling of the above exception, another exception occurred:

Traceback (most recent call last):
  File "D:\DESARROLLO_IA\Proyecto_taxi_carga\Taxi_carga_bot\taxicarga_whatsapp_bot\.venv\Lib\site-packages\django\templ
ate\base.py", line 976, in _resolve_lookup
    current = getattr(current, bit)
AttributeError: 'dict' object has no attribute 'hora_next_display'

During handling of the above exception, another exception occurred:

Traceback (most recent call last):
  File "D:\DESARROLLO_IA\Proyecto_taxi_carga\Taxi_carga_bot\taxicarga_whatsapp_bot\.venv\Lib\site-packages\django\templ
ate\base.py", line 982, in _resolve_lookup
    current = current[int(bit)]
                      ~~~^^^^^
ValueError: invalid literal for int() with base 10: 'hora_next_display'

During handling of the above exception, another exception occurred:

Traceback (most recent call last):
  File "D:\DESARROLLO_IA\Proyecto_taxi_carga\Taxi_carga_bot\taxicarga_whatsapp_bot\.venv\Lib\site-packages\django\templ
ate\base.py", line 989, in _resolve_lookup
    raise VariableDoesNotExist(
    ^^^^^^^^^^^^^^^^^^^^^^^^^^^
    ...<2 lines>...
    )  # missing attribute
    ^
django.template.base.VariableDoesNotExist: Failed lookup for key [hora_next_display] in {'tipo': 'empty', 'hora': 
'22:00', 'hora_display': '10:00 pm', 'equipo_id': 1, 'equipo_fecha': '2026-06-14'}
[DEBUG] 2026-08-13 21:16:43,607 base Exception while resolving variable 'hora_next' in template 'campo/pizarra.html'.
Traceback (most recent call last):
  File "D:\DESARROLLO_IA\Proyecto_taxi_carga\Taxi_carga_bot\taxicarga_whatsapp_bot\.venv\Lib\site-packages\django\templ
ate\base.py", line 965, in _resolve_lookup
    current = current[bit]
              ~~~~~~~^^^^^
KeyError: 'hora_next'

During handling of the above exception, another exception occurred:

Traceback (most recent call last):
  File "D:\DESARROLLO_IA\Proyecto_taxi_carga\Taxi_carga_bot\taxicarga_whatsapp_bot\.venv\Lib\site-packages\django\templ
ate\base.py", line 976, in _resolve_lookup
    current = getattr(current, bit)
AttributeError: 'dict' object has no attribute 'hora_next'

During handling of the above exception, another exception occurred:

Traceback (most recent call last):
  File "D:\DESARROLLO_IA\Proyecto_taxi_carga\Taxi_carga_bot\taxicarga_whatsapp_bot\.venv\Lib\site-packages\django\templ
ate\base.py", line 982, in _resolve_lookup
    current = current[int(bit)]
                      ~~~^^^^^
ValueError: invalid literal for int() with base 10: 'hora_next'

During handling of the above exception, another exception occurred:

Traceback (most recent call last):
  File "D:\DESARROLLO_IA\Proyecto_taxi_carga\Taxi_carga_bot\taxicarga_whatsapp_bot\.venv\Lib\site-packages\django\templ
ate\base.py", line 989, in _resolve_lookup
    raise VariableDoesNotExist(
    ^^^^^^^^^^^^^^^^^^^^^^^^^^^
    ...<2 lines>...
    )  # missing attribute
    ^
django.template.base.VariableDoesNotExist: Failed lookup for key [hora_next] in {'tipo': 'empty', 'hora': '22:30', 
'hora_display': '10:30 pm', 'equipo_id': 1, 'equipo_fecha': '2026-06-14'}
[DEBUG] 2026-08-13 21:16:43,608 base Exception while resolving variable 'hora_next_display' in template 
'campo/pizarra.html'.
Traceback (most recent call last):
  File "D:\DESARROLLO_IA\Proyecto_taxi_carga\Taxi_carga_bot\taxicarga_whatsapp_bot\.venv\Lib\site-packages\django\templ
ate\base.py", line 965, in _resolve_lookup
    current = current[bit]
              ~~~~~~~^^^^^
KeyError: 'hora_next_display'

During handling of the above exception, another exception occurred:

Traceback (most recent call last):
  File "D:\DESARROLLO_IA\Proyecto_taxi_carga\Taxi_carga_bot\taxicarga_whatsapp_bot\.venv\Lib\site-packages\django\templ
ate\base.py", line 976, in _resolve_lookup
    current = getattr(current, bit)
AttributeError: 'dict' object has no attribute 'hora_next_display'

During handling of the above exception, another exception occurred:

Traceback (most recent call last):
  File "D:\DESARROLLO_IA\Proyecto_taxi_carga\Taxi_carga_bot\taxicarga_whatsapp_bot\.venv\Lib\site-packages\django\templ
ate\base.py", line 982, in _resolve_lookup
    current = current[int(bit)]
                      ~~~^^^^^
ValueError: invalid literal for int() with base 10: 'hora_next_display'

During handling of the above exception, another exception occurred:

Traceback (most recent call last):
  File "D:\DESARROLLO_IA\Proyecto_taxi_carga\Taxi_carga_bot\taxicarga_whatsapp_bot\.venv\Lib\site-packages\django\templ
ate\base.py", line 989, in _resolve_lookup
    raise VariableDoesNotExist(
    ^^^^^^^^^^^^^^^^^^^^^^^^^^^
    ...<2 lines>...
    )  # missing attribute
    ^
django.template.base.VariableDoesNotExist: Failed lookup for key [hora_next_display] in {'tipo': 'empty', 'hora': 
'22:30', 'hora_display': '10:30 pm', 'equipo_id': 1, 'equipo_fecha': '2026-06-14'}
[DEBUG] 2026-08-13 21:16:43,611 base Exception while resolving variable 'hora_next' in template 'campo/pizarra.html'.
Traceback (most recent call last):
  File "D:\DESARROLLO_IA\Proyecto_taxi_carga\Taxi_carga_bot\taxicarga_whatsapp_bot\.venv\Lib\site-packages\django\templ
ate\base.py", line 965, in _resolve_lookup
    current = current[bit]
              ~~~~~~~^^^^^
KeyError: 'hora_next'

During handling of the above exception, another exception occurred:

Traceback (most recent call last):
  File "D:\DESARROLLO_IA\Proyecto_taxi_carga\Taxi_carga_bot\taxicarga_whatsapp_bot\.venv\Lib\site-packages\django\templ
ate\base.py", line 976, in _resolve_lookup
    current = getattr(current, bit)
AttributeError: 'dict' object has no attribute 'hora_next'

During handling of the above exception, another exception occurred:

Traceback (most recent call last):
  File "D:\DESARROLLO_IA\Proyecto_taxi_carga\Taxi_carga_bot\taxicarga_whatsapp_bot\.venv\Lib\site-packages\django\templ
ate\base.py", line 982, in _resolve_lookup
    current = current[int(bit)]
                      ~~~^^^^^
ValueError: invalid literal for int() with base 10: 'hora_next'

During handling of the above exception, another exception occurred:

Traceback (most recent call last):
  File "D:\DESARROLLO_IA\Proyecto_taxi_carga\Taxi_carga_bot\taxicarga_whatsapp_bot\.venv\Lib\site-packages\django\templ
ate\base.py", line 989, in _resolve_lookup
    raise VariableDoesNotExist(
    ^^^^^^^^^^^^^^^^^^^^^^^^^^^
    ...<2 lines>...
    )  # missing attribute
    ^
django.template.base.VariableDoesNotExist: Failed lookup for key [hora_next] in {'tipo': 'empty', 'hora': '23:00', 
'hora_display': '11:00 pm', 'equipo_id': 1, 'equipo_fecha': '2026-06-14'}
[DEBUG] 2026-08-13 21:16:43,612 base Exception while resolving variable 'hora_next_display' in template 
'campo/pizarra.html'.
Traceback (most recent call last):
  File "D:\DESARROLLO_IA\Proyecto_taxi_carga\Taxi_carga_bot\taxicarga_whatsapp_bot\.venv\Lib\site-packages\django\templ
ate\base.py", line 965, in _resolve_lookup
    current = current[bit]
              ~~~~~~~^^^^^
KeyError: 'hora_next_display'

During handling of the above exception, another exception occurred:

Traceback (most recent call last):
  File "D:\DESARROLLO_IA\Proyecto_taxi_carga\Taxi_carga_bot\taxicarga_whatsapp_bot\.venv\Lib\site-packages\django\templ
ate\base.py", line 976, in _resolve_lookup
    current = getattr(current, bit)
AttributeError: 'dict' object has no attribute 'hora_next_display'

During handling of the above exception, another exception occurred:

Traceback (most recent call last):
  File "D:\DESARROLLO_IA\Proyecto_taxi_carga\Taxi_carga_bot\taxicarga_whatsapp_bot\.venv\Lib\site-packages\django\templ
ate\base.py", line 982, in _resolve_lookup
    current = current[int(bit)]
                      ~~~^^^^^
ValueError: invalid literal for int() with base 10: 'hora_next_display'

During handling of the above exception, another exception occurred:

Traceback (most recent call last):
  File "D:\DESARROLLO_IA\Proyecto_taxi_carga\Taxi_carga_bot\taxicarga_whatsapp_bot\.venv\Lib\site-packages\django\templ
ate\base.py", line 989, in _resolve_lookup
    raise VariableDoesNotExist(
    ^^^^^^^^^^^^^^^^^^^^^^^^^^^
    ...<2 lines>...
    )  # missing attribute
    ^
django.template.base.VariableDoesNotExist: Failed lookup for key [hora_next_display] in {'tipo': 'empty', 'hora': 
'23:00', 'hora_display': '11:00 pm', 'equipo_id': 1, 'equipo_fecha': '2026-06-14'}
[DEBUG] 2026-08-13 21:16:43,613 base Exception while resolving variable 'hora_next' in template 'campo/pizarra.html'.
Traceback (most recent call last):
  File "D:\DESARROLLO_IA\Proyecto_taxi_carga\Taxi_carga_bot\taxicarga_whatsapp_bot\.venv\Lib\site-packages\django\templ
ate\base.py", line 965, in _resolve_lookup
    current = current[bit]
              ~~~~~~~^^^^^
KeyError: 'hora_next'

During handling of the above exception, another exception occurred:

Traceback (most recent call last):
  File "D:\DESARROLLO_IA\Proyecto_taxi_carga\Taxi_carga_bot\taxicarga_whatsapp_bot\.venv\Lib\site-packages\django\templ
ate\base.py", line 976, in _resolve_lookup
    current = getattr(current, bit)
AttributeError: 'dict' object has no attribute 'hora_next'

During handling of the above exception, another exception occurred:

Traceback (most recent call last):
  File "D:\DESARROLLO_IA\Proyecto_taxi_carga\Taxi_carga_bot\taxicarga_whatsapp_bot\.venv\Lib\site-packages\django\templ
ate\base.py", line 982, in _resolve_lookup
    current = current[int(bit)]
                      ~~~^^^^^
ValueError: invalid literal for int() with base 10: 'hora_next'

During handling of the above exception, another exception occurred:

Traceback (most recent call last):
  File "D:\DESARROLLO_IA\Proyecto_taxi_carga\Taxi_carga_bot\taxicarga_whatsapp_bot\.venv\Lib\site-packages\django\templ
ate\base.py", line 989, in _resolve_lookup
    raise VariableDoesNotExist(
    ^^^^^^^^^^^^^^^^^^^^^^^^^^^
    ...<2 lines>...
    )  # missing attribute
    ^
django.template.base.VariableDoesNotExist: Failed lookup for key [hora_next] in {'tipo': 'empty', 'hora': '23:30', 
'hora_display': '11:30 pm', 'equipo_id': 1, 'equipo_fecha': '2026-06-14'}
[DEBUG] 2026-08-13 21:16:43,615 base Exception while resolving variable 'hora_next_display' in template 
'campo/pizarra.html'.
Traceback (most recent call last):
  File "D:\DESARROLLO_IA\Proyecto_taxi_carga\Taxi_carga_bot\taxicarga_whatsapp_bot\.venv\Lib\site-packages\django\templ
ate\base.py", line 965, in _resolve_lookup
    current = current[bit]
              ~~~~~~~^^^^^
KeyError: 'hora_next_display'

During handling of the above exception, another exception occurred:

Traceback (most recent call last):
  File "D:\DESARROLLO_IA\Proyecto_taxi_carga\Taxi_carga_bot\taxicarga_whatsapp_bot\.venv\Lib\site-packages\django\templ
ate\base.py", line 976, in _resolve_lookup
    current = getattr(current, bit)
AttributeError: 'dict' object has no attribute 'hora_next_display'

During handling of the above exception, another exception occurred:

Traceback (most recent call last):
  File "D:\DESARROLLO_IA\Proyecto_taxi_carga\Taxi_carga_bot\taxicarga_whatsapp_bot\.venv\Lib\site-packages\django\templ
ate\base.py", line 982, in _resolve_lookup
    current = current[int(bit)]
                      ~~~^^^^^
ValueError: invalid literal for int() with base 10: 'hora_next_display'

During handling of the above exception, another exception occurred:

Traceback (most recent call last):
  File "D:\DESARROLLO_IA\Proyecto_taxi_carga\Taxi_carga_bot\taxicarga_whatsapp_bot\.venv\Lib\site-packages\django\templ
ate\base.py", line 989, in _resolve_lookup
    raise VariableDoesNotExist(
    ^^^^^^^^^^^^^^^^^^^^^^^^^^^
    ...<2 lines>...
    )  # missing attribute
    ^
django.template.base.VariableDoesNotExist: Failed lookup for key [hora_next_display] in {'tipo': 'empty', 'hora': 
'23:30', 'hora_display': '11:30 pm', 'equipo_id': 1, 'equipo_fecha': '2026-06-14'}
.................................................................[WARNING] 2026-08-13 21:17:17,699 log Forbidden 
(Permission denied): /dashboard/whatsapp/configuracion/
Traceback (most recent call last):
  File "D:\DESARROLLO_IA\Proyecto_taxi_carga\Taxi_carga_bot\taxicarga_whatsapp_bot\.venv\Lib\site-packages\django\core\
handlers\exception.py", line 55, in inner
    response = get_response(request)
  File "D:\DESARROLLO_IA\Proyecto_taxi_carga\Taxi_carga_bot\taxicarga_whatsapp_bot\.venv\Lib\site-packages\django\core\
handlers\base.py", line 198, in _get_response
    response = wrapped_callback(request, *callback_args, **callback_kwargs)
  File "D:\DESARROLLO_IA\Proyecto_taxi_carga\Taxi_carga_bot\taxicarga_whatsapp_bot\.venv\Lib\site-packages\django\contr
ib\auth\decorators.py", line 59, in _view_wrapper
    return view_func(request, *args, **kwargs)
  File "D:\DESARROLLO_IA\Proyecto_taxi_carga\Taxi_carga_bot\taxicarga_whatsapp_bot\apps\dashboard\permissions.py", 
line 137, in _wrapped_view
    raise PermissionDenied
django.core.exceptions.PermissionDenied
.[WARNING] 2026-08-13 21:17:17,705 log Forbidden (Permission denied): /dashboard/whatsapp/conversaciones/
Traceback (most recent call last):
  File "D:\DESARROLLO_IA\Proyecto_taxi_carga\Taxi_carga_bot\taxicarga_whatsapp_bot\.venv\Lib\site-packages\django\core\
handlers\exception.py", line 55, in inner
    response = get_response(request)
  File "D:\DESARROLLO_IA\Proyecto_taxi_carga\Taxi_carga_bot\taxicarga_whatsapp_bot\.venv\Lib\site-packages\django\core\
handlers\base.py", line 198, in _get_response
    response = wrapped_callback(request, *callback_args, **callback_kwargs)
  File "D:\DESARROLLO_IA\Proyecto_taxi_carga\Taxi_carga_bot\taxicarga_whatsapp_bot\.venv\Lib\site-packages\django\contr
ib\auth\decorators.py", line 59, in _view_wrapper
    return view_func(request, *args, **kwargs)
  File "D:\DESARROLLO_IA\Proyecto_taxi_carga\Taxi_carga_bot\taxicarga_whatsapp_bot\apps\dashboard\permissions.py", 
line 128, in _wrapped_view
    raise PermissionDenied
django.core.exceptions.PermissionDenied
.....................................[WARNING] 2026-08-13 21:17:23,182 log Forbidden (Permission denied): 
/dashboard/whatsapp/configuracion/
Traceback (most recent call last):
  File "D:\DESARROLLO_IA\Proyecto_taxi_carga\Taxi_carga_bot\taxicarga_whatsapp_bot\.venv\Lib\site-packages\django\core\
handlers\exception.py", line 55, in inner
    response = get_response(request)
  File "D:\DESARROLLO_IA\Proyecto_taxi_carga\Taxi_carga_bot\taxicarga_whatsapp_bot\.venv\Lib\site-packages\django\core\
handlers\base.py", line 198, in _get_response
    response = wrapped_callback(request, *callback_args, **callback_kwargs)
  File "D:\DESARROLLO_IA\Proyecto_taxi_carga\Taxi_carga_bot\taxicarga_whatsapp_bot\.venv\Lib\site-packages\django\contr
ib\auth\decorators.py", line 59, in _view_wrapper
    return view_func(request, *args, **kwargs)
  File "D:\DESARROLLO_IA\Proyecto_taxi_carga\Taxi_carga_bot\taxicarga_whatsapp_bot\apps\dashboard\permissions.py", 
line 137, in _wrapped_view
    raise PermissionDenied
django.core.exceptions.PermissionDenied
..[INFO] 2026-08-13 21:17:23,223 views ConfiguracionBot actualizada por config_admin
........E...................................................................................F..........................
...........AI delta shadow fallback error_type=TimeoutError
................................................................[WARNING] 2026-08-13 21:17:47,922 log Unauthorized: 
/webhooks/chatwoot/
[WARNING] 2026-08-13 21:17:47,923 log Unauthorized: /webhooks/chatwoot/
[WARNING] 2026-08-13 21:17:47,923 log Unauthorized: /webhooks/chatwoot/
[WARNING] 2026-08-13 21:17:47,923 log Unsupported Media Type: /webhooks/chatwoot/
[WARNING] 2026-08-13 21:17:47,924 log Bad Request: /webhooks/chatwoot/
.[WARNING] 2026-08-13 21:17:49,017 log Unauthorized: /webhooks/chatwoot/
[WARNING] 2026-08-13 21:17:49,017 log Unauthorized: /webhooks/chatwoot/
[WARNING] 2026-08-13 21:17:49,018 log Method Not Allowed (GET): /webhooks/chatwoot/
........[WARNING] 2026-08-13 21:17:59,386 log Not Found: /webhooks/chatwoot/
.........................................[INFO] 2026-08-13 21:18:39,550 views WhatsApp inbound ignored 
(reason=inactive_channel, channel_id=1).
.[WARNING] 2026-08-13 21:18:39,553 views WhatsApp inbound ignored (reason=unknown_channel, scope_hash=b23a6a8439c0).
.........[WARNING] 2026-08-13 21:18:39,668 log Not Found: /does-not-exist
..[WARNING] 2026-08-13 21:18:40,202 log Forbidden: /api/whatsapp-channels/
.....[WARNING] 2026-08-13 21:18:42,299 services WhatsApp send blocked by ownership gate (conversation=1, author=bot).
................................................................[DEBUG] 2026-08-13 21:19:30,270 base Exception while 
resolving variable 'editando' in template 'servicios/reserva_form.html'.
Traceback (most recent call last):
  File "D:\DESARROLLO_IA\Proyecto_taxi_carga\Taxi_carga_bot\taxicarga_whatsapp_bot\.venv\Lib\site-packages\django\templ
ate\base.py", line 965, in _resolve_lookup
    current = current[bit]
              ~~~~~~~^^^^^
  File "D:\DESARROLLO_IA\Proyecto_taxi_carga\Taxi_carga_bot\taxicarga_whatsapp_bot\.venv\Lib\site-packages\django\templ
ate\context.py", line 91, in __getitem__
    raise KeyError(key)
KeyError: 'editando'

During handling of the above exception, another exception occurred:

Traceback (most recent call last):
  File "D:\DESARROLLO_IA\Proyecto_taxi_carga\Taxi_carga_bot\taxicarga_whatsapp_bot\.venv\Lib\site-packages\django\templ
ate\base.py", line 972, in _resolve_lookup
    if isinstance(current, BaseContext) and getattr(
                                            ~~~~~~~^
        type(current), bit
        ^^^^^^^^^^^^^^^^^^
    ):
    ^
AttributeError: type object 'RequestContext' has no attribute 'editando'

During handling of the above exception, another exception occurred:

Traceback (most recent call last):
  File "D:\DESARROLLO_IA\Proyecto_taxi_carga\Taxi_carga_bot\taxicarga_whatsapp_bot\.venv\Lib\site-packages\django\templ
ate\base.py", line 982, in _resolve_lookup
    current = current[int(bit)]
                      ~~~^^^^^
ValueError: invalid literal for int() with base 10: 'editando'

During handling of the above exception, another exception occurred:

Traceback (most recent call last):
  File "D:\DESARROLLO_IA\Proyecto_taxi_carga\Taxi_carga_bot\taxicarga_whatsapp_bot\.venv\Lib\site-packages\django\templ
ate\base.py", line 989, in _resolve_lookup
    raise VariableDoesNotExist(
    ^^^^^^^^^^^^^^^^^^^^^^^^^^^
    ...<2 lines>...
    )  # missing attribute
    ^
django.template.base.VariableDoesNotExist: Failed lookup for key [editando] in [{'True': True, 'False': False, 'None': 
None}, {'csrf_token': <SimpleLazyObject: 'ZDbbug3KOwCnEoX6n96f1SigNzYPx8SkpSHXcGc0E1KByYqtpCBPJsWAL8ioBmpR'>, 
'request': <WSGIRequest: GET '/dashboard/servicios/nuevo/'>, 'user': <SimpleLazyObject: <User: supervisor>>, 'perms': 
PermWrapper(<SimpleLazyObject: <User: supervisor>>), 'messages': <FallbackStorage: request=<WSGIRequest: GET 
'/dashboard/servicios/nuevo/'>>, 'DEFAULT_MESSAGE_LEVELS': {'DEBUG': 10, 'INFO': 20, 'SUCCESS': 25, 'WARNING': 30, 
'ERROR': 40}, 'is_admin': False, 'is_supervisor': True, 'is_asesor': False, 'is_conductor': False, 'is_ayudante': 
False, 'header_canales': [], 'header_channel_id': None}, {}, {'form': <ReservaForm bound=False, valid=Unknown, fields=(
direccion_origen;piso_origen;direccion_destino;piso_destino;detalle_carga;tipo_embalaje;tipo_comprobante;fecha_servicio
;horario_servicio;precio;observaciones;lead_origen;cliente_nombre;cliente_telefono;cliente_documento;cliente_correo;cli
ente_ruc;cliente_razon_social;cliente_id;acceso_origen_opciones;acceso_destino_opciones;requisitos_especiales)>, 
'titulo': 'Nueva Reserva', 'submit_label': 'Crear Reserva', 'active_section': 'servicios', 'lead_id': None}, {'block': 
<Block Node: content. Contents: [<TextNode: '\n<div id="app">\n  <v-app>'>, <django.template.defaulttags.CommentNode 
object at 0x0000013B8F8CC530>, <TextNode: '\n      <div class="d-flex'>, <Variable Node: titulo>, <TextNode: '</h1>\n  
        '>, <IfNode>, <TextNode: '\n        </div>\n        <'>, <IfNode>, <TextNode: '"\n            style="padd'>, 
<Variable Node: submit_label>, <TextNode: '\n          </button>\n    '>, <django.template.defaulttags.CsrfTokenNode 
object at 0x0000013B9281A1D0>, <TextNode: '\n        '>, <IfNode>, <TextNode: '\n        '>, <Variable Node: 
form.lead_origen>, <TextNode: '\n        '>, <Variable Node: form.cliente_id>, <TextNode: '\n\n        '>, <IfNode>, 
<TextNode: '\n\n        '>, <django.template.defaulttags.CommentNode object at 0x0000013B92521190>, <TextNode: '\n     
   <v-card class="r'>, <IfNode>, <TextNode: '\n          </div>\n       '>, <IfNode>, <TextNode: '\n            <div 
class="'>, <Variable Node: form.cliente_nombre.value|default:''>, <TextNode: '" required\n              '>, <IfNode>, 
<TextNode: '\n\n            <div class='>, <Variable Node: form.cliente_telefono.value|default:''>, <TextNode: '" 
required\n              '>, <IfNode>, <TextNode: '\n\n            <div class='>, <Variable Node: 
form.cliente_documento.value|default:''>, <TextNode: '"\n                  v-mod'>, <Variable Node: 
form.cliente_correo.value|default:''>, <TextNode: '">\n              </div>\n '>, <Variable Node: 
form.cliente_ruc.value|default:''>, <TextNode: '">\n              </div>\n '>, <Variable Node: 
form.cliente_razon_social.value|default:''>, <TextNode: '">\n              </div>\n '>, 
<django.template.defaulttags.CommentNode object at 0x0000013B942ACE90>, <TextNode: '\n        <v-card class="r'>, 
<Variable Node: form.direccion_origen.value|default:''>, <TextNode: '" maxlength="255"\n       '>, <IfNode>, 
<TextNode: '\n                <div cla'>, <Variable Node: form.piso_origen.value|default:''>, <TextNode: '" 
maxlength="20"\n        '>, <IfNode>, <TextNode: '\n                <div cla'>, <ForNode: for checkbox in 
form.acceso_origen_opciones, tail_len: 5>, <TextNode: '\n                  </div>'>, <IfNode>, <TextNode: '\n          
    </v-col>\n\n'>, <Variable Node: form.direccion_destino.value|default:''>, <TextNode: '" maxlength="255"\n       
'>, <IfNode>, <TextNode: '\n                <div cla'>, <Variable Node: form.piso_destino.value|default:''>, 
<TextNode: '" maxlength="20"\n        '>, <IfNode>, <TextNode: '\n                <div cla'>, <ForNode: for checkbox 
in form.acceso_destino_opciones, tail_len: 5>, <TextNode: '\n                  </div>'>, <IfNode>, <TextNode: '\n      
        </v-col>\n '>, <django.template.defaulttags.CommentNode object at 0x0000013B942AFC50>, <TextNode: '\n        
<v-card class="r'>, <Variable Node: form.detalle_carga.value|default:''>, <TextNode: '</textarea>\n            <'>, 
<IfNode>, <TextNode: '\n\n            <v-divider '>, <ForNode: for radio in form.tipo_embalaje, tail_len: 5>, 
<TextNode: '\n                </div>\n '>, <IfNode>, <TextNode: '\n              </v-col>\n '>, <ForNode: for checkbox 
in form.requisitos_especiales, tail_len: 9>, <TextNode: '\n                </div>\n '>, <IfNode>, <TextNode: '\n       
         <div sty'>, <django.template.defaulttags.CommentNode object at 0x0000013B940D5AF0>, <TextNode: '\n        
<v-card class="r'>, <Variable Node: form.precio.value|default:''>, <TextNode: '" id="id_precio">\n       '>, <IfNode>, 
<TextNode: '\n              </v-col>\n '>, <ForNode: for radio in form.tipo_comprobante, tail_len: 5>, <TextNode: '\n  
              </div>\n '>, <IfNode>, <TextNode: '\n              </v-col>\n '>, 
<django.template.defaulttags.CommentNode object at 0x0000013B940D5C10>, <TextNode: '\n        <v-card class="r'>, 
<Variable Node: form.horario_servicio.value|default:''>, <TextNode: '\'">\n                    ['>, <IfNode>, 
<TextNode: '\n            '>, <IfNode>, <TextNode: '\n          </div>\n       '>, 
<django.template.defaulttags.CommentNode object at 0x0000013B940D6570>, <TextNode: '\n        <v-card class="r'>, 
<Variable Node: form.observaciones.value|default:''>, <TextNode: '</textarea>\n          </d'>, <IfNode>, <TextNode: 
'"\n              style="pa'>, <Variable Node: submit_label>, <TextNode: '\n            </button>\n  '>, 
<django.template.defaulttags.CommentNode object at 0x0000013B8F5A1AF0>, <TextNode: '\n        <v-card class="r'>]>}]
[DEBUG] 2026-08-13 21:19:30,272 base Exception while resolving variable 'next_url' in template 
'servicios/reserva_form.html'.
Traceback (most recent call last):
  File "D:\DESARROLLO_IA\Proyecto_taxi_carga\Taxi_carga_bot\taxicarga_whatsapp_bot\.venv\Lib\site-packages\django\templ
ate\base.py", line 965, in _resolve_lookup
    current = current[bit]
              ~~~~~~~^^^^^
  File "D:\DESARROLLO_IA\Proyecto_taxi_carga\Taxi_carga_bot\taxicarga_whatsapp_bot\.venv\Lib\site-packages\django\templ
ate\context.py", line 91, in __getitem__
    raise KeyError(key)
KeyError: 'next_url'

During handling of the above exception, another exception occurred:

Traceback (most recent call last):
  File "D:\DESARROLLO_IA\Proyecto_taxi_carga\Taxi_carga_bot\taxicarga_whatsapp_bot\.venv\Lib\site-packages\django\templ
ate\base.py", line 972, in _resolve_lookup
    if isinstance(current, BaseContext) and getattr(
                                            ~~~~~~~^
        type(current), bit
        ^^^^^^^^^^^^^^^^^^
    ):
    ^
AttributeError: type object 'RequestContext' has no attribute 'next_url'

During handling of the above exception, another exception occurred:

Traceback (most recent call last):
  File "D:\DESARROLLO_IA\Proyecto_taxi_carga\Taxi_carga_bot\taxicarga_whatsapp_bot\.venv\Lib\site-packages\django\templ
ate\base.py", line 982, in _resolve_lookup
    current = current[int(bit)]
                      ~~~^^^^^
ValueError: invalid literal for int() with base 10: 'next_url'

During handling of the above exception, another exception occurred:

Traceback (most recent call last):
  File "D:\DESARROLLO_IA\Proyecto_taxi_carga\Taxi_carga_bot\taxicarga_whatsapp_bot\.venv\Lib\site-packages\django\templ
ate\base.py", line 989, in _resolve_lookup
    raise VariableDoesNotExist(
    ^^^^^^^^^^^^^^^^^^^^^^^^^^^
    ...<2 lines>...
    )  # missing attribute
    ^
django.template.base.VariableDoesNotExist: Failed lookup for key [next_url] in [{'True': True, 'False': False, 'None': 
None}, {'csrf_token': <SimpleLazyObject: 'ZDbbug3KOwCnEoX6n96f1SigNzYPx8SkpSHXcGc0E1KByYqtpCBPJsWAL8ioBmpR'>, 
'request': <WSGIRequest: GET '/dashboard/servicios/nuevo/'>, 'user': <SimpleLazyObject: <User: supervisor>>, 'perms': 
PermWrapper(<SimpleLazyObject: <User: supervisor>>), 'messages': <FallbackStorage: request=<WSGIRequest: GET 
'/dashboard/servicios/nuevo/'>>, 'DEFAULT_MESSAGE_LEVELS': {'DEBUG': 10, 'INFO': 20, 'SUCCESS': 25, 'WARNING': 30, 
'ERROR': 40}, 'is_admin': False, 'is_supervisor': True, 'is_asesor': False, 'is_conductor': False, 'is_ayudante': 
False, 'header_canales': [], 'header_channel_id': None}, {}, {'form': <ReservaForm bound=False, valid=Unknown, fields=(
direccion_origen;piso_origen;direccion_destino;piso_destino;detalle_carga;tipo_embalaje;tipo_comprobante;fecha_servicio
;horario_servicio;precio;observaciones;lead_origen;cliente_nombre;cliente_telefono;cliente_documento;cliente_correo;cli
ente_ruc;cliente_razon_social;cliente_id;acceso_origen_opciones;acceso_destino_opciones;requisitos_especiales)>, 
'titulo': 'Nueva Reserva', 'submit_label': 'Crear Reserva', 'active_section': 'servicios', 'lead_id': None}, {'block': 
<Block Node: content. Contents: [<TextNode: '\n<div id="app">\n  <v-app>'>, <django.template.defaulttags.CommentNode 
object at 0x0000013B8F8CC530>, <TextNode: '\n      <div class="d-flex'>, <Variable Node: titulo>, <TextNode: '</h1>\n  
        '>, <IfNode>, <TextNode: '\n        </div>\n        <'>, <IfNode>, <TextNode: '"\n            style="padd'>, 
<Variable Node: submit_label>, <TextNode: '\n          </button>\n    '>, <django.template.defaulttags.CsrfTokenNode 
object at 0x0000013B9281A1D0>, <TextNode: '\n        '>, <IfNode>, <TextNode: '\n        '>, <Variable Node: 
form.lead_origen>, <TextNode: '\n        '>, <Variable Node: form.cliente_id>, <TextNode: '\n\n        '>, <IfNode>, 
<TextNode: '\n\n        '>, <django.template.defaulttags.CommentNode object at 0x0000013B92521190>, <TextNode: '\n     
   <v-card class="r'>, <IfNode>, <TextNode: '\n          </div>\n       '>, <IfNode>, <TextNode: '\n            <div 
class="'>, <Variable Node: form.cliente_nombre.value|default:''>, <TextNode: '" required\n              '>, <IfNode>, 
<TextNode: '\n\n            <div class='>, <Variable Node: form.cliente_telefono.value|default:''>, <TextNode: '" 
required\n              '>, <IfNode>, <TextNode: '\n\n            <div class='>, <Variable Node: 
form.cliente_documento.value|default:''>, <TextNode: '"\n                  v-mod'>, <Variable Node: 
form.cliente_correo.value|default:''>, <TextNode: '">\n              </div>\n '>, <Variable Node: 
form.cliente_ruc.value|default:''>, <TextNode: '">\n              </div>\n '>, <Variable Node: 
form.cliente_razon_social.value|default:''>, <TextNode: '">\n              </div>\n '>, 
<django.template.defaulttags.CommentNode object at 0x0000013B942ACE90>, <TextNode: '\n        <v-card class="r'>, 
<Variable Node: form.direccion_origen.value|default:''>, <TextNode: '" maxlength="255"\n       '>, <IfNode>, 
<TextNode: '\n                <div cla'>, <Variable Node: form.piso_origen.value|default:''>, <TextNode: '" 
maxlength="20"\n        '>, <IfNode>, <TextNode: '\n                <div cla'>, <ForNode: for checkbox in 
form.acceso_origen_opciones, tail_len: 5>, <TextNode: '\n                  </div>'>, <IfNode>, <TextNode: '\n          
    </v-col>\n\n'>, <Variable Node: form.direccion_destino.value|default:''>, <TextNode: '" maxlength="255"\n       
'>, <IfNode>, <TextNode: '\n                <div cla'>, <Variable Node: form.piso_destino.value|default:''>, 
<TextNode: '" maxlength="20"\n        '>, <IfNode>, <TextNode: '\n                <div cla'>, <ForNode: for checkbox 
in form.acceso_destino_opciones, tail_len: 5>, <TextNode: '\n                  </div>'>, <IfNode>, <TextNode: '\n      
        </v-col>\n '>, <django.template.defaulttags.CommentNode object at 0x0000013B942AFC50>, <TextNode: '\n        
<v-card class="r'>, <Variable Node: form.detalle_carga.value|default:''>, <TextNode: '</textarea>\n            <'>, 
<IfNode>, <TextNode: '\n\n            <v-divider '>, <ForNode: for radio in form.tipo_embalaje, tail_len: 5>, 
<TextNode: '\n                </div>\n '>, <IfNode>, <TextNode: '\n              </v-col>\n '>, <ForNode: for checkbox 
in form.requisitos_especiales, tail_len: 9>, <TextNode: '\n                </div>\n '>, <IfNode>, <TextNode: '\n       
         <div sty'>, <django.template.defaulttags.CommentNode object at 0x0000013B940D5AF0>, <TextNode: '\n        
<v-card class="r'>, <Variable Node: form.precio.value|default:''>, <TextNode: '" id="id_precio">\n       '>, <IfNode>, 
<TextNode: '\n              </v-col>\n '>, <ForNode: for radio in form.tipo_comprobante, tail_len: 5>, <TextNode: '\n  
              </div>\n '>, <IfNode>, <TextNode: '\n              </v-col>\n '>, 
<django.template.defaulttags.CommentNode object at 0x0000013B940D5C10>, <TextNode: '\n        <v-card class="r'>, 
<Variable Node: form.horario_servicio.value|default:''>, <TextNode: '\'">\n                    ['>, <IfNode>, 
<TextNode: '\n            '>, <IfNode>, <TextNode: '\n          </div>\n       '>, 
<django.template.defaulttags.CommentNode object at 0x0000013B940D6570>, <TextNode: '\n        <v-card class="r'>, 
<Variable Node: form.observaciones.value|default:''>, <TextNode: '</textarea>\n          </d'>, <IfNode>, <TextNode: 
'"\n              style="pa'>, <Variable Node: submit_label>, <TextNode: '\n            </button>\n  '>, 
<django.template.defaulttags.CommentNode object at 0x0000013B8F5A1AF0>, <TextNode: '\n        <v-card class="r'>]>}]
[DEBUG] 2026-08-13 21:19:30,273 base Exception while resolving variable 'next_url' in template 
'servicios/reserva_form.html'.
Traceback (most recent call last):
  File "D:\DESARROLLO_IA\Proyecto_taxi_carga\Taxi_carga_bot\taxicarga_whatsapp_bot\.venv\Lib\site-packages\django\templ
ate\base.py", line 965, in _resolve_lookup
    current = current[bit]
              ~~~~~~~^^^^^
  File "D:\DESARROLLO_IA\Proyecto_taxi_carga\Taxi_carga_bot\taxicarga_whatsapp_bot\.venv\Lib\site-packages\django\templ
ate\context.py", line 91, in __getitem__
    raise KeyError(key)
KeyError: 'next_url'

During handling of the above exception, another exception occurred:

Traceback (most recent call last):
  File "D:\DESARROLLO_IA\Proyecto_taxi_carga\Taxi_carga_bot\taxicarga_whatsapp_bot\.venv\Lib\site-packages\django\templ
ate\base.py", line 972, in _resolve_lookup
    if isinstance(current, BaseContext) and getattr(
                                            ~~~~~~~^
        type(current), bit
        ^^^^^^^^^^^^^^^^^^
    ):
    ^
AttributeError: type object 'RequestContext' has no attribute 'next_url'

During handling of the above exception, another exception occurred:

Traceback (most recent call last):
  File "D:\DESARROLLO_IA\Proyecto_taxi_carga\Taxi_carga_bot\taxicarga_whatsapp_bot\.venv\Lib\site-packages\django\templ
ate\base.py", line 982, in _resolve_lookup
    current = current[int(bit)]
                      ~~~^^^^^
ValueError: invalid literal for int() with base 10: 'next_url'

During handling of the above exception, another exception occurred:

Traceback (most recent call last):
  File "D:\DESARROLLO_IA\Proyecto_taxi_carga\Taxi_carga_bot\taxicarga_whatsapp_bot\.venv\Lib\site-packages\django\templ
ate\base.py", line 989, in _resolve_lookup
    raise VariableDoesNotExist(
    ^^^^^^^^^^^^^^^^^^^^^^^^^^^
    ...<2 lines>...
    )  # missing attribute
    ^
django.template.base.VariableDoesNotExist: Failed lookup for key [next_url] in [{'True': True, 'False': False, 'None': 
None}, {'csrf_token': <SimpleLazyObject: 'ZDbbug3KOwCnEoX6n96f1SigNzYPx8SkpSHXcGc0E1KByYqtpCBPJsWAL8ioBmpR'>, 
'request': <WSGIRequest: GET '/dashboard/servicios/nuevo/'>, 'user': <SimpleLazyObject: <User: supervisor>>, 'perms': 
PermWrapper(<SimpleLazyObject: <User: supervisor>>), 'messages': <FallbackStorage: request=<WSGIRequest: GET 
'/dashboard/servicios/nuevo/'>>, 'DEFAULT_MESSAGE_LEVELS': {'DEBUG': 10, 'INFO': 20, 'SUCCESS': 25, 'WARNING': 30, 
'ERROR': 40}, 'is_admin': False, 'is_supervisor': True, 'is_asesor': False, 'is_conductor': False, 'is_ayudante': 
False, 'header_canales': [], 'header_channel_id': None}, {}, {'form': <ReservaForm bound=False, valid=Unknown, fields=(
direccion_origen;piso_origen;direccion_destino;piso_destino;detalle_carga;tipo_embalaje;tipo_comprobante;fecha_servicio
;horario_servicio;precio;observaciones;lead_origen;cliente_nombre;cliente_telefono;cliente_documento;cliente_correo;cli
ente_ruc;cliente_razon_social;cliente_id;acceso_origen_opciones;acceso_destino_opciones;requisitos_especiales)>, 
'titulo': 'Nueva Reserva', 'submit_label': 'Crear Reserva', 'active_section': 'servicios', 'lead_id': None}, {'block': 
<Block Node: content. Contents: [<TextNode: '\n<div id="app">\n  <v-app>'>, <django.template.defaulttags.CommentNode 
object at 0x0000013B8F8CC530>, <TextNode: '\n      <div class="d-flex'>, <Variable Node: titulo>, <TextNode: '</h1>\n  
        '>, <IfNode>, <TextNode: '\n        </div>\n        <'>, <IfNode>, <TextNode: '"\n            style="padd'>, 
<Variable Node: submit_label>, <TextNode: '\n          </button>\n    '>, <django.template.defaulttags.CsrfTokenNode 
object at 0x0000013B9281A1D0>, <TextNode: '\n        '>, <IfNode>, <TextNode: '\n        '>, <Variable Node: 
form.lead_origen>, <TextNode: '\n        '>, <Variable Node: form.cliente_id>, <TextNode: '\n\n        '>, <IfNode>, 
<TextNode: '\n\n        '>, <django.template.defaulttags.CommentNode object at 0x0000013B92521190>, <TextNode: '\n     
   <v-card class="r'>, <IfNode>, <TextNode: '\n          </div>\n       '>, <IfNode>, <TextNode: '\n            <div 
class="'>, <Variable Node: form.cliente_nombre.value|default:''>, <TextNode: '" required\n              '>, <IfNode>, 
<TextNode: '\n\n            <div class='>, <Variable Node: form.cliente_telefono.value|default:''>, <TextNode: '" 
required\n              '>, <IfNode>, <TextNode: '\n\n            <div class='>, <Variable Node: 
form.cliente_documento.value|default:''>, <TextNode: '"\n                  v-mod'>, <Variable Node: 
form.cliente_correo.value|default:''>, <TextNode: '">\n              </div>\n '>, <Variable Node: 
form.cliente_ruc.value|default:''>, <TextNode: '">\n              </div>\n '>, <Variable Node: 
form.cliente_razon_social.value|default:''>, <TextNode: '">\n              </div>\n '>, 
<django.template.defaulttags.CommentNode object at 0x0000013B942ACE90>, <TextNode: '\n        <v-card class="r'>, 
<Variable Node: form.direccion_origen.value|default:''>, <TextNode: '" maxlength="255"\n       '>, <IfNode>, 
<TextNode: '\n                <div cla'>, <Variable Node: form.piso_origen.value|default:''>, <TextNode: '" 
maxlength="20"\n        '>, <IfNode>, <TextNode: '\n                <div cla'>, <ForNode: for checkbox in 
form.acceso_origen_opciones, tail_len: 5>, <TextNode: '\n                  </div>'>, <IfNode>, <TextNode: '\n          
    </v-col>\n\n'>, <Variable Node: form.direccion_destino.value|default:''>, <TextNode: '" maxlength="255"\n       
'>, <IfNode>, <TextNode: '\n                <div cla'>, <Variable Node: form.piso_destino.value|default:''>, 
<TextNode: '" maxlength="20"\n        '>, <IfNode>, <TextNode: '\n                <div cla'>, <ForNode: for checkbox 
in form.acceso_destino_opciones, tail_len: 5>, <TextNode: '\n                  </div>'>, <IfNode>, <TextNode: '\n      
        </v-col>\n '>, <django.template.defaulttags.CommentNode object at 0x0000013B942AFC50>, <TextNode: '\n        
<v-card class="r'>, <Variable Node: form.detalle_carga.value|default:''>, <TextNode: '</textarea>\n            <'>, 
<IfNode>, <TextNode: '\n\n            <v-divider '>, <ForNode: for radio in form.tipo_embalaje, tail_len: 5>, 
<TextNode: '\n                </div>\n '>, <IfNode>, <TextNode: '\n              </v-col>\n '>, <ForNode: for checkbox 
in form.requisitos_especiales, tail_len: 9>, <TextNode: '\n                </div>\n '>, <IfNode>, <TextNode: '\n       
         <div sty'>, <django.template.defaulttags.CommentNode object at 0x0000013B940D5AF0>, <TextNode: '\n        
<v-card class="r'>, <Variable Node: form.precio.value|default:''>, <TextNode: '" id="id_precio">\n       '>, <IfNode>, 
<TextNode: '\n              </v-col>\n '>, <ForNode: for radio in form.tipo_comprobante, tail_len: 5>, <TextNode: '\n  
              </div>\n '>, <IfNode>, <TextNode: '\n              </v-col>\n '>, 
<django.template.defaulttags.CommentNode object at 0x0000013B940D5C10>, <TextNode: '\n        <v-card class="r'>, 
<Variable Node: form.horario_servicio.value|default:''>, <TextNode: '\'">\n                    ['>, <IfNode>, 
<TextNode: '\n            '>, <IfNode>, <TextNode: '\n          </div>\n       '>, 
<django.template.defaulttags.CommentNode object at 0x0000013B940D6570>, <TextNode: '\n        <v-card class="r'>, 
<Variable Node: form.observaciones.value|default:''>, <TextNode: '</textarea>\n          </d'>, <IfNode>, <TextNode: 
'"\n              style="pa'>, <Variable Node: submit_label>, <TextNode: '\n            </button>\n  '>, 
<django.template.defaulttags.CommentNode object at 0x0000013B8F5A1AF0>, <TextNode: '\n        <v-card class="r'>]>}]
[DEBUG] 2026-08-13 21:19:30,277 base Exception while resolving variable 'editando' in template 
'servicios/reserva_form.html'.
Traceback (most recent call last):
  File "D:\DESARROLLO_IA\Proyecto_taxi_carga\Taxi_carga_bot\taxicarga_whatsapp_bot\.venv\Lib\site-packages\django\templ
ate\base.py", line 965, in _resolve_lookup
    current = current[bit]
              ~~~~~~~^^^^^
  File "D:\DESARROLLO_IA\Proyecto_taxi_carga\Taxi_carga_bot\taxicarga_whatsapp_bot\.venv\Lib\site-packages\django\templ
ate\context.py", line 91, in __getitem__
    raise KeyError(key)
KeyError: 'editando'

During handling of the above exception, another exception occurred:

Traceback (most recent call last):
  File "D:\DESARROLLO_IA\Proyecto_taxi_carga\Taxi_carga_bot\taxicarga_whatsapp_bot\.venv\Lib\site-packages\django\templ
ate\base.py", line 972, in _resolve_lookup
    if isinstance(current, BaseContext) and getattr(
                                            ~~~~~~~^
        type(current), bit
        ^^^^^^^^^^^^^^^^^^
    ):
    ^
AttributeError: type object 'RequestContext' has no attribute 'editando'

During handling of the above exception, another exception occurred:

Traceback (most recent call last):
  File "D:\DESARROLLO_IA\Proyecto_taxi_carga\Taxi_carga_bot\taxicarga_whatsapp_bot\.venv\Lib\site-packages\django\templ
ate\base.py", line 982, in _resolve_lookup
    current = current[int(bit)]
                      ~~~^^^^^
ValueError: invalid literal for int() with base 10: 'editando'

During handling of the above exception, another exception occurred:

Traceback (most recent call last):
  File "D:\DESARROLLO_IA\Proyecto_taxi_carga\Taxi_carga_bot\taxicarga_whatsapp_bot\.venv\Lib\site-packages\django\templ
ate\base.py", line 989, in _resolve_lookup
    raise VariableDoesNotExist(
    ^^^^^^^^^^^^^^^^^^^^^^^^^^^
    ...<2 lines>...
    )  # missing attribute
    ^
django.template.base.VariableDoesNotExist: Failed lookup for key [editando] in [{'True': True, 'False': False, 'None': 
None}, {'csrf_token': <SimpleLazyObject: 'ZDbbug3KOwCnEoX6n96f1SigNzYPx8SkpSHXcGc0E1KByYqtpCBPJsWAL8ioBmpR'>, 
'request': <WSGIRequest: GET '/dashboard/servicios/nuevo/'>, 'user': <SimpleLazyObject: <User: supervisor>>, 'perms': 
PermWrapper(<SimpleLazyObject: <User: supervisor>>), 'messages': <FallbackStorage: request=<WSGIRequest: GET 
'/dashboard/servicios/nuevo/'>>, 'DEFAULT_MESSAGE_LEVELS': {'DEBUG': 10, 'INFO': 20, 'SUCCESS': 25, 'WARNING': 30, 
'ERROR': 40}, 'is_admin': False, 'is_supervisor': True, 'is_asesor': False, 'is_conductor': False, 'is_ayudante': 
False, 'header_canales': [], 'header_channel_id': None}, {}, {'form': <ReservaForm bound=False, valid=False, fields=(di
reccion_origen;piso_origen;direccion_destino;piso_destino;detalle_carga;tipo_embalaje;tipo_comprobante;fecha_servicio;h
orario_servicio;precio;observaciones;lead_origen;cliente_nombre;cliente_telefono;cliente_documento;cliente_correo;clien
te_ruc;cliente_razon_social;cliente_id;acceso_origen_opciones;acceso_destino_opciones;requisitos_especiales)>, 
'titulo': 'Nueva Reserva', 'submit_label': 'Crear Reserva', 'active_section': 'servicios', 'lead_id': None}, {'block': 
<Block Node: content. Contents: [<TextNode: '\n<div id="app">\n  <v-app>'>, <django.template.defaulttags.CommentNode 
object at 0x0000013B8F8CC530>, <TextNode: '\n      <div class="d-flex'>, <Variable Node: titulo>, <TextNode: '</h1>\n  
        '>, <IfNode>, <TextNode: '\n        </div>\n        <'>, <IfNode>, <TextNode: '"\n            style="padd'>, 
<Variable Node: submit_label>, <TextNode: '\n          </button>\n    '>, <django.template.defaulttags.CsrfTokenNode 
object at 0x0000013B9281A1D0>, <TextNode: '\n        '>, <IfNode>, <TextNode: '\n        '>, <Variable Node: 
form.lead_origen>, <TextNode: '\n        '>, <Variable Node: form.cliente_id>, <TextNode: '\n\n        '>, <IfNode>, 
<TextNode: '\n\n        '>, <django.template.defaulttags.CommentNode object at 0x0000013B92521190>, <TextNode: '\n     
   <v-card class="r'>, <IfNode>, <TextNode: '\n          </div>\n       '>, <IfNode>, <TextNode: '\n            <div 
class="'>, <Variable Node: form.cliente_nombre.value|default:''>, <TextNode: '" required\n              '>, <IfNode>, 
<TextNode: '\n\n            <div class='>, <Variable Node: form.cliente_telefono.value|default:''>, <TextNode: '" 
required\n              '>, <IfNode>, <TextNode: '\n\n            <div class='>, <Variable Node: 
form.cliente_documento.value|default:''>, <TextNode: '"\n                  v-mod'>, <Variable Node: 
form.cliente_correo.value|default:''>, <TextNode: '">\n              </div>\n '>, <Variable Node: 
form.cliente_ruc.value|default:''>, <TextNode: '">\n              </div>\n '>, <Variable Node: 
form.cliente_razon_social.value|default:''>, <TextNode: '">\n              </div>\n '>, 
<django.template.defaulttags.CommentNode object at 0x0000013B942ACE90>, <TextNode: '\n        <v-card class="r'>, 
<Variable Node: form.direccion_origen.value|default:''>, <TextNode: '" maxlength="255"\n       '>, <IfNode>, 
<TextNode: '\n                <div cla'>, <Variable Node: form.piso_origen.value|default:''>, <TextNode: '" 
maxlength="20"\n        '>, <IfNode>, <TextNode: '\n                <div cla'>, <ForNode: for checkbox in 
form.acceso_origen_opciones, tail_len: 5>, <TextNode: '\n                  </div>'>, <IfNode>, <TextNode: '\n          
    </v-col>\n\n'>, <Variable Node: form.direccion_destino.value|default:''>, <TextNode: '" maxlength="255"\n       
'>, <IfNode>, <TextNode: '\n                <div cla'>, <Variable Node: form.piso_destino.value|default:''>, 
<TextNode: '" maxlength="20"\n        '>, <IfNode>, <TextNode: '\n                <div cla'>, <ForNode: for checkbox 
in form.acceso_destino_opciones, tail_len: 5>, <TextNode: '\n                  </div>'>, <IfNode>, <TextNode: '\n      
        </v-col>\n '>, <django.template.defaulttags.CommentNode object at 0x0000013B942AFC50>, <TextNode: '\n        
<v-card class="r'>, <Variable Node: form.detalle_carga.value|default:''>, <TextNode: '</textarea>\n            <'>, 
<IfNode>, <TextNode: '\n\n            <v-divider '>, <ForNode: for radio in form.tipo_embalaje, tail_len: 5>, 
<TextNode: '\n                </div>\n '>, <IfNode>, <TextNode: '\n              </v-col>\n '>, <ForNode: for checkbox 
in form.requisitos_especiales, tail_len: 9>, <TextNode: '\n                </div>\n '>, <IfNode>, <TextNode: '\n       
         <div sty'>, <django.template.defaulttags.CommentNode object at 0x0000013B940D5AF0>, <TextNode: '\n        
<v-card class="r'>, <Variable Node: form.precio.value|default:''>, <TextNode: '" id="id_precio">\n       '>, <IfNode>, 
<TextNode: '\n              </v-col>\n '>, <ForNode: for radio in form.tipo_comprobante, tail_len: 5>, <TextNode: '\n  
              </div>\n '>, <IfNode>, <TextNode: '\n              </v-col>\n '>, 
<django.template.defaulttags.CommentNode object at 0x0000013B940D5C10>, <TextNode: '\n        <v-card class="r'>, 
<Variable Node: form.horario_servicio.value|default:''>, <TextNode: '\'">\n                    ['>, <IfNode>, 
<TextNode: '\n            '>, <IfNode>, <TextNode: '\n          </div>\n       '>, 
<django.template.defaulttags.CommentNode object at 0x0000013B940D6570>, <TextNode: '\n        <v-card class="r'>, 
<Variable Node: form.observaciones.value|default:''>, <TextNode: '</textarea>\n          </d'>, <IfNode>, <TextNode: 
'"\n              style="pa'>, <Variable Node: submit_label>, <TextNode: '\n            </button>\n  '>, 
<django.template.defaulttags.CommentNode object at 0x0000013B8F5A1AF0>, <TextNode: '\n        <v-card class="r'>]>}]
[DEBUG] 2026-08-13 21:19:30,279 base Exception while resolving variable 'editando' in template 
'servicios/reserva_form.html'.
Traceback (most recent call last):
  File "D:\DESARROLLO_IA\Proyecto_taxi_carga\Taxi_carga_bot\taxicarga_whatsapp_bot\.venv\Lib\site-packages\django\templ
ate\base.py", line 965, in _resolve_lookup
    current = current[bit]
              ~~~~~~~^^^^^
  File "D:\DESARROLLO_IA\Proyecto_taxi_carga\Taxi_carga_bot\taxicarga_whatsapp_bot\.venv\Lib\site-packages\django\templ
ate\context.py", line 91, in __getitem__
    raise KeyError(key)
KeyError: 'editando'

During handling of the above exception, another exception occurred:

Traceback (most recent call last):
  File "D:\DESARROLLO_IA\Proyecto_taxi_carga\Taxi_carga_bot\taxicarga_whatsapp_bot\.venv\Lib\site-packages\django\templ
ate\base.py", line 972, in _resolve_lookup
    if isinstance(current, BaseContext) and getattr(
                                            ~~~~~~~^
        type(current), bit
        ^^^^^^^^^^^^^^^^^^
    ):
    ^
AttributeError: type object 'RequestContext' has no attribute 'editando'

During handling of the above exception, another exception occurred:

Traceback (most recent call last):
  File "D:\DESARROLLO_IA\Proyecto_taxi_carga\Taxi_carga_bot\taxicarga_whatsapp_bot\.venv\Lib\site-packages\django\templ
ate\base.py", line 982, in _resolve_lookup
    current = current[int(bit)]
                      ~~~^^^^^
ValueError: invalid literal for int() with base 10: 'editando'

During handling of the above exception, another exception occurred:

Traceback (most recent call last):
  File "D:\DESARROLLO_IA\Proyecto_taxi_carga\Taxi_carga_bot\taxicarga_whatsapp_bot\.venv\Lib\site-packages\django\templ
ate\base.py", line 989, in _resolve_lookup
    raise VariableDoesNotExist(
    ^^^^^^^^^^^^^^^^^^^^^^^^^^^
    ...<2 lines>...
    )  # missing attribute
    ^
django.template.base.VariableDoesNotExist: Failed lookup for key [editando] in [{'True': True, 'False': False, 'None': 
None}, {'csrf_token': <SimpleLazyObject: 'ZDbbug3KOwCnEoX6n96f1SigNzYPx8SkpSHXcGc0E1KByYqtpCBPJsWAL8ioBmpR'>, 
'request': <WSGIRequest: GET '/dashboard/servicios/nuevo/'>, 'user': <SimpleLazyObject: <User: supervisor>>, 'perms': 
PermWrapper(<SimpleLazyObject: <User: supervisor>>), 'messages': <FallbackStorage: request=<WSGIRequest: GET 
'/dashboard/servicios/nuevo/'>>, 'DEFAULT_MESSAGE_LEVELS': {'DEBUG': 10, 'INFO': 20, 'SUCCESS': 25, 'WARNING': 30, 
'ERROR': 40}, 'is_admin': False, 'is_supervisor': True, 'is_asesor': False, 'is_conductor': False, 'is_ayudante': 
False, 'header_canales': [], 'header_channel_id': None}, {}, {'form': <ReservaForm bound=False, valid=False, fields=(di
reccion_origen;piso_origen;direccion_destino;piso_destino;detalle_carga;tipo_embalaje;tipo_comprobante;fecha_servicio;h
orario_servicio;precio;observaciones;lead_origen;cliente_nombre;cliente_telefono;cliente_documento;cliente_correo;clien
te_ruc;cliente_razon_social;cliente_id;acceso_origen_opciones;acceso_destino_opciones;requisitos_especiales)>, 
'titulo': 'Nueva Reserva', 'submit_label': 'Crear Reserva', 'active_section': 'servicios', 'lead_id': None}, {'block': 
<Block Node: content. Contents: [<TextNode: '\n<div id="app">\n  <v-app>'>, <django.template.defaulttags.CommentNode 
object at 0x0000013B8F8CC530>, <TextNode: '\n      <div class="d-flex'>, <Variable Node: titulo>, <TextNode: '</h1>\n  
        '>, <IfNode>, <TextNode: '\n        </div>\n        <'>, <IfNode>, <TextNode: '"\n            style="padd'>, 
<Variable Node: submit_label>, <TextNode: '\n          </button>\n    '>, <django.template.defaulttags.CsrfTokenNode 
object at 0x0000013B9281A1D0>, <TextNode: '\n        '>, <IfNode>, <TextNode: '\n        '>, <Variable Node: 
form.lead_origen>, <TextNode: '\n        '>, <Variable Node: form.cliente_id>, <TextNode: '\n\n        '>, <IfNode>, 
<TextNode: '\n\n        '>, <django.template.defaulttags.CommentNode object at 0x0000013B92521190>, <TextNode: '\n     
   <v-card class="r'>, <IfNode>, <TextNode: '\n          </div>\n       '>, <IfNode>, <TextNode: '\n            <div 
class="'>, <Variable Node: form.cliente_nombre.value|default:''>, <TextNode: '" required\n              '>, <IfNode>, 
<TextNode: '\n\n            <div class='>, <Variable Node: form.cliente_telefono.value|default:''>, <TextNode: '" 
required\n              '>, <IfNode>, <TextNode: '\n\n            <div class='>, <Variable Node: 
form.cliente_documento.value|default:''>, <TextNode: '"\n                  v-mod'>, <Variable Node: 
form.cliente_correo.value|default:''>, <TextNode: '">\n              </div>\n '>, <Variable Node: 
form.cliente_ruc.value|default:''>, <TextNode: '">\n              </div>\n '>, <Variable Node: 
form.cliente_razon_social.value|default:''>, <TextNode: '">\n              </div>\n '>, 
<django.template.defaulttags.CommentNode object at 0x0000013B942ACE90>, <TextNode: '\n        <v-card class="r'>, 
<Variable Node: form.direccion_origen.value|default:''>, <TextNode: '" maxlength="255"\n       '>, <IfNode>, 
<TextNode: '\n                <div cla'>, <Variable Node: form.piso_origen.value|default:''>, <TextNode: '" 
maxlength="20"\n        '>, <IfNode>, <TextNode: '\n                <div cla'>, <ForNode: for checkbox in 
form.acceso_origen_opciones, tail_len: 5>, <TextNode: '\n                  </div>'>, <IfNode>, <TextNode: '\n          
    </v-col>\n\n'>, <Variable Node: form.direccion_destino.value|default:''>, <TextNode: '" maxlength="255"\n       
'>, <IfNode>, <TextNode: '\n                <div cla'>, <Variable Node: form.piso_destino.value|default:''>, 
<TextNode: '" maxlength="20"\n        '>, <IfNode>, <TextNode: '\n                <div cla'>, <ForNode: for checkbox 
in form.acceso_destino_opciones, tail_len: 5>, <TextNode: '\n                  </div>'>, <IfNode>, <TextNode: '\n      
        </v-col>\n '>, <django.template.defaulttags.CommentNode object at 0x0000013B942AFC50>, <TextNode: '\n        
<v-card class="r'>, <Variable Node: form.detalle_carga.value|default:''>, <TextNode: '</textarea>\n            <'>, 
<IfNode>, <TextNode: '\n\n            <v-divider '>, <ForNode: for radio in form.tipo_embalaje, tail_len: 5>, 
<TextNode: '\n                </div>\n '>, <IfNode>, <TextNode: '\n              </v-col>\n '>, <ForNode: for checkbox 
in form.requisitos_especiales, tail_len: 9>, <TextNode: '\n                </div>\n '>, <IfNode>, <TextNode: '\n       
         <div sty'>, <django.template.defaulttags.CommentNode object at 0x0000013B940D5AF0>, <TextNode: '\n        
<v-card class="r'>, <Variable Node: form.precio.value|default:''>, <TextNode: '" id="id_precio">\n       '>, <IfNode>, 
<TextNode: '\n              </v-col>\n '>, <ForNode: for radio in form.tipo_comprobante, tail_len: 5>, <TextNode: '\n  
              </div>\n '>, <IfNode>, <TextNode: '\n              </v-col>\n '>, 
<django.template.defaulttags.CommentNode object at 0x0000013B940D5C10>, <TextNode: '\n        <v-card class="r'>, 
<Variable Node: form.horario_servicio.value|default:''>, <TextNode: '\'">\n                    ['>, <IfNode>, 
<TextNode: '\n            '>, <IfNode>, <TextNode: '\n          </div>\n       '>, 
<django.template.defaulttags.CommentNode object at 0x0000013B940D6570>, <TextNode: '\n        <v-card class="r'>, 
<Variable Node: form.observaciones.value|default:''>, <TextNode: '</textarea>\n          </d'>, <IfNode>, <TextNode: 
'"\n              style="pa'>, <Variable Node: submit_label>, <TextNode: '\n            </button>\n  '>, 
<django.template.defaulttags.CommentNode object at 0x0000013B8F5A1AF0>, <TextNode: '\n        <v-card class="r'>]>}]
[DEBUG] 2026-08-13 21:19:30,284 base Exception while resolving variable 'next_url' in template 
'servicios/reserva_form.html'.
Traceback (most recent call last):
  File "D:\DESARROLLO_IA\Proyecto_taxi_carga\Taxi_carga_bot\taxicarga_whatsapp_bot\.venv\Lib\site-packages\django\templ
ate\base.py", line 965, in _resolve_lookup
    current = current[bit]
              ~~~~~~~^^^^^
  File "D:\DESARROLLO_IA\Proyecto_taxi_carga\Taxi_carga_bot\taxicarga_whatsapp_bot\.venv\Lib\site-packages\django\templ
ate\context.py", line 91, in __getitem__
    raise KeyError(key)
KeyError: 'next_url'

During handling of the above exception, another exception occurred:

Traceback (most recent call last):
  File "D:\DESARROLLO_IA\Proyecto_taxi_carga\Taxi_carga_bot\taxicarga_whatsapp_bot\.venv\Lib\site-packages\django\templ
ate\base.py", line 972, in _resolve_lookup
    if isinstance(current, BaseContext) and getattr(
                                            ~~~~~~~^
        type(current), bit
        ^^^^^^^^^^^^^^^^^^
    ):
    ^
AttributeError: type object 'RequestContext' has no attribute 'next_url'

During handling of the above exception, another exception occurred:

Traceback (most recent call last):
  File "D:\DESARROLLO_IA\Proyecto_taxi_carga\Taxi_carga_bot\taxicarga_whatsapp_bot\.venv\Lib\site-packages\django\templ
ate\base.py", line 982, in _resolve_lookup
    current = current[int(bit)]
                      ~~~^^^^^
ValueError: invalid literal for int() with base 10: 'next_url'

During handling of the above exception, another exception occurred:

Traceback (most recent call last):
  File "D:\DESARROLLO_IA\Proyecto_taxi_carga\Taxi_carga_bot\taxicarga_whatsapp_bot\.venv\Lib\site-packages\django\templ
ate\base.py", line 989, in _resolve_lookup
    raise VariableDoesNotExist(
    ^^^^^^^^^^^^^^^^^^^^^^^^^^^
    ...<2 lines>...
    )  # missing attribute
    ^
django.template.base.VariableDoesNotExist: Failed lookup for key [next_url] in [{'True': True, 'False': False, 'None': 
None}, {'csrf_token': <SimpleLazyObject: 'ZDbbug3KOwCnEoX6n96f1SigNzYPx8SkpSHXcGc0E1KByYqtpCBPJsWAL8ioBmpR'>, 
'request': <WSGIRequest: GET '/dashboard/servicios/nuevo/'>, 'user': <SimpleLazyObject: <User: supervisor>>, 'perms': 
PermWrapper(<SimpleLazyObject: <User: supervisor>>), 'messages': <FallbackStorage: request=<WSGIRequest: GET 
'/dashboard/servicios/nuevo/'>>, 'DEFAULT_MESSAGE_LEVELS': {'DEBUG': 10, 'INFO': 20, 'SUCCESS': 25, 'WARNING': 30, 
'ERROR': 40}, 'is_admin': False, 'is_supervisor': True, 'is_asesor': False, 'is_conductor': False, 'is_ayudante': 
False, 'header_canales': [], 'header_channel_id': None}, {}, {'form': <ReservaForm bound=False, valid=False, fields=(di
reccion_origen;piso_origen;direccion_destino;piso_destino;detalle_carga;tipo_embalaje;tipo_comprobante;fecha_servicio;h
orario_servicio;precio;observaciones;lead_origen;cliente_nombre;cliente_telefono;cliente_documento;cliente_correo;clien
te_ruc;cliente_razon_social;cliente_id;acceso_origen_opciones;acceso_destino_opciones;requisitos_especiales)>, 
'titulo': 'Nueva Reserva', 'submit_label': 'Crear Reserva', 'active_section': 'servicios', 'lead_id': None}, {'block': 
<Block Node: content. Contents: [<TextNode: '\n<div id="app">\n  <v-app>'>, <django.template.defaulttags.CommentNode 
object at 0x0000013B8F8CC530>, <TextNode: '\n      <div class="d-flex'>, <Variable Node: titulo>, <TextNode: '</h1>\n  
        '>, <IfNode>, <TextNode: '\n        </div>\n        <'>, <IfNode>, <TextNode: '"\n            style="padd'>, 
<Variable Node: submit_label>, <TextNode: '\n          </button>\n    '>, <django.template.defaulttags.CsrfTokenNode 
object at 0x0000013B9281A1D0>, <TextNode: '\n        '>, <IfNode>, <TextNode: '\n        '>, <Variable Node: 
form.lead_origen>, <TextNode: '\n        '>, <Variable Node: form.cliente_id>, <TextNode: '\n\n        '>, <IfNode>, 
<TextNode: '\n\n        '>, <django.template.defaulttags.CommentNode object at 0x0000013B92521190>, <TextNode: '\n     
   <v-card class="r'>, <IfNode>, <TextNode: '\n          </div>\n       '>, <IfNode>, <TextNode: '\n            <div 
class="'>, <Variable Node: form.cliente_nombre.value|default:''>, <TextNode: '" required\n              '>, <IfNode>, 
<TextNode: '\n\n            <div class='>, <Variable Node: form.cliente_telefono.value|default:''>, <TextNode: '" 
required\n              '>, <IfNode>, <TextNode: '\n\n            <div class='>, <Variable Node: 
form.cliente_documento.value|default:''>, <TextNode: '"\n                  v-mod'>, <Variable Node: 
form.cliente_correo.value|default:''>, <TextNode: '">\n              </div>\n '>, <Variable Node: 
form.cliente_ruc.value|default:''>, <TextNode: '">\n              </div>\n '>, <Variable Node: 
form.cliente_razon_social.value|default:''>, <TextNode: '">\n              </div>\n '>, 
<django.template.defaulttags.CommentNode object at 0x0000013B942ACE90>, <TextNode: '\n        <v-card class="r'>, 
<Variable Node: form.direccion_origen.value|default:''>, <TextNode: '" maxlength="255"\n       '>, <IfNode>, 
<TextNode: '\n                <div cla'>, <Variable Node: form.piso_origen.value|default:''>, <TextNode: '" 
maxlength="20"\n        '>, <IfNode>, <TextNode: '\n                <div cla'>, <ForNode: for checkbox in 
form.acceso_origen_opciones, tail_len: 5>, <TextNode: '\n                  </div>'>, <IfNode>, <TextNode: '\n          
    </v-col>\n\n'>, <Variable Node: form.direccion_destino.value|default:''>, <TextNode: '" maxlength="255"\n       
'>, <IfNode>, <TextNode: '\n                <div cla'>, <Variable Node: form.piso_destino.value|default:''>, 
<TextNode: '" maxlength="20"\n        '>, <IfNode>, <TextNode: '\n                <div cla'>, <ForNode: for checkbox 
in form.acceso_destino_opciones, tail_len: 5>, <TextNode: '\n                  </div>'>, <IfNode>, <TextNode: '\n      
        </v-col>\n '>, <django.template.defaulttags.CommentNode object at 0x0000013B942AFC50>, <TextNode: '\n        
<v-card class="r'>, <Variable Node: form.detalle_carga.value|default:''>, <TextNode: '</textarea>\n            <'>, 
<IfNode>, <TextNode: '\n\n            <v-divider '>, <ForNode: for radio in form.tipo_embalaje, tail_len: 5>, 
<TextNode: '\n                </div>\n '>, <IfNode>, <TextNode: '\n              </v-col>\n '>, <ForNode: for checkbox 
in form.requisitos_especiales, tail_len: 9>, <TextNode: '\n                </div>\n '>, <IfNode>, <TextNode: '\n       
         <div sty'>, <django.template.defaulttags.CommentNode object at 0x0000013B940D5AF0>, <TextNode: '\n        
<v-card class="r'>, <Variable Node: form.precio.value|default:''>, <TextNode: '" id="id_precio">\n       '>, <IfNode>, 
<TextNode: '\n              </v-col>\n '>, <ForNode: for radio in form.tipo_comprobante, tail_len: 5>, <TextNode: '\n  
              </div>\n '>, <IfNode>, <TextNode: '\n              </v-col>\n '>, 
<django.template.defaulttags.CommentNode object at 0x0000013B940D5C10>, <TextNode: '\n        <v-card class="r'>, 
<Variable Node: form.horario_servicio.value|default:''>, <TextNode: '\'">\n                    ['>, <IfNode>, 
<TextNode: '\n            '>, <IfNode>, <TextNode: '\n          </div>\n       '>, 
<django.template.defaulttags.CommentNode object at 0x0000013B940D6570>, <TextNode: '\n        <v-card class="r'>, 
<Variable Node: form.observaciones.value|default:''>, <TextNode: '</textarea>\n          </d'>, <IfNode>, <TextNode: 
'"\n              style="pa'>, <Variable Node: submit_label>, <TextNode: '\n            </button>\n  '>, 
<django.template.defaulttags.CommentNode object at 0x0000013B8F5A1AF0>, <TextNode: '\n        <v-card class="r'>]>}]
[DEBUG] 2026-08-13 21:19:30,285 base Exception while resolving variable 'editando' in template 
'servicios/reserva_form.html'.
Traceback (most recent call last):
  File "D:\DESARROLLO_IA\Proyecto_taxi_carga\Taxi_carga_bot\taxicarga_whatsapp_bot\.venv\Lib\site-packages\django\templ
ate\base.py", line 965, in _resolve_lookup
    current = current[bit]
              ~~~~~~~^^^^^
  File "D:\DESARROLLO_IA\Proyecto_taxi_carga\Taxi_carga_bot\taxicarga_whatsapp_bot\.venv\Lib\site-packages\django\templ
ate\context.py", line 91, in __getitem__
    raise KeyError(key)
KeyError: 'editando'

During handling of the above exception, another exception occurred:

Traceback (most recent call last):
  File "D:\DESARROLLO_IA\Proyecto_taxi_carga\Taxi_carga_bot\taxicarga_whatsapp_bot\.venv\Lib\site-packages\django\templ
ate\base.py", line 972, in _resolve_lookup
    if isinstance(current, BaseContext) and getattr(
                                            ~~~~~~~^
        type(current), bit
        ^^^^^^^^^^^^^^^^^^
    ):
    ^
AttributeError: type object 'RequestContext' has no attribute 'editando'

During handling of the above exception, another exception occurred:

Traceback (most recent call last):
  File "D:\DESARROLLO_IA\Proyecto_taxi_carga\Taxi_carga_bot\taxicarga_whatsapp_bot\.venv\Lib\site-packages\django\templ
ate\base.py", line 982, in _resolve_lookup
    current = current[int(bit)]
                      ~~~^^^^^
ValueError: invalid literal for int() with base 10: 'editando'

During handling of the above exception, another exception occurred:

Traceback (most recent call last):
  File "D:\DESARROLLO_IA\Proyecto_taxi_carga\Taxi_carga_bot\taxicarga_whatsapp_bot\.venv\Lib\site-packages\django\templ
ate\base.py", line 989, in _resolve_lookup
    raise VariableDoesNotExist(
    ^^^^^^^^^^^^^^^^^^^^^^^^^^^
    ...<2 lines>...
    )  # missing attribute
    ^
django.template.base.VariableDoesNotExist: Failed lookup for key [editando] in [{'True': True, 'False': False, 'None': 
None}, {'csrf_token': <SimpleLazyObject: 'ZDbbug3KOwCnEoX6n96f1SigNzYPx8SkpSHXcGc0E1KByYqtpCBPJsWAL8ioBmpR'>, 
'request': <WSGIRequest: GET '/dashboard/servicios/nuevo/'>, 'user': <SimpleLazyObject: <User: supervisor>>, 'perms': 
PermWrapper(<SimpleLazyObject: <User: supervisor>>), 'messages': <FallbackStorage: request=<WSGIRequest: GET 
'/dashboard/servicios/nuevo/'>>, 'DEFAULT_MESSAGE_LEVELS': {'DEBUG': 10, 'INFO': 20, 'SUCCESS': 25, 'WARNING': 30, 
'ERROR': 40}, 'is_admin': False, 'is_supervisor': True, 'is_asesor': False, 'is_conductor': False, 'is_ayudante': 
False, 'header_canales': [], 'header_channel_id': None}, {}, {'form': <ReservaForm bound=False, valid=False, fields=(di
reccion_origen;piso_origen;direccion_destino;piso_destino;detalle_carga;tipo_embalaje;tipo_comprobante;fecha_servicio;h
orario_servicio;precio;observaciones;lead_origen;cliente_nombre;cliente_telefono;cliente_documento;cliente_correo;clien
te_ruc;cliente_razon_social;cliente_id;acceso_origen_opciones;acceso_destino_opciones;requisitos_especiales)>, 
'titulo': 'Nueva Reserva', 'submit_label': 'Crear Reserva', 'active_section': 'servicios', 'lead_id': None}, {'block': 
<Block Node: extra_scripts. Contents: [<TextNode: '\n<script>\n(function() {\n '>, <IfNode>, <TextNode: ',\n        
nuevoCliente: f'>, <IfNode>, <TextNode: ',\n        '>, <IfNode>, <TextNode: '\n        selectedDate: fe'>, <Variable 
Node: form.acceso_origen_opciones.value|default:""|join:"+">, <TextNode: "',\n        accesoDestino:">, <Variable 
Node: form.acceso_destino_opciones.value|default:""|join:"+">, <TextNode: "',\n      };\n    },\n    mo">]>}]
[DEBUG] 2026-08-13 21:19:30,286 base Exception while resolving variable 'editando' in template 
'servicios/reserva_form.html'.
Traceback (most recent call last):
  File "D:\DESARROLLO_IA\Proyecto_taxi_carga\Taxi_carga_bot\taxicarga_whatsapp_bot\.venv\Lib\site-packages\django\templ
ate\base.py", line 965, in _resolve_lookup
    current = current[bit]
              ~~~~~~~^^^^^
  File "D:\DESARROLLO_IA\Proyecto_taxi_carga\Taxi_carga_bot\taxicarga_whatsapp_bot\.venv\Lib\site-packages\django\templ
ate\context.py", line 91, in __getitem__
    raise KeyError(key)
KeyError: 'editando'

During handling of the above exception, another exception occurred:

Traceback (most recent call last):
  File "D:\DESARROLLO_IA\Proyecto_taxi_carga\Taxi_carga_bot\taxicarga_whatsapp_bot\.venv\Lib\site-packages\django\templ
ate\base.py", line 972, in _resolve_lookup
    if isinstance(current, BaseContext) and getattr(
                                            ~~~~~~~^
        type(current), bit
        ^^^^^^^^^^^^^^^^^^
    ):
    ^
AttributeError: type object 'RequestContext' has no attribute 'editando'

During handling of the above exception, another exception occurred:

Traceback (most recent call last):
  File "D:\DESARROLLO_IA\Proyecto_taxi_carga\Taxi_carga_bot\taxicarga_whatsapp_bot\.venv\Lib\site-packages\django\templ
ate\base.py", line 982, in _resolve_lookup
    current = current[int(bit)]
                      ~~~^^^^^
ValueError: invalid literal for int() with base 10: 'editando'

During handling of the above exception, another exception occurred:

Traceback (most recent call last):
  File "D:\DESARROLLO_IA\Proyecto_taxi_carga\Taxi_carga_bot\taxicarga_whatsapp_bot\.venv\Lib\site-packages\django\templ
ate\base.py", line 989, in _resolve_lookup
    raise VariableDoesNotExist(
    ^^^^^^^^^^^^^^^^^^^^^^^^^^^
    ...<2 lines>...
    )  # missing attribute
    ^
django.template.base.VariableDoesNotExist: Failed lookup for key [editando] in [{'True': True, 'False': False, 'None': 
None}, {'csrf_token': <SimpleLazyObject: 'ZDbbug3KOwCnEoX6n96f1SigNzYPx8SkpSHXcGc0E1KByYqtpCBPJsWAL8ioBmpR'>, 
'request': <WSGIRequest: GET '/dashboard/servicios/nuevo/'>, 'user': <SimpleLazyObject: <User: supervisor>>, 'perms': 
PermWrapper(<SimpleLazyObject: <User: supervisor>>), 'messages': <FallbackStorage: request=<WSGIRequest: GET 
'/dashboard/servicios/nuevo/'>>, 'DEFAULT_MESSAGE_LEVELS': {'DEBUG': 10, 'INFO': 20, 'SUCCESS': 25, 'WARNING': 30, 
'ERROR': 40}, 'is_admin': False, 'is_supervisor': True, 'is_asesor': False, 'is_conductor': False, 'is_ayudante': 
False, 'header_canales': [], 'header_channel_id': None}, {}, {'form': <ReservaForm bound=False, valid=False, fields=(di
reccion_origen;piso_origen;direccion_destino;piso_destino;detalle_carga;tipo_embalaje;tipo_comprobante;fecha_servicio;h
orario_servicio;precio;observaciones;lead_origen;cliente_nombre;cliente_telefono;cliente_documento;cliente_correo;clien
te_ruc;cliente_razon_social;cliente_id;acceso_origen_opciones;acceso_destino_opciones;requisitos_especiales)>, 
'titulo': 'Nueva Reserva', 'submit_label': 'Crear Reserva', 'active_section': 'servicios', 'lead_id': None}, {'block': 
<Block Node: extra_scripts. Contents: [<TextNode: '\n<script>\n(function() {\n '>, <IfNode>, <TextNode: ',\n        
nuevoCliente: f'>, <IfNode>, <TextNode: ',\n        '>, <IfNode>, <TextNode: '\n        selectedDate: fe'>, <Variable 
Node: form.acceso_origen_opciones.value|default:""|join:"+">, <TextNode: "',\n        accesoDestino:">, <Variable 
Node: form.acceso_destino_opciones.value|default:""|join:"+">, <TextNode: "',\n      };\n    },\n    mo">]>}]
[DEBUG] 2026-08-13 21:19:30,287 base Exception while resolving variable 'editando' in template 
'servicios/reserva_form.html'.
Traceback (most recent call last):
  File "D:\DESARROLLO_IA\Proyecto_taxi_carga\Taxi_carga_bot\taxicarga_whatsapp_bot\.venv\Lib\site-packages\django\templ
ate\base.py", line 965, in _resolve_lookup
    current = current[bit]
              ~~~~~~~^^^^^
  File "D:\DESARROLLO_IA\Proyecto_taxi_carga\Taxi_carga_bot\taxicarga_whatsapp_bot\.venv\Lib\site-packages\django\templ
ate\context.py", line 91, in __getitem__
    raise KeyError(key)
KeyError: 'editando'

During handling of the above exception, another exception occurred:

Traceback (most recent call last):
  File "D:\DESARROLLO_IA\Proyecto_taxi_carga\Taxi_carga_bot\taxicarga_whatsapp_bot\.venv\Lib\site-packages\django\templ
ate\base.py", line 972, in _resolve_lookup
    if isinstance(current, BaseContext) and getattr(
                                            ~~~~~~~^
        type(current), bit
        ^^^^^^^^^^^^^^^^^^
    ):
    ^
AttributeError: type object 'RequestContext' has no attribute 'editando'

During handling of the above exception, another exception occurred:

Traceback (most recent call last):
  File "D:\DESARROLLO_IA\Proyecto_taxi_carga\Taxi_carga_bot\taxicarga_whatsapp_bot\.venv\Lib\site-packages\django\templ
ate\base.py", line 982, in _resolve_lookup
    current = current[int(bit)]
                      ~~~^^^^^
ValueError: invalid literal for int() with base 10: 'editando'

During handling of the above exception, another exception occurred:

Traceback (most recent call last):
  File "D:\DESARROLLO_IA\Proyecto_taxi_carga\Taxi_carga_bot\taxicarga_whatsapp_bot\.venv\Lib\site-packages\django\templ
ate\base.py", line 989, in _resolve_lookup
    raise VariableDoesNotExist(
    ^^^^^^^^^^^^^^^^^^^^^^^^^^^
    ...<2 lines>...
    )  # missing attribute
    ^
django.template.base.VariableDoesNotExist: Failed lookup for key [editando] in [{'True': True, 'False': False, 'None': 
None}, {'csrf_token': <SimpleLazyObject: 'ZDbbug3KOwCnEoX6n96f1SigNzYPx8SkpSHXcGc0E1KByYqtpCBPJsWAL8ioBmpR'>, 
'request': <WSGIRequest: GET '/dashboard/servicios/nuevo/'>, 'user': <SimpleLazyObject: <User: supervisor>>, 'perms': 
PermWrapper(<SimpleLazyObject: <User: supervisor>>), 'messages': <FallbackStorage: request=<WSGIRequest: GET 
'/dashboard/servicios/nuevo/'>>, 'DEFAULT_MESSAGE_LEVELS': {'DEBUG': 10, 'INFO': 20, 'SUCCESS': 25, 'WARNING': 30, 
'ERROR': 40}, 'is_admin': False, 'is_supervisor': True, 'is_asesor': False, 'is_conductor': False, 'is_ayudante': 
False, 'header_canales': [], 'header_channel_id': None}, {}, {'form': <ReservaForm bound=False, valid=False, fields=(di
reccion_origen;piso_origen;direccion_destino;piso_destino;detalle_carga;tipo_embalaje;tipo_comprobante;fecha_servicio;h
orario_servicio;precio;observaciones;lead_origen;cliente_nombre;cliente_telefono;cliente_documento;cliente_correo;clien
te_ruc;cliente_razon_social;cliente_id;acceso_origen_opciones;acceso_destino_opciones;requisitos_especiales)>, 
'titulo': 'Nueva Reserva', 'submit_label': 'Crear Reserva', 'active_section': 'servicios', 'lead_id': None}, {'block': 
<Block Node: extra_scripts. Contents: [<TextNode: '\n<script>\n(function() {\n '>, <IfNode>, <TextNode: ',\n        
nuevoCliente: f'>, <IfNode>, <TextNode: ',\n        '>, <IfNode>, <TextNode: '\n        selectedDate: fe'>, <Variable 
Node: form.acceso_origen_opciones.value|default:""|join:"+">, <TextNode: "',\n        accesoDestino:">, <Variable 
Node: form.acceso_destino_opciones.value|default:""|join:"+">, <TextNode: "',\n      };\n    },\n    mo">]>}]
...[DEBUG] 2026-08-13 21:19:31,325 base Exception while resolving variable 'next_url' in template 
'servicios/confirmar_cancelacion.html'.
Traceback (most recent call last):
  File "D:\DESARROLLO_IA\Proyecto_taxi_carga\Taxi_carga_bot\taxicarga_whatsapp_bot\.venv\Lib\site-packages\django\templ
ate\base.py", line 965, in _resolve_lookup
    current = current[bit]
              ~~~~~~~^^^^^
  File "D:\DESARROLLO_IA\Proyecto_taxi_carga\Taxi_carga_bot\taxicarga_whatsapp_bot\.venv\Lib\site-packages\django\templ
ate\context.py", line 91, in __getitem__
    raise KeyError(key)
KeyError: 'next_url'

During handling of the above exception, another exception occurred:

Traceback (most recent call last):
  File "D:\DESARROLLO_IA\Proyecto_taxi_carga\Taxi_carga_bot\taxicarga_whatsapp_bot\.venv\Lib\site-packages\django\templ
ate\base.py", line 972, in _resolve_lookup
    if isinstance(current, BaseContext) and getattr(
                                            ~~~~~~~^
        type(current), bit
        ^^^^^^^^^^^^^^^^^^
    ):
    ^
AttributeError: type object 'RequestContext' has no attribute 'next_url'

During handling of the above exception, another exception occurred:

Traceback (most recent call last):
  File "D:\DESARROLLO_IA\Proyecto_taxi_carga\Taxi_carga_bot\taxicarga_whatsapp_bot\.venv\Lib\site-packages\django\templ
ate\base.py", line 982, in _resolve_lookup
    current = current[int(bit)]
                      ~~~^^^^^
ValueError: invalid literal for int() with base 10: 'next_url'

During handling of the above exception, another exception occurred:

Traceback (most recent call last):
  File "D:\DESARROLLO_IA\Proyecto_taxi_carga\Taxi_carga_bot\taxicarga_whatsapp_bot\.venv\Lib\site-packages\django\templ
ate\base.py", line 989, in _resolve_lookup
    raise VariableDoesNotExist(
    ^^^^^^^^^^^^^^^^^^^^^^^^^^^
    ...<2 lines>...
    )  # missing attribute
    ^
django.template.base.VariableDoesNotExist: Failed lookup for key [next_url] in [{'True': True, 'False': False, 'None': 
None}, {'csrf_token': <SimpleLazyObject: 'U5Co4ARCUjsNNXjJqgi4NSpXDcnBPQEByjUdKGuTPQNL6jIZGqjN6uM7b0GxjgKA'>, 
'request': <WSGIRequest: POST '/dashboard/servicios/1/cancelar/'>, 'user': <SimpleLazyObject: <User: admin>>, 'perms': 
PermWrapper(<SimpleLazyObject: <User: admin>>), 'messages': <FallbackStorage: request=<WSGIRequest: POST 
'/dashboard/servicios/1/cancelar/'>>, 'DEFAULT_MESSAGE_LEVELS': {'DEBUG': 10, 'INFO': 20, 'SUCCESS': 25, 'WARNING': 
30, 'ERROR': 40}, 'is_admin': True, 'is_supervisor': False, 'is_asesor': False, 'is_conductor': False, 'is_ayudante': 
False, 'header_canales': [], 'header_channel_id': None}, {}, {'servicio': <Servicio: SVC-0001 - Cancel>, 
'active_section': 'servicios'}, {'block': <Block Node: content. Contents: [<TextNode: '\n<div id="app">\n  <v-app>'>, 
<Variable Node: servicio.codigo>, <TextNode: '</strong> —\n            '>, <Variable Node: 
servicio.cliente.nombre|default:"">, <TextNode: '?\n          </p>\n        '>, <Variable Node: 
servicio.estado|estado_color>, <TextNode: '" variant="tonal" label s'>, <Variable Node: servicio.get_estado_display>, 
<TextNode: '\n          </v-chip>\n\n   '>, <django.template.defaulttags.CsrfTokenNode object at 0x0000013B977BA2E0>, 
<TextNode: '\n            '>, <IfNode>, <TextNode: '\n            <label style'>, <IfNode>, <TextNode: '" class="v-btn 
v-theme--l'>]>}]
[DEBUG] 2026-08-13 21:19:31,326 base Exception while resolving variable 'next_url' in template 
'servicios/confirmar_cancelacion.html'.
Traceback (most recent call last):
  File "D:\DESARROLLO_IA\Proyecto_taxi_carga\Taxi_carga_bot\taxicarga_whatsapp_bot\.venv\Lib\site-packages\django\templ
ate\base.py", line 965, in _resolve_lookup
    current = current[bit]
              ~~~~~~~^^^^^
  File "D:\DESARROLLO_IA\Proyecto_taxi_carga\Taxi_carga_bot\taxicarga_whatsapp_bot\.venv\Lib\site-packages\django\templ
ate\context.py", line 91, in __getitem__
    raise KeyError(key)
KeyError: 'next_url'

During handling of the above exception, another exception occurred:

Traceback (most recent call last):
  File "D:\DESARROLLO_IA\Proyecto_taxi_carga\Taxi_carga_bot\taxicarga_whatsapp_bot\.venv\Lib\site-packages\django\templ
ate\base.py", line 972, in _resolve_lookup
    if isinstance(current, BaseContext) and getattr(
                                            ~~~~~~~^
        type(current), bit
        ^^^^^^^^^^^^^^^^^^
    ):
    ^
AttributeError: type object 'RequestContext' has no attribute 'next_url'

During handling of the above exception, another exception occurred:

Traceback (most recent call last):
  File "D:\DESARROLLO_IA\Proyecto_taxi_carga\Taxi_carga_bot\taxicarga_whatsapp_bot\.venv\Lib\site-packages\django\templ
ate\base.py", line 982, in _resolve_lookup
    current = current[int(bit)]
                      ~~~^^^^^
ValueError: invalid literal for int() with base 10: 'next_url'

During handling of the above exception, another exception occurred:

Traceback (most recent call last):
  File "D:\DESARROLLO_IA\Proyecto_taxi_carga\Taxi_carga_bot\taxicarga_whatsapp_bot\.venv\Lib\site-packages\django\templ
ate\base.py", line 989, in _resolve_lookup
    raise VariableDoesNotExist(
    ^^^^^^^^^^^^^^^^^^^^^^^^^^^
    ...<2 lines>...
    )  # missing attribute
    ^
django.template.base.VariableDoesNotExist: Failed lookup for key [next_url] in [{'True': True, 'False': False, 'None': 
None}, {'csrf_token': <SimpleLazyObject: 'U5Co4ARCUjsNNXjJqgi4NSpXDcnBPQEByjUdKGuTPQNL6jIZGqjN6uM7b0GxjgKA'>, 
'request': <WSGIRequest: POST '/dashboard/servicios/1/cancelar/'>, 'user': <SimpleLazyObject: <User: admin>>, 'perms': 
PermWrapper(<SimpleLazyObject: <User: admin>>), 'messages': <FallbackStorage: request=<WSGIRequest: POST 
'/dashboard/servicios/1/cancelar/'>>, 'DEFAULT_MESSAGE_LEVELS': {'DEBUG': 10, 'INFO': 20, 'SUCCESS': 25, 'WARNING': 
30, 'ERROR': 40}, 'is_admin': True, 'is_supervisor': False, 'is_asesor': False, 'is_conductor': False, 'is_ayudante': 
False, 'header_canales': [], 'header_channel_id': None}, {}, {'servicio': <Servicio: SVC-0001 - Cancel>, 
'active_section': 'servicios'}, {'block': <Block Node: content. Contents: [<TextNode: '\n<div id="app">\n  <v-app>'>, 
<Variable Node: servicio.codigo>, <TextNode: '</strong> —\n            '>, <Variable Node: 
servicio.cliente.nombre|default:"">, <TextNode: '?\n          </p>\n        '>, <Variable Node: 
servicio.estado|estado_color>, <TextNode: '" variant="tonal" label s'>, <Variable Node: servicio.get_estado_display>, 
<TextNode: '\n          </v-chip>\n\n   '>, <django.template.defaulttags.CsrfTokenNode object at 0x0000013B977BA2E0>, 
<TextNode: '\n            '>, <IfNode>, <TextNode: '\n            <label style'>, <IfNode>, <TextNode: '" class="v-btn 
v-theme--l'>]>}]
.[DEBUG] 2026-08-13 21:19:31,841 base Exception while resolving variable 'editando' in template 
'servicios/reserva_form.html'.
Traceback (most recent call last):
  File "D:\DESARROLLO_IA\Proyecto_taxi_carga\Taxi_carga_bot\taxicarga_whatsapp_bot\.venv\Lib\site-packages\django\templ
ate\base.py", line 965, in _resolve_lookup
    current = current[bit]
              ~~~~~~~^^^^^
  File "D:\DESARROLLO_IA\Proyecto_taxi_carga\Taxi_carga_bot\taxicarga_whatsapp_bot\.venv\Lib\site-packages\django\templ
ate\context.py", line 91, in __getitem__
    raise KeyError(key)
KeyError: 'editando'

During handling of the above exception, another exception occurred:

Traceback (most recent call last):
  File "D:\DESARROLLO_IA\Proyecto_taxi_carga\Taxi_carga_bot\taxicarga_whatsapp_bot\.venv\Lib\site-packages\django\templ
ate\base.py", line 972, in _resolve_lookup
    if isinstance(current, BaseContext) and getattr(
                                            ~~~~~~~^
        type(current), bit
        ^^^^^^^^^^^^^^^^^^
    ):
    ^
AttributeError: type object 'RequestContext' has no attribute 'editando'

During handling of the above exception, another exception occurred:

Traceback (most recent call last):
  File "D:\DESARROLLO_IA\Proyecto_taxi_carga\Taxi_carga_bot\taxicarga_whatsapp_bot\.venv\Lib\site-packages\django\templ
ate\base.py", line 982, in _resolve_lookup
    current = current[int(bit)]
                      ~~~^^^^^
ValueError: invalid literal for int() with base 10: 'editando'

During handling of the above exception, another exception occurred:

Traceback (most recent call last):
  File "D:\DESARROLLO_IA\Proyecto_taxi_carga\Taxi_carga_bot\taxicarga_whatsapp_bot\.venv\Lib\site-packages\django\templ
ate\base.py", line 989, in _resolve_lookup
    raise VariableDoesNotExist(
    ^^^^^^^^^^^^^^^^^^^^^^^^^^^
    ...<2 lines>...
    )  # missing attribute
    ^
django.template.base.VariableDoesNotExist: Failed lookup for key [editando] in [{'True': True, 'False': False, 'None': 
None}, {'csrf_token': <SimpleLazyObject: 'DENtiuC3xGl1rk7kdhCktc4Wzsmhzt1SgBG9Ce2TiakXNB4bseCjQp8lODDhuLQN'>, 
'request': <WSGIRequest: GET '/dashboard/servicios/nuevo/?lead=1'>, 'user': <SimpleLazyObject: <User: admin>>, 
'perms': PermWrapper(<SimpleLazyObject: <User: admin>>), 'messages': <FallbackStorage: request=<WSGIRequest: GET 
'/dashboard/servicios/nuevo/?lead=1'>>, 'DEFAULT_MESSAGE_LEVELS': {'DEBUG': 10, 'INFO': 20, 'SUCCESS': 25, 'WARNING': 
30, 'ERROR': 40}, 'is_admin': True, 'is_supervisor': False, 'is_asesor': False, 'is_conductor': False, 'is_ayudante': 
False, 'header_canales': [], 'header_channel_id': None}, {}, {'form': <ReservaForm bound=False, valid=Unknown, fields=(
direccion_origen;piso_origen;direccion_destino;piso_destino;detalle_carga;tipo_embalaje;tipo_comprobante;fecha_servicio
;horario_servicio;precio;observaciones;lead_origen;cliente_nombre;cliente_telefono;cliente_documento;cliente_correo;cli
ente_ruc;cliente_razon_social;cliente_id;acceso_origen_opciones;acceso_destino_opciones;requisitos_especiales)>, 
'titulo': 'Nueva Reserva', 'submit_label': 'Crear Reserva', 'active_section': 'servicios', 'lead_id': '1'}, {'block': 
<Block Node: content. Contents: [<TextNode: '\n<div id="app">\n  <v-app>'>, <django.template.defaulttags.CommentNode 
object at 0x0000013B8F8CC530>, <TextNode: '\n      <div class="d-flex'>, <Variable Node: titulo>, <TextNode: '</h1>\n  
        '>, <IfNode>, <TextNode: '\n        </div>\n        <'>, <IfNode>, <TextNode: '"\n            style="padd'>, 
<Variable Node: submit_label>, <TextNode: '\n          </button>\n    '>, <django.template.defaulttags.CsrfTokenNode 
object at 0x0000013B9281A1D0>, <TextNode: '\n        '>, <IfNode>, <TextNode: '\n        '>, <Variable Node: 
form.lead_origen>, <TextNode: '\n        '>, <Variable Node: form.cliente_id>, <TextNode: '\n\n        '>, <IfNode>, 
<TextNode: '\n\n        '>, <django.template.defaulttags.CommentNode object at 0x0000013B92521190>, <TextNode: '\n     
   <v-card class="r'>, <IfNode>, <TextNode: '\n          </div>\n       '>, <IfNode>, <TextNode: '\n            <div 
class="'>, <Variable Node: form.cliente_nombre.value|default:''>, <TextNode: '" required\n              '>, <IfNode>, 
<TextNode: '\n\n            <div class='>, <Variable Node: form.cliente_telefono.value|default:''>, <TextNode: '" 
required\n              '>, <IfNode>, <TextNode: '\n\n            <div class='>, <Variable Node: 
form.cliente_documento.value|default:''>, <TextNode: '"\n                  v-mod'>, <Variable Node: 
form.cliente_correo.value|default:''>, <TextNode: '">\n              </div>\n '>, <Variable Node: 
form.cliente_ruc.value|default:''>, <TextNode: '">\n              </div>\n '>, <Variable Node: 
form.cliente_razon_social.value|default:''>, <TextNode: '">\n              </div>\n '>, 
<django.template.defaulttags.CommentNode object at 0x0000013B942ACE90>, <TextNode: '\n        <v-card class="r'>, 
<Variable Node: form.direccion_origen.value|default:''>, <TextNode: '" maxlength="255"\n       '>, <IfNode>, 
<TextNode: '\n                <div cla'>, <Variable Node: form.piso_origen.value|default:''>, <TextNode: '" 
maxlength="20"\n        '>, <IfNode>, <TextNode: '\n                <div cla'>, <ForNode: for checkbox in 
form.acceso_origen_opciones, tail_len: 5>, <TextNode: '\n                  </div>'>, <IfNode>, <TextNode: '\n          
    </v-col>\n\n'>, <Variable Node: form.direccion_destino.value|default:''>, <TextNode: '" maxlength="255"\n       
'>, <IfNode>, <TextNode: '\n                <div cla'>, <Variable Node: form.piso_destino.value|default:''>, 
<TextNode: '" maxlength="20"\n        '>, <IfNode>, <TextNode: '\n                <div cla'>, <ForNode: for checkbox 
in form.acceso_destino_opciones, tail_len: 5>, <TextNode: '\n                  </div>'>, <IfNode>, <TextNode: '\n      
        </v-col>\n '>, <django.template.defaulttags.CommentNode object at 0x0000013B942AFC50>, <TextNode: '\n        
<v-card class="r'>, <Variable Node: form.detalle_carga.value|default:''>, <TextNode: '</textarea>\n            <'>, 
<IfNode>, <TextNode: '\n\n            <v-divider '>, <ForNode: for radio in form.tipo_embalaje, tail_len: 5>, 
<TextNode: '\n                </div>\n '>, <IfNode>, <TextNode: '\n              </v-col>\n '>, <ForNode: for checkbox 
in form.requisitos_especiales, tail_len: 9>, <TextNode: '\n                </div>\n '>, <IfNode>, <TextNode: '\n       
         <div sty'>, <django.template.defaulttags.CommentNode object at 0x0000013B940D5AF0>, <TextNode: '\n        
<v-card class="r'>, <Variable Node: form.precio.value|default:''>, <TextNode: '" id="id_precio">\n       '>, <IfNode>, 
<TextNode: '\n              </v-col>\n '>, <ForNode: for radio in form.tipo_comprobante, tail_len: 5>, <TextNode: '\n  
              </div>\n '>, <IfNode>, <TextNode: '\n              </v-col>\n '>, 
<django.template.defaulttags.CommentNode object at 0x0000013B940D5C10>, <TextNode: '\n        <v-card class="r'>, 
<Variable Node: form.horario_servicio.value|default:''>, <TextNode: '\'">\n                    ['>, <IfNode>, 
<TextNode: '\n            '>, <IfNode>, <TextNode: '\n          </div>\n       '>, 
<django.template.defaulttags.CommentNode object at 0x0000013B940D6570>, <TextNode: '\n        <v-card class="r'>, 
<Variable Node: form.observaciones.value|default:''>, <TextNode: '</textarea>\n          </d'>, <IfNode>, <TextNode: 
'"\n              style="pa'>, <Variable Node: submit_label>, <TextNode: '\n            </button>\n  '>, 
<django.template.defaulttags.CommentNode object at 0x0000013B8F5A1AF0>, <TextNode: '\n        <v-card class="r'>]>}]
[DEBUG] 2026-08-13 21:19:31,842 base Exception while resolving variable 'next_url' in template 
'servicios/reserva_form.html'.
Traceback (most recent call last):
  File "D:\DESARROLLO_IA\Proyecto_taxi_carga\Taxi_carga_bot\taxicarga_whatsapp_bot\.venv\Lib\site-packages\django\templ
ate\base.py", line 965, in _resolve_lookup
    current = current[bit]
              ~~~~~~~^^^^^
  File "D:\DESARROLLO_IA\Proyecto_taxi_carga\Taxi_carga_bot\taxicarga_whatsapp_bot\.venv\Lib\site-packages\django\templ
ate\context.py", line 91, in __getitem__
    raise KeyError(key)
KeyError: 'next_url'

During handling of the above exception, another exception occurred:

Traceback (most recent call last):
  File "D:\DESARROLLO_IA\Proyecto_taxi_carga\Taxi_carga_bot\taxicarga_whatsapp_bot\.venv\Lib\site-packages\django\templ
ate\base.py", line 972, in _resolve_lookup
    if isinstance(current, BaseContext) and getattr(
                                            ~~~~~~~^
        type(current), bit
        ^^^^^^^^^^^^^^^^^^
    ):
    ^
AttributeError: type object 'RequestContext' has no attribute 'next_url'

During handling of the above exception, another exception occurred:

Traceback (most recent call last):
  File "D:\DESARROLLO_IA\Proyecto_taxi_carga\Taxi_carga_bot\taxicarga_whatsapp_bot\.venv\Lib\site-packages\django\templ
ate\base.py", line 982, in _resolve_lookup
    current = current[int(bit)]
                      ~~~^^^^^
ValueError: invalid literal for int() with base 10: 'next_url'

During handling of the above exception, another exception occurred:

Traceback (most recent call last):
  File "D:\DESARROLLO_IA\Proyecto_taxi_carga\Taxi_carga_bot\taxicarga_whatsapp_bot\.venv\Lib\site-packages\django\templ
ate\base.py", line 989, in _resolve_lookup
    raise VariableDoesNotExist(
    ^^^^^^^^^^^^^^^^^^^^^^^^^^^
    ...<2 lines>...
    )  # missing attribute
    ^
django.template.base.VariableDoesNotExist: Failed lookup for key [next_url] in [{'True': True, 'False': False, 'None': 
None}, {'csrf_token': <SimpleLazyObject: 'DENtiuC3xGl1rk7kdhCktc4Wzsmhzt1SgBG9Ce2TiakXNB4bseCjQp8lODDhuLQN'>, 
'request': <WSGIRequest: GET '/dashboard/servicios/nuevo/?lead=1'>, 'user': <SimpleLazyObject: <User: admin>>, 
'perms': PermWrapper(<SimpleLazyObject: <User: admin>>), 'messages': <FallbackStorage: request=<WSGIRequest: GET 
'/dashboard/servicios/nuevo/?lead=1'>>, 'DEFAULT_MESSAGE_LEVELS': {'DEBUG': 10, 'INFO': 20, 'SUCCESS': 25, 'WARNING': 
30, 'ERROR': 40}, 'is_admin': True, 'is_supervisor': False, 'is_asesor': False, 'is_conductor': False, 'is_ayudante': 
False, 'header_canales': [], 'header_channel_id': None}, {}, {'form': <ReservaForm bound=False, valid=Unknown, fields=(
direccion_origen;piso_origen;direccion_destino;piso_destino;detalle_carga;tipo_embalaje;tipo_comprobante;fecha_servicio
;horario_servicio;precio;observaciones;lead_origen;cliente_nombre;cliente_telefono;cliente_documento;cliente_correo;cli
ente_ruc;cliente_razon_social;cliente_id;acceso_origen_opciones;acceso_destino_opciones;requisitos_especiales)>, 
'titulo': 'Nueva Reserva', 'submit_label': 'Crear Reserva', 'active_section': 'servicios', 'lead_id': '1'}, {'block': 
<Block Node: content. Contents: [<TextNode: '\n<div id="app">\n  <v-app>'>, <django.template.defaulttags.CommentNode 
object at 0x0000013B8F8CC530>, <TextNode: '\n      <div class="d-flex'>, <Variable Node: titulo>, <TextNode: '</h1>\n  
        '>, <IfNode>, <TextNode: '\n        </div>\n        <'>, <IfNode>, <TextNode: '"\n            style="padd'>, 
<Variable Node: submit_label>, <TextNode: '\n          </button>\n    '>, <django.template.defaulttags.CsrfTokenNode 
object at 0x0000013B9281A1D0>, <TextNode: '\n        '>, <IfNode>, <TextNode: '\n        '>, <Variable Node: 
form.lead_origen>, <TextNode: '\n        '>, <Variable Node: form.cliente_id>, <TextNode: '\n\n        '>, <IfNode>, 
<TextNode: '\n\n        '>, <django.template.defaulttags.CommentNode object at 0x0000013B92521190>, <TextNode: '\n     
   <v-card class="r'>, <IfNode>, <TextNode: '\n          </div>\n       '>, <IfNode>, <TextNode: '\n            <div 
class="'>, <Variable Node: form.cliente_nombre.value|default:''>, <TextNode: '" required\n              '>, <IfNode>, 
<TextNode: '\n\n            <div class='>, <Variable Node: form.cliente_telefono.value|default:''>, <TextNode: '" 
required\n              '>, <IfNode>, <TextNode: '\n\n            <div class='>, <Variable Node: 
form.cliente_documento.value|default:''>, <TextNode: '"\n                  v-mod'>, <Variable Node: 
form.cliente_correo.value|default:''>, <TextNode: '">\n              </div>\n '>, <Variable Node: 
form.cliente_ruc.value|default:''>, <TextNode: '">\n              </div>\n '>, <Variable Node: 
form.cliente_razon_social.value|default:''>, <TextNode: '">\n              </div>\n '>, 
<django.template.defaulttags.CommentNode object at 0x0000013B942ACE90>, <TextNode: '\n        <v-card class="r'>, 
<Variable Node: form.direccion_origen.value|default:''>, <TextNode: '" maxlength="255"\n       '>, <IfNode>, 
<TextNode: '\n                <div cla'>, <Variable Node: form.piso_origen.value|default:''>, <TextNode: '" 
maxlength="20"\n        '>, <IfNode>, <TextNode: '\n                <div cla'>, <ForNode: for checkbox in 
form.acceso_origen_opciones, tail_len: 5>, <TextNode: '\n                  </div>'>, <IfNode>, <TextNode: '\n          
    </v-col>\n\n'>, <Variable Node: form.direccion_destino.value|default:''>, <TextNode: '" maxlength="255"\n       
'>, <IfNode>, <TextNode: '\n                <div cla'>, <Variable Node: form.piso_destino.value|default:''>, 
<TextNode: '" maxlength="20"\n        '>, <IfNode>, <TextNode: '\n                <div cla'>, <ForNode: for checkbox 
in form.acceso_destino_opciones, tail_len: 5>, <TextNode: '\n                  </div>'>, <IfNode>, <TextNode: '\n      
        </v-col>\n '>, <django.template.defaulttags.CommentNode object at 0x0000013B942AFC50>, <TextNode: '\n        
<v-card class="r'>, <Variable Node: form.detalle_carga.value|default:''>, <TextNode: '</textarea>\n            <'>, 
<IfNode>, <TextNode: '\n\n            <v-divider '>, <ForNode: for radio in form.tipo_embalaje, tail_len: 5>, 
<TextNode: '\n                </div>\n '>, <IfNode>, <TextNode: '\n              </v-col>\n '>, <ForNode: for checkbox 
in form.requisitos_especiales, tail_len: 9>, <TextNode: '\n                </div>\n '>, <IfNode>, <TextNode: '\n       
         <div sty'>, <django.template.defaulttags.CommentNode object at 0x0000013B940D5AF0>, <TextNode: '\n        
<v-card class="r'>, <Variable Node: form.precio.value|default:''>, <TextNode: '" id="id_precio">\n       '>, <IfNode>, 
<TextNode: '\n              </v-col>\n '>, <ForNode: for radio in form.tipo_comprobante, tail_len: 5>, <TextNode: '\n  
              </div>\n '>, <IfNode>, <TextNode: '\n              </v-col>\n '>, 
<django.template.defaulttags.CommentNode object at 0x0000013B940D5C10>, <TextNode: '\n        <v-card class="r'>, 
<Variable Node: form.horario_servicio.value|default:''>, <TextNode: '\'">\n                    ['>, <IfNode>, 
<TextNode: '\n            '>, <IfNode>, <TextNode: '\n          </div>\n       '>, 
<django.template.defaulttags.CommentNode object at 0x0000013B940D6570>, <TextNode: '\n        <v-card class="r'>, 
<Variable Node: form.observaciones.value|default:''>, <TextNode: '</textarea>\n          </d'>, <IfNode>, <TextNode: 
'"\n              style="pa'>, <Variable Node: submit_label>, <TextNode: '\n            </button>\n  '>, 
<django.template.defaulttags.CommentNode object at 0x0000013B8F5A1AF0>, <TextNode: '\n        <v-card class="r'>]>}]
[DEBUG] 2026-08-13 21:19:31,843 base Exception while resolving variable 'next_url' in template 
'servicios/reserva_form.html'.
Traceback (most recent call last):
  File "D:\DESARROLLO_IA\Proyecto_taxi_carga\Taxi_carga_bot\taxicarga_whatsapp_bot\.venv\Lib\site-packages\django\templ
ate\base.py", line 965, in _resolve_lookup
    current = current[bit]
              ~~~~~~~^^^^^
  File "D:\DESARROLLO_IA\Proyecto_taxi_carga\Taxi_carga_bot\taxicarga_whatsapp_bot\.venv\Lib\site-packages\django\templ
ate\context.py", line 91, in __getitem__
    raise KeyError(key)
KeyError: 'next_url'

During handling of the above exception, another exception occurred:

Traceback (most recent call last):
  File "D:\DESARROLLO_IA\Proyecto_taxi_carga\Taxi_carga_bot\taxicarga_whatsapp_bot\.venv\Lib\site-packages\django\templ
ate\base.py", line 972, in _resolve_lookup
    if isinstance(current, BaseContext) and getattr(
                                            ~~~~~~~^
        type(current), bit
        ^^^^^^^^^^^^^^^^^^
    ):
    ^
AttributeError: type object 'RequestContext' has no attribute 'next_url'

During handling of the above exception, another exception occurred:

Traceback (most recent call last):
  File "D:\DESARROLLO_IA\Proyecto_taxi_carga\Taxi_carga_bot\taxicarga_whatsapp_bot\.venv\Lib\site-packages\django\templ
ate\base.py", line 982, in _resolve_lookup
    current = current[int(bit)]
                      ~~~^^^^^
ValueError: invalid literal for int() with base 10: 'next_url'

During handling of the above exception, another exception occurred:

Traceback (most recent call last):
  File "D:\DESARROLLO_IA\Proyecto_taxi_carga\Taxi_carga_bot\taxicarga_whatsapp_bot\.venv\Lib\site-packages\django\templ
ate\base.py", line 989, in _resolve_lookup
    raise VariableDoesNotExist(
    ^^^^^^^^^^^^^^^^^^^^^^^^^^^
    ...<2 lines>...
    )  # missing attribute
    ^
django.template.base.VariableDoesNotExist: Failed lookup for key [next_url] in [{'True': True, 'False': False, 'None': 
None}, {'csrf_token': <SimpleLazyObject: 'DENtiuC3xGl1rk7kdhCktc4Wzsmhzt1SgBG9Ce2TiakXNB4bseCjQp8lODDhuLQN'>, 
'request': <WSGIRequest: GET '/dashboard/servicios/nuevo/?lead=1'>, 'user': <SimpleLazyObject: <User: admin>>, 
'perms': PermWrapper(<SimpleLazyObject: <User: admin>>), 'messages': <FallbackStorage: request=<WSGIRequest: GET 
'/dashboard/servicios/nuevo/?lead=1'>>, 'DEFAULT_MESSAGE_LEVELS': {'DEBUG': 10, 'INFO': 20, 'SUCCESS': 25, 'WARNING': 
30, 'ERROR': 40}, 'is_admin': True, 'is_supervisor': False, 'is_asesor': False, 'is_conductor': False, 'is_ayudante': 
False, 'header_canales': [], 'header_channel_id': None}, {}, {'form': <ReservaForm bound=False, valid=Unknown, fields=(
direccion_origen;piso_origen;direccion_destino;piso_destino;detalle_carga;tipo_embalaje;tipo_comprobante;fecha_servicio
;horario_servicio;precio;observaciones;lead_origen;cliente_nombre;cliente_telefono;cliente_documento;cliente_correo;cli
ente_ruc;cliente_razon_social;cliente_id;acceso_origen_opciones;acceso_destino_opciones;requisitos_especiales)>, 
'titulo': 'Nueva Reserva', 'submit_label': 'Crear Reserva', 'active_section': 'servicios', 'lead_id': '1'}, {'block': 
<Block Node: content. Contents: [<TextNode: '\n<div id="app">\n  <v-app>'>, <django.template.defaulttags.CommentNode 
object at 0x0000013B8F8CC530>, <TextNode: '\n      <div class="d-flex'>, <Variable Node: titulo>, <TextNode: '</h1>\n  
        '>, <IfNode>, <TextNode: '\n        </div>\n        <'>, <IfNode>, <TextNode: '"\n            style="padd'>, 
<Variable Node: submit_label>, <TextNode: '\n          </button>\n    '>, <django.template.defaulttags.CsrfTokenNode 
object at 0x0000013B9281A1D0>, <TextNode: '\n        '>, <IfNode>, <TextNode: '\n        '>, <Variable Node: 
form.lead_origen>, <TextNode: '\n        '>, <Variable Node: form.cliente_id>, <TextNode: '\n\n        '>, <IfNode>, 
<TextNode: '\n\n        '>, <django.template.defaulttags.CommentNode object at 0x0000013B92521190>, <TextNode: '\n     
   <v-card class="r'>, <IfNode>, <TextNode: '\n          </div>\n       '>, <IfNode>, <TextNode: '\n            <div 
class="'>, <Variable Node: form.cliente_nombre.value|default:''>, <TextNode: '" required\n              '>, <IfNode>, 
<TextNode: '\n\n            <div class='>, <Variable Node: form.cliente_telefono.value|default:''>, <TextNode: '" 
required\n              '>, <IfNode>, <TextNode: '\n\n            <div class='>, <Variable Node: 
form.cliente_documento.value|default:''>, <TextNode: '"\n                  v-mod'>, <Variable Node: 
form.cliente_correo.value|default:''>, <TextNode: '">\n              </div>\n '>, <Variable Node: 
form.cliente_ruc.value|default:''>, <TextNode: '">\n              </div>\n '>, <Variable Node: 
form.cliente_razon_social.value|default:''>, <TextNode: '">\n              </div>\n '>, 
<django.template.defaulttags.CommentNode object at 0x0000013B942ACE90>, <TextNode: '\n        <v-card class="r'>, 
<Variable Node: form.direccion_origen.value|default:''>, <TextNode: '" maxlength="255"\n       '>, <IfNode>, 
<TextNode: '\n                <div cla'>, <Variable Node: form.piso_origen.value|default:''>, <TextNode: '" 
maxlength="20"\n        '>, <IfNode>, <TextNode: '\n                <div cla'>, <ForNode: for checkbox in 
form.acceso_origen_opciones, tail_len: 5>, <TextNode: '\n                  </div>'>, <IfNode>, <TextNode: '\n          
    </v-col>\n\n'>, <Variable Node: form.direccion_destino.value|default:''>, <TextNode: '" maxlength="255"\n       
'>, <IfNode>, <TextNode: '\n                <div cla'>, <Variable Node: form.piso_destino.value|default:''>, 
<TextNode: '" maxlength="20"\n        '>, <IfNode>, <TextNode: '\n                <div cla'>, <ForNode: for checkbox 
in form.acceso_destino_opciones, tail_len: 5>, <TextNode: '\n                  </div>'>, <IfNode>, <TextNode: '\n      
        </v-col>\n '>, <django.template.defaulttags.CommentNode object at 0x0000013B942AFC50>, <TextNode: '\n        
<v-card class="r'>, <Variable Node: form.detalle_carga.value|default:''>, <TextNode: '</textarea>\n            <'>, 
<IfNode>, <TextNode: '\n\n            <v-divider '>, <ForNode: for radio in form.tipo_embalaje, tail_len: 5>, 
<TextNode: '\n                </div>\n '>, <IfNode>, <TextNode: '\n              </v-col>\n '>, <ForNode: for checkbox 
in form.requisitos_especiales, tail_len: 9>, <TextNode: '\n                </div>\n '>, <IfNode>, <TextNode: '\n       
         <div sty'>, <django.template.defaulttags.CommentNode object at 0x0000013B940D5AF0>, <TextNode: '\n        
<v-card class="r'>, <Variable Node: form.precio.value|default:''>, <TextNode: '" id="id_precio">\n       '>, <IfNode>, 
<TextNode: '\n              </v-col>\n '>, <ForNode: for radio in form.tipo_comprobante, tail_len: 5>, <TextNode: '\n  
              </div>\n '>, <IfNode>, <TextNode: '\n              </v-col>\n '>, 
<django.template.defaulttags.CommentNode object at 0x0000013B940D5C10>, <TextNode: '\n        <v-card class="r'>, 
<Variable Node: form.horario_servicio.value|default:''>, <TextNode: '\'">\n                    ['>, <IfNode>, 
<TextNode: '\n            '>, <IfNode>, <TextNode: '\n          </div>\n       '>, 
<django.template.defaulttags.CommentNode object at 0x0000013B940D6570>, <TextNode: '\n        <v-card class="r'>, 
<Variable Node: form.observaciones.value|default:''>, <TextNode: '</textarea>\n          </d'>, <IfNode>, <TextNode: 
'"\n              style="pa'>, <Variable Node: submit_label>, <TextNode: '\n            </button>\n  '>, 
<django.template.defaulttags.CommentNode object at 0x0000013B8F5A1AF0>, <TextNode: '\n        <v-card class="r'>]>}]
[DEBUG] 2026-08-13 21:19:31,845 base Exception while resolving variable 'editando' in template 
'servicios/reserva_form.html'.
Traceback (most recent call last):
  File "D:\DESARROLLO_IA\Proyecto_taxi_carga\Taxi_carga_bot\taxicarga_whatsapp_bot\.venv\Lib\site-packages\django\templ
ate\base.py", line 965, in _resolve_lookup
    current = current[bit]
              ~~~~~~~^^^^^
  File "D:\DESARROLLO_IA\Proyecto_taxi_carga\Taxi_carga_bot\taxicarga_whatsapp_bot\.venv\Lib\site-packages\django\templ
ate\context.py", line 91, in __getitem__
    raise KeyError(key)
KeyError: 'editando'

During handling of the above exception, another exception occurred:

Traceback (most recent call last):
  File "D:\DESARROLLO_IA\Proyecto_taxi_carga\Taxi_carga_bot\taxicarga_whatsapp_bot\.venv\Lib\site-packages\django\templ
ate\base.py", line 972, in _resolve_lookup
    if isinstance(current, BaseContext) and getattr(
                                            ~~~~~~~^
        type(current), bit
        ^^^^^^^^^^^^^^^^^^
    ):
    ^
AttributeError: type object 'RequestContext' has no attribute 'editando'

During handling of the above exception, another exception occurred:

Traceback (most recent call last):
  File "D:\DESARROLLO_IA\Proyecto_taxi_carga\Taxi_carga_bot\taxicarga_whatsapp_bot\.venv\Lib\site-packages\django\templ
ate\base.py", line 982, in _resolve_lookup
    current = current[int(bit)]
                      ~~~^^^^^
ValueError: invalid literal for int() with base 10: 'editando'

During handling of the above exception, another exception occurred:

Traceback (most recent call last):
  File "D:\DESARROLLO_IA\Proyecto_taxi_carga\Taxi_carga_bot\taxicarga_whatsapp_bot\.venv\Lib\site-packages\django\templ
ate\base.py", line 989, in _resolve_lookup
    raise VariableDoesNotExist(
    ^^^^^^^^^^^^^^^^^^^^^^^^^^^
    ...<2 lines>...
    )  # missing attribute
    ^
django.template.base.VariableDoesNotExist: Failed lookup for key [editando] in [{'True': True, 'False': False, 'None': 
None}, {'csrf_token': <SimpleLazyObject: 'DENtiuC3xGl1rk7kdhCktc4Wzsmhzt1SgBG9Ce2TiakXNB4bseCjQp8lODDhuLQN'>, 
'request': <WSGIRequest: GET '/dashboard/servicios/nuevo/?lead=1'>, 'user': <SimpleLazyObject: <User: admin>>, 
'perms': PermWrapper(<SimpleLazyObject: <User: admin>>), 'messages': <FallbackStorage: request=<WSGIRequest: GET 
'/dashboard/servicios/nuevo/?lead=1'>>, 'DEFAULT_MESSAGE_LEVELS': {'DEBUG': 10, 'INFO': 20, 'SUCCESS': 25, 'WARNING': 
30, 'ERROR': 40}, 'is_admin': True, 'is_supervisor': False, 'is_asesor': False, 'is_conductor': False, 'is_ayudante': 
False, 'header_canales': [], 'header_channel_id': None}, {}, {'form': <ReservaForm bound=False, valid=False, fields=(di
reccion_origen;piso_origen;direccion_destino;piso_destino;detalle_carga;tipo_embalaje;tipo_comprobante;fecha_servicio;h
orario_servicio;precio;observaciones;lead_origen;cliente_nombre;cliente_telefono;cliente_documento;cliente_correo;clien
te_ruc;cliente_razon_social;cliente_id;acceso_origen_opciones;acceso_destino_opciones;requisitos_especiales)>, 
'titulo': 'Nueva Reserva', 'submit_label': 'Crear Reserva', 'active_section': 'servicios', 'lead_id': '1'}, {'block': 
<Block Node: content. Contents: [<TextNode: '\n<div id="app">\n  <v-app>'>, <django.template.defaulttags.CommentNode 
object at 0x0000013B8F8CC530>, <TextNode: '\n      <div class="d-flex'>, <Variable Node: titulo>, <TextNode: '</h1>\n  
        '>, <IfNode>, <TextNode: '\n        </div>\n        <'>, <IfNode>, <TextNode: '"\n            style="padd'>, 
<Variable Node: submit_label>, <TextNode: '\n          </button>\n    '>, <django.template.defaulttags.CsrfTokenNode 
object at 0x0000013B9281A1D0>, <TextNode: '\n        '>, <IfNode>, <TextNode: '\n        '>, <Variable Node: 
form.lead_origen>, <TextNode: '\n        '>, <Variable Node: form.cliente_id>, <TextNode: '\n\n        '>, <IfNode>, 
<TextNode: '\n\n        '>, <django.template.defaulttags.CommentNode object at 0x0000013B92521190>, <TextNode: '\n     
   <v-card class="r'>, <IfNode>, <TextNode: '\n          </div>\n       '>, <IfNode>, <TextNode: '\n            <div 
class="'>, <Variable Node: form.cliente_nombre.value|default:''>, <TextNode: '" required\n              '>, <IfNode>, 
<TextNode: '\n\n            <div class='>, <Variable Node: form.cliente_telefono.value|default:''>, <TextNode: '" 
required\n              '>, <IfNode>, <TextNode: '\n\n            <div class='>, <Variable Node: 
form.cliente_documento.value|default:''>, <TextNode: '"\n                  v-mod'>, <Variable Node: 
form.cliente_correo.value|default:''>, <TextNode: '">\n              </div>\n '>, <Variable Node: 
form.cliente_ruc.value|default:''>, <TextNode: '">\n              </div>\n '>, <Variable Node: 
form.cliente_razon_social.value|default:''>, <TextNode: '">\n              </div>\n '>, 
<django.template.defaulttags.CommentNode object at 0x0000013B942ACE90>, <TextNode: '\n        <v-card class="r'>, 
<Variable Node: form.direccion_origen.value|default:''>, <TextNode: '" maxlength="255"\n       '>, <IfNode>, 
<TextNode: '\n                <div cla'>, <Variable Node: form.piso_origen.value|default:''>, <TextNode: '" 
maxlength="20"\n        '>, <IfNode>, <TextNode: '\n                <div cla'>, <ForNode: for checkbox in 
form.acceso_origen_opciones, tail_len: 5>, <TextNode: '\n                  </div>'>, <IfNode>, <TextNode: '\n          
    </v-col>\n\n'>, <Variable Node: form.direccion_destino.value|default:''>, <TextNode: '" maxlength="255"\n       
'>, <IfNode>, <TextNode: '\n                <div cla'>, <Variable Node: form.piso_destino.value|default:''>, 
<TextNode: '" maxlength="20"\n        '>, <IfNode>, <TextNode: '\n                <div cla'>, <ForNode: for checkbox 
in form.acceso_destino_opciones, tail_len: 5>, <TextNode: '\n                  </div>'>, <IfNode>, <TextNode: '\n      
        </v-col>\n '>, <django.template.defaulttags.CommentNode object at 0x0000013B942AFC50>, <TextNode: '\n        
<v-card class="r'>, <Variable Node: form.detalle_carga.value|default:''>, <TextNode: '</textarea>\n            <'>, 
<IfNode>, <TextNode: '\n\n            <v-divider '>, <ForNode: for radio in form.tipo_embalaje, tail_len: 5>, 
<TextNode: '\n                </div>\n '>, <IfNode>, <TextNode: '\n              </v-col>\n '>, <ForNode: for checkbox 
in form.requisitos_especiales, tail_len: 9>, <TextNode: '\n                </div>\n '>, <IfNode>, <TextNode: '\n       
         <div sty'>, <django.template.defaulttags.CommentNode object at 0x0000013B940D5AF0>, <TextNode: '\n        
<v-card class="r'>, <Variable Node: form.precio.value|default:''>, <TextNode: '" id="id_precio">\n       '>, <IfNode>, 
<TextNode: '\n              </v-col>\n '>, <ForNode: for radio in form.tipo_comprobante, tail_len: 5>, <TextNode: '\n  
              </div>\n '>, <IfNode>, <TextNode: '\n              </v-col>\n '>, 
<django.template.defaulttags.CommentNode object at 0x0000013B940D5C10>, <TextNode: '\n        <v-card class="r'>, 
<Variable Node: form.horario_servicio.value|default:''>, <TextNode: '\'">\n                    ['>, <IfNode>, 
<TextNode: '\n            '>, <IfNode>, <TextNode: '\n          </div>\n       '>, 
<django.template.defaulttags.CommentNode object at 0x0000013B940D6570>, <TextNode: '\n        <v-card class="r'>, 
<Variable Node: form.observaciones.value|default:''>, <TextNode: '</textarea>\n          </d'>, <IfNode>, <TextNode: 
'"\n              style="pa'>, <Variable Node: submit_label>, <TextNode: '\n            </button>\n  '>, 
<django.template.defaulttags.CommentNode object at 0x0000013B8F5A1AF0>, <TextNode: '\n        <v-card class="r'>]>}]
[DEBUG] 2026-08-13 21:19:31,846 base Exception while resolving variable 'editando' in template 
'servicios/reserva_form.html'.
Traceback (most recent call last):
  File "D:\DESARROLLO_IA\Proyecto_taxi_carga\Taxi_carga_bot\taxicarga_whatsapp_bot\.venv\Lib\site-packages\django\templ
ate\base.py", line 965, in _resolve_lookup
    current = current[bit]
              ~~~~~~~^^^^^
  File "D:\DESARROLLO_IA\Proyecto_taxi_carga\Taxi_carga_bot\taxicarga_whatsapp_bot\.venv\Lib\site-packages\django\templ
ate\context.py", line 91, in __getitem__
    raise KeyError(key)
KeyError: 'editando'

During handling of the above exception, another exception occurred:

Traceback (most recent call last):
  File "D:\DESARROLLO_IA\Proyecto_taxi_carga\Taxi_carga_bot\taxicarga_whatsapp_bot\.venv\Lib\site-packages\django\templ
ate\base.py", line 972, in _resolve_lookup
    if isinstance(current, BaseContext) and getattr(
                                            ~~~~~~~^
        type(current), bit
        ^^^^^^^^^^^^^^^^^^
    ):
    ^
AttributeError: type object 'RequestContext' has no attribute 'editando'

During handling of the above exception, another exception occurred:

Traceback (most recent call last):
  File "D:\DESARROLLO_IA\Proyecto_taxi_carga\Taxi_carga_bot\taxicarga_whatsapp_bot\.venv\Lib\site-packages\django\templ
ate\base.py", line 982, in _resolve_lookup
    current = current[int(bit)]
                      ~~~^^^^^
ValueError: invalid literal for int() with base 10: 'editando'

During handling of the above exception, another exception occurred:

Traceback (most recent call last):
  File "D:\DESARROLLO_IA\Proyecto_taxi_carga\Taxi_carga_bot\taxicarga_whatsapp_bot\.venv\Lib\site-packages\django\templ
ate\base.py", line 989, in _resolve_lookup
    raise VariableDoesNotExist(
    ^^^^^^^^^^^^^^^^^^^^^^^^^^^
    ...<2 lines>...
    )  # missing attribute
    ^
django.template.base.VariableDoesNotExist: Failed lookup for key [editando] in [{'True': True, 'False': False, 'None': 
None}, {'csrf_token': <SimpleLazyObject: 'DENtiuC3xGl1rk7kdhCktc4Wzsmhzt1SgBG9Ce2TiakXNB4bseCjQp8lODDhuLQN'>, 
'request': <WSGIRequest: GET '/dashboard/servicios/nuevo/?lead=1'>, 'user': <SimpleLazyObject: <User: admin>>, 
'perms': PermWrapper(<SimpleLazyObject: <User: admin>>), 'messages': <FallbackStorage: request=<WSGIRequest: GET 
'/dashboard/servicios/nuevo/?lead=1'>>, 'DEFAULT_MESSAGE_LEVELS': {'DEBUG': 10, 'INFO': 20, 'SUCCESS': 25, 'WARNING': 
30, 'ERROR': 40}, 'is_admin': True, 'is_supervisor': False, 'is_asesor': False, 'is_conductor': False, 'is_ayudante': 
False, 'header_canales': [], 'header_channel_id': None}, {}, {'form': <ReservaForm bound=False, valid=False, fields=(di
reccion_origen;piso_origen;direccion_destino;piso_destino;detalle_carga;tipo_embalaje;tipo_comprobante;fecha_servicio;h
orario_servicio;precio;observaciones;lead_origen;cliente_nombre;cliente_telefono;cliente_documento;cliente_correo;clien
te_ruc;cliente_razon_social;cliente_id;acceso_origen_opciones;acceso_destino_opciones;requisitos_especiales)>, 
'titulo': 'Nueva Reserva', 'submit_label': 'Crear Reserva', 'active_section': 'servicios', 'lead_id': '1'}, {'block': 
<Block Node: content. Contents: [<TextNode: '\n<div id="app">\n  <v-app>'>, <django.template.defaulttags.CommentNode 
object at 0x0000013B8F8CC530>, <TextNode: '\n      <div class="d-flex'>, <Variable Node: titulo>, <TextNode: '</h1>\n  
        '>, <IfNode>, <TextNode: '\n        </div>\n        <'>, <IfNode>, <TextNode: '"\n            style="padd'>, 
<Variable Node: submit_label>, <TextNode: '\n          </button>\n    '>, <django.template.defaulttags.CsrfTokenNode 
object at 0x0000013B9281A1D0>, <TextNode: '\n        '>, <IfNode>, <TextNode: '\n        '>, <Variable Node: 
form.lead_origen>, <TextNode: '\n        '>, <Variable Node: form.cliente_id>, <TextNode: '\n\n        '>, <IfNode>, 
<TextNode: '\n\n        '>, <django.template.defaulttags.CommentNode object at 0x0000013B92521190>, <TextNode: '\n     
   <v-card class="r'>, <IfNode>, <TextNode: '\n          </div>\n       '>, <IfNode>, <TextNode: '\n            <div 
class="'>, <Variable Node: form.cliente_nombre.value|default:''>, <TextNode: '" required\n              '>, <IfNode>, 
<TextNode: '\n\n            <div class='>, <Variable Node: form.cliente_telefono.value|default:''>, <TextNode: '" 
required\n              '>, <IfNode>, <TextNode: '\n\n            <div class='>, <Variable Node: 
form.cliente_documento.value|default:''>, <TextNode: '"\n                  v-mod'>, <Variable Node: 
form.cliente_correo.value|default:''>, <TextNode: '">\n              </div>\n '>, <Variable Node: 
form.cliente_ruc.value|default:''>, <TextNode: '">\n              </div>\n '>, <Variable Node: 
form.cliente_razon_social.value|default:''>, <TextNode: '">\n              </div>\n '>, 
<django.template.defaulttags.CommentNode object at 0x0000013B942ACE90>, <TextNode: '\n        <v-card class="r'>, 
<Variable Node: form.direccion_origen.value|default:''>, <TextNode: '" maxlength="255"\n       '>, <IfNode>, 
<TextNode: '\n                <div cla'>, <Variable Node: form.piso_origen.value|default:''>, <TextNode: '" 
maxlength="20"\n        '>, <IfNode>, <TextNode: '\n                <div cla'>, <ForNode: for checkbox in 
form.acceso_origen_opciones, tail_len: 5>, <TextNode: '\n                  </div>'>, <IfNode>, <TextNode: '\n          
    </v-col>\n\n'>, <Variable Node: form.direccion_destino.value|default:''>, <TextNode: '" maxlength="255"\n       
'>, <IfNode>, <TextNode: '\n                <div cla'>, <Variable Node: form.piso_destino.value|default:''>, 
<TextNode: '" maxlength="20"\n        '>, <IfNode>, <TextNode: '\n                <div cla'>, <ForNode: for checkbox 
in form.acceso_destino_opciones, tail_len: 5>, <TextNode: '\n                  </div>'>, <IfNode>, <TextNode: '\n      
        </v-col>\n '>, <django.template.defaulttags.CommentNode object at 0x0000013B942AFC50>, <TextNode: '\n        
<v-card class="r'>, <Variable Node: form.detalle_carga.value|default:''>, <TextNode: '</textarea>\n            <'>, 
<IfNode>, <TextNode: '\n\n            <v-divider '>, <ForNode: for radio in form.tipo_embalaje, tail_len: 5>, 
<TextNode: '\n                </div>\n '>, <IfNode>, <TextNode: '\n              </v-col>\n '>, <ForNode: for checkbox 
in form.requisitos_especiales, tail_len: 9>, <TextNode: '\n                </div>\n '>, <IfNode>, <TextNode: '\n       
         <div sty'>, <django.template.defaulttags.CommentNode object at 0x0000013B940D5AF0>, <TextNode: '\n        
<v-card class="r'>, <Variable Node: form.precio.value|default:''>, <TextNode: '" id="id_precio">\n       '>, <IfNode>, 
<TextNode: '\n              </v-col>\n '>, <ForNode: for radio in form.tipo_comprobante, tail_len: 5>, <TextNode: '\n  
              </div>\n '>, <IfNode>, <TextNode: '\n              </v-col>\n '>, 
<django.template.defaulttags.CommentNode object at 0x0000013B940D5C10>, <TextNode: '\n        <v-card class="r'>, 
<Variable Node: form.horario_servicio.value|default:''>, <TextNode: '\'">\n                    ['>, <IfNode>, 
<TextNode: '\n            '>, <IfNode>, <TextNode: '\n          </div>\n       '>, 
<django.template.defaulttags.CommentNode object at 0x0000013B940D6570>, <TextNode: '\n        <v-card class="r'>, 
<Variable Node: form.observaciones.value|default:''>, <TextNode: '</textarea>\n          </d'>, <IfNode>, <TextNode: 
'"\n              style="pa'>, <Variable Node: submit_label>, <TextNode: '\n            </button>\n  '>, 
<django.template.defaulttags.CommentNode object at 0x0000013B8F5A1AF0>, <TextNode: '\n        <v-card class="r'>]>}]
[DEBUG] 2026-08-13 21:19:31,850 base Exception while resolving variable 'next_url' in template 
'servicios/reserva_form.html'.
Traceback (most recent call last):
  File "D:\DESARROLLO_IA\Proyecto_taxi_carga\Taxi_carga_bot\taxicarga_whatsapp_bot\.venv\Lib\site-packages\django\templ
ate\base.py", line 965, in _resolve_lookup
    current = current[bit]
              ~~~~~~~^^^^^
  File "D:\DESARROLLO_IA\Proyecto_taxi_carga\Taxi_carga_bot\taxicarga_whatsapp_bot\.venv\Lib\site-packages\django\templ
ate\context.py", line 91, in __getitem__
    raise KeyError(key)
KeyError: 'next_url'

During handling of the above exception, another exception occurred:

Traceback (most recent call last):
  File "D:\DESARROLLO_IA\Proyecto_taxi_carga\Taxi_carga_bot\taxicarga_whatsapp_bot\.venv\Lib\site-packages\django\templ
ate\base.py", line 972, in _resolve_lookup
    if isinstance(current, BaseContext) and getattr(
                                            ~~~~~~~^
        type(current), bit
        ^^^^^^^^^^^^^^^^^^
    ):
    ^
AttributeError: type object 'RequestContext' has no attribute 'next_url'

During handling of the above exception, another exception occurred:

Traceback (most recent call last):
  File "D:\DESARROLLO_IA\Proyecto_taxi_carga\Taxi_carga_bot\taxicarga_whatsapp_bot\.venv\Lib\site-packages\django\templ
ate\base.py", line 982, in _resolve_lookup
    current = current[int(bit)]
                      ~~~^^^^^
ValueError: invalid literal for int() with base 10: 'next_url'

During handling of the above exception, another exception occurred:

Traceback (most recent call last):
  File "D:\DESARROLLO_IA\Proyecto_taxi_carga\Taxi_carga_bot\taxicarga_whatsapp_bot\.venv\Lib\site-packages\django\templ
ate\base.py", line 989, in _resolve_lookup
    raise VariableDoesNotExist(
    ^^^^^^^^^^^^^^^^^^^^^^^^^^^
    ...<2 lines>...
    )  # missing attribute
    ^
django.template.base.VariableDoesNotExist: Failed lookup for key [next_url] in [{'True': True, 'False': False, 'None': 
None}, {'csrf_token': <SimpleLazyObject: 'DENtiuC3xGl1rk7kdhCktc4Wzsmhzt1SgBG9Ce2TiakXNB4bseCjQp8lODDhuLQN'>, 
'request': <WSGIRequest: GET '/dashboard/servicios/nuevo/?lead=1'>, 'user': <SimpleLazyObject: <User: admin>>, 
'perms': PermWrapper(<SimpleLazyObject: <User: admin>>), 'messages': <FallbackStorage: request=<WSGIRequest: GET 
'/dashboard/servicios/nuevo/?lead=1'>>, 'DEFAULT_MESSAGE_LEVELS': {'DEBUG': 10, 'INFO': 20, 'SUCCESS': 25, 'WARNING': 
30, 'ERROR': 40}, 'is_admin': True, 'is_supervisor': False, 'is_asesor': False, 'is_conductor': False, 'is_ayudante': 
False, 'header_canales': [], 'header_channel_id': None}, {}, {'form': <ReservaForm bound=False, valid=False, fields=(di
reccion_origen;piso_origen;direccion_destino;piso_destino;detalle_carga;tipo_embalaje;tipo_comprobante;fecha_servicio;h
orario_servicio;precio;observaciones;lead_origen;cliente_nombre;cliente_telefono;cliente_documento;cliente_correo;clien
te_ruc;cliente_razon_social;cliente_id;acceso_origen_opciones;acceso_destino_opciones;requisitos_especiales)>, 
'titulo': 'Nueva Reserva', 'submit_label': 'Crear Reserva', 'active_section': 'servicios', 'lead_id': '1'}, {'block': 
<Block Node: content. Contents: [<TextNode: '\n<div id="app">\n  <v-app>'>, <django.template.defaulttags.CommentNode 
object at 0x0000013B8F8CC530>, <TextNode: '\n      <div class="d-flex'>, <Variable Node: titulo>, <TextNode: '</h1>\n  
        '>, <IfNode>, <TextNode: '\n        </div>\n        <'>, <IfNode>, <TextNode: '"\n            style="padd'>, 
<Variable Node: submit_label>, <TextNode: '\n          </button>\n    '>, <django.template.defaulttags.CsrfTokenNode 
object at 0x0000013B9281A1D0>, <TextNode: '\n        '>, <IfNode>, <TextNode: '\n        '>, <Variable Node: 
form.lead_origen>, <TextNode: '\n        '>, <Variable Node: form.cliente_id>, <TextNode: '\n\n        '>, <IfNode>, 
<TextNode: '\n\n        '>, <django.template.defaulttags.CommentNode object at 0x0000013B92521190>, <TextNode: '\n     
   <v-card class="r'>, <IfNode>, <TextNode: '\n          </div>\n       '>, <IfNode>, <TextNode: '\n            <div 
class="'>, <Variable Node: form.cliente_nombre.value|default:''>, <TextNode: '" required\n              '>, <IfNode>, 
<TextNode: '\n\n            <div class='>, <Variable Node: form.cliente_telefono.value|default:''>, <TextNode: '" 
required\n              '>, <IfNode>, <TextNode: '\n\n            <div class='>, <Variable Node: 
form.cliente_documento.value|default:''>, <TextNode: '"\n                  v-mod'>, <Variable Node: 
form.cliente_correo.value|default:''>, <TextNode: '">\n              </div>\n '>, <Variable Node: 
form.cliente_ruc.value|default:''>, <TextNode: '">\n              </div>\n '>, <Variable Node: 
form.cliente_razon_social.value|default:''>, <TextNode: '">\n              </div>\n '>, 
<django.template.defaulttags.CommentNode object at 0x0000013B942ACE90>, <TextNode: '\n        <v-card class="r'>, 
<Variable Node: form.direccion_origen.value|default:''>, <TextNode: '" maxlength="255"\n       '>, <IfNode>, 
<TextNode: '\n                <div cla'>, <Variable Node: form.piso_origen.value|default:''>, <TextNode: '" 
maxlength="20"\n        '>, <IfNode>, <TextNode: '\n                <div cla'>, <ForNode: for checkbox in 
form.acceso_origen_opciones, tail_len: 5>, <TextNode: '\n                  </div>'>, <IfNode>, <TextNode: '\n          
    </v-col>\n\n'>, <Variable Node: form.direccion_destino.value|default:''>, <TextNode: '" maxlength="255"\n       
'>, <IfNode>, <TextNode: '\n                <div cla'>, <Variable Node: form.piso_destino.value|default:''>, 
<TextNode: '" maxlength="20"\n        '>, <IfNode>, <TextNode: '\n                <div cla'>, <ForNode: for checkbox 
in form.acceso_destino_opciones, tail_len: 5>, <TextNode: '\n                  </div>'>, <IfNode>, <TextNode: '\n      
        </v-col>\n '>, <django.template.defaulttags.CommentNode object at 0x0000013B942AFC50>, <TextNode: '\n        
<v-card class="r'>, <Variable Node: form.detalle_carga.value|default:''>, <TextNode: '</textarea>\n            <'>, 
<IfNode>, <TextNode: '\n\n            <v-divider '>, <ForNode: for radio in form.tipo_embalaje, tail_len: 5>, 
<TextNode: '\n                </div>\n '>, <IfNode>, <TextNode: '\n              </v-col>\n '>, <ForNode: for checkbox 
in form.requisitos_especiales, tail_len: 9>, <TextNode: '\n                </div>\n '>, <IfNode>, <TextNode: '\n       
         <div sty'>, <django.template.defaulttags.CommentNode object at 0x0000013B940D5AF0>, <TextNode: '\n        
<v-card class="r'>, <Variable Node: form.precio.value|default:''>, <TextNode: '" id="id_precio">\n       '>, <IfNode>, 
<TextNode: '\n              </v-col>\n '>, <ForNode: for radio in form.tipo_comprobante, tail_len: 5>, <TextNode: '\n  
              </div>\n '>, <IfNode>, <TextNode: '\n              </v-col>\n '>, 
<django.template.defaulttags.CommentNode object at 0x0000013B940D5C10>, <TextNode: '\n        <v-card class="r'>, 
<Variable Node: form.horario_servicio.value|default:''>, <TextNode: '\'">\n                    ['>, <IfNode>, 
<TextNode: '\n            '>, <IfNode>, <TextNode: '\n          </div>\n       '>, 
<django.template.defaulttags.CommentNode object at 0x0000013B940D6570>, <TextNode: '\n        <v-card class="r'>, 
<Variable Node: form.observaciones.value|default:''>, <TextNode: '</textarea>\n          </d'>, <IfNode>, <TextNode: 
'"\n              style="pa'>, <Variable Node: submit_label>, <TextNode: '\n            </button>\n  '>, 
<django.template.defaulttags.CommentNode object at 0x0000013B8F5A1AF0>, <TextNode: '\n        <v-card class="r'>]>}]
[DEBUG] 2026-08-13 21:19:31,851 base Exception while resolving variable 'editando' in template 
'servicios/reserva_form.html'.
Traceback (most recent call last):
  File "D:\DESARROLLO_IA\Proyecto_taxi_carga\Taxi_carga_bot\taxicarga_whatsapp_bot\.venv\Lib\site-packages\django\templ
ate\base.py", line 965, in _resolve_lookup
    current = current[bit]
              ~~~~~~~^^^^^
  File "D:\DESARROLLO_IA\Proyecto_taxi_carga\Taxi_carga_bot\taxicarga_whatsapp_bot\.venv\Lib\site-packages\django\templ
ate\context.py", line 91, in __getitem__
    raise KeyError(key)
KeyError: 'editando'

During handling of the above exception, another exception occurred:

Traceback (most recent call last):
  File "D:\DESARROLLO_IA\Proyecto_taxi_carga\Taxi_carga_bot\taxicarga_whatsapp_bot\.venv\Lib\site-packages\django\templ
ate\base.py", line 972, in _resolve_lookup
    if isinstance(current, BaseContext) and getattr(
                                            ~~~~~~~^
        type(current), bit
        ^^^^^^^^^^^^^^^^^^
    ):
    ^
AttributeError: type object 'RequestContext' has no attribute 'editando'

During handling of the above exception, another exception occurred:

Traceback (most recent call last):
  File "D:\DESARROLLO_IA\Proyecto_taxi_carga\Taxi_carga_bot\taxicarga_whatsapp_bot\.venv\Lib\site-packages\django\templ
ate\base.py", line 982, in _resolve_lookup
    current = current[int(bit)]
                      ~~~^^^^^
ValueError: invalid literal for int() with base 10: 'editando'

During handling of the above exception, another exception occurred:

Traceback (most recent call last):
  File "D:\DESARROLLO_IA\Proyecto_taxi_carga\Taxi_carga_bot\taxicarga_whatsapp_bot\.venv\Lib\site-packages\django\templ
ate\base.py", line 989, in _resolve_lookup
    raise VariableDoesNotExist(
    ^^^^^^^^^^^^^^^^^^^^^^^^^^^
    ...<2 lines>...
    )  # missing attribute
    ^
django.template.base.VariableDoesNotExist: Failed lookup for key [editando] in [{'True': True, 'False': False, 'None': 
None}, {'csrf_token': <SimpleLazyObject: 'DENtiuC3xGl1rk7kdhCktc4Wzsmhzt1SgBG9Ce2TiakXNB4bseCjQp8lODDhuLQN'>, 
'request': <WSGIRequest: GET '/dashboard/servicios/nuevo/?lead=1'>, 'user': <SimpleLazyObject: <User: admin>>, 
'perms': PermWrapper(<SimpleLazyObject: <User: admin>>), 'messages': <FallbackStorage: request=<WSGIRequest: GET 
'/dashboard/servicios/nuevo/?lead=1'>>, 'DEFAULT_MESSAGE_LEVELS': {'DEBUG': 10, 'INFO': 20, 'SUCCESS': 25, 'WARNING': 
30, 'ERROR': 40}, 'is_admin': True, 'is_supervisor': False, 'is_asesor': False, 'is_conductor': False, 'is_ayudante': 
False, 'header_canales': [], 'header_channel_id': None}, {}, {'form': <ReservaForm bound=False, valid=False, fields=(di
reccion_origen;piso_origen;direccion_destino;piso_destino;detalle_carga;tipo_embalaje;tipo_comprobante;fecha_servicio;h
orario_servicio;precio;observaciones;lead_origen;cliente_nombre;cliente_telefono;cliente_documento;cliente_correo;clien
te_ruc;cliente_razon_social;cliente_id;acceso_origen_opciones;acceso_destino_opciones;requisitos_especiales)>, 
'titulo': 'Nueva Reserva', 'submit_label': 'Crear Reserva', 'active_section': 'servicios', 'lead_id': '1'}, {'block': 
<Block Node: extra_scripts. Contents: [<TextNode: '\n<script>\n(function() {\n '>, <IfNode>, <TextNode: ',\n        
nuevoCliente: f'>, <IfNode>, <TextNode: ',\n        '>, <IfNode>, <TextNode: '\n        selectedDate: fe'>, <Variable 
Node: form.acceso_origen_opciones.value|default:""|join:"+">, <TextNode: "',\n        accesoDestino:">, <Variable 
Node: form.acceso_destino_opciones.value|default:""|join:"+">, <TextNode: "',\n      };\n    },\n    mo">]>}]
[DEBUG] 2026-08-13 21:19:31,852 base Exception while resolving variable 'editando' in template 
'servicios/reserva_form.html'.
Traceback (most recent call last):
  File "D:\DESARROLLO_IA\Proyecto_taxi_carga\Taxi_carga_bot\taxicarga_whatsapp_bot\.venv\Lib\site-packages\django\templ
ate\base.py", line 965, in _resolve_lookup
    current = current[bit]
              ~~~~~~~^^^^^
  File "D:\DESARROLLO_IA\Proyecto_taxi_carga\Taxi_carga_bot\taxicarga_whatsapp_bot\.venv\Lib\site-packages\django\templ
ate\context.py", line 91, in __getitem__
    raise KeyError(key)
KeyError: 'editando'

During handling of the above exception, another exception occurred:

Traceback (most recent call last):
  File "D:\DESARROLLO_IA\Proyecto_taxi_carga\Taxi_carga_bot\taxicarga_whatsapp_bot\.venv\Lib\site-packages\django\templ
ate\base.py", line 972, in _resolve_lookup
    if isinstance(current, BaseContext) and getattr(
                                            ~~~~~~~^
        type(current), bit
        ^^^^^^^^^^^^^^^^^^
    ):
    ^
AttributeError: type object 'RequestContext' has no attribute 'editando'

During handling of the above exception, another exception occurred:

Traceback (most recent call last):
  File "D:\DESARROLLO_IA\Proyecto_taxi_carga\Taxi_carga_bot\taxicarga_whatsapp_bot\.venv\Lib\site-packages\django\templ
ate\base.py", line 982, in _resolve_lookup
    current = current[int(bit)]
                      ~~~^^^^^
ValueError: invalid literal for int() with base 10: 'editando'

During handling of the above exception, another exception occurred:

Traceback (most recent call last):
  File "D:\DESARROLLO_IA\Proyecto_taxi_carga\Taxi_carga_bot\taxicarga_whatsapp_bot\.venv\Lib\site-packages\django\templ
ate\base.py", line 989, in _resolve_lookup
    raise VariableDoesNotExist(
    ^^^^^^^^^^^^^^^^^^^^^^^^^^^
    ...<2 lines>...
    )  # missing attribute
    ^
django.template.base.VariableDoesNotExist: Failed lookup for key [editando] in [{'True': True, 'False': False, 'None': 
None}, {'csrf_token': <SimpleLazyObject: 'DENtiuC3xGl1rk7kdhCktc4Wzsmhzt1SgBG9Ce2TiakXNB4bseCjQp8lODDhuLQN'>, 
'request': <WSGIRequest: GET '/dashboard/servicios/nuevo/?lead=1'>, 'user': <SimpleLazyObject: <User: admin>>, 
'perms': PermWrapper(<SimpleLazyObject: <User: admin>>), 'messages': <FallbackStorage: request=<WSGIRequest: GET 
'/dashboard/servicios/nuevo/?lead=1'>>, 'DEFAULT_MESSAGE_LEVELS': {'DEBUG': 10, 'INFO': 20, 'SUCCESS': 25, 'WARNING': 
30, 'ERROR': 40}, 'is_admin': True, 'is_supervisor': False, 'is_asesor': False, 'is_conductor': False, 'is_ayudante': 
False, 'header_canales': [], 'header_channel_id': None}, {}, {'form': <ReservaForm bound=False, valid=False, fields=(di
reccion_origen;piso_origen;direccion_destino;piso_destino;detalle_carga;tipo_embalaje;tipo_comprobante;fecha_servicio;h
orario_servicio;precio;observaciones;lead_origen;cliente_nombre;cliente_telefono;cliente_documento;cliente_correo;clien
te_ruc;cliente_razon_social;cliente_id;acceso_origen_opciones;acceso_destino_opciones;requisitos_especiales)>, 
'titulo': 'Nueva Reserva', 'submit_label': 'Crear Reserva', 'active_section': 'servicios', 'lead_id': '1'}, {'block': 
<Block Node: extra_scripts. Contents: [<TextNode: '\n<script>\n(function() {\n '>, <IfNode>, <TextNode: ',\n        
nuevoCliente: f'>, <IfNode>, <TextNode: ',\n        '>, <IfNode>, <TextNode: '\n        selectedDate: fe'>, <Variable 
Node: form.acceso_origen_opciones.value|default:""|join:"+">, <TextNode: "',\n        accesoDestino:">, <Variable 
Node: form.acceso_destino_opciones.value|default:""|join:"+">, <TextNode: "',\n      };\n    },\n    mo">]>}]
[DEBUG] 2026-08-13 21:19:31,852 base Exception while resolving variable 'editando' in template 
'servicios/reserva_form.html'.
Traceback (most recent call last):
  File "D:\DESARROLLO_IA\Proyecto_taxi_carga\Taxi_carga_bot\taxicarga_whatsapp_bot\.venv\Lib\site-packages\django\templ
ate\base.py", line 965, in _resolve_lookup
    current = current[bit]
              ~~~~~~~^^^^^
  File "D:\DESARROLLO_IA\Proyecto_taxi_carga\Taxi_carga_bot\taxicarga_whatsapp_bot\.venv\Lib\site-packages\django\templ
ate\context.py", line 91, in __getitem__
    raise KeyError(key)
KeyError: 'editando'

During handling of the above exception, another exception occurred:

Traceback (most recent call last):
  File "D:\DESARROLLO_IA\Proyecto_taxi_carga\Taxi_carga_bot\taxicarga_whatsapp_bot\.venv\Lib\site-packages\django\templ
ate\base.py", line 972, in _resolve_lookup
    if isinstance(current, BaseContext) and getattr(
                                            ~~~~~~~^
        type(current), bit
        ^^^^^^^^^^^^^^^^^^
    ):
    ^
AttributeError: type object 'RequestContext' has no attribute 'editando'

During handling of the above exception, another exception occurred:

Traceback (most recent call last):
  File "D:\DESARROLLO_IA\Proyecto_taxi_carga\Taxi_carga_bot\taxicarga_whatsapp_bot\.venv\Lib\site-packages\django\templ
ate\base.py", line 982, in _resolve_lookup
    current = current[int(bit)]
                      ~~~^^^^^
ValueError: invalid literal for int() with base 10: 'editando'

During handling of the above exception, another exception occurred:

Traceback (most recent call last):
  File "D:\DESARROLLO_IA\Proyecto_taxi_carga\Taxi_carga_bot\taxicarga_whatsapp_bot\.venv\Lib\site-packages\django\templ
ate\base.py", line 989, in _resolve_lookup
    raise VariableDoesNotExist(
    ^^^^^^^^^^^^^^^^^^^^^^^^^^^
    ...<2 lines>...
    )  # missing attribute
    ^
django.template.base.VariableDoesNotExist: Failed lookup for key [editando] in [{'True': True, 'False': False, 'None': 
None}, {'csrf_token': <SimpleLazyObject: 'DENtiuC3xGl1rk7kdhCktc4Wzsmhzt1SgBG9Ce2TiakXNB4bseCjQp8lODDhuLQN'>, 
'request': <WSGIRequest: GET '/dashboard/servicios/nuevo/?lead=1'>, 'user': <SimpleLazyObject: <User: admin>>, 
'perms': PermWrapper(<SimpleLazyObject: <User: admin>>), 'messages': <FallbackStorage: request=<WSGIRequest: GET 
'/dashboard/servicios/nuevo/?lead=1'>>, 'DEFAULT_MESSAGE_LEVELS': {'DEBUG': 10, 'INFO': 20, 'SUCCESS': 25, 'WARNING': 
30, 'ERROR': 40}, 'is_admin': True, 'is_supervisor': False, 'is_asesor': False, 'is_conductor': False, 'is_ayudante': 
False, 'header_canales': [], 'header_channel_id': None}, {}, {'form': <ReservaForm bound=False, valid=False, fields=(di
reccion_origen;piso_origen;direccion_destino;piso_destino;detalle_carga;tipo_embalaje;tipo_comprobante;fecha_servicio;h
orario_servicio;precio;observaciones;lead_origen;cliente_nombre;cliente_telefono;cliente_documento;cliente_correo;clien
te_ruc;cliente_razon_social;cliente_id;acceso_origen_opciones;acceso_destino_opciones;requisitos_especiales)>, 
'titulo': 'Nueva Reserva', 'submit_label': 'Crear Reserva', 'active_section': 'servicios', 'lead_id': '1'}, {'block': 
<Block Node: extra_scripts. Contents: [<TextNode: '\n<script>\n(function() {\n '>, <IfNode>, <TextNode: ',\n        
nuevoCliente: f'>, <IfNode>, <TextNode: ',\n        '>, <IfNode>, <TextNode: '\n        selectedDate: fe'>, <Variable 
Node: form.acceso_origen_opciones.value|default:""|join:"+">, <TextNode: "',\n        accesoDestino:">, <Variable 
Node: form.acceso_destino_opciones.value|default:""|join:"+">, <TextNode: "',\n      };\n    },\n    mo">]>}]
.[DEBUG] 2026-08-13 21:19:32,361 base Exception while resolving variable 'editando' in template 
'servicios/reserva_form.html'.
Traceback (most recent call last):
  File "D:\DESARROLLO_IA\Proyecto_taxi_carga\Taxi_carga_bot\taxicarga_whatsapp_bot\.venv\Lib\site-packages\django\templ
ate\base.py", line 965, in _resolve_lookup
    current = current[bit]
              ~~~~~~~^^^^^
  File "D:\DESARROLLO_IA\Proyecto_taxi_carga\Taxi_carga_bot\taxicarga_whatsapp_bot\.venv\Lib\site-packages\django\templ
ate\context.py", line 91, in __getitem__
    raise KeyError(key)
KeyError: 'editando'

During handling of the above exception, another exception occurred:

Traceback (most recent call last):
  File "D:\DESARROLLO_IA\Proyecto_taxi_carga\Taxi_carga_bot\taxicarga_whatsapp_bot\.venv\Lib\site-packages\django\templ
ate\base.py", line 972, in _resolve_lookup
    if isinstance(current, BaseContext) and getattr(
                                            ~~~~~~~^
        type(current), bit
        ^^^^^^^^^^^^^^^^^^
    ):
    ^
AttributeError: type object 'RequestContext' has no attribute 'editando'

During handling of the above exception, another exception occurred:

Traceback (most recent call last):
  File "D:\DESARROLLO_IA\Proyecto_taxi_carga\Taxi_carga_bot\taxicarga_whatsapp_bot\.venv\Lib\site-packages\django\templ
ate\base.py", line 982, in _resolve_lookup
    current = current[int(bit)]
                      ~~~^^^^^
ValueError: invalid literal for int() with base 10: 'editando'

During handling of the above exception, another exception occurred:

Traceback (most recent call last):
  File "D:\DESARROLLO_IA\Proyecto_taxi_carga\Taxi_carga_bot\taxicarga_whatsapp_bot\.venv\Lib\site-packages\django\templ
ate\base.py", line 989, in _resolve_lookup
    raise VariableDoesNotExist(
    ^^^^^^^^^^^^^^^^^^^^^^^^^^^
    ...<2 lines>...
    )  # missing attribute
    ^
django.template.base.VariableDoesNotExist: Failed lookup for key [editando] in [{'True': True, 'False': False, 'None': 
None}, {'csrf_token': <SimpleLazyObject: 'Ni3OHEkw98mrv7LpyNnO1VnGsD72OTM5FT2Oc1rwep7NFV9Z9jWaG2jPZjV3sAzO'>, 
'request': <WSGIRequest: POST '/dashboard/servicios/nuevo/'>, 'user': <SimpleLazyObject: <User: admin>>, 'perms': 
PermWrapper(<SimpleLazyObject: <User: admin>>), 'messages': <FallbackStorage: request=<WSGIRequest: POST 
'/dashboard/servicios/nuevo/'>>, 'DEFAULT_MESSAGE_LEVELS': {'DEBUG': 10, 'INFO': 20, 'SUCCESS': 25, 'WARNING': 30, 
'ERROR': 40}, 'is_admin': True, 'is_supervisor': False, 'is_asesor': False, 'is_conductor': False, 'is_ayudante': 
False, 'header_canales': [], 'header_channel_id': None}, {}, {'form': <ReservaForm bound=True, valid=False, fields=(dir
eccion_origen;piso_origen;direccion_destino;piso_destino;detalle_carga;tipo_embalaje;tipo_comprobante;fecha_servicio;ho
rario_servicio;precio;observaciones;lead_origen;cliente_nombre;cliente_telefono;cliente_documento;cliente_correo;client
e_ruc;cliente_razon_social;cliente_id;acceso_origen_opciones;acceso_destino_opciones;requisitos_especiales)>, 
'titulo': 'Nueva Reserva', 'submit_label': 'Crear Reserva', 'active_section': 'servicios', 'lead_id': None}, {'block': 
<Block Node: content. Contents: [<TextNode: '\n<div id="app">\n  <v-app>'>, <django.template.defaulttags.CommentNode 
object at 0x0000013B8F8CC530>, <TextNode: '\n      <div class="d-flex'>, <Variable Node: titulo>, <TextNode: '</h1>\n  
        '>, <IfNode>, <TextNode: '\n        </div>\n        <'>, <IfNode>, <TextNode: '"\n            style="padd'>, 
<Variable Node: submit_label>, <TextNode: '\n          </button>\n    '>, <django.template.defaulttags.CsrfTokenNode 
object at 0x0000013B9281A1D0>, <TextNode: '\n        '>, <IfNode>, <TextNode: '\n        '>, <Variable Node: 
form.lead_origen>, <TextNode: '\n        '>, <Variable Node: form.cliente_id>, <TextNode: '\n\n        '>, <IfNode>, 
<TextNode: '\n\n        '>, <django.template.defaulttags.CommentNode object at 0x0000013B92521190>, <TextNode: '\n     
   <v-card class="r'>, <IfNode>, <TextNode: '\n          </div>\n       '>, <IfNode>, <TextNode: '\n            <div 
class="'>, <Variable Node: form.cliente_nombre.value|default:''>, <TextNode: '" required\n              '>, <IfNode>, 
<TextNode: '\n\n            <div class='>, <Variable Node: form.cliente_telefono.value|default:''>, <TextNode: '" 
required\n              '>, <IfNode>, <TextNode: '\n\n            <div class='>, <Variable Node: 
form.cliente_documento.value|default:''>, <TextNode: '"\n                  v-mod'>, <Variable Node: 
form.cliente_correo.value|default:''>, <TextNode: '">\n              </div>\n '>, <Variable Node: 
form.cliente_ruc.value|default:''>, <TextNode: '">\n              </div>\n '>, <Variable Node: 
form.cliente_razon_social.value|default:''>, <TextNode: '">\n              </div>\n '>, 
<django.template.defaulttags.CommentNode object at 0x0000013B942ACE90>, <TextNode: '\n        <v-card class="r'>, 
<Variable Node: form.direccion_origen.value|default:''>, <TextNode: '" maxlength="255"\n       '>, <IfNode>, 
<TextNode: '\n                <div cla'>, <Variable Node: form.piso_origen.value|default:''>, <TextNode: '" 
maxlength="20"\n        '>, <IfNode>, <TextNode: '\n                <div cla'>, <ForNode: for checkbox in 
form.acceso_origen_opciones, tail_len: 5>, <TextNode: '\n                  </div>'>, <IfNode>, <TextNode: '\n          
    </v-col>\n\n'>, <Variable Node: form.direccion_destino.value|default:''>, <TextNode: '" maxlength="255"\n       
'>, <IfNode>, <TextNode: '\n                <div cla'>, <Variable Node: form.piso_destino.value|default:''>, 
<TextNode: '" maxlength="20"\n        '>, <IfNode>, <TextNode: '\n                <div cla'>, <ForNode: for checkbox 
in form.acceso_destino_opciones, tail_len: 5>, <TextNode: '\n                  </div>'>, <IfNode>, <TextNode: '\n      
        </v-col>\n '>, <django.template.defaulttags.CommentNode object at 0x0000013B942AFC50>, <TextNode: '\n        
<v-card class="r'>, <Variable Node: form.detalle_carga.value|default:''>, <TextNode: '</textarea>\n            <'>, 
<IfNode>, <TextNode: '\n\n            <v-divider '>, <ForNode: for radio in form.tipo_embalaje, tail_len: 5>, 
<TextNode: '\n                </div>\n '>, <IfNode>, <TextNode: '\n              </v-col>\n '>, <ForNode: for checkbox 
in form.requisitos_especiales, tail_len: 9>, <TextNode: '\n                </div>\n '>, <IfNode>, <TextNode: '\n       
         <div sty'>, <django.template.defaulttags.CommentNode object at 0x0000013B940D5AF0>, <TextNode: '\n        
<v-card class="r'>, <Variable Node: form.precio.value|default:''>, <TextNode: '" id="id_precio">\n       '>, <IfNode>, 
<TextNode: '\n              </v-col>\n '>, <ForNode: for radio in form.tipo_comprobante, tail_len: 5>, <TextNode: '\n  
              </div>\n '>, <IfNode>, <TextNode: '\n              </v-col>\n '>, 
<django.template.defaulttags.CommentNode object at 0x0000013B940D5C10>, <TextNode: '\n        <v-card class="r'>, 
<Variable Node: form.horario_servicio.value|default:''>, <TextNode: '\'">\n                    ['>, <IfNode>, 
<TextNode: '\n            '>, <IfNode>, <TextNode: '\n          </div>\n       '>, 
<django.template.defaulttags.CommentNode object at 0x0000013B940D6570>, <TextNode: '\n        <v-card class="r'>, 
<Variable Node: form.observaciones.value|default:''>, <TextNode: '</textarea>\n          </d'>, <IfNode>, <TextNode: 
'"\n              style="pa'>, <Variable Node: submit_label>, <TextNode: '\n            </button>\n  '>, 
<django.template.defaulttags.CommentNode object at 0x0000013B8F5A1AF0>, <TextNode: '\n        <v-card class="r'>]>}]
[DEBUG] 2026-08-13 21:19:32,362 base Exception while resolving variable 'next_url' in template 
'servicios/reserva_form.html'.
Traceback (most recent call last):
  File "D:\DESARROLLO_IA\Proyecto_taxi_carga\Taxi_carga_bot\taxicarga_whatsapp_bot\.venv\Lib\site-packages\django\templ
ate\base.py", line 965, in _resolve_lookup
    current = current[bit]
              ~~~~~~~^^^^^
  File "D:\DESARROLLO_IA\Proyecto_taxi_carga\Taxi_carga_bot\taxicarga_whatsapp_bot\.venv\Lib\site-packages\django\templ
ate\context.py", line 91, in __getitem__
    raise KeyError(key)
KeyError: 'next_url'

During handling of the above exception, another exception occurred:

Traceback (most recent call last):
  File "D:\DESARROLLO_IA\Proyecto_taxi_carga\Taxi_carga_bot\taxicarga_whatsapp_bot\.venv\Lib\site-packages\django\templ
ate\base.py", line 972, in _resolve_lookup
    if isinstance(current, BaseContext) and getattr(
                                            ~~~~~~~^
        type(current), bit
        ^^^^^^^^^^^^^^^^^^
    ):
    ^
AttributeError: type object 'RequestContext' has no attribute 'next_url'

During handling of the above exception, another exception occurred:

Traceback (most recent call last):
  File "D:\DESARROLLO_IA\Proyecto_taxi_carga\Taxi_carga_bot\taxicarga_whatsapp_bot\.venv\Lib\site-packages\django\templ
ate\base.py", line 982, in _resolve_lookup
    current = current[int(bit)]
                      ~~~^^^^^
ValueError: invalid literal for int() with base 10: 'next_url'

During handling of the above exception, another exception occurred:

Traceback (most recent call last):
  File "D:\DESARROLLO_IA\Proyecto_taxi_carga\Taxi_carga_bot\taxicarga_whatsapp_bot\.venv\Lib\site-packages\django\templ
ate\base.py", line 989, in _resolve_lookup
    raise VariableDoesNotExist(
    ^^^^^^^^^^^^^^^^^^^^^^^^^^^
    ...<2 lines>...
    )  # missing attribute
    ^
django.template.base.VariableDoesNotExist: Failed lookup for key [next_url] in [{'True': True, 'False': False, 'None': 
None}, {'csrf_token': <SimpleLazyObject: 'Ni3OHEkw98mrv7LpyNnO1VnGsD72OTM5FT2Oc1rwep7NFV9Z9jWaG2jPZjV3sAzO'>, 
'request': <WSGIRequest: POST '/dashboard/servicios/nuevo/'>, 'user': <SimpleLazyObject: <User: admin>>, 'perms': 
PermWrapper(<SimpleLazyObject: <User: admin>>), 'messages': <FallbackStorage: request=<WSGIRequest: POST 
'/dashboard/servicios/nuevo/'>>, 'DEFAULT_MESSAGE_LEVELS': {'DEBUG': 10, 'INFO': 20, 'SUCCESS': 25, 'WARNING': 30, 
'ERROR': 40}, 'is_admin': True, 'is_supervisor': False, 'is_asesor': False, 'is_conductor': False, 'is_ayudante': 
False, 'header_canales': [], 'header_channel_id': None}, {}, {'form': <ReservaForm bound=True, valid=False, fields=(dir
eccion_origen;piso_origen;direccion_destino;piso_destino;detalle_carga;tipo_embalaje;tipo_comprobante;fecha_servicio;ho
rario_servicio;precio;observaciones;lead_origen;cliente_nombre;cliente_telefono;cliente_documento;cliente_correo;client
e_ruc;cliente_razon_social;cliente_id;acceso_origen_opciones;acceso_destino_opciones;requisitos_especiales)>, 
'titulo': 'Nueva Reserva', 'submit_label': 'Crear Reserva', 'active_section': 'servicios', 'lead_id': None}, {'block': 
<Block Node: content. Contents: [<TextNode: '\n<div id="app">\n  <v-app>'>, <django.template.defaulttags.CommentNode 
object at 0x0000013B8F8CC530>, <TextNode: '\n      <div class="d-flex'>, <Variable Node: titulo>, <TextNode: '</h1>\n  
        '>, <IfNode>, <TextNode: '\n        </div>\n        <'>, <IfNode>, <TextNode: '"\n            style="padd'>, 
<Variable Node: submit_label>, <TextNode: '\n          </button>\n    '>, <django.template.defaulttags.CsrfTokenNode 
object at 0x0000013B9281A1D0>, <TextNode: '\n        '>, <IfNode>, <TextNode: '\n        '>, <Variable Node: 
form.lead_origen>, <TextNode: '\n        '>, <Variable Node: form.cliente_id>, <TextNode: '\n\n        '>, <IfNode>, 
<TextNode: '\n\n        '>, <django.template.defaulttags.CommentNode object at 0x0000013B92521190>, <TextNode: '\n     
   <v-card class="r'>, <IfNode>, <TextNode: '\n          </div>\n       '>, <IfNode>, <TextNode: '\n            <div 
class="'>, <Variable Node: form.cliente_nombre.value|default:''>, <TextNode: '" required\n              '>, <IfNode>, 
<TextNode: '\n\n            <div class='>, <Variable Node: form.cliente_telefono.value|default:''>, <TextNode: '" 
required\n              '>, <IfNode>, <TextNode: '\n\n            <div class='>, <Variable Node: 
form.cliente_documento.value|default:''>, <TextNode: '"\n                  v-mod'>, <Variable Node: 
form.cliente_correo.value|default:''>, <TextNode: '">\n              </div>\n '>, <Variable Node: 
form.cliente_ruc.value|default:''>, <TextNode: '">\n              </div>\n '>, <Variable Node: 
form.cliente_razon_social.value|default:''>, <TextNode: '">\n              </div>\n '>, 
<django.template.defaulttags.CommentNode object at 0x0000013B942ACE90>, <TextNode: '\n        <v-card class="r'>, 
<Variable Node: form.direccion_origen.value|default:''>, <TextNode: '" maxlength="255"\n       '>, <IfNode>, 
<TextNode: '\n                <div cla'>, <Variable Node: form.piso_origen.value|default:''>, <TextNode: '" 
maxlength="20"\n        '>, <IfNode>, <TextNode: '\n                <div cla'>, <ForNode: for checkbox in 
form.acceso_origen_opciones, tail_len: 5>, <TextNode: '\n                  </div>'>, <IfNode>, <TextNode: '\n          
    </v-col>\n\n'>, <Variable Node: form.direccion_destino.value|default:''>, <TextNode: '" maxlength="255"\n       
'>, <IfNode>, <TextNode: '\n                <div cla'>, <Variable Node: form.piso_destino.value|default:''>, 
<TextNode: '" maxlength="20"\n        '>, <IfNode>, <TextNode: '\n                <div cla'>, <ForNode: for checkbox 
in form.acceso_destino_opciones, tail_len: 5>, <TextNode: '\n                  </div>'>, <IfNode>, <TextNode: '\n      
        </v-col>\n '>, <django.template.defaulttags.CommentNode object at 0x0000013B942AFC50>, <TextNode: '\n        
<v-card class="r'>, <Variable Node: form.detalle_carga.value|default:''>, <TextNode: '</textarea>\n            <'>, 
<IfNode>, <TextNode: '\n\n            <v-divider '>, <ForNode: for radio in form.tipo_embalaje, tail_len: 5>, 
<TextNode: '\n                </div>\n '>, <IfNode>, <TextNode: '\n              </v-col>\n '>, <ForNode: for checkbox 
in form.requisitos_especiales, tail_len: 9>, <TextNode: '\n                </div>\n '>, <IfNode>, <TextNode: '\n       
         <div sty'>, <django.template.defaulttags.CommentNode object at 0x0000013B940D5AF0>, <TextNode: '\n        
<v-card class="r'>, <Variable Node: form.precio.value|default:''>, <TextNode: '" id="id_precio">\n       '>, <IfNode>, 
<TextNode: '\n              </v-col>\n '>, <ForNode: for radio in form.tipo_comprobante, tail_len: 5>, <TextNode: '\n  
              </div>\n '>, <IfNode>, <TextNode: '\n              </v-col>\n '>, 
<django.template.defaulttags.CommentNode object at 0x0000013B940D5C10>, <TextNode: '\n        <v-card class="r'>, 
<Variable Node: form.horario_servicio.value|default:''>, <TextNode: '\'">\n                    ['>, <IfNode>, 
<TextNode: '\n            '>, <IfNode>, <TextNode: '\n          </div>\n       '>, 
<django.template.defaulttags.CommentNode object at 0x0000013B940D6570>, <TextNode: '\n        <v-card class="r'>, 
<Variable Node: form.observaciones.value|default:''>, <TextNode: '</textarea>\n          </d'>, <IfNode>, <TextNode: 
'"\n              style="pa'>, <Variable Node: submit_label>, <TextNode: '\n            </button>\n  '>, 
<django.template.defaulttags.CommentNode object at 0x0000013B8F5A1AF0>, <TextNode: '\n        <v-card class="r'>]>}]
[DEBUG] 2026-08-13 21:19:32,364 base Exception while resolving variable 'next_url' in template 
'servicios/reserva_form.html'.
Traceback (most recent call last):
  File "D:\DESARROLLO_IA\Proyecto_taxi_carga\Taxi_carga_bot\taxicarga_whatsapp_bot\.venv\Lib\site-packages\django\templ
ate\base.py", line 965, in _resolve_lookup
    current = current[bit]
              ~~~~~~~^^^^^
  File "D:\DESARROLLO_IA\Proyecto_taxi_carga\Taxi_carga_bot\taxicarga_whatsapp_bot\.venv\Lib\site-packages\django\templ
ate\context.py", line 91, in __getitem__
    raise KeyError(key)
KeyError: 'next_url'

During handling of the above exception, another exception occurred:

Traceback (most recent call last):
  File "D:\DESARROLLO_IA\Proyecto_taxi_carga\Taxi_carga_bot\taxicarga_whatsapp_bot\.venv\Lib\site-packages\django\templ
ate\base.py", line 972, in _resolve_lookup
    if isinstance(current, BaseContext) and getattr(
                                            ~~~~~~~^
        type(current), bit
        ^^^^^^^^^^^^^^^^^^
    ):
    ^
AttributeError: type object 'RequestContext' has no attribute 'next_url'

During handling of the above exception, another exception occurred:

Traceback (most recent call last):
  File "D:\DESARROLLO_IA\Proyecto_taxi_carga\Taxi_carga_bot\taxicarga_whatsapp_bot\.venv\Lib\site-packages\django\templ
ate\base.py", line 982, in _resolve_lookup
    current = current[int(bit)]
                      ~~~^^^^^
ValueError: invalid literal for int() with base 10: 'next_url'

During handling of the above exception, another exception occurred:

Traceback (most recent call last):
  File "D:\DESARROLLO_IA\Proyecto_taxi_carga\Taxi_carga_bot\taxicarga_whatsapp_bot\.venv\Lib\site-packages\django\templ
ate\base.py", line 989, in _resolve_lookup
    raise VariableDoesNotExist(
    ^^^^^^^^^^^^^^^^^^^^^^^^^^^
    ...<2 lines>...
    )  # missing attribute
    ^
django.template.base.VariableDoesNotExist: Failed lookup for key [next_url] in [{'True': True, 'False': False, 'None': 
None}, {'csrf_token': <SimpleLazyObject: 'Ni3OHEkw98mrv7LpyNnO1VnGsD72OTM5FT2Oc1rwep7NFV9Z9jWaG2jPZjV3sAzO'>, 
'request': <WSGIRequest: POST '/dashboard/servicios/nuevo/'>, 'user': <SimpleLazyObject: <User: admin>>, 'perms': 
PermWrapper(<SimpleLazyObject: <User: admin>>), 'messages': <FallbackStorage: request=<WSGIRequest: POST 
'/dashboard/servicios/nuevo/'>>, 'DEFAULT_MESSAGE_LEVELS': {'DEBUG': 10, 'INFO': 20, 'SUCCESS': 25, 'WARNING': 30, 
'ERROR': 40}, 'is_admin': True, 'is_supervisor': False, 'is_asesor': False, 'is_conductor': False, 'is_ayudante': 
False, 'header_canales': [], 'header_channel_id': None}, {}, {'form': <ReservaForm bound=True, valid=False, fields=(dir
eccion_origen;piso_origen;direccion_destino;piso_destino;detalle_carga;tipo_embalaje;tipo_comprobante;fecha_servicio;ho
rario_servicio;precio;observaciones;lead_origen;cliente_nombre;cliente_telefono;cliente_documento;cliente_correo;client
e_ruc;cliente_razon_social;cliente_id;acceso_origen_opciones;acceso_destino_opciones;requisitos_especiales)>, 
'titulo': 'Nueva Reserva', 'submit_label': 'Crear Reserva', 'active_section': 'servicios', 'lead_id': None}, {'block': 
<Block Node: content. Contents: [<TextNode: '\n<div id="app">\n  <v-app>'>, <django.template.defaulttags.CommentNode 
object at 0x0000013B8F8CC530>, <TextNode: '\n      <div class="d-flex'>, <Variable Node: titulo>, <TextNode: '</h1>\n  
        '>, <IfNode>, <TextNode: '\n        </div>\n        <'>, <IfNode>, <TextNode: '"\n            style="padd'>, 
<Variable Node: submit_label>, <TextNode: '\n          </button>\n    '>, <django.template.defaulttags.CsrfTokenNode 
object at 0x0000013B9281A1D0>, <TextNode: '\n        '>, <IfNode>, <TextNode: '\n        '>, <Variable Node: 
form.lead_origen>, <TextNode: '\n        '>, <Variable Node: form.cliente_id>, <TextNode: '\n\n        '>, <IfNode>, 
<TextNode: '\n\n        '>, <django.template.defaulttags.CommentNode object at 0x0000013B92521190>, <TextNode: '\n     
   <v-card class="r'>, <IfNode>, <TextNode: '\n          </div>\n       '>, <IfNode>, <TextNode: '\n            <div 
class="'>, <Variable Node: form.cliente_nombre.value|default:''>, <TextNode: '" required\n              '>, <IfNode>, 
<TextNode: '\n\n            <div class='>, <Variable Node: form.cliente_telefono.value|default:''>, <TextNode: '" 
required\n              '>, <IfNode>, <TextNode: '\n\n            <div class='>, <Variable Node: 
form.cliente_documento.value|default:''>, <TextNode: '"\n                  v-mod'>, <Variable Node: 
form.cliente_correo.value|default:''>, <TextNode: '">\n              </div>\n '>, <Variable Node: 
form.cliente_ruc.value|default:''>, <TextNode: '">\n              </div>\n '>, <Variable Node: 
form.cliente_razon_social.value|default:''>, <TextNode: '">\n              </div>\n '>, 
<django.template.defaulttags.CommentNode object at 0x0000013B942ACE90>, <TextNode: '\n        <v-card class="r'>, 
<Variable Node: form.direccion_origen.value|default:''>, <TextNode: '" maxlength="255"\n       '>, <IfNode>, 
<TextNode: '\n                <div cla'>, <Variable Node: form.piso_origen.value|default:''>, <TextNode: '" 
maxlength="20"\n        '>, <IfNode>, <TextNode: '\n                <div cla'>, <ForNode: for checkbox in 
form.acceso_origen_opciones, tail_len: 5>, <TextNode: '\n                  </div>'>, <IfNode>, <TextNode: '\n          
    </v-col>\n\n'>, <Variable Node: form.direccion_destino.value|default:''>, <TextNode: '" maxlength="255"\n       
'>, <IfNode>, <TextNode: '\n                <div cla'>, <Variable Node: form.piso_destino.value|default:''>, 
<TextNode: '" maxlength="20"\n        '>, <IfNode>, <TextNode: '\n                <div cla'>, <ForNode: for checkbox 
in form.acceso_destino_opciones, tail_len: 5>, <TextNode: '\n                  </div>'>, <IfNode>, <TextNode: '\n      
        </v-col>\n '>, <django.template.defaulttags.CommentNode object at 0x0000013B942AFC50>, <TextNode: '\n        
<v-card class="r'>, <Variable Node: form.detalle_carga.value|default:''>, <TextNode: '</textarea>\n            <'>, 
<IfNode>, <TextNode: '\n\n            <v-divider '>, <ForNode: for radio in form.tipo_embalaje, tail_len: 5>, 
<TextNode: '\n                </div>\n '>, <IfNode>, <TextNode: '\n              </v-col>\n '>, <ForNode: for checkbox 
in form.requisitos_especiales, tail_len: 9>, <TextNode: '\n                </div>\n '>, <IfNode>, <TextNode: '\n       
         <div sty'>, <django.template.defaulttags.CommentNode object at 0x0000013B940D5AF0>, <TextNode: '\n        
<v-card class="r'>, <Variable Node: form.precio.value|default:''>, <TextNode: '" id="id_precio">\n       '>, <IfNode>, 
<TextNode: '\n              </v-col>\n '>, <ForNode: for radio in form.tipo_comprobante, tail_len: 5>, <TextNode: '\n  
              </div>\n '>, <IfNode>, <TextNode: '\n              </v-col>\n '>, 
<django.template.defaulttags.CommentNode object at 0x0000013B940D5C10>, <TextNode: '\n        <v-card class="r'>, 
<Variable Node: form.horario_servicio.value|default:''>, <TextNode: '\'">\n                    ['>, <IfNode>, 
<TextNode: '\n            '>, <IfNode>, <TextNode: '\n          </div>\n       '>, 
<django.template.defaulttags.CommentNode object at 0x0000013B940D6570>, <TextNode: '\n        <v-card class="r'>, 
<Variable Node: form.observaciones.value|default:''>, <TextNode: '</textarea>\n          </d'>, <IfNode>, <TextNode: 
'"\n              style="pa'>, <Variable Node: submit_label>, <TextNode: '\n            </button>\n  '>, 
<django.template.defaulttags.CommentNode object at 0x0000013B8F5A1AF0>, <TextNode: '\n        <v-card class="r'>]>}]
[DEBUG] 2026-08-13 21:19:32,365 base Exception while resolving variable 'editando' in template 
'servicios/reserva_form.html'.
Traceback (most recent call last):
  File "D:\DESARROLLO_IA\Proyecto_taxi_carga\Taxi_carga_bot\taxicarga_whatsapp_bot\.venv\Lib\site-packages\django\templ
ate\base.py", line 965, in _resolve_lookup
    current = current[bit]
              ~~~~~~~^^^^^
  File "D:\DESARROLLO_IA\Proyecto_taxi_carga\Taxi_carga_bot\taxicarga_whatsapp_bot\.venv\Lib\site-packages\django\templ
ate\context.py", line 91, in __getitem__
    raise KeyError(key)
KeyError: 'editando'

During handling of the above exception, another exception occurred:

Traceback (most recent call last):
  File "D:\DESARROLLO_IA\Proyecto_taxi_carga\Taxi_carga_bot\taxicarga_whatsapp_bot\.venv\Lib\site-packages\django\templ
ate\base.py", line 972, in _resolve_lookup
    if isinstance(current, BaseContext) and getattr(
                                            ~~~~~~~^
        type(current), bit
        ^^^^^^^^^^^^^^^^^^
    ):
    ^
AttributeError: type object 'RequestContext' has no attribute 'editando'

During handling of the above exception, another exception occurred:

Traceback (most recent call last):
  File "D:\DESARROLLO_IA\Proyecto_taxi_carga\Taxi_carga_bot\taxicarga_whatsapp_bot\.venv\Lib\site-packages\django\templ
ate\base.py", line 982, in _resolve_lookup
    current = current[int(bit)]
                      ~~~^^^^^
ValueError: invalid literal for int() with base 10: 'editando'

During handling of the above exception, another exception occurred:

Traceback (most recent call last):
  File "D:\DESARROLLO_IA\Proyecto_taxi_carga\Taxi_carga_bot\taxicarga_whatsapp_bot\.venv\Lib\site-packages\django\templ
ate\base.py", line 989, in _resolve_lookup
    raise VariableDoesNotExist(
    ^^^^^^^^^^^^^^^^^^^^^^^^^^^
    ...<2 lines>...
    )  # missing attribute
    ^
django.template.base.VariableDoesNotExist: Failed lookup for key [editando] in [{'True': True, 'False': False, 'None': 
None}, {'csrf_token': <SimpleLazyObject: 'Ni3OHEkw98mrv7LpyNnO1VnGsD72OTM5FT2Oc1rwep7NFV9Z9jWaG2jPZjV3sAzO'>, 
'request': <WSGIRequest: POST '/dashboard/servicios/nuevo/'>, 'user': <SimpleLazyObject: <User: admin>>, 'perms': 
PermWrapper(<SimpleLazyObject: <User: admin>>), 'messages': <FallbackStorage: request=<WSGIRequest: POST 
'/dashboard/servicios/nuevo/'>>, 'DEFAULT_MESSAGE_LEVELS': {'DEBUG': 10, 'INFO': 20, 'SUCCESS': 25, 'WARNING': 30, 
'ERROR': 40}, 'is_admin': True, 'is_supervisor': False, 'is_asesor': False, 'is_conductor': False, 'is_ayudante': 
False, 'header_canales': [], 'header_channel_id': None}, {}, {'form': <ReservaForm bound=True, valid=False, fields=(dir
eccion_origen;piso_origen;direccion_destino;piso_destino;detalle_carga;tipo_embalaje;tipo_comprobante;fecha_servicio;ho
rario_servicio;precio;observaciones;lead_origen;cliente_nombre;cliente_telefono;cliente_documento;cliente_correo;client
e_ruc;cliente_razon_social;cliente_id;acceso_origen_opciones;acceso_destino_opciones;requisitos_especiales)>, 
'titulo': 'Nueva Reserva', 'submit_label': 'Crear Reserva', 'active_section': 'servicios', 'lead_id': None}, {'block': 
<Block Node: content. Contents: [<TextNode: '\n<div id="app">\n  <v-app>'>, <django.template.defaulttags.CommentNode 
object at 0x0000013B8F8CC530>, <TextNode: '\n      <div class="d-flex'>, <Variable Node: titulo>, <TextNode: '</h1>\n  
        '>, <IfNode>, <TextNode: '\n        </div>\n        <'>, <IfNode>, <TextNode: '"\n            style="padd'>, 
<Variable Node: submit_label>, <TextNode: '\n          </button>\n    '>, <django.template.defaulttags.CsrfTokenNode 
object at 0x0000013B9281A1D0>, <TextNode: '\n        '>, <IfNode>, <TextNode: '\n        '>, <Variable Node: 
form.lead_origen>, <TextNode: '\n        '>, <Variable Node: form.cliente_id>, <TextNode: '\n\n        '>, <IfNode>, 
<TextNode: '\n\n        '>, <django.template.defaulttags.CommentNode object at 0x0000013B92521190>, <TextNode: '\n     
   <v-card class="r'>, <IfNode>, <TextNode: '\n          </div>\n       '>, <IfNode>, <TextNode: '\n            <div 
class="'>, <Variable Node: form.cliente_nombre.value|default:''>, <TextNode: '" required\n              '>, <IfNode>, 
<TextNode: '\n\n            <div class='>, <Variable Node: form.cliente_telefono.value|default:''>, <TextNode: '" 
required\n              '>, <IfNode>, <TextNode: '\n\n            <div class='>, <Variable Node: 
form.cliente_documento.value|default:''>, <TextNode: '"\n                  v-mod'>, <Variable Node: 
form.cliente_correo.value|default:''>, <TextNode: '">\n              </div>\n '>, <Variable Node: 
form.cliente_ruc.value|default:''>, <TextNode: '">\n              </div>\n '>, <Variable Node: 
form.cliente_razon_social.value|default:''>, <TextNode: '">\n              </div>\n '>, 
<django.template.defaulttags.CommentNode object at 0x0000013B942ACE90>, <TextNode: '\n        <v-card class="r'>, 
<Variable Node: form.direccion_origen.value|default:''>, <TextNode: '" maxlength="255"\n       '>, <IfNode>, 
<TextNode: '\n                <div cla'>, <Variable Node: form.piso_origen.value|default:''>, <TextNode: '" 
maxlength="20"\n        '>, <IfNode>, <TextNode: '\n                <div cla'>, <ForNode: for checkbox in 
form.acceso_origen_opciones, tail_len: 5>, <TextNode: '\n                  </div>'>, <IfNode>, <TextNode: '\n          
    </v-col>\n\n'>, <Variable Node: form.direccion_destino.value|default:''>, <TextNode: '" maxlength="255"\n       
'>, <IfNode>, <TextNode: '\n                <div cla'>, <Variable Node: form.piso_destino.value|default:''>, 
<TextNode: '" maxlength="20"\n        '>, <IfNode>, <TextNode: '\n                <div cla'>, <ForNode: for checkbox 
in form.acceso_destino_opciones, tail_len: 5>, <TextNode: '\n                  </div>'>, <IfNode>, <TextNode: '\n      
        </v-col>\n '>, <django.template.defaulttags.CommentNode object at 0x0000013B942AFC50>, <TextNode: '\n        
<v-card class="r'>, <Variable Node: form.detalle_carga.value|default:''>, <TextNode: '</textarea>\n            <'>, 
<IfNode>, <TextNode: '\n\n            <v-divider '>, <ForNode: for radio in form.tipo_embalaje, tail_len: 5>, 
<TextNode: '\n                </div>\n '>, <IfNode>, <TextNode: '\n              </v-col>\n '>, <ForNode: for checkbox 
in form.requisitos_especiales, tail_len: 9>, <TextNode: '\n                </div>\n '>, <IfNode>, <TextNode: '\n       
         <div sty'>, <django.template.defaulttags.CommentNode object at 0x0000013B940D5AF0>, <TextNode: '\n        
<v-card class="r'>, <Variable Node: form.precio.value|default:''>, <TextNode: '" id="id_precio">\n       '>, <IfNode>, 
<TextNode: '\n              </v-col>\n '>, <ForNode: for radio in form.tipo_comprobante, tail_len: 5>, <TextNode: '\n  
              </div>\n '>, <IfNode>, <TextNode: '\n              </v-col>\n '>, 
<django.template.defaulttags.CommentNode object at 0x0000013B940D5C10>, <TextNode: '\n        <v-card class="r'>, 
<Variable Node: form.horario_servicio.value|default:''>, <TextNode: '\'">\n                    ['>, <IfNode>, 
<TextNode: '\n            '>, <IfNode>, <TextNode: '\n          </div>\n       '>, 
<django.template.defaulttags.CommentNode object at 0x0000013B940D6570>, <TextNode: '\n        <v-card class="r'>, 
<Variable Node: form.observaciones.value|default:''>, <TextNode: '</textarea>\n          </d'>, <IfNode>, <TextNode: 
'"\n              style="pa'>, <Variable Node: submit_label>, <TextNode: '\n            </button>\n  '>, 
<django.template.defaulttags.CommentNode object at 0x0000013B8F5A1AF0>, <TextNode: '\n        <v-card class="r'>]>}]
[DEBUG] 2026-08-13 21:19:32,366 base Exception while resolving variable 'editando' in template 
'servicios/reserva_form.html'.
Traceback (most recent call last):
  File "D:\DESARROLLO_IA\Proyecto_taxi_carga\Taxi_carga_bot\taxicarga_whatsapp_bot\.venv\Lib\site-packages\django\templ
ate\base.py", line 965, in _resolve_lookup
    current = current[bit]
              ~~~~~~~^^^^^
  File "D:\DESARROLLO_IA\Proyecto_taxi_carga\Taxi_carga_bot\taxicarga_whatsapp_bot\.venv\Lib\site-packages\django\templ
ate\context.py", line 91, in __getitem__
    raise KeyError(key)
KeyError: 'editando'

During handling of the above exception, another exception occurred:

Traceback (most recent call last):
  File "D:\DESARROLLO_IA\Proyecto_taxi_carga\Taxi_carga_bot\taxicarga_whatsapp_bot\.venv\Lib\site-packages\django\templ
ate\base.py", line 972, in _resolve_lookup
    if isinstance(current, BaseContext) and getattr(
                                            ~~~~~~~^
        type(current), bit
        ^^^^^^^^^^^^^^^^^^
    ):
    ^
AttributeError: type object 'RequestContext' has no attribute 'editando'

During handling of the above exception, another exception occurred:

Traceback (most recent call last):
  File "D:\DESARROLLO_IA\Proyecto_taxi_carga\Taxi_carga_bot\taxicarga_whatsapp_bot\.venv\Lib\site-packages\django\templ
ate\base.py", line 982, in _resolve_lookup
    current = current[int(bit)]
                      ~~~^^^^^
ValueError: invalid literal for int() with base 10: 'editando'

During handling of the above exception, another exception occurred:

Traceback (most recent call last):
  File "D:\DESARROLLO_IA\Proyecto_taxi_carga\Taxi_carga_bot\taxicarga_whatsapp_bot\.venv\Lib\site-packages\django\templ
ate\base.py", line 989, in _resolve_lookup
    raise VariableDoesNotExist(
    ^^^^^^^^^^^^^^^^^^^^^^^^^^^
    ...<2 lines>...
    )  # missing attribute
    ^
django.template.base.VariableDoesNotExist: Failed lookup for key [editando] in [{'True': True, 'False': False, 'None': 
None}, {'csrf_token': <SimpleLazyObject: 'Ni3OHEkw98mrv7LpyNnO1VnGsD72OTM5FT2Oc1rwep7NFV9Z9jWaG2jPZjV3sAzO'>, 
'request': <WSGIRequest: POST '/dashboard/servicios/nuevo/'>, 'user': <SimpleLazyObject: <User: admin>>, 'perms': 
PermWrapper(<SimpleLazyObject: <User: admin>>), 'messages': <FallbackStorage: request=<WSGIRequest: POST 
'/dashboard/servicios/nuevo/'>>, 'DEFAULT_MESSAGE_LEVELS': {'DEBUG': 10, 'INFO': 20, 'SUCCESS': 25, 'WARNING': 30, 
'ERROR': 40}, 'is_admin': True, 'is_supervisor': False, 'is_asesor': False, 'is_conductor': False, 'is_ayudante': 
False, 'header_canales': [], 'header_channel_id': None}, {}, {'form': <ReservaForm bound=True, valid=False, fields=(dir
eccion_origen;piso_origen;direccion_destino;piso_destino;detalle_carga;tipo_embalaje;tipo_comprobante;fecha_servicio;ho
rario_servicio;precio;observaciones;lead_origen;cliente_nombre;cliente_telefono;cliente_documento;cliente_correo;client
e_ruc;cliente_razon_social;cliente_id;acceso_origen_opciones;acceso_destino_opciones;requisitos_especiales)>, 
'titulo': 'Nueva Reserva', 'submit_label': 'Crear Reserva', 'active_section': 'servicios', 'lead_id': None}, {'block': 
<Block Node: content. Contents: [<TextNode: '\n<div id="app">\n  <v-app>'>, <django.template.defaulttags.CommentNode 
object at 0x0000013B8F8CC530>, <TextNode: '\n      <div class="d-flex'>, <Variable Node: titulo>, <TextNode: '</h1>\n  
        '>, <IfNode>, <TextNode: '\n        </div>\n        <'>, <IfNode>, <TextNode: '"\n            style="padd'>, 
<Variable Node: submit_label>, <TextNode: '\n          </button>\n    '>, <django.template.defaulttags.CsrfTokenNode 
object at 0x0000013B9281A1D0>, <TextNode: '\n        '>, <IfNode>, <TextNode: '\n        '>, <Variable Node: 
form.lead_origen>, <TextNode: '\n        '>, <Variable Node: form.cliente_id>, <TextNode: '\n\n        '>, <IfNode>, 
<TextNode: '\n\n        '>, <django.template.defaulttags.CommentNode object at 0x0000013B92521190>, <TextNode: '\n     
   <v-card class="r'>, <IfNode>, <TextNode: '\n          </div>\n       '>, <IfNode>, <TextNode: '\n            <div 
class="'>, <Variable Node: form.cliente_nombre.value|default:''>, <TextNode: '" required\n              '>, <IfNode>, 
<TextNode: '\n\n            <div class='>, <Variable Node: form.cliente_telefono.value|default:''>, <TextNode: '" 
required\n              '>, <IfNode>, <TextNode: '\n\n            <div class='>, <Variable Node: 
form.cliente_documento.value|default:''>, <TextNode: '"\n                  v-mod'>, <Variable Node: 
form.cliente_correo.value|default:''>, <TextNode: '">\n              </div>\n '>, <Variable Node: 
form.cliente_ruc.value|default:''>, <TextNode: '">\n              </div>\n '>, <Variable Node: 
form.cliente_razon_social.value|default:''>, <TextNode: '">\n              </div>\n '>, 
<django.template.defaulttags.CommentNode object at 0x0000013B942ACE90>, <TextNode: '\n        <v-card class="r'>, 
<Variable Node: form.direccion_origen.value|default:''>, <TextNode: '" maxlength="255"\n       '>, <IfNode>, 
<TextNode: '\n                <div cla'>, <Variable Node: form.piso_origen.value|default:''>, <TextNode: '" 
maxlength="20"\n        '>, <IfNode>, <TextNode: '\n                <div cla'>, <ForNode: for checkbox in 
form.acceso_origen_opciones, tail_len: 5>, <TextNode: '\n                  </div>'>, <IfNode>, <TextNode: '\n          
    </v-col>\n\n'>, <Variable Node: form.direccion_destino.value|default:''>, <TextNode: '" maxlength="255"\n       
'>, <IfNode>, <TextNode: '\n                <div cla'>, <Variable Node: form.piso_destino.value|default:''>, 
<TextNode: '" maxlength="20"\n        '>, <IfNode>, <TextNode: '\n                <div cla'>, <ForNode: for checkbox 
in form.acceso_destino_opciones, tail_len: 5>, <TextNode: '\n                  </div>'>, <IfNode>, <TextNode: '\n      
        </v-col>\n '>, <django.template.defaulttags.CommentNode object at 0x0000013B942AFC50>, <TextNode: '\n        
<v-card class="r'>, <Variable Node: form.detalle_carga.value|default:''>, <TextNode: '</textarea>\n            <'>, 
<IfNode>, <TextNode: '\n\n            <v-divider '>, <ForNode: for radio in form.tipo_embalaje, tail_len: 5>, 
<TextNode: '\n                </div>\n '>, <IfNode>, <TextNode: '\n              </v-col>\n '>, <ForNode: for checkbox 
in form.requisitos_especiales, tail_len: 9>, <TextNode: '\n                </div>\n '>, <IfNode>, <TextNode: '\n       
         <div sty'>, <django.template.defaulttags.CommentNode object at 0x0000013B940D5AF0>, <TextNode: '\n        
<v-card class="r'>, <Variable Node: form.precio.value|default:''>, <TextNode: '" id="id_precio">\n       '>, <IfNode>, 
<TextNode: '\n              </v-col>\n '>, <ForNode: for radio in form.tipo_comprobante, tail_len: 5>, <TextNode: '\n  
              </div>\n '>, <IfNode>, <TextNode: '\n              </v-col>\n '>, 
<django.template.defaulttags.CommentNode object at 0x0000013B940D5C10>, <TextNode: '\n        <v-card class="r'>, 
<Variable Node: form.horario_servicio.value|default:''>, <TextNode: '\'">\n                    ['>, <IfNode>, 
<TextNode: '\n            '>, <IfNode>, <TextNode: '\n          </div>\n       '>, 
<django.template.defaulttags.CommentNode object at 0x0000013B940D6570>, <TextNode: '\n        <v-card class="r'>, 
<Variable Node: form.observaciones.value|default:''>, <TextNode: '</textarea>\n          </d'>, <IfNode>, <TextNode: 
'"\n              style="pa'>, <Variable Node: submit_label>, <TextNode: '\n            </button>\n  '>, 
<django.template.defaulttags.CommentNode object at 0x0000013B8F5A1AF0>, <TextNode: '\n        <v-card class="r'>]>}]
[DEBUG] 2026-08-13 21:19:32,370 base Exception while resolving variable 'next_url' in template 
'servicios/reserva_form.html'.
Traceback (most recent call last):
  File "D:\DESARROLLO_IA\Proyecto_taxi_carga\Taxi_carga_bot\taxicarga_whatsapp_bot\.venv\Lib\site-packages\django\templ
ate\base.py", line 965, in _resolve_lookup
    current = current[bit]
              ~~~~~~~^^^^^
  File "D:\DESARROLLO_IA\Proyecto_taxi_carga\Taxi_carga_bot\taxicarga_whatsapp_bot\.venv\Lib\site-packages\django\templ
ate\context.py", line 91, in __getitem__
    raise KeyError(key)
KeyError: 'next_url'

During handling of the above exception, another exception occurred:

Traceback (most recent call last):
  File "D:\DESARROLLO_IA\Proyecto_taxi_carga\Taxi_carga_bot\taxicarga_whatsapp_bot\.venv\Lib\site-packages\django\templ
ate\base.py", line 972, in _resolve_lookup
    if isinstance(current, BaseContext) and getattr(
                                            ~~~~~~~^
        type(current), bit
        ^^^^^^^^^^^^^^^^^^
    ):
    ^
AttributeError: type object 'RequestContext' has no attribute 'next_url'

During handling of the above exception, another exception occurred:

Traceback (most recent call last):
  File "D:\DESARROLLO_IA\Proyecto_taxi_carga\Taxi_carga_bot\taxicarga_whatsapp_bot\.venv\Lib\site-packages\django\templ
ate\base.py", line 982, in _resolve_lookup
    current = current[int(bit)]
                      ~~~^^^^^
ValueError: invalid literal for int() with base 10: 'next_url'

During handling of the above exception, another exception occurred:

Traceback (most recent call last):
  File "D:\DESARROLLO_IA\Proyecto_taxi_carga\Taxi_carga_bot\taxicarga_whatsapp_bot\.venv\Lib\site-packages\django\templ
ate\base.py", line 989, in _resolve_lookup
    raise VariableDoesNotExist(
    ^^^^^^^^^^^^^^^^^^^^^^^^^^^
    ...<2 lines>...
    )  # missing attribute
    ^
django.template.base.VariableDoesNotExist: Failed lookup for key [next_url] in [{'True': True, 'False': False, 'None': 
None}, {'csrf_token': <SimpleLazyObject: 'Ni3OHEkw98mrv7LpyNnO1VnGsD72OTM5FT2Oc1rwep7NFV9Z9jWaG2jPZjV3sAzO'>, 
'request': <WSGIRequest: POST '/dashboard/servicios/nuevo/'>, 'user': <SimpleLazyObject: <User: admin>>, 'perms': 
PermWrapper(<SimpleLazyObject: <User: admin>>), 'messages': <FallbackStorage: request=<WSGIRequest: POST 
'/dashboard/servicios/nuevo/'>>, 'DEFAULT_MESSAGE_LEVELS': {'DEBUG': 10, 'INFO': 20, 'SUCCESS': 25, 'WARNING': 30, 
'ERROR': 40}, 'is_admin': True, 'is_supervisor': False, 'is_asesor': False, 'is_conductor': False, 'is_ayudante': 
False, 'header_canales': [], 'header_channel_id': None}, {}, {'form': <ReservaForm bound=True, valid=False, fields=(dir
eccion_origen;piso_origen;direccion_destino;piso_destino;detalle_carga;tipo_embalaje;tipo_comprobante;fecha_servicio;ho
rario_servicio;precio;observaciones;lead_origen;cliente_nombre;cliente_telefono;cliente_documento;cliente_correo;client
e_ruc;cliente_razon_social;cliente_id;acceso_origen_opciones;acceso_destino_opciones;requisitos_especiales)>, 
'titulo': 'Nueva Reserva', 'submit_label': 'Crear Reserva', 'active_section': 'servicios', 'lead_id': None}, {'block': 
<Block Node: content. Contents: [<TextNode: '\n<div id="app">\n  <v-app>'>, <django.template.defaulttags.CommentNode 
object at 0x0000013B8F8CC530>, <TextNode: '\n      <div class="d-flex'>, <Variable Node: titulo>, <TextNode: '</h1>\n  
        '>, <IfNode>, <TextNode: '\n        </div>\n        <'>, <IfNode>, <TextNode: '"\n            style="padd'>, 
<Variable Node: submit_label>, <TextNode: '\n          </button>\n    '>, <django.template.defaulttags.CsrfTokenNode 
object at 0x0000013B9281A1D0>, <TextNode: '\n        '>, <IfNode>, <TextNode: '\n        '>, <Variable Node: 
form.lead_origen>, <TextNode: '\n        '>, <Variable Node: form.cliente_id>, <TextNode: '\n\n        '>, <IfNode>, 
<TextNode: '\n\n        '>, <django.template.defaulttags.CommentNode object at 0x0000013B92521190>, <TextNode: '\n     
   <v-card class="r'>, <IfNode>, <TextNode: '\n          </div>\n       '>, <IfNode>, <TextNode: '\n            <div 
class="'>, <Variable Node: form.cliente_nombre.value|default:''>, <TextNode: '" required\n              '>, <IfNode>, 
<TextNode: '\n\n            <div class='>, <Variable Node: form.cliente_telefono.value|default:''>, <TextNode: '" 
required\n              '>, <IfNode>, <TextNode: '\n\n            <div class='>, <Variable Node: 
form.cliente_documento.value|default:''>, <TextNode: '"\n                  v-mod'>, <Variable Node: 
form.cliente_correo.value|default:''>, <TextNode: '">\n              </div>\n '>, <Variable Node: 
form.cliente_ruc.value|default:''>, <TextNode: '">\n              </div>\n '>, <Variable Node: 
form.cliente_razon_social.value|default:''>, <TextNode: '">\n              </div>\n '>, 
<django.template.defaulttags.CommentNode object at 0x0000013B942ACE90>, <TextNode: '\n        <v-card class="r'>, 
<Variable Node: form.direccion_origen.value|default:''>, <TextNode: '" maxlength="255"\n       '>, <IfNode>, 
<TextNode: '\n                <div cla'>, <Variable Node: form.piso_origen.value|default:''>, <TextNode: '" 
maxlength="20"\n        '>, <IfNode>, <TextNode: '\n                <div cla'>, <ForNode: for checkbox in 
form.acceso_origen_opciones, tail_len: 5>, <TextNode: '\n                  </div>'>, <IfNode>, <TextNode: '\n          
    </v-col>\n\n'>, <Variable Node: form.direccion_destino.value|default:''>, <TextNode: '" maxlength="255"\n       
'>, <IfNode>, <TextNode: '\n                <div cla'>, <Variable Node: form.piso_destino.value|default:''>, 
<TextNode: '" maxlength="20"\n        '>, <IfNode>, <TextNode: '\n                <div cla'>, <ForNode: for checkbox 
in form.acceso_destino_opciones, tail_len: 5>, <TextNode: '\n                  </div>'>, <IfNode>, <TextNode: '\n      
        </v-col>\n '>, <django.template.defaulttags.CommentNode object at 0x0000013B942AFC50>, <TextNode: '\n        
<v-card class="r'>, <Variable Node: form.detalle_carga.value|default:''>, <TextNode: '</textarea>\n            <'>, 
<IfNode>, <TextNode: '\n\n            <v-divider '>, <ForNode: for radio in form.tipo_embalaje, tail_len: 5>, 
<TextNode: '\n                </div>\n '>, <IfNode>, <TextNode: '\n              </v-col>\n '>, <ForNode: for checkbox 
in form.requisitos_especiales, tail_len: 9>, <TextNode: '\n                </div>\n '>, <IfNode>, <TextNode: '\n       
         <div sty'>, <django.template.defaulttags.CommentNode object at 0x0000013B940D5AF0>, <TextNode: '\n        
<v-card class="r'>, <Variable Node: form.precio.value|default:''>, <TextNode: '" id="id_precio">\n       '>, <IfNode>, 
<TextNode: '\n              </v-col>\n '>, <ForNode: for radio in form.tipo_comprobante, tail_len: 5>, <TextNode: '\n  
              </div>\n '>, <IfNode>, <TextNode: '\n              </v-col>\n '>, 
<django.template.defaulttags.CommentNode object at 0x0000013B940D5C10>, <TextNode: '\n        <v-card class="r'>, 
<Variable Node: form.horario_servicio.value|default:''>, <TextNode: '\'">\n                    ['>, <IfNode>, 
<TextNode: '\n            '>, <IfNode>, <TextNode: '\n          </div>\n       '>, 
<django.template.defaulttags.CommentNode object at 0x0000013B940D6570>, <TextNode: '\n        <v-card class="r'>, 
<Variable Node: form.observaciones.value|default:''>, <TextNode: '</textarea>\n          </d'>, <IfNode>, <TextNode: 
'"\n              style="pa'>, <Variable Node: submit_label>, <TextNode: '\n            </button>\n  '>, 
<django.template.defaulttags.CommentNode object at 0x0000013B8F5A1AF0>, <TextNode: '\n        <v-card class="r'>]>}]
[DEBUG] 2026-08-13 21:19:32,371 base Exception while resolving variable 'editando' in template 
'servicios/reserva_form.html'.
Traceback (most recent call last):
  File "D:\DESARROLLO_IA\Proyecto_taxi_carga\Taxi_carga_bot\taxicarga_whatsapp_bot\.venv\Lib\site-packages\django\templ
ate\base.py", line 965, in _resolve_lookup
    current = current[bit]
              ~~~~~~~^^^^^
  File "D:\DESARROLLO_IA\Proyecto_taxi_carga\Taxi_carga_bot\taxicarga_whatsapp_bot\.venv\Lib\site-packages\django\templ
ate\context.py", line 91, in __getitem__
    raise KeyError(key)
KeyError: 'editando'

During handling of the above exception, another exception occurred:

Traceback (most recent call last):
  File "D:\DESARROLLO_IA\Proyecto_taxi_carga\Taxi_carga_bot\taxicarga_whatsapp_bot\.venv\Lib\site-packages\django\templ
ate\base.py", line 972, in _resolve_lookup
    if isinstance(current, BaseContext) and getattr(
                                            ~~~~~~~^
        type(current), bit
        ^^^^^^^^^^^^^^^^^^
    ):
    ^
AttributeError: type object 'RequestContext' has no attribute 'editando'

During handling of the above exception, another exception occurred:

Traceback (most recent call last):
  File "D:\DESARROLLO_IA\Proyecto_taxi_carga\Taxi_carga_bot\taxicarga_whatsapp_bot\.venv\Lib\site-packages\django\templ
ate\base.py", line 982, in _resolve_lookup
    current = current[int(bit)]
                      ~~~^^^^^
ValueError: invalid literal for int() with base 10: 'editando'

During handling of the above exception, another exception occurred:

Traceback (most recent call last):
  File "D:\DESARROLLO_IA\Proyecto_taxi_carga\Taxi_carga_bot\taxicarga_whatsapp_bot\.venv\Lib\site-packages\django\templ
ate\base.py", line 989, in _resolve_lookup
    raise VariableDoesNotExist(
    ^^^^^^^^^^^^^^^^^^^^^^^^^^^
    ...<2 lines>...
    )  # missing attribute
    ^
django.template.base.VariableDoesNotExist: Failed lookup for key [editando] in [{'True': True, 'False': False, 'None': 
None}, {'csrf_token': <SimpleLazyObject: 'Ni3OHEkw98mrv7LpyNnO1VnGsD72OTM5FT2Oc1rwep7NFV9Z9jWaG2jPZjV3sAzO'>, 
'request': <WSGIRequest: POST '/dashboard/servicios/nuevo/'>, 'user': <SimpleLazyObject: <User: admin>>, 'perms': 
PermWrapper(<SimpleLazyObject: <User: admin>>), 'messages': <FallbackStorage: request=<WSGIRequest: POST 
'/dashboard/servicios/nuevo/'>>, 'DEFAULT_MESSAGE_LEVELS': {'DEBUG': 10, 'INFO': 20, 'SUCCESS': 25, 'WARNING': 30, 
'ERROR': 40}, 'is_admin': True, 'is_supervisor': False, 'is_asesor': False, 'is_conductor': False, 'is_ayudante': 
False, 'header_canales': [], 'header_channel_id': None}, {}, {'form': <ReservaForm bound=True, valid=False, fields=(dir
eccion_origen;piso_origen;direccion_destino;piso_destino;detalle_carga;tipo_embalaje;tipo_comprobante;fecha_servicio;ho
rario_servicio;precio;observaciones;lead_origen;cliente_nombre;cliente_telefono;cliente_documento;cliente_correo;client
e_ruc;cliente_razon_social;cliente_id;acceso_origen_opciones;acceso_destino_opciones;requisitos_especiales)>, 
'titulo': 'Nueva Reserva', 'submit_label': 'Crear Reserva', 'active_section': 'servicios', 'lead_id': None}, {'block': 
<Block Node: extra_scripts. Contents: [<TextNode: '\n<script>\n(function() {\n '>, <IfNode>, <TextNode: ',\n        
nuevoCliente: f'>, <IfNode>, <TextNode: ',\n        '>, <IfNode>, <TextNode: '\n        selectedDate: fe'>, <Variable 
Node: form.acceso_origen_opciones.value|default:""|join:"+">, <TextNode: "',\n        accesoDestino:">, <Variable 
Node: form.acceso_destino_opciones.value|default:""|join:"+">, <TextNode: "',\n      };\n    },\n    mo">]>}]
[DEBUG] 2026-08-13 21:19:32,372 base Exception while resolving variable 'editando' in template 
'servicios/reserva_form.html'.
Traceback (most recent call last):
  File "D:\DESARROLLO_IA\Proyecto_taxi_carga\Taxi_carga_bot\taxicarga_whatsapp_bot\.venv\Lib\site-packages\django\templ
ate\base.py", line 965, in _resolve_lookup
    current = current[bit]
              ~~~~~~~^^^^^
  File "D:\DESARROLLO_IA\Proyecto_taxi_carga\Taxi_carga_bot\taxicarga_whatsapp_bot\.venv\Lib\site-packages\django\templ
ate\context.py", line 91, in __getitem__
    raise KeyError(key)
KeyError: 'editando'

During handling of the above exception, another exception occurred:

Traceback (most recent call last):
  File "D:\DESARROLLO_IA\Proyecto_taxi_carga\Taxi_carga_bot\taxicarga_whatsapp_bot\.venv\Lib\site-packages\django\templ
ate\base.py", line 972, in _resolve_lookup
    if isinstance(current, BaseContext) and getattr(
                                            ~~~~~~~^
        type(current), bit
        ^^^^^^^^^^^^^^^^^^
    ):
    ^
AttributeError: type object 'RequestContext' has no attribute 'editando'

During handling of the above exception, another exception occurred:

Traceback (most recent call last):
  File "D:\DESARROLLO_IA\Proyecto_taxi_carga\Taxi_carga_bot\taxicarga_whatsapp_bot\.venv\Lib\site-packages\django\templ
ate\base.py", line 982, in _resolve_lookup
    current = current[int(bit)]
                      ~~~^^^^^
ValueError: invalid literal for int() with base 10: 'editando'

During handling of the above exception, another exception occurred:

Traceback (most recent call last):
  File "D:\DESARROLLO_IA\Proyecto_taxi_carga\Taxi_carga_bot\taxicarga_whatsapp_bot\.venv\Lib\site-packages\django\templ
ate\base.py", line 989, in _resolve_lookup
    raise VariableDoesNotExist(
    ^^^^^^^^^^^^^^^^^^^^^^^^^^^
    ...<2 lines>...
    )  # missing attribute
    ^
django.template.base.VariableDoesNotExist: Failed lookup for key [editando] in [{'True': True, 'False': False, 'None': 
None}, {'csrf_token': <SimpleLazyObject: 'Ni3OHEkw98mrv7LpyNnO1VnGsD72OTM5FT2Oc1rwep7NFV9Z9jWaG2jPZjV3sAzO'>, 
'request': <WSGIRequest: POST '/dashboard/servicios/nuevo/'>, 'user': <SimpleLazyObject: <User: admin>>, 'perms': 
PermWrapper(<SimpleLazyObject: <User: admin>>), 'messages': <FallbackStorage: request=<WSGIRequest: POST 
'/dashboard/servicios/nuevo/'>>, 'DEFAULT_MESSAGE_LEVELS': {'DEBUG': 10, 'INFO': 20, 'SUCCESS': 25, 'WARNING': 30, 
'ERROR': 40}, 'is_admin': True, 'is_supervisor': False, 'is_asesor': False, 'is_conductor': False, 'is_ayudante': 
False, 'header_canales': [], 'header_channel_id': None}, {}, {'form': <ReservaForm bound=True, valid=False, fields=(dir
eccion_origen;piso_origen;direccion_destino;piso_destino;detalle_carga;tipo_embalaje;tipo_comprobante;fecha_servicio;ho
rario_servicio;precio;observaciones;lead_origen;cliente_nombre;cliente_telefono;cliente_documento;cliente_correo;client
e_ruc;cliente_razon_social;cliente_id;acceso_origen_opciones;acceso_destino_opciones;requisitos_especiales)>, 
'titulo': 'Nueva Reserva', 'submit_label': 'Crear Reserva', 'active_section': 'servicios', 'lead_id': None}, {'block': 
<Block Node: extra_scripts. Contents: [<TextNode: '\n<script>\n(function() {\n '>, <IfNode>, <TextNode: ',\n        
nuevoCliente: f'>, <IfNode>, <TextNode: ',\n        '>, <IfNode>, <TextNode: '\n        selectedDate: fe'>, <Variable 
Node: form.acceso_origen_opciones.value|default:""|join:"+">, <TextNode: "',\n        accesoDestino:">, <Variable 
Node: form.acceso_destino_opciones.value|default:""|join:"+">, <TextNode: "',\n      };\n    },\n    mo">]>}]
[DEBUG] 2026-08-13 21:19:32,373 base Exception while resolving variable 'editando' in template 
'servicios/reserva_form.html'.
Traceback (most recent call last):
  File "D:\DESARROLLO_IA\Proyecto_taxi_carga\Taxi_carga_bot\taxicarga_whatsapp_bot\.venv\Lib\site-packages\django\templ
ate\base.py", line 965, in _resolve_lookup
    current = current[bit]
              ~~~~~~~^^^^^
  File "D:\DESARROLLO_IA\Proyecto_taxi_carga\Taxi_carga_bot\taxicarga_whatsapp_bot\.venv\Lib\site-packages\django\templ
ate\context.py", line 91, in __getitem__
    raise KeyError(key)
KeyError: 'editando'

During handling of the above exception, another exception occurred:

Traceback (most recent call last):
  File "D:\DESARROLLO_IA\Proyecto_taxi_carga\Taxi_carga_bot\taxicarga_whatsapp_bot\.venv\Lib\site-packages\django\templ
ate\base.py", line 972, in _resolve_lookup
    if isinstance(current, BaseContext) and getattr(
                                            ~~~~~~~^
        type(current), bit
        ^^^^^^^^^^^^^^^^^^
    ):
    ^
AttributeError: type object 'RequestContext' has no attribute 'editando'

During handling of the above exception, another exception occurred:

Traceback (most recent call last):
  File "D:\DESARROLLO_IA\Proyecto_taxi_carga\Taxi_carga_bot\taxicarga_whatsapp_bot\.venv\Lib\site-packages\django\templ
ate\base.py", line 982, in _resolve_lookup
    current = current[int(bit)]
                      ~~~^^^^^
ValueError: invalid literal for int() with base 10: 'editando'

During handling of the above exception, another exception occurred:

Traceback (most recent call last):
  File "D:\DESARROLLO_IA\Proyecto_taxi_carga\Taxi_carga_bot\taxicarga_whatsapp_bot\.venv\Lib\site-packages\django\templ
ate\base.py", line 989, in _resolve_lookup
    raise VariableDoesNotExist(
    ^^^^^^^^^^^^^^^^^^^^^^^^^^^
    ...<2 lines>...
    )  # missing attribute
    ^
django.template.base.VariableDoesNotExist: Failed lookup for key [editando] in [{'True': True, 'False': False, 'None': 
None}, {'csrf_token': <SimpleLazyObject: 'Ni3OHEkw98mrv7LpyNnO1VnGsD72OTM5FT2Oc1rwep7NFV9Z9jWaG2jPZjV3sAzO'>, 
'request': <WSGIRequest: POST '/dashboard/servicios/nuevo/'>, 'user': <SimpleLazyObject: <User: admin>>, 'perms': 
PermWrapper(<SimpleLazyObject: <User: admin>>), 'messages': <FallbackStorage: request=<WSGIRequest: POST 
'/dashboard/servicios/nuevo/'>>, 'DEFAULT_MESSAGE_LEVELS': {'DEBUG': 10, 'INFO': 20, 'SUCCESS': 25, 'WARNING': 30, 
'ERROR': 40}, 'is_admin': True, 'is_supervisor': False, 'is_asesor': False, 'is_conductor': False, 'is_ayudante': 
False, 'header_canales': [], 'header_channel_id': None}, {}, {'form': <ReservaForm bound=True, valid=False, fields=(dir
eccion_origen;piso_origen;direccion_destino;piso_destino;detalle_carga;tipo_embalaje;tipo_comprobante;fecha_servicio;ho
rario_servicio;precio;observaciones;lead_origen;cliente_nombre;cliente_telefono;cliente_documento;cliente_correo;client
e_ruc;cliente_razon_social;cliente_id;acceso_origen_opciones;acceso_destino_opciones;requisitos_especiales)>, 
'titulo': 'Nueva Reserva', 'submit_label': 'Crear Reserva', 'active_section': 'servicios', 'lead_id': None}, {'block': 
<Block Node: extra_scripts. Contents: [<TextNode: '\n<script>\n(function() {\n '>, <IfNode>, <TextNode: ',\n        
nuevoCliente: f'>, <IfNode>, <TextNode: ',\n        '>, <IfNode>, <TextNode: '\n        selectedDate: fe'>, <Variable 
Node: form.acceso_origen_opciones.value|default:""|join:"+">, <TextNode: "',\n        accesoDestino:">, <Variable 
Node: form.acceso_destino_opciones.value|default:""|join:"+">, <TextNode: "',\n      };\n    },\n    mo">]>}]
.[DEBUG] 2026-08-13 21:19:32,917 base Exception while resolving variable 'editando' in template 
'servicios/reserva_form.html'.
Traceback (most recent call last):
  File "D:\DESARROLLO_IA\Proyecto_taxi_carga\Taxi_carga_bot\taxicarga_whatsapp_bot\.venv\Lib\site-packages\django\templ
ate\base.py", line 965, in _resolve_lookup
    current = current[bit]
              ~~~~~~~^^^^^
  File "D:\DESARROLLO_IA\Proyecto_taxi_carga\Taxi_carga_bot\taxicarga_whatsapp_bot\.venv\Lib\site-packages\django\templ
ate\context.py", line 91, in __getitem__
    raise KeyError(key)
KeyError: 'editando'

During handling of the above exception, another exception occurred:

Traceback (most recent call last):
  File "D:\DESARROLLO_IA\Proyecto_taxi_carga\Taxi_carga_bot\taxicarga_whatsapp_bot\.venv\Lib\site-packages\django\templ
ate\base.py", line 972, in _resolve_lookup
    if isinstance(current, BaseContext) and getattr(
                                            ~~~~~~~^
        type(current), bit
        ^^^^^^^^^^^^^^^^^^
    ):
    ^
AttributeError: type object 'RequestContext' has no attribute 'editando'

During handling of the above exception, another exception occurred:

Traceback (most recent call last):
  File "D:\DESARROLLO_IA\Proyecto_taxi_carga\Taxi_carga_bot\taxicarga_whatsapp_bot\.venv\Lib\site-packages\django\templ
ate\base.py", line 982, in _resolve_lookup
    current = current[int(bit)]
                      ~~~^^^^^
ValueError: invalid literal for int() with base 10: 'editando'

During handling of the above exception, another exception occurred:

Traceback (most recent call last):
  File "D:\DESARROLLO_IA\Proyecto_taxi_carga\Taxi_carga_bot\taxicarga_whatsapp_bot\.venv\Lib\site-packages\django\templ
ate\base.py", line 989, in _resolve_lookup
    raise VariableDoesNotExist(
    ^^^^^^^^^^^^^^^^^^^^^^^^^^^
    ...<2 lines>...
    )  # missing attribute
    ^
django.template.base.VariableDoesNotExist: Failed lookup for key [editando] in [{'True': True, 'False': False, 'None': 
None}, {'csrf_token': <SimpleLazyObject: 'j3lAcrcKAnhetGcpdkEYSBUrnliGK4yhWvFHeeSLOjWbUu18H571aosmseBERCOR'>, 
'request': <WSGIRequest: GET '/dashboard/servicios/nuevo/'>, 'user': <SimpleLazyObject: <User: admin>>, 'perms': 
PermWrapper(<SimpleLazyObject: <User: admin>>), 'messages': <FallbackStorage: request=<WSGIRequest: GET 
'/dashboard/servicios/nuevo/'>>, 'DEFAULT_MESSAGE_LEVELS': {'DEBUG': 10, 'INFO': 20, 'SUCCESS': 25, 'WARNING': 30, 
'ERROR': 40}, 'is_admin': True, 'is_supervisor': False, 'is_asesor': False, 'is_conductor': False, 'is_ayudante': 
False, 'header_canales': [], 'header_channel_id': None}, {}, {'form': <ReservaForm bound=False, valid=Unknown, fields=(
direccion_origen;piso_origen;direccion_destino;piso_destino;detalle_carga;tipo_embalaje;tipo_comprobante;fecha_servicio
;horario_servicio;precio;observaciones;lead_origen;cliente_nombre;cliente_telefono;cliente_documento;cliente_correo;cli
ente_ruc;cliente_razon_social;cliente_id;acceso_origen_opciones;acceso_destino_opciones;requisitos_especiales)>, 
'titulo': 'Nueva Reserva', 'submit_label': 'Crear Reserva', 'active_section': 'servicios', 'lead_id': None}, {'block': 
<Block Node: content. Contents: [<TextNode: '\n<div id="app">\n  <v-app>'>, <django.template.defaulttags.CommentNode 
object at 0x0000013B8F8CC530>, <TextNode: '\n      <div class="d-flex'>, <Variable Node: titulo>, <TextNode: '</h1>\n  
        '>, <IfNode>, <TextNode: '\n        </div>\n        <'>, <IfNode>, <TextNode: '"\n            style="padd'>, 
<Variable Node: submit_label>, <TextNode: '\n          </button>\n    '>, <django.template.defaulttags.CsrfTokenNode 
object at 0x0000013B9281A1D0>, <TextNode: '\n        '>, <IfNode>, <TextNode: '\n        '>, <Variable Node: 
form.lead_origen>, <TextNode: '\n        '>, <Variable Node: form.cliente_id>, <TextNode: '\n\n        '>, <IfNode>, 
<TextNode: '\n\n        '>, <django.template.defaulttags.CommentNode object at 0x0000013B92521190>, <TextNode: '\n     
   <v-card class="r'>, <IfNode>, <TextNode: '\n          </div>\n       '>, <IfNode>, <TextNode: '\n            <div 
class="'>, <Variable Node: form.cliente_nombre.value|default:''>, <TextNode: '" required\n              '>, <IfNode>, 
<TextNode: '\n\n            <div class='>, <Variable Node: form.cliente_telefono.value|default:''>, <TextNode: '" 
required\n              '>, <IfNode>, <TextNode: '\n\n            <div class='>, <Variable Node: 
form.cliente_documento.value|default:''>, <TextNode: '"\n                  v-mod'>, <Variable Node: 
form.cliente_correo.value|default:''>, <TextNode: '">\n              </div>\n '>, <Variable Node: 
form.cliente_ruc.value|default:''>, <TextNode: '">\n              </div>\n '>, <Variable Node: 
form.cliente_razon_social.value|default:''>, <TextNode: '">\n              </div>\n '>, 
<django.template.defaulttags.CommentNode object at 0x0000013B942ACE90>, <TextNode: '\n        <v-card class="r'>, 
<Variable Node: form.direccion_origen.value|default:''>, <TextNode: '" maxlength="255"\n       '>, <IfNode>, 
<TextNode: '\n                <div cla'>, <Variable Node: form.piso_origen.value|default:''>, <TextNode: '" 
maxlength="20"\n        '>, <IfNode>, <TextNode: '\n                <div cla'>, <ForNode: for checkbox in 
form.acceso_origen_opciones, tail_len: 5>, <TextNode: '\n                  </div>'>, <IfNode>, <TextNode: '\n          
    </v-col>\n\n'>, <Variable Node: form.direccion_destino.value|default:''>, <TextNode: '" maxlength="255"\n       
'>, <IfNode>, <TextNode: '\n                <div cla'>, <Variable Node: form.piso_destino.value|default:''>, 
<TextNode: '" maxlength="20"\n        '>, <IfNode>, <TextNode: '\n                <div cla'>, <ForNode: for checkbox 
in form.acceso_destino_opciones, tail_len: 5>, <TextNode: '\n                  </div>'>, <IfNode>, <TextNode: '\n      
        </v-col>\n '>, <django.template.defaulttags.CommentNode object at 0x0000013B942AFC50>, <TextNode: '\n        
<v-card class="r'>, <Variable Node: form.detalle_carga.value|default:''>, <TextNode: '</textarea>\n            <'>, 
<IfNode>, <TextNode: '\n\n            <v-divider '>, <ForNode: for radio in form.tipo_embalaje, tail_len: 5>, 
<TextNode: '\n                </div>\n '>, <IfNode>, <TextNode: '\n              </v-col>\n '>, <ForNode: for checkbox 
in form.requisitos_especiales, tail_len: 9>, <TextNode: '\n                </div>\n '>, <IfNode>, <TextNode: '\n       
         <div sty'>, <django.template.defaulttags.CommentNode object at 0x0000013B940D5AF0>, <TextNode: '\n        
<v-card class="r'>, <Variable Node: form.precio.value|default:''>, <TextNode: '" id="id_precio">\n       '>, <IfNode>, 
<TextNode: '\n              </v-col>\n '>, <ForNode: for radio in form.tipo_comprobante, tail_len: 5>, <TextNode: '\n  
              </div>\n '>, <IfNode>, <TextNode: '\n              </v-col>\n '>, 
<django.template.defaulttags.CommentNode object at 0x0000013B940D5C10>, <TextNode: '\n        <v-card class="r'>, 
<Variable Node: form.horario_servicio.value|default:''>, <TextNode: '\'">\n                    ['>, <IfNode>, 
<TextNode: '\n            '>, <IfNode>, <TextNode: '\n          </div>\n       '>, 
<django.template.defaulttags.CommentNode object at 0x0000013B940D6570>, <TextNode: '\n        <v-card class="r'>, 
<Variable Node: form.observaciones.value|default:''>, <TextNode: '</textarea>\n          </d'>, <IfNode>, <TextNode: 
'"\n              style="pa'>, <Variable Node: submit_label>, <TextNode: '\n            </button>\n  '>, 
<django.template.defaulttags.CommentNode object at 0x0000013B8F5A1AF0>, <TextNode: '\n        <v-card class="r'>]>}]
[DEBUG] 2026-08-13 21:19:32,918 base Exception while resolving variable 'next_url' in template 
'servicios/reserva_form.html'.
Traceback (most recent call last):
  File "D:\DESARROLLO_IA\Proyecto_taxi_carga\Taxi_carga_bot\taxicarga_whatsapp_bot\.venv\Lib\site-packages\django\templ
ate\base.py", line 965, in _resolve_lookup
    current = current[bit]
              ~~~~~~~^^^^^
  File "D:\DESARROLLO_IA\Proyecto_taxi_carga\Taxi_carga_bot\taxicarga_whatsapp_bot\.venv\Lib\site-packages\django\templ
ate\context.py", line 91, in __getitem__
    raise KeyError(key)
KeyError: 'next_url'

During handling of the above exception, another exception occurred:

Traceback (most recent call last):
  File "D:\DESARROLLO_IA\Proyecto_taxi_carga\Taxi_carga_bot\taxicarga_whatsapp_bot\.venv\Lib\site-packages\django\templ
ate\base.py", line 972, in _resolve_lookup
    if isinstance(current, BaseContext) and getattr(
                                            ~~~~~~~^
        type(current), bit
        ^^^^^^^^^^^^^^^^^^
    ):
    ^
AttributeError: type object 'RequestContext' has no attribute 'next_url'

During handling of the above exception, another exception occurred:

Traceback (most recent call last):
  File "D:\DESARROLLO_IA\Proyecto_taxi_carga\Taxi_carga_bot\taxicarga_whatsapp_bot\.venv\Lib\site-packages\django\templ
ate\base.py", line 982, in _resolve_lookup
    current = current[int(bit)]
                      ~~~^^^^^
ValueError: invalid literal for int() with base 10: 'next_url'

During handling of the above exception, another exception occurred:

Traceback (most recent call last):
  File "D:\DESARROLLO_IA\Proyecto_taxi_carga\Taxi_carga_bot\taxicarga_whatsapp_bot\.venv\Lib\site-packages\django\templ
ate\base.py", line 989, in _resolve_lookup
    raise VariableDoesNotExist(
    ^^^^^^^^^^^^^^^^^^^^^^^^^^^
    ...<2 lines>...
    )  # missing attribute
    ^
django.template.base.VariableDoesNotExist: Failed lookup for key [next_url] in [{'True': True, 'False': False, 'None': 
None}, {'csrf_token': <SimpleLazyObject: 'j3lAcrcKAnhetGcpdkEYSBUrnliGK4yhWvFHeeSLOjWbUu18H571aosmseBERCOR'>, 
'request': <WSGIRequest: GET '/dashboard/servicios/nuevo/'>, 'user': <SimpleLazyObject: <User: admin>>, 'perms': 
PermWrapper(<SimpleLazyObject: <User: admin>>), 'messages': <FallbackStorage: request=<WSGIRequest: GET 
'/dashboard/servicios/nuevo/'>>, 'DEFAULT_MESSAGE_LEVELS': {'DEBUG': 10, 'INFO': 20, 'SUCCESS': 25, 'WARNING': 30, 
'ERROR': 40}, 'is_admin': True, 'is_supervisor': False, 'is_asesor': False, 'is_conductor': False, 'is_ayudante': 
False, 'header_canales': [], 'header_channel_id': None}, {}, {'form': <ReservaForm bound=False, valid=Unknown, fields=(
direccion_origen;piso_origen;direccion_destino;piso_destino;detalle_carga;tipo_embalaje;tipo_comprobante;fecha_servicio
;horario_servicio;precio;observaciones;lead_origen;cliente_nombre;cliente_telefono;cliente_documento;cliente_correo;cli
ente_ruc;cliente_razon_social;cliente_id;acceso_origen_opciones;acceso_destino_opciones;requisitos_especiales)>, 
'titulo': 'Nueva Reserva', 'submit_label': 'Crear Reserva', 'active_section': 'servicios', 'lead_id': None}, {'block': 
<Block Node: content. Contents: [<TextNode: '\n<div id="app">\n  <v-app>'>, <django.template.defaulttags.CommentNode 
object at 0x0000013B8F8CC530>, <TextNode: '\n      <div class="d-flex'>, <Variable Node: titulo>, <TextNode: '</h1>\n  
        '>, <IfNode>, <TextNode: '\n        </div>\n        <'>, <IfNode>, <TextNode: '"\n            style="padd'>, 
<Variable Node: submit_label>, <TextNode: '\n          </button>\n    '>, <django.template.defaulttags.CsrfTokenNode 
object at 0x0000013B9281A1D0>, <TextNode: '\n        '>, <IfNode>, <TextNode: '\n        '>, <Variable Node: 
form.lead_origen>, <TextNode: '\n        '>, <Variable Node: form.cliente_id>, <TextNode: '\n\n        '>, <IfNode>, 
<TextNode: '\n\n        '>, <django.template.defaulttags.CommentNode object at 0x0000013B92521190>, <TextNode: '\n     
   <v-card class="r'>, <IfNode>, <TextNode: '\n          </div>\n       '>, <IfNode>, <TextNode: '\n            <div 
class="'>, <Variable Node: form.cliente_nombre.value|default:''>, <TextNode: '" required\n              '>, <IfNode>, 
<TextNode: '\n\n            <div class='>, <Variable Node: form.cliente_telefono.value|default:''>, <TextNode: '" 
required\n              '>, <IfNode>, <TextNode: '\n\n            <div class='>, <Variable Node: 
form.cliente_documento.value|default:''>, <TextNode: '"\n                  v-mod'>, <Variable Node: 
form.cliente_correo.value|default:''>, <TextNode: '">\n              </div>\n '>, <Variable Node: 
form.cliente_ruc.value|default:''>, <TextNode: '">\n              </div>\n '>, <Variable Node: 
form.cliente_razon_social.value|default:''>, <TextNode: '">\n              </div>\n '>, 
<django.template.defaulttags.CommentNode object at 0x0000013B942ACE90>, <TextNode: '\n        <v-card class="r'>, 
<Variable Node: form.direccion_origen.value|default:''>, <TextNode: '" maxlength="255"\n       '>, <IfNode>, 
<TextNode: '\n                <div cla'>, <Variable Node: form.piso_origen.value|default:''>, <TextNode: '" 
maxlength="20"\n        '>, <IfNode>, <TextNode: '\n                <div cla'>, <ForNode: for checkbox in 
form.acceso_origen_opciones, tail_len: 5>, <TextNode: '\n                  </div>'>, <IfNode>, <TextNode: '\n          
    </v-col>\n\n'>, <Variable Node: form.direccion_destino.value|default:''>, <TextNode: '" maxlength="255"\n       
'>, <IfNode>, <TextNode: '\n                <div cla'>, <Variable Node: form.piso_destino.value|default:''>, 
<TextNode: '" maxlength="20"\n        '>, <IfNode>, <TextNode: '\n                <div cla'>, <ForNode: for checkbox 
in form.acceso_destino_opciones, tail_len: 5>, <TextNode: '\n                  </div>'>, <IfNode>, <TextNode: '\n      
        </v-col>\n '>, <django.template.defaulttags.CommentNode object at 0x0000013B942AFC50>, <TextNode: '\n        
<v-card class="r'>, <Variable Node: form.detalle_carga.value|default:''>, <TextNode: '</textarea>\n            <'>, 
<IfNode>, <TextNode: '\n\n            <v-divider '>, <ForNode: for radio in form.tipo_embalaje, tail_len: 5>, 
<TextNode: '\n                </div>\n '>, <IfNode>, <TextNode: '\n              </v-col>\n '>, <ForNode: for checkbox 
in form.requisitos_especiales, tail_len: 9>, <TextNode: '\n                </div>\n '>, <IfNode>, <TextNode: '\n       
         <div sty'>, <django.template.defaulttags.CommentNode object at 0x0000013B940D5AF0>, <TextNode: '\n        
<v-card class="r'>, <Variable Node: form.precio.value|default:''>, <TextNode: '" id="id_precio">\n       '>, <IfNode>, 
<TextNode: '\n              </v-col>\n '>, <ForNode: for radio in form.tipo_comprobante, tail_len: 5>, <TextNode: '\n  
              </div>\n '>, <IfNode>, <TextNode: '\n              </v-col>\n '>, 
<django.template.defaulttags.CommentNode object at 0x0000013B940D5C10>, <TextNode: '\n        <v-card class="r'>, 
<Variable Node: form.horario_servicio.value|default:''>, <TextNode: '\'">\n                    ['>, <IfNode>, 
<TextNode: '\n            '>, <IfNode>, <TextNode: '\n          </div>\n       '>, 
<django.template.defaulttags.CommentNode object at 0x0000013B940D6570>, <TextNode: '\n        <v-card class="r'>, 
<Variable Node: form.observaciones.value|default:''>, <TextNode: '</textarea>\n          </d'>, <IfNode>, <TextNode: 
'"\n              style="pa'>, <Variable Node: submit_label>, <TextNode: '\n            </button>\n  '>, 
<django.template.defaulttags.CommentNode object at 0x0000013B8F5A1AF0>, <TextNode: '\n        <v-card class="r'>]>}]
[DEBUG] 2026-08-13 21:19:32,919 base Exception while resolving variable 'next_url' in template 
'servicios/reserva_form.html'.
Traceback (most recent call last):
  File "D:\DESARROLLO_IA\Proyecto_taxi_carga\Taxi_carga_bot\taxicarga_whatsapp_bot\.venv\Lib\site-packages\django\templ
ate\base.py", line 965, in _resolve_lookup
    current = current[bit]
              ~~~~~~~^^^^^
  File "D:\DESARROLLO_IA\Proyecto_taxi_carga\Taxi_carga_bot\taxicarga_whatsapp_bot\.venv\Lib\site-packages\django\templ
ate\context.py", line 91, in __getitem__
    raise KeyError(key)
KeyError: 'next_url'

During handling of the above exception, another exception occurred:

Traceback (most recent call last):
  File "D:\DESARROLLO_IA\Proyecto_taxi_carga\Taxi_carga_bot\taxicarga_whatsapp_bot\.venv\Lib\site-packages\django\templ
ate\base.py", line 972, in _resolve_lookup
    if isinstance(current, BaseContext) and getattr(
                                            ~~~~~~~^
        type(current), bit
        ^^^^^^^^^^^^^^^^^^
    ):
    ^
AttributeError: type object 'RequestContext' has no attribute 'next_url'

During handling of the above exception, another exception occurred:

Traceback (most recent call last):
  File "D:\DESARROLLO_IA\Proyecto_taxi_carga\Taxi_carga_bot\taxicarga_whatsapp_bot\.venv\Lib\site-packages\django\templ
ate\base.py", line 982, in _resolve_lookup
    current = current[int(bit)]
                      ~~~^^^^^
ValueError: invalid literal for int() with base 10: 'next_url'

During handling of the above exception, another exception occurred:

Traceback (most recent call last):
  File "D:\DESARROLLO_IA\Proyecto_taxi_carga\Taxi_carga_bot\taxicarga_whatsapp_bot\.venv\Lib\site-packages\django\templ
ate\base.py", line 989, in _resolve_lookup
    raise VariableDoesNotExist(
    ^^^^^^^^^^^^^^^^^^^^^^^^^^^
    ...<2 lines>...
    )  # missing attribute
    ^
django.template.base.VariableDoesNotExist: Failed lookup for key [next_url] in [{'True': True, 'False': False, 'None': 
None}, {'csrf_token': <SimpleLazyObject: 'j3lAcrcKAnhetGcpdkEYSBUrnliGK4yhWvFHeeSLOjWbUu18H571aosmseBERCOR'>, 
'request': <WSGIRequest: GET '/dashboard/servicios/nuevo/'>, 'user': <SimpleLazyObject: <User: admin>>, 'perms': 
PermWrapper(<SimpleLazyObject: <User: admin>>), 'messages': <FallbackStorage: request=<WSGIRequest: GET 
'/dashboard/servicios/nuevo/'>>, 'DEFAULT_MESSAGE_LEVELS': {'DEBUG': 10, 'INFO': 20, 'SUCCESS': 25, 'WARNING': 30, 
'ERROR': 40}, 'is_admin': True, 'is_supervisor': False, 'is_asesor': False, 'is_conductor': False, 'is_ayudante': 
False, 'header_canales': [], 'header_channel_id': None}, {}, {'form': <ReservaForm bound=False, valid=Unknown, fields=(
direccion_origen;piso_origen;direccion_destino;piso_destino;detalle_carga;tipo_embalaje;tipo_comprobante;fecha_servicio
;horario_servicio;precio;observaciones;lead_origen;cliente_nombre;cliente_telefono;cliente_documento;cliente_correo;cli
ente_ruc;cliente_razon_social;cliente_id;acceso_origen_opciones;acceso_destino_opciones;requisitos_especiales)>, 
'titulo': 'Nueva Reserva', 'submit_label': 'Crear Reserva', 'active_section': 'servicios', 'lead_id': None}, {'block': 
<Block Node: content. Contents: [<TextNode: '\n<div id="app">\n  <v-app>'>, <django.template.defaulttags.CommentNode 
object at 0x0000013B8F8CC530>, <TextNode: '\n      <div class="d-flex'>, <Variable Node: titulo>, <TextNode: '</h1>\n  
        '>, <IfNode>, <TextNode: '\n        </div>\n        <'>, <IfNode>, <TextNode: '"\n            style="padd'>, 
<Variable Node: submit_label>, <TextNode: '\n          </button>\n    '>, <django.template.defaulttags.CsrfTokenNode 
object at 0x0000013B9281A1D0>, <TextNode: '\n        '>, <IfNode>, <TextNode: '\n        '>, <Variable Node: 
form.lead_origen>, <TextNode: '\n        '>, <Variable Node: form.cliente_id>, <TextNode: '\n\n        '>, <IfNode>, 
<TextNode: '\n\n        '>, <django.template.defaulttags.CommentNode object at 0x0000013B92521190>, <TextNode: '\n     
   <v-card class="r'>, <IfNode>, <TextNode: '\n          </div>\n       '>, <IfNode>, <TextNode: '\n            <div 
class="'>, <Variable Node: form.cliente_nombre.value|default:''>, <TextNode: '" required\n              '>, <IfNode>, 
<TextNode: '\n\n            <div class='>, <Variable Node: form.cliente_telefono.value|default:''>, <TextNode: '" 
required\n              '>, <IfNode>, <TextNode: '\n\n            <div class='>, <Variable Node: 
form.cliente_documento.value|default:''>, <TextNode: '"\n                  v-mod'>, <Variable Node: 
form.cliente_correo.value|default:''>, <TextNode: '">\n              </div>\n '>, <Variable Node: 
form.cliente_ruc.value|default:''>, <TextNode: '">\n              </div>\n '>, <Variable Node: 
form.cliente_razon_social.value|default:''>, <TextNode: '">\n              </div>\n '>, 
<django.template.defaulttags.CommentNode object at 0x0000013B942ACE90>, <TextNode: '\n        <v-card class="r'>, 
<Variable Node: form.direccion_origen.value|default:''>, <TextNode: '" maxlength="255"\n       '>, <IfNode>, 
<TextNode: '\n                <div cla'>, <Variable Node: form.piso_origen.value|default:''>, <TextNode: '" 
maxlength="20"\n        '>, <IfNode>, <TextNode: '\n                <div cla'>, <ForNode: for checkbox in 
form.acceso_origen_opciones, tail_len: 5>, <TextNode: '\n                  </div>'>, <IfNode>, <TextNode: '\n          
    </v-col>\n\n'>, <Variable Node: form.direccion_destino.value|default:''>, <TextNode: '" maxlength="255"\n       
'>, <IfNode>, <TextNode: '\n                <div cla'>, <Variable Node: form.piso_destino.value|default:''>, 
<TextNode: '" maxlength="20"\n        '>, <IfNode>, <TextNode: '\n                <div cla'>, <ForNode: for checkbox 
in form.acceso_destino_opciones, tail_len: 5>, <TextNode: '\n                  </div>'>, <IfNode>, <TextNode: '\n      
        </v-col>\n '>, <django.template.defaulttags.CommentNode object at 0x0000013B942AFC50>, <TextNode: '\n        
<v-card class="r'>, <Variable Node: form.detalle_carga.value|default:''>, <TextNode: '</textarea>\n            <'>, 
<IfNode>, <TextNode: '\n\n            <v-divider '>, <ForNode: for radio in form.tipo_embalaje, tail_len: 5>, 
<TextNode: '\n                </div>\n '>, <IfNode>, <TextNode: '\n              </v-col>\n '>, <ForNode: for checkbox 
in form.requisitos_especiales, tail_len: 9>, <TextNode: '\n                </div>\n '>, <IfNode>, <TextNode: '\n       
         <div sty'>, <django.template.defaulttags.CommentNode object at 0x0000013B940D5AF0>, <TextNode: '\n        
<v-card class="r'>, <Variable Node: form.precio.value|default:''>, <TextNode: '" id="id_precio">\n       '>, <IfNode>, 
<TextNode: '\n              </v-col>\n '>, <ForNode: for radio in form.tipo_comprobante, tail_len: 5>, <TextNode: '\n  
              </div>\n '>, <IfNode>, <TextNode: '\n              </v-col>\n '>, 
<django.template.defaulttags.CommentNode object at 0x0000013B940D5C10>, <TextNode: '\n        <v-card class="r'>, 
<Variable Node: form.horario_servicio.value|default:''>, <TextNode: '\'">\n                    ['>, <IfNode>, 
<TextNode: '\n            '>, <IfNode>, <TextNode: '\n          </div>\n       '>, 
<django.template.defaulttags.CommentNode object at 0x0000013B940D6570>, <TextNode: '\n        <v-card class="r'>, 
<Variable Node: form.observaciones.value|default:''>, <TextNode: '</textarea>\n          </d'>, <IfNode>, <TextNode: 
'"\n              style="pa'>, <Variable Node: submit_label>, <TextNode: '\n            </button>\n  '>, 
<django.template.defaulttags.CommentNode object at 0x0000013B8F5A1AF0>, <TextNode: '\n        <v-card class="r'>]>}]
[DEBUG] 2026-08-13 21:19:32,920 base Exception while resolving variable 'editando' in template 
'servicios/reserva_form.html'.
Traceback (most recent call last):
  File "D:\DESARROLLO_IA\Proyecto_taxi_carga\Taxi_carga_bot\taxicarga_whatsapp_bot\.venv\Lib\site-packages\django\templ
ate\base.py", line 965, in _resolve_lookup
    current = current[bit]
              ~~~~~~~^^^^^
  File "D:\DESARROLLO_IA\Proyecto_taxi_carga\Taxi_carga_bot\taxicarga_whatsapp_bot\.venv\Lib\site-packages\django\templ
ate\context.py", line 91, in __getitem__
    raise KeyError(key)
KeyError: 'editando'

During handling of the above exception, another exception occurred:

Traceback (most recent call last):
  File "D:\DESARROLLO_IA\Proyecto_taxi_carga\Taxi_carga_bot\taxicarga_whatsapp_bot\.venv\Lib\site-packages\django\templ
ate\base.py", line 972, in _resolve_lookup
    if isinstance(current, BaseContext) and getattr(
                                            ~~~~~~~^
        type(current), bit
        ^^^^^^^^^^^^^^^^^^
    ):
    ^
AttributeError: type object 'RequestContext' has no attribute 'editando'

During handling of the above exception, another exception occurred:

Traceback (most recent call last):
  File "D:\DESARROLLO_IA\Proyecto_taxi_carga\Taxi_carga_bot\taxicarga_whatsapp_bot\.venv\Lib\site-packages\django\templ
ate\base.py", line 982, in _resolve_lookup
    current = current[int(bit)]
                      ~~~^^^^^
ValueError: invalid literal for int() with base 10: 'editando'

During handling of the above exception, another exception occurred:

Traceback (most recent call last):
  File "D:\DESARROLLO_IA\Proyecto_taxi_carga\Taxi_carga_bot\taxicarga_whatsapp_bot\.venv\Lib\site-packages\django\templ
ate\base.py", line 989, in _resolve_lookup
    raise VariableDoesNotExist(
    ^^^^^^^^^^^^^^^^^^^^^^^^^^^
    ...<2 lines>...
    )  # missing attribute
    ^
django.template.base.VariableDoesNotExist: Failed lookup for key [editando] in [{'True': True, 'False': False, 'None': 
None}, {'csrf_token': <SimpleLazyObject: 'j3lAcrcKAnhetGcpdkEYSBUrnliGK4yhWvFHeeSLOjWbUu18H571aosmseBERCOR'>, 
'request': <WSGIRequest: GET '/dashboard/servicios/nuevo/'>, 'user': <SimpleLazyObject: <User: admin>>, 'perms': 
PermWrapper(<SimpleLazyObject: <User: admin>>), 'messages': <FallbackStorage: request=<WSGIRequest: GET 
'/dashboard/servicios/nuevo/'>>, 'DEFAULT_MESSAGE_LEVELS': {'DEBUG': 10, 'INFO': 20, 'SUCCESS': 25, 'WARNING': 30, 
'ERROR': 40}, 'is_admin': True, 'is_supervisor': False, 'is_asesor': False, 'is_conductor': False, 'is_ayudante': 
False, 'header_canales': [], 'header_channel_id': None}, {}, {'form': <ReservaForm bound=False, valid=False, fields=(di
reccion_origen;piso_origen;direccion_destino;piso_destino;detalle_carga;tipo_embalaje;tipo_comprobante;fecha_servicio;h
orario_servicio;precio;observaciones;lead_origen;cliente_nombre;cliente_telefono;cliente_documento;cliente_correo;clien
te_ruc;cliente_razon_social;cliente_id;acceso_origen_opciones;acceso_destino_opciones;requisitos_especiales)>, 
'titulo': 'Nueva Reserva', 'submit_label': 'Crear Reserva', 'active_section': 'servicios', 'lead_id': None}, {'block': 
<Block Node: content. Contents: [<TextNode: '\n<div id="app">\n  <v-app>'>, <django.template.defaulttags.CommentNode 
object at 0x0000013B8F8CC530>, <TextNode: '\n      <div class="d-flex'>, <Variable Node: titulo>, <TextNode: '</h1>\n  
        '>, <IfNode>, <TextNode: '\n        </div>\n        <'>, <IfNode>, <TextNode: '"\n            style="padd'>, 
<Variable Node: submit_label>, <TextNode: '\n          </button>\n    '>, <django.template.defaulttags.CsrfTokenNode 
object at 0x0000013B9281A1D0>, <TextNode: '\n        '>, <IfNode>, <TextNode: '\n        '>, <Variable Node: 
form.lead_origen>, <TextNode: '\n        '>, <Variable Node: form.cliente_id>, <TextNode: '\n\n        '>, <IfNode>, 
<TextNode: '\n\n        '>, <django.template.defaulttags.CommentNode object at 0x0000013B92521190>, <TextNode: '\n     
   <v-card class="r'>, <IfNode>, <TextNode: '\n          </div>\n       '>, <IfNode>, <TextNode: '\n            <div 
class="'>, <Variable Node: form.cliente_nombre.value|default:''>, <TextNode: '" required\n              '>, <IfNode>, 
<TextNode: '\n\n            <div class='>, <Variable Node: form.cliente_telefono.value|default:''>, <TextNode: '" 
required\n              '>, <IfNode>, <TextNode: '\n\n            <div class='>, <Variable Node: 
form.cliente_documento.value|default:''>, <TextNode: '"\n                  v-mod'>, <Variable Node: 
form.cliente_correo.value|default:''>, <TextNode: '">\n              </div>\n '>, <Variable Node: 
form.cliente_ruc.value|default:''>, <TextNode: '">\n              </div>\n '>, <Variable Node: 
form.cliente_razon_social.value|default:''>, <TextNode: '">\n              </div>\n '>, 
<django.template.defaulttags.CommentNode object at 0x0000013B942ACE90>, <TextNode: '\n        <v-card class="r'>, 
<Variable Node: form.direccion_origen.value|default:''>, <TextNode: '" maxlength="255"\n       '>, <IfNode>, 
<TextNode: '\n                <div cla'>, <Variable Node: form.piso_origen.value|default:''>, <TextNode: '" 
maxlength="20"\n        '>, <IfNode>, <TextNode: '\n                <div cla'>, <ForNode: for checkbox in 
form.acceso_origen_opciones, tail_len: 5>, <TextNode: '\n                  </div>'>, <IfNode>, <TextNode: '\n          
    </v-col>\n\n'>, <Variable Node: form.direccion_destino.value|default:''>, <TextNode: '" maxlength="255"\n       
'>, <IfNode>, <TextNode: '\n                <div cla'>, <Variable Node: form.piso_destino.value|default:''>, 
<TextNode: '" maxlength="20"\n        '>, <IfNode>, <TextNode: '\n                <div cla'>, <ForNode: for checkbox 
in form.acceso_destino_opciones, tail_len: 5>, <TextNode: '\n                  </div>'>, <IfNode>, <TextNode: '\n      
        </v-col>\n '>, <django.template.defaulttags.CommentNode object at 0x0000013B942AFC50>, <TextNode: '\n        
<v-card class="r'>, <Variable Node: form.detalle_carga.value|default:''>, <TextNode: '</textarea>\n            <'>, 
<IfNode>, <TextNode: '\n\n            <v-divider '>, <ForNode: for radio in form.tipo_embalaje, tail_len: 5>, 
<TextNode: '\n                </div>\n '>, <IfNode>, <TextNode: '\n              </v-col>\n '>, <ForNode: for checkbox 
in form.requisitos_especiales, tail_len: 9>, <TextNode: '\n                </div>\n '>, <IfNode>, <TextNode: '\n       
         <div sty'>, <django.template.defaulttags.CommentNode object at 0x0000013B940D5AF0>, <TextNode: '\n        
<v-card class="r'>, <Variable Node: form.precio.value|default:''>, <TextNode: '" id="id_precio">\n       '>, <IfNode>, 
<TextNode: '\n              </v-col>\n '>, <ForNode: for radio in form.tipo_comprobante, tail_len: 5>, <TextNode: '\n  
              </div>\n '>, <IfNode>, <TextNode: '\n              </v-col>\n '>, 
<django.template.defaulttags.CommentNode object at 0x0000013B940D5C10>, <TextNode: '\n        <v-card class="r'>, 
<Variable Node: form.horario_servicio.value|default:''>, <TextNode: '\'">\n                    ['>, <IfNode>, 
<TextNode: '\n            '>, <IfNode>, <TextNode: '\n          </div>\n       '>, 
<django.template.defaulttags.CommentNode object at 0x0000013B940D6570>, <TextNode: '\n        <v-card class="r'>, 
<Variable Node: form.observaciones.value|default:''>, <TextNode: '</textarea>\n          </d'>, <IfNode>, <TextNode: 
'"\n              style="pa'>, <Variable Node: submit_label>, <TextNode: '\n            </button>\n  '>, 
<django.template.defaulttags.CommentNode object at 0x0000013B8F5A1AF0>, <TextNode: '\n        <v-card class="r'>]>}]
[DEBUG] 2026-08-13 21:19:32,921 base Exception while resolving variable 'editando' in template 
'servicios/reserva_form.html'.
Traceback (most recent call last):
  File "D:\DESARROLLO_IA\Proyecto_taxi_carga\Taxi_carga_bot\taxicarga_whatsapp_bot\.venv\Lib\site-packages\django\templ
ate\base.py", line 965, in _resolve_lookup
    current = current[bit]
              ~~~~~~~^^^^^
  File "D:\DESARROLLO_IA\Proyecto_taxi_carga\Taxi_carga_bot\taxicarga_whatsapp_bot\.venv\Lib\site-packages\django\templ
ate\context.py", line 91, in __getitem__
    raise KeyError(key)
KeyError: 'editando'

During handling of the above exception, another exception occurred:

Traceback (most recent call last):
  File "D:\DESARROLLO_IA\Proyecto_taxi_carga\Taxi_carga_bot\taxicarga_whatsapp_bot\.venv\Lib\site-packages\django\templ
ate\base.py", line 972, in _resolve_lookup
    if isinstance(current, BaseContext) and getattr(
                                            ~~~~~~~^
        type(current), bit
        ^^^^^^^^^^^^^^^^^^
    ):
    ^
AttributeError: type object 'RequestContext' has no attribute 'editando'

During handling of the above exception, another exception occurred:

Traceback (most recent call last):
  File "D:\DESARROLLO_IA\Proyecto_taxi_carga\Taxi_carga_bot\taxicarga_whatsapp_bot\.venv\Lib\site-packages\django\templ
ate\base.py", line 982, in _resolve_lookup
    current = current[int(bit)]
                      ~~~^^^^^
ValueError: invalid literal for int() with base 10: 'editando'

During handling of the above exception, another exception occurred:

Traceback (most recent call last):
  File "D:\DESARROLLO_IA\Proyecto_taxi_carga\Taxi_carga_bot\taxicarga_whatsapp_bot\.venv\Lib\site-packages\django\templ
ate\base.py", line 989, in _resolve_lookup
    raise VariableDoesNotExist(
    ^^^^^^^^^^^^^^^^^^^^^^^^^^^
    ...<2 lines>...
    )  # missing attribute
    ^
django.template.base.VariableDoesNotExist: Failed lookup for key [editando] in [{'True': True, 'False': False, 'None': 
None}, {'csrf_token': <SimpleLazyObject: 'j3lAcrcKAnhetGcpdkEYSBUrnliGK4yhWvFHeeSLOjWbUu18H571aosmseBERCOR'>, 
'request': <WSGIRequest: GET '/dashboard/servicios/nuevo/'>, 'user': <SimpleLazyObject: <User: admin>>, 'perms': 
PermWrapper(<SimpleLazyObject: <User: admin>>), 'messages': <FallbackStorage: request=<WSGIRequest: GET 
'/dashboard/servicios/nuevo/'>>, 'DEFAULT_MESSAGE_LEVELS': {'DEBUG': 10, 'INFO': 20, 'SUCCESS': 25, 'WARNING': 30, 
'ERROR': 40}, 'is_admin': True, 'is_supervisor': False, 'is_asesor': False, 'is_conductor': False, 'is_ayudante': 
False, 'header_canales': [], 'header_channel_id': None}, {}, {'form': <ReservaForm bound=False, valid=False, fields=(di
reccion_origen;piso_origen;direccion_destino;piso_destino;detalle_carga;tipo_embalaje;tipo_comprobante;fecha_servicio;h
orario_servicio;precio;observaciones;lead_origen;cliente_nombre;cliente_telefono;cliente_documento;cliente_correo;clien
te_ruc;cliente_razon_social;cliente_id;acceso_origen_opciones;acceso_destino_opciones;requisitos_especiales)>, 
'titulo': 'Nueva Reserva', 'submit_label': 'Crear Reserva', 'active_section': 'servicios', 'lead_id': None}, {'block': 
<Block Node: content. Contents: [<TextNode: '\n<div id="app">\n  <v-app>'>, <django.template.defaulttags.CommentNode 
object at 0x0000013B8F8CC530>, <TextNode: '\n      <div class="d-flex'>, <Variable Node: titulo>, <TextNode: '</h1>\n  
        '>, <IfNode>, <TextNode: '\n        </div>\n        <'>, <IfNode>, <TextNode: '"\n            style="padd'>, 
<Variable Node: submit_label>, <TextNode: '\n          </button>\n    '>, <django.template.defaulttags.CsrfTokenNode 
object at 0x0000013B9281A1D0>, <TextNode: '\n        '>, <IfNode>, <TextNode: '\n        '>, <Variable Node: 
form.lead_origen>, <TextNode: '\n        '>, <Variable Node: form.cliente_id>, <TextNode: '\n\n        '>, <IfNode>, 
<TextNode: '\n\n        '>, <django.template.defaulttags.CommentNode object at 0x0000013B92521190>, <TextNode: '\n     
   <v-card class="r'>, <IfNode>, <TextNode: '\n          </div>\n       '>, <IfNode>, <TextNode: '\n            <div 
class="'>, <Variable Node: form.cliente_nombre.value|default:''>, <TextNode: '" required\n              '>, <IfNode>, 
<TextNode: '\n\n            <div class='>, <Variable Node: form.cliente_telefono.value|default:''>, <TextNode: '" 
required\n              '>, <IfNode>, <TextNode: '\n\n            <div class='>, <Variable Node: 
form.cliente_documento.value|default:''>, <TextNode: '"\n                  v-mod'>, <Variable Node: 
form.cliente_correo.value|default:''>, <TextNode: '">\n              </div>\n '>, <Variable Node: 
form.cliente_ruc.value|default:''>, <TextNode: '">\n              </div>\n '>, <Variable Node: 
form.cliente_razon_social.value|default:''>, <TextNode: '">\n              </div>\n '>, 
<django.template.defaulttags.CommentNode object at 0x0000013B942ACE90>, <TextNode: '\n        <v-card class="r'>, 
<Variable Node: form.direccion_origen.value|default:''>, <TextNode: '" maxlength="255"\n       '>, <IfNode>, 
<TextNode: '\n                <div cla'>, <Variable Node: form.piso_origen.value|default:''>, <TextNode: '" 
maxlength="20"\n        '>, <IfNode>, <TextNode: '\n                <div cla'>, <ForNode: for checkbox in 
form.acceso_origen_opciones, tail_len: 5>, <TextNode: '\n                  </div>'>, <IfNode>, <TextNode: '\n          
    </v-col>\n\n'>, <Variable Node: form.direccion_destino.value|default:''>, <TextNode: '" maxlength="255"\n       
'>, <IfNode>, <TextNode: '\n                <div cla'>, <Variable Node: form.piso_destino.value|default:''>, 
<TextNode: '" maxlength="20"\n        '>, <IfNode>, <TextNode: '\n                <div cla'>, <ForNode: for checkbox 
in form.acceso_destino_opciones, tail_len: 5>, <TextNode: '\n                  </div>'>, <IfNode>, <TextNode: '\n      
        </v-col>\n '>, <django.template.defaulttags.CommentNode object at 0x0000013B942AFC50>, <TextNode: '\n        
<v-card class="r'>, <Variable Node: form.detalle_carga.value|default:''>, <TextNode: '</textarea>\n            <'>, 
<IfNode>, <TextNode: '\n\n            <v-divider '>, <ForNode: for radio in form.tipo_embalaje, tail_len: 5>, 
<TextNode: '\n                </div>\n '>, <IfNode>, <TextNode: '\n              </v-col>\n '>, <ForNode: for checkbox 
in form.requisitos_especiales, tail_len: 9>, <TextNode: '\n                </div>\n '>, <IfNode>, <TextNode: '\n       
         <div sty'>, <django.template.defaulttags.CommentNode object at 0x0000013B940D5AF0>, <TextNode: '\n        
<v-card class="r'>, <Variable Node: form.precio.value|default:''>, <TextNode: '" id="id_precio">\n       '>, <IfNode>, 
<TextNode: '\n              </v-col>\n '>, <ForNode: for radio in form.tipo_comprobante, tail_len: 5>, <TextNode: '\n  
              </div>\n '>, <IfNode>, <TextNode: '\n              </v-col>\n '>, 
<django.template.defaulttags.CommentNode object at 0x0000013B940D5C10>, <TextNode: '\n        <v-card class="r'>, 
<Variable Node: form.horario_servicio.value|default:''>, <TextNode: '\'">\n                    ['>, <IfNode>, 
<TextNode: '\n            '>, <IfNode>, <TextNode: '\n          </div>\n       '>, 
<django.template.defaulttags.CommentNode object at 0x0000013B940D6570>, <TextNode: '\n        <v-card class="r'>, 
<Variable Node: form.observaciones.value|default:''>, <TextNode: '</textarea>\n          </d'>, <IfNode>, <TextNode: 
'"\n              style="pa'>, <Variable Node: submit_label>, <TextNode: '\n            </button>\n  '>, 
<django.template.defaulttags.CommentNode object at 0x0000013B8F5A1AF0>, <TextNode: '\n        <v-card class="r'>]>}]
[DEBUG] 2026-08-13 21:19:32,925 base Exception while resolving variable 'next_url' in template 
'servicios/reserva_form.html'.
Traceback (most recent call last):
  File "D:\DESARROLLO_IA\Proyecto_taxi_carga\Taxi_carga_bot\taxicarga_whatsapp_bot\.venv\Lib\site-packages\django\templ
ate\base.py", line 965, in _resolve_lookup
    current = current[bit]
              ~~~~~~~^^^^^
  File "D:\DESARROLLO_IA\Proyecto_taxi_carga\Taxi_carga_bot\taxicarga_whatsapp_bot\.venv\Lib\site-packages\django\templ
ate\context.py", line 91, in __getitem__
    raise KeyError(key)
KeyError: 'next_url'

During handling of the above exception, another exception occurred:

Traceback (most recent call last):
  File "D:\DESARROLLO_IA\Proyecto_taxi_carga\Taxi_carga_bot\taxicarga_whatsapp_bot\.venv\Lib\site-packages\django\templ
ate\base.py", line 972, in _resolve_lookup
    if isinstance(current, BaseContext) and getattr(
                                            ~~~~~~~^
        type(current), bit
        ^^^^^^^^^^^^^^^^^^
    ):
    ^
AttributeError: type object 'RequestContext' has no attribute 'next_url'

During handling of the above exception, another exception occurred:

Traceback (most recent call last):
  File "D:\DESARROLLO_IA\Proyecto_taxi_carga\Taxi_carga_bot\taxicarga_whatsapp_bot\.venv\Lib\site-packages\django\templ
ate\base.py", line 982, in _resolve_lookup
    current = current[int(bit)]
                      ~~~^^^^^
ValueError: invalid literal for int() with base 10: 'next_url'

During handling of the above exception, another exception occurred:

Traceback (most recent call last):
  File "D:\DESARROLLO_IA\Proyecto_taxi_carga\Taxi_carga_bot\taxicarga_whatsapp_bot\.venv\Lib\site-packages\django\templ
ate\base.py", line 989, in _resolve_lookup
    raise VariableDoesNotExist(
    ^^^^^^^^^^^^^^^^^^^^^^^^^^^
    ...<2 lines>...
    )  # missing attribute
    ^
django.template.base.VariableDoesNotExist: Failed lookup for key [next_url] in [{'True': True, 'False': False, 'None': 
None}, {'csrf_token': <SimpleLazyObject: 'j3lAcrcKAnhetGcpdkEYSBUrnliGK4yhWvFHeeSLOjWbUu18H571aosmseBERCOR'>, 
'request': <WSGIRequest: GET '/dashboard/servicios/nuevo/'>, 'user': <SimpleLazyObject: <User: admin>>, 'perms': 
PermWrapper(<SimpleLazyObject: <User: admin>>), 'messages': <FallbackStorage: request=<WSGIRequest: GET 
'/dashboard/servicios/nuevo/'>>, 'DEFAULT_MESSAGE_LEVELS': {'DEBUG': 10, 'INFO': 20, 'SUCCESS': 25, 'WARNING': 30, 
'ERROR': 40}, 'is_admin': True, 'is_supervisor': False, 'is_asesor': False, 'is_conductor': False, 'is_ayudante': 
False, 'header_canales': [], 'header_channel_id': None}, {}, {'form': <ReservaForm bound=False, valid=False, fields=(di
reccion_origen;piso_origen;direccion_destino;piso_destino;detalle_carga;tipo_embalaje;tipo_comprobante;fecha_servicio;h
orario_servicio;precio;observaciones;lead_origen;cliente_nombre;cliente_telefono;cliente_documento;cliente_correo;clien
te_ruc;cliente_razon_social;cliente_id;acceso_origen_opciones;acceso_destino_opciones;requisitos_especiales)>, 
'titulo': 'Nueva Reserva', 'submit_label': 'Crear Reserva', 'active_section': 'servicios', 'lead_id': None}, {'block': 
<Block Node: content. Contents: [<TextNode: '\n<div id="app">\n  <v-app>'>, <django.template.defaulttags.CommentNode 
object at 0x0000013B8F8CC530>, <TextNode: '\n      <div class="d-flex'>, <Variable Node: titulo>, <TextNode: '</h1>\n  
        '>, <IfNode>, <TextNode: '\n        </div>\n        <'>, <IfNode>, <TextNode: '"\n            style="padd'>, 
<Variable Node: submit_label>, <TextNode: '\n          </button>\n    '>, <django.template.defaulttags.CsrfTokenNode 
object at 0x0000013B9281A1D0>, <TextNode: '\n        '>, <IfNode>, <TextNode: '\n        '>, <Variable Node: 
form.lead_origen>, <TextNode: '\n        '>, <Variable Node: form.cliente_id>, <TextNode: '\n\n        '>, <IfNode>, 
<TextNode: '\n\n        '>, <django.template.defaulttags.CommentNode object at 0x0000013B92521190>, <TextNode: '\n     
   <v-card class="r'>, <IfNode>, <TextNode: '\n          </div>\n       '>, <IfNode>, <TextNode: '\n            <div 
class="'>, <Variable Node: form.cliente_nombre.value|default:''>, <TextNode: '" required\n              '>, <IfNode>, 
<TextNode: '\n\n            <div class='>, <Variable Node: form.cliente_telefono.value|default:''>, <TextNode: '" 
required\n              '>, <IfNode>, <TextNode: '\n\n            <div class='>, <Variable Node: 
form.cliente_documento.value|default:''>, <TextNode: '"\n                  v-mod'>, <Variable Node: 
form.cliente_correo.value|default:''>, <TextNode: '">\n              </div>\n '>, <Variable Node: 
form.cliente_ruc.value|default:''>, <TextNode: '">\n              </div>\n '>, <Variable Node: 
form.cliente_razon_social.value|default:''>, <TextNode: '">\n              </div>\n '>, 
<django.template.defaulttags.CommentNode object at 0x0000013B942ACE90>, <TextNode: '\n        <v-card class="r'>, 
<Variable Node: form.direccion_origen.value|default:''>, <TextNode: '" maxlength="255"\n       '>, <IfNode>, 
<TextNode: '\n                <div cla'>, <Variable Node: form.piso_origen.value|default:''>, <TextNode: '" 
maxlength="20"\n        '>, <IfNode>, <TextNode: '\n                <div cla'>, <ForNode: for checkbox in 
form.acceso_origen_opciones, tail_len: 5>, <TextNode: '\n                  </div>'>, <IfNode>, <TextNode: '\n          
    </v-col>\n\n'>, <Variable Node: form.direccion_destino.value|default:''>, <TextNode: '" maxlength="255"\n       
'>, <IfNode>, <TextNode: '\n                <div cla'>, <Variable Node: form.piso_destino.value|default:''>, 
<TextNode: '" maxlength="20"\n        '>, <IfNode>, <TextNode: '\n                <div cla'>, <ForNode: for checkbox 
in form.acceso_destino_opciones, tail_len: 5>, <TextNode: '\n                  </div>'>, <IfNode>, <TextNode: '\n      
        </v-col>\n '>, <django.template.defaulttags.CommentNode object at 0x0000013B942AFC50>, <TextNode: '\n        
<v-card class="r'>, <Variable Node: form.detalle_carga.value|default:''>, <TextNode: '</textarea>\n            <'>, 
<IfNode>, <TextNode: '\n\n            <v-divider '>, <ForNode: for radio in form.tipo_embalaje, tail_len: 5>, 
<TextNode: '\n                </div>\n '>, <IfNode>, <TextNode: '\n              </v-col>\n '>, <ForNode: for checkbox 
in form.requisitos_especiales, tail_len: 9>, <TextNode: '\n                </div>\n '>, <IfNode>, <TextNode: '\n       
         <div sty'>, <django.template.defaulttags.CommentNode object at 0x0000013B940D5AF0>, <TextNode: '\n        
<v-card class="r'>, <Variable Node: form.precio.value|default:''>, <TextNode: '" id="id_precio">\n       '>, <IfNode>, 
<TextNode: '\n              </v-col>\n '>, <ForNode: for radio in form.tipo_comprobante, tail_len: 5>, <TextNode: '\n  
              </div>\n '>, <IfNode>, <TextNode: '\n              </v-col>\n '>, 
<django.template.defaulttags.CommentNode object at 0x0000013B940D5C10>, <TextNode: '\n        <v-card class="r'>, 
<Variable Node: form.horario_servicio.value|default:''>, <TextNode: '\'">\n                    ['>, <IfNode>, 
<TextNode: '\n            '>, <IfNode>, <TextNode: '\n          </div>\n       '>, 
<django.template.defaulttags.CommentNode object at 0x0000013B940D6570>, <TextNode: '\n        <v-card class="r'>, 
<Variable Node: form.observaciones.value|default:''>, <TextNode: '</textarea>\n          </d'>, <IfNode>, <TextNode: 
'"\n              style="pa'>, <Variable Node: submit_label>, <TextNode: '\n            </button>\n  '>, 
<django.template.defaulttags.CommentNode object at 0x0000013B8F5A1AF0>, <TextNode: '\n        <v-card class="r'>]>}]
[DEBUG] 2026-08-13 21:19:32,926 base Exception while resolving variable 'editando' in template 
'servicios/reserva_form.html'.
Traceback (most recent call last):
  File "D:\DESARROLLO_IA\Proyecto_taxi_carga\Taxi_carga_bot\taxicarga_whatsapp_bot\.venv\Lib\site-packages\django\templ
ate\base.py", line 965, in _resolve_lookup
    current = current[bit]
              ~~~~~~~^^^^^
  File "D:\DESARROLLO_IA\Proyecto_taxi_carga\Taxi_carga_bot\taxicarga_whatsapp_bot\.venv\Lib\site-packages\django\templ
ate\context.py", line 91, in __getitem__
    raise KeyError(key)
KeyError: 'editando'

During handling of the above exception, another exception occurred:

Traceback (most recent call last):
  File "D:\DESARROLLO_IA\Proyecto_taxi_carga\Taxi_carga_bot\taxicarga_whatsapp_bot\.venv\Lib\site-packages\django\templ
ate\base.py", line 972, in _resolve_lookup
    if isinstance(current, BaseContext) and getattr(
                                            ~~~~~~~^
        type(current), bit
        ^^^^^^^^^^^^^^^^^^
    ):
    ^
AttributeError: type object 'RequestContext' has no attribute 'editando'

During handling of the above exception, another exception occurred:

Traceback (most recent call last):
  File "D:\DESARROLLO_IA\Proyecto_taxi_carga\Taxi_carga_bot\taxicarga_whatsapp_bot\.venv\Lib\site-packages\django\templ
ate\base.py", line 982, in _resolve_lookup
    current = current[int(bit)]
                      ~~~^^^^^
ValueError: invalid literal for int() with base 10: 'editando'

During handling of the above exception, another exception occurred:

Traceback (most recent call last):
  File "D:\DESARROLLO_IA\Proyecto_taxi_carga\Taxi_carga_bot\taxicarga_whatsapp_bot\.venv\Lib\site-packages\django\templ
ate\base.py", line 989, in _resolve_lookup
    raise VariableDoesNotExist(
    ^^^^^^^^^^^^^^^^^^^^^^^^^^^
    ...<2 lines>...
    )  # missing attribute
    ^
django.template.base.VariableDoesNotExist: Failed lookup for key [editando] in [{'True': True, 'False': False, 'None': 
None}, {'csrf_token': <SimpleLazyObject: 'j3lAcrcKAnhetGcpdkEYSBUrnliGK4yhWvFHeeSLOjWbUu18H571aosmseBERCOR'>, 
'request': <WSGIRequest: GET '/dashboard/servicios/nuevo/'>, 'user': <SimpleLazyObject: <User: admin>>, 'perms': 
PermWrapper(<SimpleLazyObject: <User: admin>>), 'messages': <FallbackStorage: request=<WSGIRequest: GET 
'/dashboard/servicios/nuevo/'>>, 'DEFAULT_MESSAGE_LEVELS': {'DEBUG': 10, 'INFO': 20, 'SUCCESS': 25, 'WARNING': 30, 
'ERROR': 40}, 'is_admin': True, 'is_supervisor': False, 'is_asesor': False, 'is_conductor': False, 'is_ayudante': 
False, 'header_canales': [], 'header_channel_id': None}, {}, {'form': <ReservaForm bound=False, valid=False, fields=(di
reccion_origen;piso_origen;direccion_destino;piso_destino;detalle_carga;tipo_embalaje;tipo_comprobante;fecha_servicio;h
orario_servicio;precio;observaciones;lead_origen;cliente_nombre;cliente_telefono;cliente_documento;cliente_correo;clien
te_ruc;cliente_razon_social;cliente_id;acceso_origen_opciones;acceso_destino_opciones;requisitos_especiales)>, 
'titulo': 'Nueva Reserva', 'submit_label': 'Crear Reserva', 'active_section': 'servicios', 'lead_id': None}, {'block': 
<Block Node: extra_scripts. Contents: [<TextNode: '\n<script>\n(function() {\n '>, <IfNode>, <TextNode: ',\n        
nuevoCliente: f'>, <IfNode>, <TextNode: ',\n        '>, <IfNode>, <TextNode: '\n        selectedDate: fe'>, <Variable 
Node: form.acceso_origen_opciones.value|default:""|join:"+">, <TextNode: "',\n        accesoDestino:">, <Variable 
Node: form.acceso_destino_opciones.value|default:""|join:"+">, <TextNode: "',\n      };\n    },\n    mo">]>}]
[DEBUG] 2026-08-13 21:19:32,927 base Exception while resolving variable 'editando' in template 
'servicios/reserva_form.html'.
Traceback (most recent call last):
  File "D:\DESARROLLO_IA\Proyecto_taxi_carga\Taxi_carga_bot\taxicarga_whatsapp_bot\.venv\Lib\site-packages\django\templ
ate\base.py", line 965, in _resolve_lookup
    current = current[bit]
              ~~~~~~~^^^^^
  File "D:\DESARROLLO_IA\Proyecto_taxi_carga\Taxi_carga_bot\taxicarga_whatsapp_bot\.venv\Lib\site-packages\django\templ
ate\context.py", line 91, in __getitem__
    raise KeyError(key)
KeyError: 'editando'

During handling of the above exception, another exception occurred:

Traceback (most recent call last):
  File "D:\DESARROLLO_IA\Proyecto_taxi_carga\Taxi_carga_bot\taxicarga_whatsapp_bot\.venv\Lib\site-packages\django\templ
ate\base.py", line 972, in _resolve_lookup
    if isinstance(current, BaseContext) and getattr(
                                            ~~~~~~~^
        type(current), bit
        ^^^^^^^^^^^^^^^^^^
    ):
    ^
AttributeError: type object 'RequestContext' has no attribute 'editando'

During handling of the above exception, another exception occurred:

Traceback (most recent call last):
  File "D:\DESARROLLO_IA\Proyecto_taxi_carga\Taxi_carga_bot\taxicarga_whatsapp_bot\.venv\Lib\site-packages\django\templ
ate\base.py", line 982, in _resolve_lookup
    current = current[int(bit)]
                      ~~~^^^^^
ValueError: invalid literal for int() with base 10: 'editando'

During handling of the above exception, another exception occurred:

Traceback (most recent call last):
  File "D:\DESARROLLO_IA\Proyecto_taxi_carga\Taxi_carga_bot\taxicarga_whatsapp_bot\.venv\Lib\site-packages\django\templ
ate\base.py", line 989, in _resolve_lookup
    raise VariableDoesNotExist(
    ^^^^^^^^^^^^^^^^^^^^^^^^^^^
    ...<2 lines>...
    )  # missing attribute
    ^
django.template.base.VariableDoesNotExist: Failed lookup for key [editando] in [{'True': True, 'False': False, 'None': 
None}, {'csrf_token': <SimpleLazyObject: 'j3lAcrcKAnhetGcpdkEYSBUrnliGK4yhWvFHeeSLOjWbUu18H571aosmseBERCOR'>, 
'request': <WSGIRequest: GET '/dashboard/servicios/nuevo/'>, 'user': <SimpleLazyObject: <User: admin>>, 'perms': 
PermWrapper(<SimpleLazyObject: <User: admin>>), 'messages': <FallbackStorage: request=<WSGIRequest: GET 
'/dashboard/servicios/nuevo/'>>, 'DEFAULT_MESSAGE_LEVELS': {'DEBUG': 10, 'INFO': 20, 'SUCCESS': 25, 'WARNING': 30, 
'ERROR': 40}, 'is_admin': True, 'is_supervisor': False, 'is_asesor': False, 'is_conductor': False, 'is_ayudante': 
False, 'header_canales': [], 'header_channel_id': None}, {}, {'form': <ReservaForm bound=False, valid=False, fields=(di
reccion_origen;piso_origen;direccion_destino;piso_destino;detalle_carga;tipo_embalaje;tipo_comprobante;fecha_servicio;h
orario_servicio;precio;observaciones;lead_origen;cliente_nombre;cliente_telefono;cliente_documento;cliente_correo;clien
te_ruc;cliente_razon_social;cliente_id;acceso_origen_opciones;acceso_destino_opciones;requisitos_especiales)>, 
'titulo': 'Nueva Reserva', 'submit_label': 'Crear Reserva', 'active_section': 'servicios', 'lead_id': None}, {'block': 
<Block Node: extra_scripts. Contents: [<TextNode: '\n<script>\n(function() {\n '>, <IfNode>, <TextNode: ',\n        
nuevoCliente: f'>, <IfNode>, <TextNode: ',\n        '>, <IfNode>, <TextNode: '\n        selectedDate: fe'>, <Variable 
Node: form.acceso_origen_opciones.value|default:""|join:"+">, <TextNode: "',\n        accesoDestino:">, <Variable 
Node: form.acceso_destino_opciones.value|default:""|join:"+">, <TextNode: "',\n      };\n    },\n    mo">]>}]
[DEBUG] 2026-08-13 21:19:32,928 base Exception while resolving variable 'editando' in template 
'servicios/reserva_form.html'.
Traceback (most recent call last):
  File "D:\DESARROLLO_IA\Proyecto_taxi_carga\Taxi_carga_bot\taxicarga_whatsapp_bot\.venv\Lib\site-packages\django\templ
ate\base.py", line 965, in _resolve_lookup
    current = current[bit]
              ~~~~~~~^^^^^
  File "D:\DESARROLLO_IA\Proyecto_taxi_carga\Taxi_carga_bot\taxicarga_whatsapp_bot\.venv\Lib\site-packages\django\templ
ate\context.py", line 91, in __getitem__
    raise KeyError(key)
KeyError: 'editando'

During handling of the above exception, another exception occurred:

Traceback (most recent call last):
  File "D:\DESARROLLO_IA\Proyecto_taxi_carga\Taxi_carga_bot\taxicarga_whatsapp_bot\.venv\Lib\site-packages\django\templ
ate\base.py", line 972, in _resolve_lookup
    if isinstance(current, BaseContext) and getattr(
                                            ~~~~~~~^
        type(current), bit
        ^^^^^^^^^^^^^^^^^^
    ):
    ^
AttributeError: type object 'RequestContext' has no attribute 'editando'

During handling of the above exception, another exception occurred:

Traceback (most recent call last):
  File "D:\DESARROLLO_IA\Proyecto_taxi_carga\Taxi_carga_bot\taxicarga_whatsapp_bot\.venv\Lib\site-packages\django\templ
ate\base.py", line 982, in _resolve_lookup
    current = current[int(bit)]
                      ~~~^^^^^
ValueError: invalid literal for int() with base 10: 'editando'

During handling of the above exception, another exception occurred:

Traceback (most recent call last):
  File "D:\DESARROLLO_IA\Proyecto_taxi_carga\Taxi_carga_bot\taxicarga_whatsapp_bot\.venv\Lib\site-packages\django\templ
ate\base.py", line 989, in _resolve_lookup
    raise VariableDoesNotExist(
    ^^^^^^^^^^^^^^^^^^^^^^^^^^^
    ...<2 lines>...
    )  # missing attribute
    ^
django.template.base.VariableDoesNotExist: Failed lookup for key [editando] in [{'True': True, 'False': False, 'None': 
None}, {'csrf_token': <SimpleLazyObject: 'j3lAcrcKAnhetGcpdkEYSBUrnliGK4yhWvFHeeSLOjWbUu18H571aosmseBERCOR'>, 
'request': <WSGIRequest: GET '/dashboard/servicios/nuevo/'>, 'user': <SimpleLazyObject: <User: admin>>, 'perms': 
PermWrapper(<SimpleLazyObject: <User: admin>>), 'messages': <FallbackStorage: request=<WSGIRequest: GET 
'/dashboard/servicios/nuevo/'>>, 'DEFAULT_MESSAGE_LEVELS': {'DEBUG': 10, 'INFO': 20, 'SUCCESS': 25, 'WARNING': 30, 
'ERROR': 40}, 'is_admin': True, 'is_supervisor': False, 'is_asesor': False, 'is_conductor': False, 'is_ayudante': 
False, 'header_canales': [], 'header_channel_id': None}, {}, {'form': <ReservaForm bound=False, valid=False, fields=(di
reccion_origen;piso_origen;direccion_destino;piso_destino;detalle_carga;tipo_embalaje;tipo_comprobante;fecha_servicio;h
orario_servicio;precio;observaciones;lead_origen;cliente_nombre;cliente_telefono;cliente_documento;cliente_correo;clien
te_ruc;cliente_razon_social;cliente_id;acceso_origen_opciones;acceso_destino_opciones;requisitos_especiales)>, 
'titulo': 'Nueva Reserva', 'submit_label': 'Crear Reserva', 'active_section': 'servicios', 'lead_id': None}, {'block': 
<Block Node: extra_scripts. Contents: [<TextNode: '\n<script>\n(function() {\n '>, <IfNode>, <TextNode: ',\n        
nuevoCliente: f'>, <IfNode>, <TextNode: ',\n        '>, <IfNode>, <TextNode: '\n        selectedDate: fe'>, <Variable 
Node: form.acceso_origen_opciones.value|default:""|join:"+">, <TextNode: "',\n        accesoDestino:">, <Variable 
Node: form.acceso_destino_opciones.value|default:""|join:"+">, <TextNode: "',\n      };\n    },\n    mo">]>}]
....[WARNING] 2026-08-13 21:19:35,065 log Not Found: /dashboard/servicios/9999/
.........[DEBUG] 2026-08-13 21:19:39,701 base Exception while resolving variable 'editando' in template 
'servicios/reserva_form.html'.
Traceback (most recent call last):
  File "D:\DESARROLLO_IA\Proyecto_taxi_carga\Taxi_carga_bot\taxicarga_whatsapp_bot\.venv\Lib\site-packages\django\templ
ate\base.py", line 965, in _resolve_lookup
    current = current[bit]
              ~~~~~~~^^^^^
  File "D:\DESARROLLO_IA\Proyecto_taxi_carga\Taxi_carga_bot\taxicarga_whatsapp_bot\.venv\Lib\site-packages\django\templ
ate\context.py", line 91, in __getitem__
    raise KeyError(key)
KeyError: 'editando'

During handling of the above exception, another exception occurred:

Traceback (most recent call last):
  File "D:\DESARROLLO_IA\Proyecto_taxi_carga\Taxi_carga_bot\taxicarga_whatsapp_bot\.venv\Lib\site-packages\django\templ
ate\base.py", line 972, in _resolve_lookup
    if isinstance(current, BaseContext) and getattr(
                                            ~~~~~~~^
        type(current), bit
        ^^^^^^^^^^^^^^^^^^
    ):
    ^
AttributeError: type object 'RequestContext' has no attribute 'editando'

During handling of the above exception, another exception occurred:

Traceback (most recent call last):
  File "D:\DESARROLLO_IA\Proyecto_taxi_carga\Taxi_carga_bot\taxicarga_whatsapp_bot\.venv\Lib\site-packages\django\templ
ate\base.py", line 982, in _resolve_lookup
    current = current[int(bit)]
                      ~~~^^^^^
ValueError: invalid literal for int() with base 10: 'editando'

During handling of the above exception, another exception occurred:

Traceback (most recent call last):
  File "D:\DESARROLLO_IA\Proyecto_taxi_carga\Taxi_carga_bot\taxicarga_whatsapp_bot\.venv\Lib\site-packages\django\templ
ate\base.py", line 989, in _resolve_lookup
    raise VariableDoesNotExist(
    ^^^^^^^^^^^^^^^^^^^^^^^^^^^
    ...<2 lines>...
    )  # missing attribute
    ^
django.template.base.VariableDoesNotExist: Failed lookup for key [editando] in [{'True': True, 'False': False, 'None': 
None}, {'csrf_token': <SimpleLazyObject: 'SlJbdrQXVu21V7mYe11KQHuUAVF6W2xBwlG8SeSsoO4Vik1faDHZMOm8Di2rhOW6'>, 
'request': <WSGIRequest: POST '/dashboard/servicios/nuevo/'>, 'user': <SimpleLazyObject: <User: admin>>, 'perms': 
PermWrapper(<SimpleLazyObject: <User: admin>>), 'messages': <FallbackStorage: request=<WSGIRequest: POST 
'/dashboard/servicios/nuevo/'>>, 'DEFAULT_MESSAGE_LEVELS': {'DEBUG': 10, 'INFO': 20, 'SUCCESS': 25, 'WARNING': 30, 
'ERROR': 40}, 'is_admin': True, 'is_supervisor': False, 'is_asesor': False, 'is_conductor': False, 'is_ayudante': 
False, 'header_canales': [], 'header_channel_id': None}, {}, {'form': <ReservaForm bound=True, valid=False, fields=(dir
eccion_origen;piso_origen;direccion_destino;piso_destino;detalle_carga;tipo_embalaje;tipo_comprobante;fecha_servicio;ho
rario_servicio;precio;observaciones;lead_origen;cliente_nombre;cliente_telefono;cliente_documento;cliente_correo;client
e_ruc;cliente_razon_social;cliente_id;acceso_origen_opciones;acceso_destino_opciones;requisitos_especiales)>, 
'titulo': 'Nueva Reserva', 'submit_label': 'Crear Reserva', 'active_section': 'servicios', 'lead_id': None}, {'block': 
<Block Node: content. Contents: [<TextNode: '\n<div id="app">\n  <v-app>'>, <django.template.defaulttags.CommentNode 
object at 0x0000013B8F8CC530>, <TextNode: '\n      <div class="d-flex'>, <Variable Node: titulo>, <TextNode: '</h1>\n  
        '>, <IfNode>, <TextNode: '\n        </div>\n        <'>, <IfNode>, <TextNode: '"\n            style="padd'>, 
<Variable Node: submit_label>, <TextNode: '\n          </button>\n    '>, <django.template.defaulttags.CsrfTokenNode 
object at 0x0000013B9281A1D0>, <TextNode: '\n        '>, <IfNode>, <TextNode: '\n        '>, <Variable Node: 
form.lead_origen>, <TextNode: '\n        '>, <Variable Node: form.cliente_id>, <TextNode: '\n\n        '>, <IfNode>, 
<TextNode: '\n\n        '>, <django.template.defaulttags.CommentNode object at 0x0000013B92521190>, <TextNode: '\n     
   <v-card class="r'>, <IfNode>, <TextNode: '\n          </div>\n       '>, <IfNode>, <TextNode: '\n            <div 
class="'>, <Variable Node: form.cliente_nombre.value|default:''>, <TextNode: '" required\n              '>, <IfNode>, 
<TextNode: '\n\n            <div class='>, <Variable Node: form.cliente_telefono.value|default:''>, <TextNode: '" 
required\n              '>, <IfNode>, <TextNode: '\n\n            <div class='>, <Variable Node: 
form.cliente_documento.value|default:''>, <TextNode: '"\n                  v-mod'>, <Variable Node: 
form.cliente_correo.value|default:''>, <TextNode: '">\n              </div>\n '>, <Variable Node: 
form.cliente_ruc.value|default:''>, <TextNode: '">\n              </div>\n '>, <Variable Node: 
form.cliente_razon_social.value|default:''>, <TextNode: '">\n              </div>\n '>, 
<django.template.defaulttags.CommentNode object at 0x0000013B942ACE90>, <TextNode: '\n        <v-card class="r'>, 
<Variable Node: form.direccion_origen.value|default:''>, <TextNode: '" maxlength="255"\n       '>, <IfNode>, 
<TextNode: '\n                <div cla'>, <Variable Node: form.piso_origen.value|default:''>, <TextNode: '" 
maxlength="20"\n        '>, <IfNode>, <TextNode: '\n                <div cla'>, <ForNode: for checkbox in 
form.acceso_origen_opciones, tail_len: 5>, <TextNode: '\n                  </div>'>, <IfNode>, <TextNode: '\n          
    </v-col>\n\n'>, <Variable Node: form.direccion_destino.value|default:''>, <TextNode: '" maxlength="255"\n       
'>, <IfNode>, <TextNode: '\n                <div cla'>, <Variable Node: form.piso_destino.value|default:''>, 
<TextNode: '" maxlength="20"\n        '>, <IfNode>, <TextNode: '\n                <div cla'>, <ForNode: for checkbox 
in form.acceso_destino_opciones, tail_len: 5>, <TextNode: '\n                  </div>'>, <IfNode>, <TextNode: '\n      
        </v-col>\n '>, <django.template.defaulttags.CommentNode object at 0x0000013B942AFC50>, <TextNode: '\n        
<v-card class="r'>, <Variable Node: form.detalle_carga.value|default:''>, <TextNode: '</textarea>\n            <'>, 
<IfNode>, <TextNode: '\n\n            <v-divider '>, <ForNode: for radio in form.tipo_embalaje, tail_len: 5>, 
<TextNode: '\n                </div>\n '>, <IfNode>, <TextNode: '\n              </v-col>\n '>, <ForNode: for checkbox 
in form.requisitos_especiales, tail_len: 9>, <TextNode: '\n                </div>\n '>, <IfNode>, <TextNode: '\n       
         <div sty'>, <django.template.defaulttags.CommentNode object at 0x0000013B940D5AF0>, <TextNode: '\n        
<v-card class="r'>, <Variable Node: form.precio.value|default:''>, <TextNode: '" id="id_precio">\n       '>, <IfNode>, 
<TextNode: '\n              </v-col>\n '>, <ForNode: for radio in form.tipo_comprobante, tail_len: 5>, <TextNode: '\n  
              </div>\n '>, <IfNode>, <TextNode: '\n              </v-col>\n '>, 
<django.template.defaulttags.CommentNode object at 0x0000013B940D5C10>, <TextNode: '\n        <v-card class="r'>, 
<Variable Node: form.horario_servicio.value|default:''>, <TextNode: '\'">\n                    ['>, <IfNode>, 
<TextNode: '\n            '>, <IfNode>, <TextNode: '\n          </div>\n       '>, 
<django.template.defaulttags.CommentNode object at 0x0000013B940D6570>, <TextNode: '\n        <v-card class="r'>, 
<Variable Node: form.observaciones.value|default:''>, <TextNode: '</textarea>\n          </d'>, <IfNode>, <TextNode: 
'"\n              style="pa'>, <Variable Node: submit_label>, <TextNode: '\n            </button>\n  '>, 
<django.template.defaulttags.CommentNode object at 0x0000013B8F5A1AF0>, <TextNode: '\n        <v-card class="r'>]>}]
[DEBUG] 2026-08-13 21:19:39,702 base Exception while resolving variable 'next_url' in template 
'servicios/reserva_form.html'.
Traceback (most recent call last):
  File "D:\DESARROLLO_IA\Proyecto_taxi_carga\Taxi_carga_bot\taxicarga_whatsapp_bot\.venv\Lib\site-packages\django\templ
ate\base.py", line 965, in _resolve_lookup
    current = current[bit]
              ~~~~~~~^^^^^
  File "D:\DESARROLLO_IA\Proyecto_taxi_carga\Taxi_carga_bot\taxicarga_whatsapp_bot\.venv\Lib\site-packages\django\templ
ate\context.py", line 91, in __getitem__
    raise KeyError(key)
KeyError: 'next_url'

During handling of the above exception, another exception occurred:

Traceback (most recent call last):
  File "D:\DESARROLLO_IA\Proyecto_taxi_carga\Taxi_carga_bot\taxicarga_whatsapp_bot\.venv\Lib\site-packages\django\templ
ate\base.py", line 972, in _resolve_lookup
    if isinstance(current, BaseContext) and getattr(
                                            ~~~~~~~^
        type(current), bit
        ^^^^^^^^^^^^^^^^^^
    ):
    ^
AttributeError: type object 'RequestContext' has no attribute 'next_url'

During handling of the above exception, another exception occurred:

Traceback (most recent call last):
  File "D:\DESARROLLO_IA\Proyecto_taxi_carga\Taxi_carga_bot\taxicarga_whatsapp_bot\.venv\Lib\site-packages\django\templ
ate\base.py", line 982, in _resolve_lookup
    current = current[int(bit)]
                      ~~~^^^^^
ValueError: invalid literal for int() with base 10: 'next_url'

During handling of the above exception, another exception occurred:

Traceback (most recent call last):
  File "D:\DESARROLLO_IA\Proyecto_taxi_carga\Taxi_carga_bot\taxicarga_whatsapp_bot\.venv\Lib\site-packages\django\templ
ate\base.py", line 989, in _resolve_lookup
    raise VariableDoesNotExist(
    ^^^^^^^^^^^^^^^^^^^^^^^^^^^
    ...<2 lines>...
    )  # missing attribute
    ^
django.template.base.VariableDoesNotExist: Failed lookup for key [next_url] in [{'True': True, 'False': False, 'None': 
None}, {'csrf_token': <SimpleLazyObject: 'SlJbdrQXVu21V7mYe11KQHuUAVF6W2xBwlG8SeSsoO4Vik1faDHZMOm8Di2rhOW6'>, 
'request': <WSGIRequest: POST '/dashboard/servicios/nuevo/'>, 'user': <SimpleLazyObject: <User: admin>>, 'perms': 
PermWrapper(<SimpleLazyObject: <User: admin>>), 'messages': <FallbackStorage: request=<WSGIRequest: POST 
'/dashboard/servicios/nuevo/'>>, 'DEFAULT_MESSAGE_LEVELS': {'DEBUG': 10, 'INFO': 20, 'SUCCESS': 25, 'WARNING': 30, 
'ERROR': 40}, 'is_admin': True, 'is_supervisor': False, 'is_asesor': False, 'is_conductor': False, 'is_ayudante': 
False, 'header_canales': [], 'header_channel_id': None}, {}, {'form': <ReservaForm bound=True, valid=False, fields=(dir
eccion_origen;piso_origen;direccion_destino;piso_destino;detalle_carga;tipo_embalaje;tipo_comprobante;fecha_servicio;ho
rario_servicio;precio;observaciones;lead_origen;cliente_nombre;cliente_telefono;cliente_documento;cliente_correo;client
e_ruc;cliente_razon_social;cliente_id;acceso_origen_opciones;acceso_destino_opciones;requisitos_especiales)>, 
'titulo': 'Nueva Reserva', 'submit_label': 'Crear Reserva', 'active_section': 'servicios', 'lead_id': None}, {'block': 
<Block Node: content. Contents: [<TextNode: '\n<div id="app">\n  <v-app>'>, <django.template.defaulttags.CommentNode 
object at 0x0000013B8F8CC530>, <TextNode: '\n      <div class="d-flex'>, <Variable Node: titulo>, <TextNode: '</h1>\n  
        '>, <IfNode>, <TextNode: '\n        </div>\n        <'>, <IfNode>, <TextNode: '"\n            style="padd'>, 
<Variable Node: submit_label>, <TextNode: '\n          </button>\n    '>, <django.template.defaulttags.CsrfTokenNode 
object at 0x0000013B9281A1D0>, <TextNode: '\n        '>, <IfNode>, <TextNode: '\n        '>, <Variable Node: 
form.lead_origen>, <TextNode: '\n        '>, <Variable Node: form.cliente_id>, <TextNode: '\n\n        '>, <IfNode>, 
<TextNode: '\n\n        '>, <django.template.defaulttags.CommentNode object at 0x0000013B92521190>, <TextNode: '\n     
   <v-card class="r'>, <IfNode>, <TextNode: '\n          </div>\n       '>, <IfNode>, <TextNode: '\n            <div 
class="'>, <Variable Node: form.cliente_nombre.value|default:''>, <TextNode: '" required\n              '>, <IfNode>, 
<TextNode: '\n\n            <div class='>, <Variable Node: form.cliente_telefono.value|default:''>, <TextNode: '" 
required\n              '>, <IfNode>, <TextNode: '\n\n            <div class='>, <Variable Node: 
form.cliente_documento.value|default:''>, <TextNode: '"\n                  v-mod'>, <Variable Node: 
form.cliente_correo.value|default:''>, <TextNode: '">\n              </div>\n '>, <Variable Node: 
form.cliente_ruc.value|default:''>, <TextNode: '">\n              </div>\n '>, <Variable Node: 
form.cliente_razon_social.value|default:''>, <TextNode: '">\n              </div>\n '>, 
<django.template.defaulttags.CommentNode object at 0x0000013B942ACE90>, <TextNode: '\n        <v-card class="r'>, 
<Variable Node: form.direccion_origen.value|default:''>, <TextNode: '" maxlength="255"\n       '>, <IfNode>, 
<TextNode: '\n                <div cla'>, <Variable Node: form.piso_origen.value|default:''>, <TextNode: '" 
maxlength="20"\n        '>, <IfNode>, <TextNode: '\n                <div cla'>, <ForNode: for checkbox in 
form.acceso_origen_opciones, tail_len: 5>, <TextNode: '\n                  </div>'>, <IfNode>, <TextNode: '\n          
    </v-col>\n\n'>, <Variable Node: form.direccion_destino.value|default:''>, <TextNode: '" maxlength="255"\n       
'>, <IfNode>, <TextNode: '\n                <div cla'>, <Variable Node: form.piso_destino.value|default:''>, 
<TextNode: '" maxlength="20"\n        '>, <IfNode>, <TextNode: '\n                <div cla'>, <ForNode: for checkbox 
in form.acceso_destino_opciones, tail_len: 5>, <TextNode: '\n                  </div>'>, <IfNode>, <TextNode: '\n      
        </v-col>\n '>, <django.template.defaulttags.CommentNode object at 0x0000013B942AFC50>, <TextNode: '\n        
<v-card class="r'>, <Variable Node: form.detalle_carga.value|default:''>, <TextNode: '</textarea>\n            <'>, 
<IfNode>, <TextNode: '\n\n            <v-divider '>, <ForNode: for radio in form.tipo_embalaje, tail_len: 5>, 
<TextNode: '\n                </div>\n '>, <IfNode>, <TextNode: '\n              </v-col>\n '>, <ForNode: for checkbox 
in form.requisitos_especiales, tail_len: 9>, <TextNode: '\n                </div>\n '>, <IfNode>, <TextNode: '\n       
         <div sty'>, <django.template.defaulttags.CommentNode object at 0x0000013B940D5AF0>, <TextNode: '\n        
<v-card class="r'>, <Variable Node: form.precio.value|default:''>, <TextNode: '" id="id_precio">\n       '>, <IfNode>, 
<TextNode: '\n              </v-col>\n '>, <ForNode: for radio in form.tipo_comprobante, tail_len: 5>, <TextNode: '\n  
              </div>\n '>, <IfNode>, <TextNode: '\n              </v-col>\n '>, 
<django.template.defaulttags.CommentNode object at 0x0000013B940D5C10>, <TextNode: '\n        <v-card class="r'>, 
<Variable Node: form.horario_servicio.value|default:''>, <TextNode: '\'">\n                    ['>, <IfNode>, 
<TextNode: '\n            '>, <IfNode>, <TextNode: '\n          </div>\n       '>, 
<django.template.defaulttags.CommentNode object at 0x0000013B940D6570>, <TextNode: '\n        <v-card class="r'>, 
<Variable Node: form.observaciones.value|default:''>, <TextNode: '</textarea>\n          </d'>, <IfNode>, <TextNode: 
'"\n              style="pa'>, <Variable Node: submit_label>, <TextNode: '\n            </button>\n  '>, 
<django.template.defaulttags.CommentNode object at 0x0000013B8F5A1AF0>, <TextNode: '\n        <v-card class="r'>]>}]
[DEBUG] 2026-08-13 21:19:39,703 base Exception while resolving variable 'next_url' in template 
'servicios/reserva_form.html'.
Traceback (most recent call last):
  File "D:\DESARROLLO_IA\Proyecto_taxi_carga\Taxi_carga_bot\taxicarga_whatsapp_bot\.venv\Lib\site-packages\django\templ
ate\base.py", line 965, in _resolve_lookup
    current = current[bit]
              ~~~~~~~^^^^^
  File "D:\DESARROLLO_IA\Proyecto_taxi_carga\Taxi_carga_bot\taxicarga_whatsapp_bot\.venv\Lib\site-packages\django\templ
ate\context.py", line 91, in __getitem__
    raise KeyError(key)
KeyError: 'next_url'

During handling of the above exception, another exception occurred:

Traceback (most recent call last):
  File "D:\DESARROLLO_IA\Proyecto_taxi_carga\Taxi_carga_bot\taxicarga_whatsapp_bot\.venv\Lib\site-packages\django\templ
ate\base.py", line 972, in _resolve_lookup
    if isinstance(current, BaseContext) and getattr(
                                            ~~~~~~~^
        type(current), bit
        ^^^^^^^^^^^^^^^^^^
    ):
    ^
AttributeError: type object 'RequestContext' has no attribute 'next_url'

During handling of the above exception, another exception occurred:

Traceback (most recent call last):
  File "D:\DESARROLLO_IA\Proyecto_taxi_carga\Taxi_carga_bot\taxicarga_whatsapp_bot\.venv\Lib\site-packages\django\templ
ate\base.py", line 982, in _resolve_lookup
    current = current[int(bit)]
                      ~~~^^^^^
ValueError: invalid literal for int() with base 10: 'next_url'

During handling of the above exception, another exception occurred:

Traceback (most recent call last):
  File "D:\DESARROLLO_IA\Proyecto_taxi_carga\Taxi_carga_bot\taxicarga_whatsapp_bot\.venv\Lib\site-packages\django\templ
ate\base.py", line 989, in _resolve_lookup
    raise VariableDoesNotExist(
    ^^^^^^^^^^^^^^^^^^^^^^^^^^^
    ...<2 lines>...
    )  # missing attribute
    ^
django.template.base.VariableDoesNotExist: Failed lookup for key [next_url] in [{'True': True, 'False': False, 'None': 
None}, {'csrf_token': <SimpleLazyObject: 'SlJbdrQXVu21V7mYe11KQHuUAVF6W2xBwlG8SeSsoO4Vik1faDHZMOm8Di2rhOW6'>, 
'request': <WSGIRequest: POST '/dashboard/servicios/nuevo/'>, 'user': <SimpleLazyObject: <User: admin>>, 'perms': 
PermWrapper(<SimpleLazyObject: <User: admin>>), 'messages': <FallbackStorage: request=<WSGIRequest: POST 
'/dashboard/servicios/nuevo/'>>, 'DEFAULT_MESSAGE_LEVELS': {'DEBUG': 10, 'INFO': 20, 'SUCCESS': 25, 'WARNING': 30, 
'ERROR': 40}, 'is_admin': True, 'is_supervisor': False, 'is_asesor': False, 'is_conductor': False, 'is_ayudante': 
False, 'header_canales': [], 'header_channel_id': None}, {}, {'form': <ReservaForm bound=True, valid=False, fields=(dir
eccion_origen;piso_origen;direccion_destino;piso_destino;detalle_carga;tipo_embalaje;tipo_comprobante;fecha_servicio;ho
rario_servicio;precio;observaciones;lead_origen;cliente_nombre;cliente_telefono;cliente_documento;cliente_correo;client
e_ruc;cliente_razon_social;cliente_id;acceso_origen_opciones;acceso_destino_opciones;requisitos_especiales)>, 
'titulo': 'Nueva Reserva', 'submit_label': 'Crear Reserva', 'active_section': 'servicios', 'lead_id': None}, {'block': 
<Block Node: content. Contents: [<TextNode: '\n<div id="app">\n  <v-app>'>, <django.template.defaulttags.CommentNode 
object at 0x0000013B8F8CC530>, <TextNode: '\n      <div class="d-flex'>, <Variable Node: titulo>, <TextNode: '</h1>\n  
        '>, <IfNode>, <TextNode: '\n        </div>\n        <'>, <IfNode>, <TextNode: '"\n            style="padd'>, 
<Variable Node: submit_label>, <TextNode: '\n          </button>\n    '>, <django.template.defaulttags.CsrfTokenNode 
object at 0x0000013B9281A1D0>, <TextNode: '\n        '>, <IfNode>, <TextNode: '\n        '>, <Variable Node: 
form.lead_origen>, <TextNode: '\n        '>, <Variable Node: form.cliente_id>, <TextNode: '\n\n        '>, <IfNode>, 
<TextNode: '\n\n        '>, <django.template.defaulttags.CommentNode object at 0x0000013B92521190>, <TextNode: '\n     
   <v-card class="r'>, <IfNode>, <TextNode: '\n          </div>\n       '>, <IfNode>, <TextNode: '\n            <div 
class="'>, <Variable Node: form.cliente_nombre.value|default:''>, <TextNode: '" required\n              '>, <IfNode>, 
<TextNode: '\n\n            <div class='>, <Variable Node: form.cliente_telefono.value|default:''>, <TextNode: '" 
required\n              '>, <IfNode>, <TextNode: '\n\n            <div class='>, <Variable Node: 
form.cliente_documento.value|default:''>, <TextNode: '"\n                  v-mod'>, <Variable Node: 
form.cliente_correo.value|default:''>, <TextNode: '">\n              </div>\n '>, <Variable Node: 
form.cliente_ruc.value|default:''>, <TextNode: '">\n              </div>\n '>, <Variable Node: 
form.cliente_razon_social.value|default:''>, <TextNode: '">\n              </div>\n '>, 
<django.template.defaulttags.CommentNode object at 0x0000013B942ACE90>, <TextNode: '\n        <v-card class="r'>, 
<Variable Node: form.direccion_origen.value|default:''>, <TextNode: '" maxlength="255"\n       '>, <IfNode>, 
<TextNode: '\n                <div cla'>, <Variable Node: form.piso_origen.value|default:''>, <TextNode: '" 
maxlength="20"\n        '>, <IfNode>, <TextNode: '\n                <div cla'>, <ForNode: for checkbox in 
form.acceso_origen_opciones, tail_len: 5>, <TextNode: '\n                  </div>'>, <IfNode>, <TextNode: '\n          
    </v-col>\n\n'>, <Variable Node: form.direccion_destino.value|default:''>, <TextNode: '" maxlength="255"\n       
'>, <IfNode>, <TextNode: '\n                <div cla'>, <Variable Node: form.piso_destino.value|default:''>, 
<TextNode: '" maxlength="20"\n        '>, <IfNode>, <TextNode: '\n                <div cla'>, <ForNode: for checkbox 
in form.acceso_destino_opciones, tail_len: 5>, <TextNode: '\n                  </div>'>, <IfNode>, <TextNode: '\n      
        </v-col>\n '>, <django.template.defaulttags.CommentNode object at 0x0000013B942AFC50>, <TextNode: '\n        
<v-card class="r'>, <Variable Node: form.detalle_carga.value|default:''>, <TextNode: '</textarea>\n            <'>, 
<IfNode>, <TextNode: '\n\n            <v-divider '>, <ForNode: for radio in form.tipo_embalaje, tail_len: 5>, 
<TextNode: '\n                </div>\n '>, <IfNode>, <TextNode: '\n              </v-col>\n '>, <ForNode: for checkbox 
in form.requisitos_especiales, tail_len: 9>, <TextNode: '\n                </div>\n '>, <IfNode>, <TextNode: '\n       
         <div sty'>, <django.template.defaulttags.CommentNode object at 0x0000013B940D5AF0>, <TextNode: '\n        
<v-card class="r'>, <Variable Node: form.precio.value|default:''>, <TextNode: '" id="id_precio">\n       '>, <IfNode>, 
<TextNode: '\n              </v-col>\n '>, <ForNode: for radio in form.tipo_comprobante, tail_len: 5>, <TextNode: '\n  
              </div>\n '>, <IfNode>, <TextNode: '\n              </v-col>\n '>, 
<django.template.defaulttags.CommentNode object at 0x0000013B940D5C10>, <TextNode: '\n        <v-card class="r'>, 
<Variable Node: form.horario_servicio.value|default:''>, <TextNode: '\'">\n                    ['>, <IfNode>, 
<TextNode: '\n            '>, <IfNode>, <TextNode: '\n          </div>\n       '>, 
<django.template.defaulttags.CommentNode object at 0x0000013B940D6570>, <TextNode: '\n        <v-card class="r'>, 
<Variable Node: form.observaciones.value|default:''>, <TextNode: '</textarea>\n          </d'>, <IfNode>, <TextNode: 
'"\n              style="pa'>, <Variable Node: submit_label>, <TextNode: '\n            </button>\n  '>, 
<django.template.defaulttags.CommentNode object at 0x0000013B8F5A1AF0>, <TextNode: '\n        <v-card class="r'>]>}]
[DEBUG] 2026-08-13 21:19:39,704 base Exception while resolving variable 'editando' in template 
'servicios/reserva_form.html'.
Traceback (most recent call last):
  File "D:\DESARROLLO_IA\Proyecto_taxi_carga\Taxi_carga_bot\taxicarga_whatsapp_bot\.venv\Lib\site-packages\django\templ
ate\base.py", line 965, in _resolve_lookup
    current = current[bit]
              ~~~~~~~^^^^^
  File "D:\DESARROLLO_IA\Proyecto_taxi_carga\Taxi_carga_bot\taxicarga_whatsapp_bot\.venv\Lib\site-packages\django\templ
ate\context.py", line 91, in __getitem__
    raise KeyError(key)
KeyError: 'editando'

During handling of the above exception, another exception occurred:

Traceback (most recent call last):
  File "D:\DESARROLLO_IA\Proyecto_taxi_carga\Taxi_carga_bot\taxicarga_whatsapp_bot\.venv\Lib\site-packages\django\templ
ate\base.py", line 972, in _resolve_lookup
    if isinstance(current, BaseContext) and getattr(
                                            ~~~~~~~^
        type(current), bit
        ^^^^^^^^^^^^^^^^^^
    ):
    ^
AttributeError: type object 'RequestContext' has no attribute 'editando'

During handling of the above exception, another exception occurred:

Traceback (most recent call last):
  File "D:\DESARROLLO_IA\Proyecto_taxi_carga\Taxi_carga_bot\taxicarga_whatsapp_bot\.venv\Lib\site-packages\django\templ
ate\base.py", line 982, in _resolve_lookup
    current = current[int(bit)]
                      ~~~^^^^^
ValueError: invalid literal for int() with base 10: 'editando'

During handling of the above exception, another exception occurred:

Traceback (most recent call last):
  File "D:\DESARROLLO_IA\Proyecto_taxi_carga\Taxi_carga_bot\taxicarga_whatsapp_bot\.venv\Lib\site-packages\django\templ
ate\base.py", line 989, in _resolve_lookup
    raise VariableDoesNotExist(
    ^^^^^^^^^^^^^^^^^^^^^^^^^^^
    ...<2 lines>...
    )  # missing attribute
    ^
django.template.base.VariableDoesNotExist: Failed lookup for key [editando] in [{'True': True, 'False': False, 'None': 
None}, {'csrf_token': <SimpleLazyObject: 'SlJbdrQXVu21V7mYe11KQHuUAVF6W2xBwlG8SeSsoO4Vik1faDHZMOm8Di2rhOW6'>, 
'request': <WSGIRequest: POST '/dashboard/servicios/nuevo/'>, 'user': <SimpleLazyObject: <User: admin>>, 'perms': 
PermWrapper(<SimpleLazyObject: <User: admin>>), 'messages': <FallbackStorage: request=<WSGIRequest: POST 
'/dashboard/servicios/nuevo/'>>, 'DEFAULT_MESSAGE_LEVELS': {'DEBUG': 10, 'INFO': 20, 'SUCCESS': 25, 'WARNING': 30, 
'ERROR': 40}, 'is_admin': True, 'is_supervisor': False, 'is_asesor': False, 'is_conductor': False, 'is_ayudante': 
False, 'header_canales': [], 'header_channel_id': None}, {}, {'form': <ReservaForm bound=True, valid=False, fields=(dir
eccion_origen;piso_origen;direccion_destino;piso_destino;detalle_carga;tipo_embalaje;tipo_comprobante;fecha_servicio;ho
rario_servicio;precio;observaciones;lead_origen;cliente_nombre;cliente_telefono;cliente_documento;cliente_correo;client
e_ruc;cliente_razon_social;cliente_id;acceso_origen_opciones;acceso_destino_opciones;requisitos_especiales)>, 
'titulo': 'Nueva Reserva', 'submit_label': 'Crear Reserva', 'active_section': 'servicios', 'lead_id': None}, {'block': 
<Block Node: content. Contents: [<TextNode: '\n<div id="app">\n  <v-app>'>, <django.template.defaulttags.CommentNode 
object at 0x0000013B8F8CC530>, <TextNode: '\n      <div class="d-flex'>, <Variable Node: titulo>, <TextNode: '</h1>\n  
        '>, <IfNode>, <TextNode: '\n        </div>\n        <'>, <IfNode>, <TextNode: '"\n            style="padd'>, 
<Variable Node: submit_label>, <TextNode: '\n          </button>\n    '>, <django.template.defaulttags.CsrfTokenNode 
object at 0x0000013B9281A1D0>, <TextNode: '\n        '>, <IfNode>, <TextNode: '\n        '>, <Variable Node: 
form.lead_origen>, <TextNode: '\n        '>, <Variable Node: form.cliente_id>, <TextNode: '\n\n        '>, <IfNode>, 
<TextNode: '\n\n        '>, <django.template.defaulttags.CommentNode object at 0x0000013B92521190>, <TextNode: '\n     
   <v-card class="r'>, <IfNode>, <TextNode: '\n          </div>\n       '>, <IfNode>, <TextNode: '\n            <div 
class="'>, <Variable Node: form.cliente_nombre.value|default:''>, <TextNode: '" required\n              '>, <IfNode>, 
<TextNode: '\n\n            <div class='>, <Variable Node: form.cliente_telefono.value|default:''>, <TextNode: '" 
required\n              '>, <IfNode>, <TextNode: '\n\n            <div class='>, <Variable Node: 
form.cliente_documento.value|default:''>, <TextNode: '"\n                  v-mod'>, <Variable Node: 
form.cliente_correo.value|default:''>, <TextNode: '">\n              </div>\n '>, <Variable Node: 
form.cliente_ruc.value|default:''>, <TextNode: '">\n              </div>\n '>, <Variable Node: 
form.cliente_razon_social.value|default:''>, <TextNode: '">\n              </div>\n '>, 
<django.template.defaulttags.CommentNode object at 0x0000013B942ACE90>, <TextNode: '\n        <v-card class="r'>, 
<Variable Node: form.direccion_origen.value|default:''>, <TextNode: '" maxlength="255"\n       '>, <IfNode>, 
<TextNode: '\n                <div cla'>, <Variable Node: form.piso_origen.value|default:''>, <TextNode: '" 
maxlength="20"\n        '>, <IfNode>, <TextNode: '\n                <div cla'>, <ForNode: for checkbox in 
form.acceso_origen_opciones, tail_len: 5>, <TextNode: '\n                  </div>'>, <IfNode>, <TextNode: '\n          
    </v-col>\n\n'>, <Variable Node: form.direccion_destino.value|default:''>, <TextNode: '" maxlength="255"\n       
'>, <IfNode>, <TextNode: '\n                <div cla'>, <Variable Node: form.piso_destino.value|default:''>, 
<TextNode: '" maxlength="20"\n        '>, <IfNode>, <TextNode: '\n                <div cla'>, <ForNode: for checkbox 
in form.acceso_destino_opciones, tail_len: 5>, <TextNode: '\n                  </div>'>, <IfNode>, <TextNode: '\n      
        </v-col>\n '>, <django.template.defaulttags.CommentNode object at 0x0000013B942AFC50>, <TextNode: '\n        
<v-card class="r'>, <Variable Node: form.detalle_carga.value|default:''>, <TextNode: '</textarea>\n            <'>, 
<IfNode>, <TextNode: '\n\n            <v-divider '>, <ForNode: for radio in form.tipo_embalaje, tail_len: 5>, 
<TextNode: '\n                </div>\n '>, <IfNode>, <TextNode: '\n              </v-col>\n '>, <ForNode: for checkbox 
in form.requisitos_especiales, tail_len: 9>, <TextNode: '\n                </div>\n '>, <IfNode>, <TextNode: '\n       
         <div sty'>, <django.template.defaulttags.CommentNode object at 0x0000013B940D5AF0>, <TextNode: '\n        
<v-card class="r'>, <Variable Node: form.precio.value|default:''>, <TextNode: '" id="id_precio">\n       '>, <IfNode>, 
<TextNode: '\n              </v-col>\n '>, <ForNode: for radio in form.tipo_comprobante, tail_len: 5>, <TextNode: '\n  
              </div>\n '>, <IfNode>, <TextNode: '\n              </v-col>\n '>, 
<django.template.defaulttags.CommentNode object at 0x0000013B940D5C10>, <TextNode: '\n        <v-card class="r'>, 
<Variable Node: form.horario_servicio.value|default:''>, <TextNode: '\'">\n                    ['>, <IfNode>, 
<TextNode: '\n            '>, <IfNode>, <TextNode: '\n          </div>\n       '>, 
<django.template.defaulttags.CommentNode object at 0x0000013B940D6570>, <TextNode: '\n        <v-card class="r'>, 
<Variable Node: form.observaciones.value|default:''>, <TextNode: '</textarea>\n          </d'>, <IfNode>, <TextNode: 
'"\n              style="pa'>, <Variable Node: submit_label>, <TextNode: '\n            </button>\n  '>, 
<django.template.defaulttags.CommentNode object at 0x0000013B8F5A1AF0>, <TextNode: '\n        <v-card class="r'>]>}]
[DEBUG] 2026-08-13 21:19:39,705 base Exception while resolving variable 'editando' in template 
'servicios/reserva_form.html'.
Traceback (most recent call last):
  File "D:\DESARROLLO_IA\Proyecto_taxi_carga\Taxi_carga_bot\taxicarga_whatsapp_bot\.venv\Lib\site-packages\django\templ
ate\base.py", line 965, in _resolve_lookup
    current = current[bit]
              ~~~~~~~^^^^^
  File "D:\DESARROLLO_IA\Proyecto_taxi_carga\Taxi_carga_bot\taxicarga_whatsapp_bot\.venv\Lib\site-packages\django\templ
ate\context.py", line 91, in __getitem__
    raise KeyError(key)
KeyError: 'editando'

During handling of the above exception, another exception occurred:

Traceback (most recent call last):
  File "D:\DESARROLLO_IA\Proyecto_taxi_carga\Taxi_carga_bot\taxicarga_whatsapp_bot\.venv\Lib\site-packages\django\templ
ate\base.py", line 972, in _resolve_lookup
    if isinstance(current, BaseContext) and getattr(
                                            ~~~~~~~^
        type(current), bit
        ^^^^^^^^^^^^^^^^^^
    ):
    ^
AttributeError: type object 'RequestContext' has no attribute 'editando'

During handling of the above exception, another exception occurred:

Traceback (most recent call last):
  File "D:\DESARROLLO_IA\Proyecto_taxi_carga\Taxi_carga_bot\taxicarga_whatsapp_bot\.venv\Lib\site-packages\django\templ
ate\base.py", line 982, in _resolve_lookup
    current = current[int(bit)]
                      ~~~^^^^^
ValueError: invalid literal for int() with base 10: 'editando'

During handling of the above exception, another exception occurred:

Traceback (most recent call last):
  File "D:\DESARROLLO_IA\Proyecto_taxi_carga\Taxi_carga_bot\taxicarga_whatsapp_bot\.venv\Lib\site-packages\django\templ
ate\base.py", line 989, in _resolve_lookup
    raise VariableDoesNotExist(
    ^^^^^^^^^^^^^^^^^^^^^^^^^^^
    ...<2 lines>...
    )  # missing attribute
    ^
django.template.base.VariableDoesNotExist: Failed lookup for key [editando] in [{'True': True, 'False': False, 'None': 
None}, {'csrf_token': <SimpleLazyObject: 'SlJbdrQXVu21V7mYe11KQHuUAVF6W2xBwlG8SeSsoO4Vik1faDHZMOm8Di2rhOW6'>, 
'request': <WSGIRequest: POST '/dashboard/servicios/nuevo/'>, 'user': <SimpleLazyObject: <User: admin>>, 'perms': 
PermWrapper(<SimpleLazyObject: <User: admin>>), 'messages': <FallbackStorage: request=<WSGIRequest: POST 
'/dashboard/servicios/nuevo/'>>, 'DEFAULT_MESSAGE_LEVELS': {'DEBUG': 10, 'INFO': 20, 'SUCCESS': 25, 'WARNING': 30, 
'ERROR': 40}, 'is_admin': True, 'is_supervisor': False, 'is_asesor': False, 'is_conductor': False, 'is_ayudante': 
False, 'header_canales': [], 'header_channel_id': None}, {}, {'form': <ReservaForm bound=True, valid=False, fields=(dir
eccion_origen;piso_origen;direccion_destino;piso_destino;detalle_carga;tipo_embalaje;tipo_comprobante;fecha_servicio;ho
rario_servicio;precio;observaciones;lead_origen;cliente_nombre;cliente_telefono;cliente_documento;cliente_correo;client
e_ruc;cliente_razon_social;cliente_id;acceso_origen_opciones;acceso_destino_opciones;requisitos_especiales)>, 
'titulo': 'Nueva Reserva', 'submit_label': 'Crear Reserva', 'active_section': 'servicios', 'lead_id': None}, {'block': 
<Block Node: content. Contents: [<TextNode: '\n<div id="app">\n  <v-app>'>, <django.template.defaulttags.CommentNode 
object at 0x0000013B8F8CC530>, <TextNode: '\n      <div class="d-flex'>, <Variable Node: titulo>, <TextNode: '</h1>\n  
        '>, <IfNode>, <TextNode: '\n        </div>\n        <'>, <IfNode>, <TextNode: '"\n            style="padd'>, 
<Variable Node: submit_label>, <TextNode: '\n          </button>\n    '>, <django.template.defaulttags.CsrfTokenNode 
object at 0x0000013B9281A1D0>, <TextNode: '\n        '>, <IfNode>, <TextNode: '\n        '>, <Variable Node: 
form.lead_origen>, <TextNode: '\n        '>, <Variable Node: form.cliente_id>, <TextNode: '\n\n        '>, <IfNode>, 
<TextNode: '\n\n        '>, <django.template.defaulttags.CommentNode object at 0x0000013B92521190>, <TextNode: '\n     
   <v-card class="r'>, <IfNode>, <TextNode: '\n          </div>\n       '>, <IfNode>, <TextNode: '\n            <div 
class="'>, <Variable Node: form.cliente_nombre.value|default:''>, <TextNode: '" required\n              '>, <IfNode>, 
<TextNode: '\n\n            <div class='>, <Variable Node: form.cliente_telefono.value|default:''>, <TextNode: '" 
required\n              '>, <IfNode>, <TextNode: '\n\n            <div class='>, <Variable Node: 
form.cliente_documento.value|default:''>, <TextNode: '"\n                  v-mod'>, <Variable Node: 
form.cliente_correo.value|default:''>, <TextNode: '">\n              </div>\n '>, <Variable Node: 
form.cliente_ruc.value|default:''>, <TextNode: '">\n              </div>\n '>, <Variable Node: 
form.cliente_razon_social.value|default:''>, <TextNode: '">\n              </div>\n '>, 
<django.template.defaulttags.CommentNode object at 0x0000013B942ACE90>, <TextNode: '\n        <v-card class="r'>, 
<Variable Node: form.direccion_origen.value|default:''>, <TextNode: '" maxlength="255"\n       '>, <IfNode>, 
<TextNode: '\n                <div cla'>, <Variable Node: form.piso_origen.value|default:''>, <TextNode: '" 
maxlength="20"\n        '>, <IfNode>, <TextNode: '\n                <div cla'>, <ForNode: for checkbox in 
form.acceso_origen_opciones, tail_len: 5>, <TextNode: '\n                  </div>'>, <IfNode>, <TextNode: '\n          
    </v-col>\n\n'>, <Variable Node: form.direccion_destino.value|default:''>, <TextNode: '" maxlength="255"\n       
'>, <IfNode>, <TextNode: '\n                <div cla'>, <Variable Node: form.piso_destino.value|default:''>, 
<TextNode: '" maxlength="20"\n        '>, <IfNode>, <TextNode: '\n                <div cla'>, <ForNode: for checkbox 
in form.acceso_destino_opciones, tail_len: 5>, <TextNode: '\n                  </div>'>, <IfNode>, <TextNode: '\n      
        </v-col>\n '>, <django.template.defaulttags.CommentNode object at 0x0000013B942AFC50>, <TextNode: '\n        
<v-card class="r'>, <Variable Node: form.detalle_carga.value|default:''>, <TextNode: '</textarea>\n            <'>, 
<IfNode>, <TextNode: '\n\n            <v-divider '>, <ForNode: for radio in form.tipo_embalaje, tail_len: 5>, 
<TextNode: '\n                </div>\n '>, <IfNode>, <TextNode: '\n              </v-col>\n '>, <ForNode: for checkbox 
in form.requisitos_especiales, tail_len: 9>, <TextNode: '\n                </div>\n '>, <IfNode>, <TextNode: '\n       
         <div sty'>, <django.template.defaulttags.CommentNode object at 0x0000013B940D5AF0>, <TextNode: '\n        
<v-card class="r'>, <Variable Node: form.precio.value|default:''>, <TextNode: '" id="id_precio">\n       '>, <IfNode>, 
<TextNode: '\n              </v-col>\n '>, <ForNode: for radio in form.tipo_comprobante, tail_len: 5>, <TextNode: '\n  
              </div>\n '>, <IfNode>, <TextNode: '\n              </v-col>\n '>, 
<django.template.defaulttags.CommentNode object at 0x0000013B940D5C10>, <TextNode: '\n        <v-card class="r'>, 
<Variable Node: form.horario_servicio.value|default:''>, <TextNode: '\'">\n                    ['>, <IfNode>, 
<TextNode: '\n            '>, <IfNode>, <TextNode: '\n          </div>\n       '>, 
<django.template.defaulttags.CommentNode object at 0x0000013B940D6570>, <TextNode: '\n        <v-card class="r'>, 
<Variable Node: form.observaciones.value|default:''>, <TextNode: '</textarea>\n          </d'>, <IfNode>, <TextNode: 
'"\n              style="pa'>, <Variable Node: submit_label>, <TextNode: '\n            </button>\n  '>, 
<django.template.defaulttags.CommentNode object at 0x0000013B8F5A1AF0>, <TextNode: '\n        <v-card class="r'>]>}]
[DEBUG] 2026-08-13 21:19:39,709 base Exception while resolving variable 'next_url' in template 
'servicios/reserva_form.html'.
Traceback (most recent call last):
  File "D:\DESARROLLO_IA\Proyecto_taxi_carga\Taxi_carga_bot\taxicarga_whatsapp_bot\.venv\Lib\site-packages\django\templ
ate\base.py", line 965, in _resolve_lookup
    current = current[bit]
              ~~~~~~~^^^^^
  File "D:\DESARROLLO_IA\Proyecto_taxi_carga\Taxi_carga_bot\taxicarga_whatsapp_bot\.venv\Lib\site-packages\django\templ
ate\context.py", line 91, in __getitem__
    raise KeyError(key)
KeyError: 'next_url'

During handling of the above exception, another exception occurred:

Traceback (most recent call last):
  File "D:\DESARROLLO_IA\Proyecto_taxi_carga\Taxi_carga_bot\taxicarga_whatsapp_bot\.venv\Lib\site-packages\django\templ
ate\base.py", line 972, in _resolve_lookup
    if isinstance(current, BaseContext) and getattr(
                                            ~~~~~~~^
        type(current), bit
        ^^^^^^^^^^^^^^^^^^
    ):
    ^
AttributeError: type object 'RequestContext' has no attribute 'next_url'

During handling of the above exception, another exception occurred:

Traceback (most recent call last):
  File "D:\DESARROLLO_IA\Proyecto_taxi_carga\Taxi_carga_bot\taxicarga_whatsapp_bot\.venv\Lib\site-packages\django\templ
ate\base.py", line 982, in _resolve_lookup
    current = current[int(bit)]
                      ~~~^^^^^
ValueError: invalid literal for int() with base 10: 'next_url'

During handling of the above exception, another exception occurred:

Traceback (most recent call last):
  File "D:\DESARROLLO_IA\Proyecto_taxi_carga\Taxi_carga_bot\taxicarga_whatsapp_bot\.venv\Lib\site-packages\django\templ
ate\base.py", line 989, in _resolve_lookup
    raise VariableDoesNotExist(
    ^^^^^^^^^^^^^^^^^^^^^^^^^^^
    ...<2 lines>...
    )  # missing attribute
    ^
django.template.base.VariableDoesNotExist: Failed lookup for key [next_url] in [{'True': True, 'False': False, 'None': 
None}, {'csrf_token': <SimpleLazyObject: 'SlJbdrQXVu21V7mYe11KQHuUAVF6W2xBwlG8SeSsoO4Vik1faDHZMOm8Di2rhOW6'>, 
'request': <WSGIRequest: POST '/dashboard/servicios/nuevo/'>, 'user': <SimpleLazyObject: <User: admin>>, 'perms': 
PermWrapper(<SimpleLazyObject: <User: admin>>), 'messages': <FallbackStorage: request=<WSGIRequest: POST 
'/dashboard/servicios/nuevo/'>>, 'DEFAULT_MESSAGE_LEVELS': {'DEBUG': 10, 'INFO': 20, 'SUCCESS': 25, 'WARNING': 30, 
'ERROR': 40}, 'is_admin': True, 'is_supervisor': False, 'is_asesor': False, 'is_conductor': False, 'is_ayudante': 
False, 'header_canales': [], 'header_channel_id': None}, {}, {'form': <ReservaForm bound=True, valid=False, fields=(dir
eccion_origen;piso_origen;direccion_destino;piso_destino;detalle_carga;tipo_embalaje;tipo_comprobante;fecha_servicio;ho
rario_servicio;precio;observaciones;lead_origen;cliente_nombre;cliente_telefono;cliente_documento;cliente_correo;client
e_ruc;cliente_razon_social;cliente_id;acceso_origen_opciones;acceso_destino_opciones;requisitos_especiales)>, 
'titulo': 'Nueva Reserva', 'submit_label': 'Crear Reserva', 'active_section': 'servicios', 'lead_id': None}, {'block': 
<Block Node: content. Contents: [<TextNode: '\n<div id="app">\n  <v-app>'>, <django.template.defaulttags.CommentNode 
object at 0x0000013B8F8CC530>, <TextNode: '\n      <div class="d-flex'>, <Variable Node: titulo>, <TextNode: '</h1>\n  
        '>, <IfNode>, <TextNode: '\n        </div>\n        <'>, <IfNode>, <TextNode: '"\n            style="padd'>, 
<Variable Node: submit_label>, <TextNode: '\n          </button>\n    '>, <django.template.defaulttags.CsrfTokenNode 
object at 0x0000013B9281A1D0>, <TextNode: '\n        '>, <IfNode>, <TextNode: '\n        '>, <Variable Node: 
form.lead_origen>, <TextNode: '\n        '>, <Variable Node: form.cliente_id>, <TextNode: '\n\n        '>, <IfNode>, 
<TextNode: '\n\n        '>, <django.template.defaulttags.CommentNode object at 0x0000013B92521190>, <TextNode: '\n     
   <v-card class="r'>, <IfNode>, <TextNode: '\n          </div>\n       '>, <IfNode>, <TextNode: '\n            <div 
class="'>, <Variable Node: form.cliente_nombre.value|default:''>, <TextNode: '" required\n              '>, <IfNode>, 
<TextNode: '\n\n            <div class='>, <Variable Node: form.cliente_telefono.value|default:''>, <TextNode: '" 
required\n              '>, <IfNode>, <TextNode: '\n\n            <div class='>, <Variable Node: 
form.cliente_documento.value|default:''>, <TextNode: '"\n                  v-mod'>, <Variable Node: 
form.cliente_correo.value|default:''>, <TextNode: '">\n              </div>\n '>, <Variable Node: 
form.cliente_ruc.value|default:''>, <TextNode: '">\n              </div>\n '>, <Variable Node: 
form.cliente_razon_social.value|default:''>, <TextNode: '">\n              </div>\n '>, 
<django.template.defaulttags.CommentNode object at 0x0000013B942ACE90>, <TextNode: '\n        <v-card class="r'>, 
<Variable Node: form.direccion_origen.value|default:''>, <TextNode: '" maxlength="255"\n       '>, <IfNode>, 
<TextNode: '\n                <div cla'>, <Variable Node: form.piso_origen.value|default:''>, <TextNode: '" 
maxlength="20"\n        '>, <IfNode>, <TextNode: '\n                <div cla'>, <ForNode: for checkbox in 
form.acceso_origen_opciones, tail_len: 5>, <TextNode: '\n                  </div>'>, <IfNode>, <TextNode: '\n          
    </v-col>\n\n'>, <Variable Node: form.direccion_destino.value|default:''>, <TextNode: '" maxlength="255"\n       
'>, <IfNode>, <TextNode: '\n                <div cla'>, <Variable Node: form.piso_destino.value|default:''>, 
<TextNode: '" maxlength="20"\n        '>, <IfNode>, <TextNode: '\n                <div cla'>, <ForNode: for checkbox 
in form.acceso_destino_opciones, tail_len: 5>, <TextNode: '\n                  </div>'>, <IfNode>, <TextNode: '\n      
        </v-col>\n '>, <django.template.defaulttags.CommentNode object at 0x0000013B942AFC50>, <TextNode: '\n        
<v-card class="r'>, <Variable Node: form.detalle_carga.value|default:''>, <TextNode: '</textarea>\n            <'>, 
<IfNode>, <TextNode: '\n\n            <v-divider '>, <ForNode: for radio in form.tipo_embalaje, tail_len: 5>, 
<TextNode: '\n                </div>\n '>, <IfNode>, <TextNode: '\n              </v-col>\n '>, <ForNode: for checkbox 
in form.requisitos_especiales, tail_len: 9>, <TextNode: '\n                </div>\n '>, <IfNode>, <TextNode: '\n       
         <div sty'>, <django.template.defaulttags.CommentNode object at 0x0000013B940D5AF0>, <TextNode: '\n        
<v-card class="r'>, <Variable Node: form.precio.value|default:''>, <TextNode: '" id="id_precio">\n       '>, <IfNode>, 
<TextNode: '\n              </v-col>\n '>, <ForNode: for radio in form.tipo_comprobante, tail_len: 5>, <TextNode: '\n  
              </div>\n '>, <IfNode>, <TextNode: '\n              </v-col>\n '>, 
<django.template.defaulttags.CommentNode object at 0x0000013B940D5C10>, <TextNode: '\n        <v-card class="r'>, 
<Variable Node: form.horario_servicio.value|default:''>, <TextNode: '\'">\n                    ['>, <IfNode>, 
<TextNode: '\n            '>, <IfNode>, <TextNode: '\n          </div>\n       '>, 
<django.template.defaulttags.CommentNode object at 0x0000013B940D6570>, <TextNode: '\n        <v-card class="r'>, 
<Variable Node: form.observaciones.value|default:''>, <TextNode: '</textarea>\n          </d'>, <IfNode>, <TextNode: 
'"\n              style="pa'>, <Variable Node: submit_label>, <TextNode: '\n            </button>\n  '>, 
<django.template.defaulttags.CommentNode object at 0x0000013B8F5A1AF0>, <TextNode: '\n        <v-card class="r'>]>}]
[DEBUG] 2026-08-13 21:19:39,710 base Exception while resolving variable 'editando' in template 
'servicios/reserva_form.html'.
Traceback (most recent call last):
  File "D:\DESARROLLO_IA\Proyecto_taxi_carga\Taxi_carga_bot\taxicarga_whatsapp_bot\.venv\Lib\site-packages\django\templ
ate\base.py", line 965, in _resolve_lookup
    current = current[bit]
              ~~~~~~~^^^^^
  File "D:\DESARROLLO_IA\Proyecto_taxi_carga\Taxi_carga_bot\taxicarga_whatsapp_bot\.venv\Lib\site-packages\django\templ
ate\context.py", line 91, in __getitem__
    raise KeyError(key)
KeyError: 'editando'

During handling of the above exception, another exception occurred:

Traceback (most recent call last):
  File "D:\DESARROLLO_IA\Proyecto_taxi_carga\Taxi_carga_bot\taxicarga_whatsapp_bot\.venv\Lib\site-packages\django\templ
ate\base.py", line 972, in _resolve_lookup
    if isinstance(current, BaseContext) and getattr(
                                            ~~~~~~~^
        type(current), bit
        ^^^^^^^^^^^^^^^^^^
    ):
    ^
AttributeError: type object 'RequestContext' has no attribute 'editando'

During handling of the above exception, another exception occurred:

Traceback (most recent call last):
  File "D:\DESARROLLO_IA\Proyecto_taxi_carga\Taxi_carga_bot\taxicarga_whatsapp_bot\.venv\Lib\site-packages\django\templ
ate\base.py", line 982, in _resolve_lookup
    current = current[int(bit)]
                      ~~~^^^^^
ValueError: invalid literal for int() with base 10: 'editando'

During handling of the above exception, another exception occurred:

Traceback (most recent call last):
  File "D:\DESARROLLO_IA\Proyecto_taxi_carga\Taxi_carga_bot\taxicarga_whatsapp_bot\.venv\Lib\site-packages\django\templ
ate\base.py", line 989, in _resolve_lookup
    raise VariableDoesNotExist(
    ^^^^^^^^^^^^^^^^^^^^^^^^^^^
    ...<2 lines>...
    )  # missing attribute
    ^
django.template.base.VariableDoesNotExist: Failed lookup for key [editando] in [{'True': True, 'False': False, 'None': 
None}, {'csrf_token': <SimpleLazyObject: 'SlJbdrQXVu21V7mYe11KQHuUAVF6W2xBwlG8SeSsoO4Vik1faDHZMOm8Di2rhOW6'>, 
'request': <WSGIRequest: POST '/dashboard/servicios/nuevo/'>, 'user': <SimpleLazyObject: <User: admin>>, 'perms': 
PermWrapper(<SimpleLazyObject: <User: admin>>), 'messages': <FallbackStorage: request=<WSGIRequest: POST 
'/dashboard/servicios/nuevo/'>>, 'DEFAULT_MESSAGE_LEVELS': {'DEBUG': 10, 'INFO': 20, 'SUCCESS': 25, 'WARNING': 30, 
'ERROR': 40}, 'is_admin': True, 'is_supervisor': False, 'is_asesor': False, 'is_conductor': False, 'is_ayudante': 
False, 'header_canales': [], 'header_channel_id': None}, {}, {'form': <ReservaForm bound=True, valid=False, fields=(dir
eccion_origen;piso_origen;direccion_destino;piso_destino;detalle_carga;tipo_embalaje;tipo_comprobante;fecha_servicio;ho
rario_servicio;precio;observaciones;lead_origen;cliente_nombre;cliente_telefono;cliente_documento;cliente_correo;client
e_ruc;cliente_razon_social;cliente_id;acceso_origen_opciones;acceso_destino_opciones;requisitos_especiales)>, 
'titulo': 'Nueva Reserva', 'submit_label': 'Crear Reserva', 'active_section': 'servicios', 'lead_id': None}, {'block': 
<Block Node: extra_scripts. Contents: [<TextNode: '\n<script>\n(function() {\n '>, <IfNode>, <TextNode: ',\n        
nuevoCliente: f'>, <IfNode>, <TextNode: ',\n        '>, <IfNode>, <TextNode: '\n        selectedDate: fe'>, <Variable 
Node: form.acceso_origen_opciones.value|default:""|join:"+">, <TextNode: "',\n        accesoDestino:">, <Variable 
Node: form.acceso_destino_opciones.value|default:""|join:"+">, <TextNode: "',\n      };\n    },\n    mo">]>}]
[DEBUG] 2026-08-13 21:19:39,711 base Exception while resolving variable 'editando' in template 
'servicios/reserva_form.html'.
Traceback (most recent call last):
  File "D:\DESARROLLO_IA\Proyecto_taxi_carga\Taxi_carga_bot\taxicarga_whatsapp_bot\.venv\Lib\site-packages\django\templ
ate\base.py", line 965, in _resolve_lookup
    current = current[bit]
              ~~~~~~~^^^^^
  File "D:\DESARROLLO_IA\Proyecto_taxi_carga\Taxi_carga_bot\taxicarga_whatsapp_bot\.venv\Lib\site-packages\django\templ
ate\context.py", line 91, in __getitem__
    raise KeyError(key)
KeyError: 'editando'

During handling of the above exception, another exception occurred:

Traceback (most recent call last):
  File "D:\DESARROLLO_IA\Proyecto_taxi_carga\Taxi_carga_bot\taxicarga_whatsapp_bot\.venv\Lib\site-packages\django\templ
ate\base.py", line 972, in _resolve_lookup
    if isinstance(current, BaseContext) and getattr(
                                            ~~~~~~~^
        type(current), bit
        ^^^^^^^^^^^^^^^^^^
    ):
    ^
AttributeError: type object 'RequestContext' has no attribute 'editando'

During handling of the above exception, another exception occurred:

Traceback (most recent call last):
  File "D:\DESARROLLO_IA\Proyecto_taxi_carga\Taxi_carga_bot\taxicarga_whatsapp_bot\.venv\Lib\site-packages\django\templ
ate\base.py", line 982, in _resolve_lookup
    current = current[int(bit)]
                      ~~~^^^^^
ValueError: invalid literal for int() with base 10: 'editando'

During handling of the above exception, another exception occurred:

Traceback (most recent call last):
  File "D:\DESARROLLO_IA\Proyecto_taxi_carga\Taxi_carga_bot\taxicarga_whatsapp_bot\.venv\Lib\site-packages\django\templ
ate\base.py", line 989, in _resolve_lookup
    raise VariableDoesNotExist(
    ^^^^^^^^^^^^^^^^^^^^^^^^^^^
    ...<2 lines>...
    )  # missing attribute
    ^
django.template.base.VariableDoesNotExist: Failed lookup for key [editando] in [{'True': True, 'False': False, 'None': 
None}, {'csrf_token': <SimpleLazyObject: 'SlJbdrQXVu21V7mYe11KQHuUAVF6W2xBwlG8SeSsoO4Vik1faDHZMOm8Di2rhOW6'>, 
'request': <WSGIRequest: POST '/dashboard/servicios/nuevo/'>, 'user': <SimpleLazyObject: <User: admin>>, 'perms': 
PermWrapper(<SimpleLazyObject: <User: admin>>), 'messages': <FallbackStorage: request=<WSGIRequest: POST 
'/dashboard/servicios/nuevo/'>>, 'DEFAULT_MESSAGE_LEVELS': {'DEBUG': 10, 'INFO': 20, 'SUCCESS': 25, 'WARNING': 30, 
'ERROR': 40}, 'is_admin': True, 'is_supervisor': False, 'is_asesor': False, 'is_conductor': False, 'is_ayudante': 
False, 'header_canales': [], 'header_channel_id': None}, {}, {'form': <ReservaForm bound=True, valid=False, fields=(dir
eccion_origen;piso_origen;direccion_destino;piso_destino;detalle_carga;tipo_embalaje;tipo_comprobante;fecha_servicio;ho
rario_servicio;precio;observaciones;lead_origen;cliente_nombre;cliente_telefono;cliente_documento;cliente_correo;client
e_ruc;cliente_razon_social;cliente_id;acceso_origen_opciones;acceso_destino_opciones;requisitos_especiales)>, 
'titulo': 'Nueva Reserva', 'submit_label': 'Crear Reserva', 'active_section': 'servicios', 'lead_id': None}, {'block': 
<Block Node: extra_scripts. Contents: [<TextNode: '\n<script>\n(function() {\n '>, <IfNode>, <TextNode: ',\n        
nuevoCliente: f'>, <IfNode>, <TextNode: ',\n        '>, <IfNode>, <TextNode: '\n        selectedDate: fe'>, <Variable 
Node: form.acceso_origen_opciones.value|default:""|join:"+">, <TextNode: "',\n        accesoDestino:">, <Variable 
Node: form.acceso_destino_opciones.value|default:""|join:"+">, <TextNode: "',\n      };\n    },\n    mo">]>}]
[DEBUG] 2026-08-13 21:19:39,712 base Exception while resolving variable 'editando' in template 
'servicios/reserva_form.html'.
Traceback (most recent call last):
  File "D:\DESARROLLO_IA\Proyecto_taxi_carga\Taxi_carga_bot\taxicarga_whatsapp_bot\.venv\Lib\site-packages\django\templ
ate\base.py", line 965, in _resolve_lookup
    current = current[bit]
              ~~~~~~~^^^^^
  File "D:\DESARROLLO_IA\Proyecto_taxi_carga\Taxi_carga_bot\taxicarga_whatsapp_bot\.venv\Lib\site-packages\django\templ
ate\context.py", line 91, in __getitem__
    raise KeyError(key)
KeyError: 'editando'

During handling of the above exception, another exception occurred:

Traceback (most recent call last):
  File "D:\DESARROLLO_IA\Proyecto_taxi_carga\Taxi_carga_bot\taxicarga_whatsapp_bot\.venv\Lib\site-packages\django\templ
ate\base.py", line 972, in _resolve_lookup
    if isinstance(current, BaseContext) and getattr(
                                            ~~~~~~~^
        type(current), bit
        ^^^^^^^^^^^^^^^^^^
    ):
    ^
AttributeError: type object 'RequestContext' has no attribute 'editando'

During handling of the above exception, another exception occurred:

Traceback (most recent call last):
  File "D:\DESARROLLO_IA\Proyecto_taxi_carga\Taxi_carga_bot\taxicarga_whatsapp_bot\.venv\Lib\site-packages\django\templ
ate\base.py", line 982, in _resolve_lookup
    current = current[int(bit)]
                      ~~~^^^^^
ValueError: invalid literal for int() with base 10: 'editando'

During handling of the above exception, another exception occurred:

Traceback (most recent call last):
  File "D:\DESARROLLO_IA\Proyecto_taxi_carga\Taxi_carga_bot\taxicarga_whatsapp_bot\.venv\Lib\site-packages\django\templ
ate\base.py", line 989, in _resolve_lookup
    raise VariableDoesNotExist(
    ^^^^^^^^^^^^^^^^^^^^^^^^^^^
    ...<2 lines>...
    )  # missing attribute
    ^
django.template.base.VariableDoesNotExist: Failed lookup for key [editando] in [{'True': True, 'False': False, 'None': 
None}, {'csrf_token': <SimpleLazyObject: 'SlJbdrQXVu21V7mYe11KQHuUAVF6W2xBwlG8SeSsoO4Vik1faDHZMOm8Di2rhOW6'>, 
'request': <WSGIRequest: POST '/dashboard/servicios/nuevo/'>, 'user': <SimpleLazyObject: <User: admin>>, 'perms': 
PermWrapper(<SimpleLazyObject: <User: admin>>), 'messages': <FallbackStorage: request=<WSGIRequest: POST 
'/dashboard/servicios/nuevo/'>>, 'DEFAULT_MESSAGE_LEVELS': {'DEBUG': 10, 'INFO': 20, 'SUCCESS': 25, 'WARNING': 30, 
'ERROR': 40}, 'is_admin': True, 'is_supervisor': False, 'is_asesor': False, 'is_conductor': False, 'is_ayudante': 
False, 'header_canales': [], 'header_channel_id': None}, {}, {'form': <ReservaForm bound=True, valid=False, fields=(dir
eccion_origen;piso_origen;direccion_destino;piso_destino;detalle_carga;tipo_embalaje;tipo_comprobante;fecha_servicio;ho
rario_servicio;precio;observaciones;lead_origen;cliente_nombre;cliente_telefono;cliente_documento;cliente_correo;client
e_ruc;cliente_razon_social;cliente_id;acceso_origen_opciones;acceso_destino_opciones;requisitos_especiales)>, 
'titulo': 'Nueva Reserva', 'submit_label': 'Crear Reserva', 'active_section': 'servicios', 'lead_id': None}, {'block': 
<Block Node: extra_scripts. Contents: [<TextNode: '\n<script>\n(function() {\n '>, <IfNode>, <TextNode: ',\n        
nuevoCliente: f'>, <IfNode>, <TextNode: ',\n        '>, <IfNode>, <TextNode: '\n        selectedDate: fe'>, <Variable 
Node: form.acceso_origen_opciones.value|default:""|join:"+">, <TextNode: "',\n        accesoDestino:">, <Variable 
Node: form.acceso_destino_opciones.value|default:""|join:"+">, <TextNode: "',\n      };\n    },\n    mo">]>}]
...[INFO] 2026-08-13 21:19:39,741 utils should_bot_reply | bot_activo=True | modo_atencion=bot | dia=2 | hora=12:00
[INFO] 2026-08-13 21:19:39,742 utils [Bot Control]
override=none | horario=00-00-23-59
decision=BOT_RESPONDE
reason=horario_normal
[INFO] 2026-08-13 21:19:39,743 utils should_bot_reply | bot_activo=True | modo_atencion=bot | dia=2 | hora=12:00
[INFO] 2026-08-13 21:19:39,743 utils [Bot Control]
override=force_human
decision=BOT_NO_RESPONDE
reason=override_manual
[INFO] 2026-08-13 21:19:39,744 utils should_bot_reply | bot_activo=True | modo_atencion=bot | dia=2 | hora=12:00
[INFO] 2026-08-13 21:19:39,744 utils [Bot Control]
override=none | horario=00-00-23-59
decision=BOT_RESPONDE
reason=horario_normal
.[INFO] 2026-08-13 21:19:39,746 utils should_bot_reply | bot_activo=True | modo_atencion=bot | dia=6 | hora=12:00
[INFO] 2026-08-13 21:19:39,747 utils [Bot Control]
override=none | horario=00-00-23-59
decision=BOT_RESPONDE
reason=horario_normal
.[INFO] 2026-08-13 21:19:39,749 utils should_bot_reply | bot_activo=True | modo_atencion=bot | dia=2 | hora=14:00
[INFO] 2026-08-13 21:19:39,750 utils [Bot Control]
override=none
decision=BOT_NO_RESPONDE
reason=fuera_de_horario
[INFO] 2026-08-13 21:19:39,751 utils should_bot_reply | bot_activo=True | modo_atencion=bot | dia=2 | hora=14:00
[INFO] 2026-08-13 21:19:39,751 utils [Bot Control]
override=force_bot
decision=BOT_RESPONDE
reason=override_manual
.[INFO] 2026-08-13 21:19:39,754 utils should_bot_reply | bot_activo=True | modo_atencion=bot | dia=0 | hora=12:00
[INFO] 2026-08-13 21:19:39,754 utils [Bot Control]
override=none | horario=00-00-23-59
decision=BOT_RESPONDE
reason=horario_normal
[INFO] 2026-08-13 21:19:39,755 utils should_bot_reply | bot_activo=True | modo_atencion=bot | dia=0 | hora=12:00
[INFO] 2026-08-13 21:19:39,755 utils [Bot Control]
override=force_human
decision=BOT_NO_RESPONDE
reason=override_manual
.[INFO] 2026-08-13 21:19:39,757 utils should_bot_reply | bot_activo=True | modo_atencion=bot | dia=0 | hora=07:00
[INFO] 2026-08-13 21:19:39,758 utils [Bot Control]
override=none | horario=00-00-07-30
decision=BOT_RESPONDE
reason=horario_normal
.[INFO] 2026-08-13 21:19:39,760 utils should_bot_reply | bot_activo=True | modo_atencion=bot | dia=0 | hora=08:00
[INFO] 2026-08-13 21:19:39,761 utils [Bot Control]
override=none
decision=BOT_NO_RESPONDE
reason=fuera_de_horario
.[INFO] 2026-08-13 21:19:39,763 utils should_bot_reply | bot_activo=True | modo_atencion=bot | dia=0 | hora=18:00
[INFO] 2026-08-13 21:19:39,764 utils [Bot Control]
override=none | horario=17-30-23-59
decision=BOT_RESPONDE
reason=horario_normal
.[INFO] 2026-08-13 21:19:39,767 utils should_bot_reply | bot_activo=True | modo_atencion=bot | dia=2 | hora=14:00
[INFO] 2026-08-13 21:19:39,768 utils [Bot Control]
override=none
decision=BOT_NO_RESPONDE
reason=fuera_de_horario
.[INFO] 2026-08-13 21:19:39,771 utils should_bot_reply | bot_activo=True | modo_atencion=bot | dia=2 | hora=18:00
[INFO] 2026-08-13 21:19:39,772 utils [Bot Control]
override=none | horario=17-30-23-59
decision=BOT_RESPONDE
reason=horario_normal
.[INFO] 2026-08-13 21:19:39,774 utils should_bot_reply | bot_activo=True | modo_atencion=bot | dia=5 | hora=15:00
[INFO] 2026-08-13 21:19:39,774 utils [Bot Control]
override=none | horario=14-00-23-59
decision=BOT_RESPONDE
reason=horario_normal
.[INFO] 2026-08-13 21:19:40,289 views BotSchedule creado por test: Martes 08:00-17:00 [Bot automático]
[INFO] 2026-08-13 21:19:40,292 views BotSchedule 1 eliminado por test
.[INFO] 2026-08-13 21:19:40,803 views BotSchedule creado por test: Lunes 09:00-18:00 [Bot automático]
.[WARNING] 2026-08-13 21:19:41,377 log Not Found: /api/bot-schedules/999/
..[WARNING] 2026-08-13 21:19:42,430 log Forbidden: /api/bot-schedules/
.[INFO] 2026-08-13 21:19:42,946 views BotSchedule 1 actualizado por test
.[WARNING] 2026-08-13 21:19:43,481 log Forbidden: /api/bot-settings/
..[INFO] 2026-08-13 21:19:44,523 views ConfiguracionBot actualizada por test
..[INFO] 2026-08-13 21:19:46,562 views WhatsApp inbound ignored (reason=inactive_channel, channel_id=1).
...[INFO] 2026-08-13 21:19:50,123 views WhatsApp channel update requested (channel_id=1, actor_id=1).
[INFO] 2026-08-13 21:19:50,123 views WhatsAppChannel 1 actualizado por admin
..[INFO] 2026-08-13 21:19:53,153 views WhatsApp channel update requested (channel_id=1, actor_id=1).
[INFO] 2026-08-13 21:19:53,153 views WhatsAppChannel 1 actualizado por admin
.[WARNING] 2026-08-13 21:19:54,185 views Eliminación bloqueada para canal 1 (Test): leads=1 configs=0 schedules=0 
conversaciones=0
[WARNING] 2026-08-13 21:19:54,185 log Conflict: /api/whatsapp-channels/1/
.[INFO] 2026-08-13 21:19:55,196 views WhatsAppChannel 1 eliminado por admin
....[INFO] 2026-08-13 21:19:58,288 utils [Conversation Guard]
lead_id=1
phone_suffix=***000
estado=nuevo
allow_bot=False
pause_bot=True
reason=lead_en_atencion_humana
.[INFO] 2026-08-13 21:19:58,289 utils [Conversation Guard]
lead_id=1
phone_suffix=***000
estado=nuevo
allow_bot=False
pause_bot=True
reason=lead_en_atencion_humana
.[INFO] 2026-08-13 21:19:58,291 utils [Conversation Guard]
lead_id=1
phone_suffix=***000
estado=nuevo
pattern=cambiar fecha
allow_bot=False
pause_bot=True
reason=posible_conversacion_humana_por_whatsapp_business
....[INFO] 2026-08-13 21:19:58,295 utils [Conversation Guard]
lead_id=1
phone_suffix=***000
estado=nuevo
pattern=me dijeron
allow_bot=False
pause_bot=True
reason=posible_conversacion_humana_por_whatsapp_business
.[INFO] 2026-08-13 21:19:58,296 utils [Conversation Guard]
lead_id=1
phone_suffix=***000
estado=nuevo
pattern=ya pagué
allow_bot=False
pause_bot=True
reason=posible_conversacion_humana_por_whatsapp_business
.[INFO] 2026-08-13 21:19:58,297 utils [Conversation Guard]
lead_id=1
phone_suffix=***000
estado=nuevo
allow_bot=False
pause_bot=True
reason=lead_en_atencion_humana
.[INFO] 2026-08-13 21:19:58,299 utils [Conversation Guard]
lead_id=1
phone_suffix=***000
estado=nuevo
pattern=ya pague
allow_bot=False
pause_bot=True
reason=posible_conversacion_humana_por_whatsapp_business
.[INFO] 2026-08-13 21:19:58,304 utils should_bot_reply | bot_activo=True | modo_atencion=bot | dia=2 | hora=14:00
[INFO] 2026-08-13 21:19:58,305 utils [ConversationGuardV2]
lead_id=1
motivos=['Lead con atención humana previa']
bloquear_bot=True
[INFO] 2026-08-13 21:19:58,305 utils [Bot Control]
override=none | horario=00:00-23:59 | v2_conversacion_avanzada
decision=BOT_NO_RESPONDE
reason=v2_conversacion_avanzada
.[INFO] 2026-08-13 21:19:58,310 utils should_bot_reply | bot_activo=True | modo_atencion=bot | dia=2 | hora=14:00
[INFO] 2026-08-13 21:19:58,310 utils [ConversationGuardV2]
lead_id=1
motivos=['Más de 10 mensajes en conversación (15)']
bloquear_bot=True
[INFO] 2026-08-13 21:19:58,311 utils [Bot Control]
override=none | horario=00:00-23:59 | v2_conversacion_avanzada
decision=BOT_NO_RESPONDE
reason=v2_conversacion_avanzada
.[INFO] 2026-08-13 21:19:58,313 utils should_bot_reply | bot_activo=True | modo_atencion=bot | dia=2 | hora=14:00
[INFO] 2026-08-13 21:19:58,314 utils [ConversationGuardV2]
lead_id=1
motivos=['Conversación iniciada hace 69 días']
bloquear_bot=True
[INFO] 2026-08-13 21:19:58,315 utils [Bot Control]
override=none | horario=00:00-23:59 | v2_conversacion_avanzada
decision=BOT_NO_RESPONDE
reason=v2_conversacion_avanzada
.[INFO] 2026-08-13 21:19:58,319 utils should_bot_reply | bot_activo=True | modo_atencion=bot | dia=2 | hora=14:00
[INFO] 2026-08-13 21:19:58,320 utils [ConversationGuardV2]
lead_id=1
motivos=['Lead en estado avanzado: cotizado']
bloquear_bot=True
[INFO] 2026-08-13 21:19:58,320 utils [Bot Control]
override=none | horario=00:00-23:59 | v2_conversacion_avanzada
decision=BOT_NO_RESPONDE
reason=v2_conversacion_avanzada
.[INFO] 2026-08-13 21:19:58,323 utils should_bot_reply | bot_activo=True | modo_atencion=bot | dia=2 | hora=14:00
[INFO] 2026-08-13 21:19:58,324 utils [ConversationGuardV2]
lead_id=1
motivos=[]
bloquear_bot=False
[INFO] 2026-08-13 21:19:58,324 utils [Bot Control]
override=none | horario=00:00-23:59
decision=BOT_RESPONDE
reason=horario_normal
.[INFO] 2026-08-13 21:19:58,326 utils should_bot_reply | bot_activo=True | modo_atencion=bot | dia=2 | hora=14:00
[INFO] 2026-08-13 21:19:58,327 utils [ConversationGuardV2]
lead_id=1
motivos=['Lead en etapa avanzada: reservado']
bloquear_bot=True
[INFO] 2026-08-13 21:19:58,327 utils [Bot Control]
override=none | horario=00:00-23:59 | v2_conversacion_avanzada
decision=BOT_NO_RESPONDE
reason=v2_conversacion_avanzada
.[INFO] 2026-08-13 21:19:58,339 utils should_bot_reply | bot_activo=False | modo_atencion=bot | dia=3 | hora=21:19
[INFO] 2026-08-13 21:19:58,339 utils [Bot Control]
bot_activo=False
decision=BOT_NO_RESPONDE
reason=bot_apagado
.[INFO] 2026-08-13 21:19:58,353 utils should_bot_reply | bot_activo=True | modo_atencion=bot | dia=3 | hora=21:19
[INFO] 2026-08-13 21:19:58,354 utils [Bot Control]
override=none
decision=BOT_NO_RESPONDE
reason=fuera_de_horario
.[INFO] 2026-08-13 21:19:58,358 utils Lead 1 no tiene campo confianza_extraccion, se omite evaluación
[INFO] 2026-08-13 21:19:58,358 utils [Mixto Inteligente]
lead_id=1
telefono=999000001
puede_bot_cotizar=False
requiere_asesor=True
motivos=['Objeto(s) especial(es): caja fuerte', 'Faltan históricos similares para cotizar automáticamente']
historicos_suficientes=False
confianza_suficiente=True
decision=DERIVAR_ASESOR
.[INFO] 2026-08-13 21:19:58,361 utils Lead 1 no tiene campo confianza_extraccion, se omite evaluación
[INFO] 2026-08-13 21:19:58,362 utils [Mixto Inteligente]
lead_id=1
telefono=999000001
puede_bot_cotizar=False
requiere_asesor=True
motivos=['Servicio de embalaje full', 'Faltan históricos similares para cotizar automáticamente']
historicos_suficientes=False
confianza_suficiente=True
decision=DERIVAR_ASESOR
.[INFO] 2026-08-13 21:19:58,365 utils should_bot_reply | bot_activo=True | modo_atencion=mixto | dia=0 | hora=14:30
[INFO] 2026-08-13 21:19:58,366 utils Lead 1 no tiene campo confianza_extraccion, se omite evaluación
[INFO] 2026-08-13 21:19:58,366 utils [Mixto Inteligente]
lead_id=1
telefono=999000001
puede_bot_cotizar=False
requiere_asesor=True
motivos=['Objeto(s) especial(es): piano']
historicos_suficientes=True
confianza_suficiente=True
decision=DERIVAR_ASESOR
[INFO] 2026-08-13 21:19:58,366 utils Lead 1 derivado a asesor humano. Motivos: Objeto(s) especial(es): piano
[INFO] 2026-08-13 21:19:58,366 utils [Bot Control]
override=none | mixto_inteligente
decision=BOT_NO_RESPONDE
reason=derivar_asesor
.[INFO] 2026-08-13 21:19:58,370 utils should_bot_reply | bot_activo=True | modo_atencion=mixto | dia=0 | hora=14:30
[INFO] 2026-08-13 21:19:58,371 utils Lead 1 no tiene campo confianza_extraccion, se omite evaluación
[INFO] 2026-08-13 21:19:58,371 utils [Mixto Inteligente]
lead_id=1
telefono=999000001
puede_bot_cotizar=True
requiere_asesor=False
motivos=[]
historicos_suficientes=True
confianza_suficiente=True
decision=BOT_COTIZA
[INFO] 2026-08-13 21:19:58,372 utils [ConversationGuardV2]
lead_id=1
motivos=[]
bloquear_bot=False
[INFO] 2026-08-13 21:19:58,372 utils [Bot Control]
override=none | mixto_inteligente | horario=00-00-23-59
decision=BOT_RESPONDE
reason=mixto_simple
.[INFO] 2026-08-13 21:19:58,375 utils should_bot_reply | bot_activo=True | modo_atencion=mixto | dia=0 | hora=14:30
[INFO] 2026-08-13 21:19:58,376 utils [Bot Control]
override=none
decision=BOT_NO_RESPONDE
reason=lead_ya_derivado
.[INFO] 2026-08-13 21:19:58,379 utils should_bot_reply | bot_activo=True | modo_atencion=mixto | dia=0 | hora=20:00
[INFO] 2026-08-13 21:19:58,379 utils [Bot Control]
override=none
decision=BOT_NO_RESPONDE
reason=fuera_de_horario
.[INFO] 2026-08-13 21:19:58,382 utils should_bot_reply | bot_activo=True | modo_atencion=mixto | dia=0 | hora=14:30
[INFO] 2026-08-13 21:19:58,383 utils [Bot Control]
override=none | mixto_inteligente | horario=00-00-23-59
decision=BOT_RESPONDE
reason=mixto_simple
.[INFO] 2026-08-13 21:19:58,386 utils should_bot_reply | bot_activo=True | modo_atencion=bot | dia=0 | hora=14:30
[INFO] 2026-08-13 21:19:58,387 utils [ConversationGuardV2]
lead_id=1
motivos=[]
bloquear_bot=False
[INFO] 2026-08-13 21:19:58,387 utils [Bot Control]
override=none | horario=00-00-23-59
decision=BOT_RESPONDE
reason=horario_normal
.[INFO] 2026-08-13 21:19:58,390 utils Lead 1 no tiene campo confianza_extraccion, se omite evaluación
[INFO] 2026-08-13 21:19:58,391 utils [Mixto Inteligente]
lead_id=1
telefono=999000001
puede_bot_cotizar=False
requiere_asesor=True
motivos=['Mudanza de oficina o corporativo', 'Faltan históricos similares para cotizar automáticamente']
historicos_suficientes=False
confianza_suficiente=True
decision=DERIVAR_ASESOR
.[INFO] 2026-08-13 21:19:58,393 utils should_bot_reply | bot_activo=True | modo_atencion=mixto | dia=0 | hora=03:00
[INFO] 2026-08-13 21:19:58,394 utils [Bot Control]
override=none
decision=BOT_NO_RESPONDE
reason=fuera_de_horario
[INFO] 2026-08-13 21:19:58,395 utils should_bot_reply | bot_activo=True | modo_atencion=mixto | dia=0 | hora=03:00
[INFO] 2026-08-13 21:19:58,395 utils [Bot Control]
override=force_bot
decision=BOT_RESPONDE
reason=override_manual
.[INFO] 2026-08-13 21:19:58,397 utils should_bot_reply | bot_activo=True | modo_atencion=bot | dia=0 | hora=03:00
[INFO] 2026-08-13 21:19:58,398 utils [Bot Control]
override=none
decision=BOT_NO_RESPONDE
reason=fuera_de_horario
[INFO] 2026-08-13 21:19:58,399 utils should_bot_reply | bot_activo=True | modo_atencion=bot | dia=0 | hora=03:00
[INFO] 2026-08-13 21:19:58,399 utils [Bot Control]
override=force_mixto
decision=BOT_RESPONDE
reason=mixto_simple
[INFO] 2026-08-13 21:19:58,400 utils should_bot_reply | bot_activo=True | modo_atencion=bot | dia=0 | hora=03:00
[INFO] 2026-08-13 21:19:58,401 utils [Bot Control]
override=none
decision=BOT_NO_RESPONDE
reason=fuera_de_horario
.[INFO] 2026-08-13 21:19:58,404 utils should_bot_reply | bot_activo=True | modo_atencion=bot | dia=0 | hora=03:00
[INFO] 2026-08-13 21:19:58,404 utils [Bot Control]
override=none
decision=BOT_NO_RESPONDE
reason=fuera_de_horario
[INFO] 2026-08-13 21:19:58,405 utils should_bot_reply | bot_activo=True | modo_atencion=bot | dia=0 | hora=03:00
[INFO] 2026-08-13 21:19:58,406 utils Lead 1 no tiene campo confianza_extraccion, se omite evaluación
[INFO] 2026-08-13 21:19:58,406 utils [Mixto Inteligente]
lead_id=1
telefono=999000001
puede_bot_cotizar=False
requiere_asesor=True
motivos=['Objeto(s) especial(es): piano']
historicos_suficientes=True
confianza_suficiente=True
decision=DERIVAR_ASESOR
[INFO] 2026-08-13 21:19:58,406 utils Lead 1 derivado a asesor humano. Motivos: Objeto(s) especial(es): piano
[INFO] 2026-08-13 21:19:58,406 utils [Bot Control]
override=force_mixto
decision=BOT_NO_RESPONDE
reason=derivar_asesor
.[INFO] 2026-08-13 21:19:58,410 utils should_bot_reply | bot_activo=True | modo_atencion=bot | dia=0 | hora=03:00
[INFO] 2026-08-13 21:19:58,410 utils [Bot Control]
override=none
decision=BOT_NO_RESPONDE
reason=fuera_de_horario
[INFO] 2026-08-13 21:19:58,411 utils should_bot_reply | bot_activo=True | modo_atencion=bot | dia=0 | hora=03:00
[INFO] 2026-08-13 21:19:58,411 utils Lead 1 no tiene campo confianza_extraccion, se omite evaluación
[INFO] 2026-08-13 21:19:58,411 utils [Mixto Inteligente]
lead_id=1
telefono=999000001
puede_bot_cotizar=True
requiere_asesor=False
motivos=[]
historicos_suficientes=True
confianza_suficiente=True
decision=BOT_COTIZA
[INFO] 2026-08-13 21:19:58,412 utils [ConversationGuardV2]
lead_id=1
motivos=[]
bloquear_bot=False
[INFO] 2026-08-13 21:19:58,412 utils [Bot Control]
override=force_mixto
decision=BOT_RESPONDE
reason=mixto_simple
.[INFO] 2026-08-13 21:19:58,415 utils Lead 1 no tiene campo confianza_extraccion, se omite evaluación
[INFO] 2026-08-13 21:19:58,416 utils [Mixto Inteligente]
lead_id=1
telefono=999000001
puede_bot_cotizar=False
requiere_asesor=True
motivos=['Objeto(s) especial(es): piano', 'Faltan históricos similares para cotizar automáticamente']
historicos_suficientes=False
confianza_suficiente=True
decision=DERIVAR_ASESOR
.[INFO] 2026-08-13 21:19:58,419 utils Lead 1 no tiene campo confianza_extraccion, se omite evaluación
[INFO] 2026-08-13 21:19:58,420 utils [Mixto Inteligente]
lead_id=1
telefono=999000001
puede_bot_cotizar=False
requiere_asesor=True
motivos=['Piso origen 6 sin ascensor', 'Faltan históricos similares para cotizar automáticamente']
historicos_suficientes=False
confianza_suficiente=True
decision=DERIVAR_ASESOR
.[INFO] 2026-08-13 21:19:58,423 utils Lead 1 no tiene campo confianza_extraccion, se omite evaluación
[INFO] 2026-08-13 21:19:58,423 utils [Mixto Inteligente]
lead_id=1
telefono=999000001
puede_bot_cotizar=False
requiere_asesor=True
motivos=['Faltan históricos similares para cotizar automáticamente']
historicos_suficientes=False
confianza_suficiente=True
decision=DERIVAR_ASESOR
.[INFO] 2026-08-13 21:19:58,426 utils Lead 1 no tiene campo confianza_extraccion, se omite evaluación
[INFO] 2026-08-13 21:19:58,426 utils [Mixto Inteligente]
lead_id=1
telefono=999000001
puede_bot_cotizar=False
requiere_asesor=True
motivos=['Provincia o ruta fuera de Lima/Callao', 'Faltan históricos similares para cotizar automáticamente']
historicos_suficientes=False
confianza_suficiente=True
decision=DERIVAR_ASESOR
.[INFO] 2026-08-13 21:19:58,429 utils Lead 1 no tiene campo confianza_extraccion, se omite evaluación
[INFO] 2026-08-13 21:19:58,429 utils [Mixto Inteligente]
lead_id=1
telefono=999000001
puede_bot_cotizar=True
requiere_asesor=False
motivos=[]
historicos_suficientes=True
confianza_suficiente=True
decision=BOT_COTIZA
.[INFO] 2026-08-13 21:19:58,925 views ConfiguracionBot actualizada por test
..[INFO] 2026-08-13 21:19:59,934 views ConfiguracionBot actualizada por test
.[INFO] 2026-08-13 21:19:59,939 utils should_bot_reply | bot_activo=True | modo_atencion=bot | dia=1 | hora=14:00
[INFO] 2026-08-13 21:19:59,940 utils [Bot Control]
override=none | horario=00:00-23:59
decision=BOT_RESPONDE
reason=horario_normal
[INFO] 2026-08-13 21:19:59,940 utils should_bot_reply | bot_activo=True | modo_atencion=bot | dia=1 | hora=14:00
[INFO] 2026-08-13 21:19:59,940 utils [Bot Control]
override=none | horario=00:00-23:59
decision=BOT_RESPONDE
reason=horario_normal
.[INFO] 2026-08-13 21:19:59,944 utils should_bot_reply | bot_activo=True | modo_atencion=bot | dia=1 | hora=20:00
[INFO] 2026-08-13 21:19:59,945 utils [Bot Control]
override=none | horario=00:00-23:59
decision=BOT_RESPONDE
reason=horario_normal
[INFO] 2026-08-13 21:19:59,945 utils should_bot_reply | bot_activo=True | modo_atencion=bot | dia=1 | hora=20:00
[INFO] 2026-08-13 21:19:59,946 utils [Bot Control]
override=none
decision=BOT_NO_RESPONDE
reason=fuera_de_horario
.[INFO] 2026-08-13 21:19:59,950 utils should_bot_reply | bot_activo=True | modo_atencion=bot | dia=1 | hora=03:00
[INFO] 2026-08-13 21:19:59,951 utils [Bot Control]
override=none
decision=BOT_NO_RESPONDE
reason=fuera_de_horario
[INFO] 2026-08-13 21:19:59,952 utils should_bot_reply | bot_activo=True | modo_atencion=bot | dia=1 | hora=03:00
[INFO] 2026-08-13 21:19:59,952 utils [Bot Control]
override=none
decision=BOT_NO_RESPONDE
reason=fuera_de_horario
[INFO] 2026-08-13 21:19:59,953 utils should_bot_reply | bot_activo=True | modo_atencion=bot | dia=1 | hora=03:00
[INFO] 2026-08-13 21:19:59,953 utils [Bot Control]
override=force_mixto
decision=BOT_RESPONDE
reason=mixto_simple
[INFO] 2026-08-13 21:19:59,954 utils should_bot_reply | bot_activo=True | modo_atencion=bot | dia=1 | hora=03:00
[INFO] 2026-08-13 21:19:59,954 utils [Bot Control]
override=none
decision=BOT_NO_RESPONDE
reason=fuera_de_horario
.[INFO] 2026-08-13 21:19:59,958 utils should_bot_reply | bot_activo=True | modo_atencion=bot | dia=1 | hora=03:00
[INFO] 2026-08-13 21:19:59,958 utils [Bot Control]
override=none
decision=BOT_NO_RESPONDE
reason=fuera_de_horario
[INFO] 2026-08-13 21:19:59,959 utils should_bot_reply | bot_activo=True | modo_atencion=bot | dia=1 | hora=03:00
[INFO] 2026-08-13 21:19:59,959 utils [Bot Control]
override=none | horario=00:00-23:59
decision=BOT_RESPONDE
reason=horario_normal
...[INFO] 2026-08-13 21:19:59,972 utils should_bot_reply | bot_activo=True | modo_atencion=bot | dia=1 | hora=14:30
[INFO] 2026-08-13 21:19:59,973 utils [Bot Control]
override=none | horario=09:00-18:00
decision=BOT_RESPONDE
reason=horario_normal
.[INFO] 2026-08-13 21:19:59,975 utils should_bot_reply | bot_activo=True | modo_atencion=bot | dia=1 | hora=20:00
[INFO] 2026-08-13 21:19:59,975 utils [Bot Control]
override=none
decision=BOT_NO_RESPONDE
reason=fuera_de_horario
.[INFO] 2026-08-13 21:19:59,977 utils should_bot_reply | bot_activo=False | modo_atencion=bot | dia=1 | hora=14:30
[INFO] 2026-08-13 21:19:59,977 utils [Bot Control]
bot_activo=False
decision=BOT_NO_RESPONDE
reason=bot_apagado
.[INFO] 2026-08-13 21:19:59,979 utils should_bot_reply | bot_activo=True | modo_atencion=bot | dia=6 | hora=14:00
[INFO] 2026-08-13 21:19:59,979 utils [Bot Control]
override=none
decision=BOT_NO_RESPONDE
reason=fuera_de_horario
.[INFO] 2026-08-13 21:19:59,981 utils should_bot_reply | bot_activo=True | modo_atencion=bot | dia=1 | hora=22:00
[INFO] 2026-08-13 21:19:59,982 utils [Bot Control]
override=none | horario=19:00-08:00
decision=BOT_RESPONDE
reason=horario_normal
.[INFO] 2026-08-13 21:19:59,984 utils should_bot_reply | bot_activo=True | modo_atencion=bot | dia=1 | hora=10:00
[INFO] 2026-08-13 21:19:59,984 utils [Bot Control]
override=none
decision=BOT_NO_RESPONDE
reason=fuera_de_horario
.[INFO] 2026-08-13 21:19:59,987 utils should_bot_reply | bot_activo=True | modo_atencion=humano | dia=1 | hora=14:30
[INFO] 2026-08-13 21:19:59,987 utils [Bot Control]
override=none
decision=BOT_NO_RESPONDE
reason=modo_humano
.[INFO] 2026-08-13 21:19:59,989 utils should_bot_reply | bot_activo=True | modo_atencion=mixto | dia=1 | hora=14:30
[INFO] 2026-08-13 21:19:59,989 utils [Bot Control]
override=none | mixto_inteligente | horario=07:00-23:00
decision=BOT_RESPONDE
reason=mixto_simple
.[INFO] 2026-08-13 21:20:00,000 utils should_bot_reply | bot_activo=True | modo_atencion=bot | dia=3 | hora=21:20
[INFO] 2026-08-13 21:20:00,001 utils [ConversationGuardV2]
lead_id=1
motivos=[]
bloquear_bot=False
[INFO] 2026-08-13 21:20:00,002 utils [Bot Control]
override=none | horario=00:00-23:59
decision=BOT_RESPONDE
reason=horario_normal
[INFO] 2026-08-13 21:20:00,018 utils should_bot_reply | bot_activo=True | modo_atencion=bot | dia=3 | hora=21:20
[INFO] 2026-08-13 21:20:00,020 utils [ConversationGuardV2]
lead_id=1
motivos=[]
bloquear_bot=False
[INFO] 2026-08-13 21:20:00,020 utils [Bot Control]
override=none | horario=00:00-23:59
decision=BOT_RESPONDE
reason=horario_normal
[INFO] 2026-08-13 21:20:00,034 utils should_bot_reply | bot_activo=True | modo_atencion=bot | dia=3 | hora=21:20
[INFO] 2026-08-13 21:20:00,036 utils [ConversationGuardV2]
lead_id=1
motivos=[]
bloquear_bot=False
[INFO] 2026-08-13 21:20:00,036 utils [Bot Control]
override=none | horario=00:00-23:59
decision=BOT_RESPONDE
reason=horario_normal
[INFO] 2026-08-13 21:20:00,052 utils should_bot_reply | bot_activo=True | modo_atencion=bot | dia=3 | hora=21:20
[INFO] 2026-08-13 21:20:00,054 utils [ConversationGuardV2]
lead_id=1
motivos=[]
bloquear_bot=False
[INFO] 2026-08-13 21:20:00,054 utils [Bot Control]
override=none | horario=00:00-23:59
decision=BOT_RESPONDE
reason=horario_normal
[INFO] 2026-08-13 21:20:00,068 utils should_bot_reply | bot_activo=True | modo_atencion=bot | dia=3 | hora=21:20
[INFO] 2026-08-13 21:20:00,069 utils [ConversationGuardV2]
lead_id=1
motivos=[]
bloquear_bot=False
[INFO] 2026-08-13 21:20:00,069 utils [Bot Control]
override=none | horario=00:00-23:59
decision=BOT_RESPONDE
reason=horario_normal
.....[INFO] 2026-08-13 21:20:00,124 utils should_bot_reply | bot_activo=True | modo_atencion=bot | dia=3 | hora=21:20
[INFO] 2026-08-13 21:20:00,125 utils [ConversationGuardV2]
lead_id=1
motivos=[]
bloquear_bot=False
[INFO] 2026-08-13 21:20:00,125 utils [Bot Control]
override=none | horario=00:00-23:59
decision=BOT_RESPONDE
reason=horario_normal
[ERROR] 2026-08-13 21:20:00,134 views Error procesando mensaje entrante.
Traceback (most recent call last):
  File "D:\DESARROLLO_IA\Proyecto_taxi_carga\Taxi_carga_bot\taxicarga_whatsapp_bot\apps\whatsapp\views.py", line 333, 
in _receive_message
    raise WhatsappSendError("Meta no acepto la respuesta saliente.")
apps.whatsapp.views.WhatsappSendError: Meta no acepto la respuesta saliente.
[ERROR] 2026-08-13 21:20:00,135 log Internal Server Error: /webhook/whatsapp/
..[INFO] 2026-08-13 21:20:00,166 utils should_bot_reply | bot_activo=True | modo_atencion=bot | dia=3 | hora=21:20
[INFO] 2026-08-13 21:20:00,167 utils [ConversationGuardV2]
lead_id=1
motivos=[]
bloquear_bot=False
[INFO] 2026-08-13 21:20:00,168 utils [Bot Control]
override=none | horario=00:00-23:59
decision=BOT_RESPONDE
reason=horario_normal
.[INFO] 2026-08-13 21:20:00,190 utils should_bot_reply | bot_activo=True | modo_atencion=bot | dia=3 | hora=21:20
[INFO] 2026-08-13 21:20:00,191 utils [ConversationGuardV2]
lead_id=1
motivos=['Lead con atención humana previa']
bloquear_bot=True
[INFO] 2026-08-13 21:20:00,192 utils [Bot Control]
override=none | horario=00:00-23:59 | v2_conversacion_avanzada
decision=BOT_NO_RESPONDE
reason=v2_conversacion_avanzada
.[INFO] 2026-08-13 21:20:00,205 utils should_bot_reply | bot_activo=True | modo_atencion=bot | dia=3 | hora=21:20
[INFO] 2026-08-13 21:20:00,206 utils [ConversationGuardV2]
lead_id=1
motivos=[]
bloquear_bot=False
[INFO] 2026-08-13 21:20:00,206 utils [Bot Control]
override=none | horario=00:00-23:59
decision=BOT_RESPONDE
reason=horario_normal
..[INFO] 2026-08-13 21:20:00,248 utils should_bot_reply | bot_activo=True | modo_atencion=bot | dia=3 | hora=21:20
[INFO] 2026-08-13 21:20:00,249 utils [ConversationGuardV2]
lead_id=1
motivos=[]
bloquear_bot=False
[INFO] 2026-08-13 21:20:00,249 utils [Bot Control]
override=none | horario=00:00-23:59
decision=BOT_RESPONDE
reason=horario_normal
.....[INFO] 2026-08-13 21:20:00,270 utils should_bot_reply | bot_activo=True | modo_atencion=bot | dia=4 | hora=03:00
[INFO] 2026-08-13 21:20:00,270 utils [Bot Control]
override=none
decision=BOT_NO_RESPONDE
reason=fuera_de_horario
....[INFO] 2026-08-13 21:20:00,282 utils should_bot_reply | bot_activo=True | modo_atencion=bot | dia=4 | hora=03:00
[INFO] 2026-08-13 21:20:00,282 utils [Bot Control]
override=none
decision=BOT_NO_RESPONDE
reason=fuera_de_horario
.......[INFO] 2026-08-13 21:20:00,348 utils should_bot_reply | bot_activo=True | modo_atencion=bot | dia=3 | hora=21:20
[INFO] 2026-08-13 21:20:00,349 utils [Bot Control]
override=none | horario=07:00-23:00
decision=BOT_RESPONDE
reason=horario_normal
..............................................................................................Fallo provider IA; 
usando fallback local. provider=configured error_type=TimeoutError
.....................................sssssssssssssssssssssssssssssssss
======================================================================
ERROR: test_contextual_route_single_llm_call 
(apps.ia.test_latency_optimization.LatencyOptimizationTests.test_contextual_route_single_llm_call)
San Miguel → San Luis contextual answer.
----------------------------------------------------------------------
Traceback (most recent call last):
  File 
"D:\DESARROLLO_IA\Proyecto_taxi_carga\Taxi_carga_bot\taxicarga_whatsapp_bot\apps\ia\test_latency_optimization.py", 
line 45, in setUp
    self.channel = WhatsAppChannel.objects.create(
                   ~~~~~~~~~~~~~~~~~~~~~~~~~~~~~~^
        phone_number_id="123456789",
        ^^^^^^^^^^^^^^^^^^^^^^^^^^^^
        numero_celular="+51987654321",
        ^^^^^^^^^^^^^^^^^^^^^^^^^^^^^^
    )
    ^
  File "D:\DESARROLLO_IA\Proyecto_taxi_carga\Taxi_carga_bot\taxicarga_whatsapp_bot\.venv\Lib\site-packages\django\db\mo
dels\manager.py", line 87, in manager_method
    return getattr(self.get_queryset(), name)(*args, **kwargs)
           ~~~~~~~~~~~~~~~~~~~~~~~~~~~~~~~~~~^^^^^^^^^^^^^^^^^
  File "D:\DESARROLLO_IA\Proyecto_taxi_carga\Taxi_carga_bot\taxicarga_whatsapp_bot\.venv\Lib\site-packages\django\db\mo
dels\query.py", line 667, in create
    obj = self.model(**kwargs)
  File "D:\DESARROLLO_IA\Proyecto_taxi_carga\Taxi_carga_bot\taxicarga_whatsapp_bot\.venv\Lib\site-packages\django\db\mo
dels\base.py", line 590, in __init__
    raise TypeError(
    ...<2 lines>...
    )
TypeError: WhatsAppChannel() got unexpected keyword arguments: 'numero_celular'

======================================================================
FAIL: test_no_last_question_falls_back_to_lifecycle 
(apps.ia.tests_contextual_answer_priority.ContextualAnswerPriorityTest.test_no_last_question_falls_back_to_lifecycle)
When no recent bot message, fallback to lifecycle classification.
----------------------------------------------------------------------
Traceback (most recent call last):
  File "D:\DESARROLLO_IA\Proyecto_taxi_carga\Taxi_carga_bot\taxicarga_whatsapp_bot\apps\ia\tests_contextual_answer_prio
rity.py", line 243, in test_no_last_question_falls_back_to_lifecycle
    self.assertIn(intent, {RequestIntent.NEW_REQUEST, RequestIntent.UNCERTAIN})
    ~~~~~~~~~~~~~^^^^^^^^^^^^^^^^^^^^^^^^^^^^^^^^^^^^^^^^^^^^^^^^^^^^^^^^^^^^^^
AssertionError: <RequestIntent.CONTINUE_REQUEST: 'CONTINUE_REQUEST'> not found in {<RequestIntent.NEW_REQUEST: 
'NEW_REQUEST'>, <RequestIntent.UNCERTAIN: 'UNCERTAIN'>}

----------------------------------------------------------------------
Ran 779 tests in 278.410s

FAILED (failures=1, errors=1, skipped=33)
Destroying test database for alias 'default'...

Found 779 test(s).
System check identified no issues (0 silenced).
Importacion lista. Creados: 10. Actualizados: 0.
Importacion Wally lista. Creados: 2. Duplicados: 0. Reservados nuevos: 1. Omitidos: 0.
Privacidad: no se importaron nombres, telefonos, correos, DNI ni usuarios.
Chats procesados localmente. Ejemplos: 3. Pendientes de revision: 1.
Anonimizacion aplicada: telefonos, correos, documentos y enlaces.
AI_V31 channel=1 mode=off
Dataset válido: 20 extracción, 8 conversación. Cero llamadas API.
